ARM GAS  C:\Users\HUAV\AppData\Local\Temp\ccNiuyxu.s 			page 1


   1              		.cpu cortex-m7
   2              		.arch armv7e-m
   3              		.fpu fpv5-d16
   4              		.eabi_attribute 28, 1
   5              		.eabi_attribute 20, 1
   6              		.eabi_attribute 21, 1
   7              		.eabi_attribute 23, 3
   8              		.eabi_attribute 24, 1
   9              		.eabi_attribute 25, 1
  10              		.eabi_attribute 26, 1
  11              		.eabi_attribute 30, 1
  12              		.eabi_attribute 34, 1
  13              		.eabi_attribute 18, 4
  14              		.file	"debug_util.c"
  15              		.text
  16              	.Ltext0:
  17              		.cfi_sections	.debug_frame
  18              		.section	.text.DebugPin_Init,"ax",%progbits
  19              		.align	1
  20              		.syntax unified
  21              		.thumb
  22              		.thumb_func
  24              	DebugPin_Init:
  25              	.LFB333:
  26              		.file 1 "debug/debug_util.c"
   1:debug/debug_util.c **** #include "debug_util.h"
   2:debug/debug_util.c **** 
   3:debug/debug_util.c **** #define MAX_PRINT_SIZE ((uint16_t)512)
   4:debug/debug_util.c **** 
   5:debug/debug_util.c **** static bool DebugPin_Init(DebugPinObj_TypeDef pin);
   6:debug/debug_util.c **** static bool DebugPin_Ctl(DebugPinObj_TypeDef pin, bool state);
   7:debug/debug_util.c **** 
   8:debug/debug_util.c **** DebugPin_TypeDef DebugPin = {
   9:debug/debug_util.c ****     .init = DebugPin_Init,
  10:debug/debug_util.c ****     .ctl = DebugPin_Ctl,
  11:debug/debug_util.c **** };
  12:debug/debug_util.c **** 
  13:debug/debug_util.c **** static bool DebugPin_Init(DebugPinObj_TypeDef debug_pin)
  14:debug/debug_util.c **** {
  27              		.loc 1 14 1 view -0
  28              		.cfi_startproc
  29              		@ args = 0, pretend = 0, frame = 16
  30              		@ frame_needed = 0, uses_anonymous_args = 0
  31 0000 00B5     		push	{lr}
  32              	.LCFI0:
  33              		.cfi_def_cfa_offset 4
  34              		.cfi_offset 14, -4
  35 0002 85B0     		sub	sp, sp, #20
  36              	.LCFI1:
  37              		.cfi_def_cfa_offset 24
  38 0004 04AB     		add	r3, sp, #16
  39 0006 03E90700 		stmdb	r3, {r0, r1, r2}
  15:debug/debug_util.c ****     if (BspGPIO.out_init == NULL)
  40              		.loc 1 15 5 view .LVU1
  41              		.loc 1 15 16 is_stmt 0 view .LVU2
  42 000a 064B     		ldr	r3, .L5
  43 000c 5B68     		ldr	r3, [r3, #4]
ARM GAS  C:\Users\HUAV\AppData\Local\Temp\ccNiuyxu.s 			page 2


  44              		.loc 1 15 8 view .LVU3
  45 000e 33B1     		cbz	r3, .L3
  16:debug/debug_util.c ****         return false;
  17:debug/debug_util.c **** 
  18:debug/debug_util.c ****     return BspGPIO.out_init(debug_pin);
  46              		.loc 1 18 5 is_stmt 1 view .LVU4
  47              		.loc 1 18 12 is_stmt 0 view .LVU5
  48 0010 04AA     		add	r2, sp, #16
  49 0012 12E90700 		ldmdb	r2, {r0, r1, r2}
  50 0016 9847     		blx	r3
  51              	.LVL0:
  52              	.L2:
  19:debug/debug_util.c **** }
  53              		.loc 1 19 1 view .LVU6
  54 0018 05B0     		add	sp, sp, #20
  55              	.LCFI2:
  56              		.cfi_remember_state
  57              		.cfi_def_cfa_offset 4
  58              		@ sp needed
  59 001a 5DF804FB 		ldr	pc, [sp], #4
  60              	.L3:
  61              	.LCFI3:
  62              		.cfi_restore_state
  16:debug/debug_util.c ****         return false;
  63              		.loc 1 16 16 view .LVU7
  64 001e 0020     		movs	r0, #0
  65 0020 FAE7     		b	.L2
  66              	.L6:
  67 0022 00BF     		.align	2
  68              	.L5:
  69 0024 00000000 		.word	BspGPIO
  70              		.cfi_endproc
  71              	.LFE333:
  73              		.section	.text.DebugPin_Ctl,"ax",%progbits
  74              		.align	1
  75              		.syntax unified
  76              		.thumb
  77              		.thumb_func
  79              	DebugPin_Ctl:
  80              	.LVL1:
  81              	.LFB334:
  20:debug/debug_util.c **** 
  21:debug/debug_util.c **** static bool DebugPin_Ctl(DebugPinObj_TypeDef debug_pin, bool state)
  22:debug/debug_util.c **** {
  82              		.loc 1 22 1 is_stmt 1 view -0
  83              		.cfi_startproc
  84              		@ args = 0, pretend = 0, frame = 16
  85              		@ frame_needed = 0, uses_anonymous_args = 0
  86              		.loc 1 22 1 is_stmt 0 view .LVU9
  87 0000 10B5     		push	{r4, lr}
  88              	.LCFI4:
  89              		.cfi_def_cfa_offset 8
  90              		.cfi_offset 4, -8
  91              		.cfi_offset 14, -4
  92 0002 84B0     		sub	sp, sp, #16
  93              	.LCFI5:
  94              		.cfi_def_cfa_offset 24
ARM GAS  C:\Users\HUAV\AppData\Local\Temp\ccNiuyxu.s 			page 3


  95 0004 04AC     		add	r4, sp, #16
  96 0006 04E90700 		stmdb	r4, {r0, r1, r2}
  23:debug/debug_util.c ****     if (BspGPIO.write == NULL)
  97              		.loc 1 23 5 is_stmt 1 view .LVU10
  98              		.loc 1 23 16 is_stmt 0 view .LVU11
  99 000a 064A     		ldr	r2, .L11
 100 000c D469     		ldr	r4, [r2, #28]
 101              		.loc 1 23 8 view .LVU12
 102 000e 34B1     		cbz	r4, .L9
  24:debug/debug_util.c ****         return false;
  25:debug/debug_util.c **** 
  26:debug/debug_util.c ****     BspGPIO.write(debug_pin, state);
 103              		.loc 1 26 5 is_stmt 1 view .LVU13
 104 0010 04AA     		add	r2, sp, #16
 105 0012 12E90700 		ldmdb	r2, {r0, r1, r2}
 106 0016 A047     		blx	r4
 107              	.LVL2:
  27:debug/debug_util.c ****     return true;
 108              		.loc 1 27 5 view .LVU14
 109              		.loc 1 27 12 is_stmt 0 view .LVU15
 110 0018 0120     		movs	r0, #1
 111              	.L8:
  28:debug/debug_util.c **** }
 112              		.loc 1 28 1 view .LVU16
 113 001a 04B0     		add	sp, sp, #16
 114              	.LCFI6:
 115              		.cfi_remember_state
 116              		.cfi_def_cfa_offset 8
 117              		@ sp needed
 118 001c 10BD     		pop	{r4, pc}
 119              	.LVL3:
 120              	.L9:
 121              	.LCFI7:
 122              		.cfi_restore_state
  24:debug/debug_util.c ****         return false;
 123              		.loc 1 24 16 view .LVU17
 124 001e 0020     		movs	r0, #0
 125 0020 FBE7     		b	.L8
 126              	.L12:
 127 0022 00BF     		.align	2
 128              	.L11:
 129 0024 00000000 		.word	BspGPIO
 130              		.cfi_endproc
 131              	.LFE334:
 133              		.section	.text.Debug_PrintOut,"ax",%progbits
 134              		.align	1
 135              		.syntax unified
 136              		.thumb
 137              		.thumb_func
 139              	Debug_PrintOut:
 140              	.LVL4:
 141              	.LFB336:
  29:debug/debug_util.c **** 
  30:debug/debug_util.c **** void assert(bool state)
  31:debug/debug_util.c **** {
  32:debug/debug_util.c ****     while (state);
  33:debug/debug_util.c **** }
ARM GAS  C:\Users\HUAV\AppData\Local\Temp\ccNiuyxu.s 			page 4


  34:debug/debug_util.c **** 
  35:debug/debug_util.c **** static void Debug_PrintOut(DebugPrintObj_TypeDef *Obj, uint8_t *p_data, uint16_t len)
  36:debug/debug_util.c **** {
 142              		.loc 1 36 1 is_stmt 1 view -0
 143              		.cfi_startproc
 144              		@ args = 0, pretend = 0, frame = 0
 145              		@ frame_needed = 0, uses_anonymous_args = 0
  37:debug/debug_util.c ****     if (p_data && len)
 146              		.loc 1 37 5 view .LVU19
 147              		.loc 1 37 8 is_stmt 0 view .LVU20
 148 0000 0029     		cmp	r1, #0
 149 0002 18BF     		it	ne
 150 0004 002A     		cmpne	r2, #0
 151 0006 07D0     		beq	.L16
  36:debug/debug_util.c ****     if (p_data && len)
 152              		.loc 1 36 1 view .LVU21
 153 0008 10B5     		push	{r4, lr}
 154              	.LCFI8:
 155              		.cfi_def_cfa_offset 8
 156              		.cfi_offset 4, -8
 157              		.cfi_offset 14, -4
 158 000a 9446     		mov	ip, r2
  38:debug/debug_util.c ****         BspUart.send(To_BspUart_Obj(Obj->port_obj), p_data, len);
 159              		.loc 1 38 9 is_stmt 1 view .LVU22
 160              		.loc 1 38 16 is_stmt 0 view .LVU23
 161 000c 034A     		ldr	r2, .L19
 162              	.LVL5:
 163              		.loc 1 38 16 view .LVU24
 164 000e D469     		ldr	r4, [r2, #28]
 165              		.loc 1 38 9 view .LVU25
 166 0010 6246     		mov	r2, ip
 167 0012 0068     		ldr	r0, [r0]
 168              	.LVL6:
 169              		.loc 1 38 9 view .LVU26
 170 0014 A047     		blx	r4
 171              	.LVL7:
  39:debug/debug_util.c **** }
 172              		.loc 1 39 1 view .LVU27
 173 0016 10BD     		pop	{r4, pc}
 174              	.LVL8:
 175              	.L16:
 176              	.LCFI9:
 177              		.cfi_def_cfa_offset 0
 178              		.cfi_restore 4
 179              		.cfi_restore 14
 180              		.loc 1 39 1 view .LVU28
 181 0018 7047     		bx	lr
 182              	.L20:
 183 001a 00BF     		.align	2
 184              	.L19:
 185 001c 00000000 		.word	BspUart
 186              		.cfi_endproc
 187              	.LFE336:
 189              		.section	.text.assert,"ax",%progbits
 190              		.align	1
 191              		.global	assert
 192              		.syntax unified
ARM GAS  C:\Users\HUAV\AppData\Local\Temp\ccNiuyxu.s 			page 5


 193              		.thumb
 194              		.thumb_func
 196              	assert:
 197              	.LFB335:
  31:debug/debug_util.c ****     while (state);
 198              		.loc 1 31 1 is_stmt 1 view -0
 199              		.cfi_startproc
 200              		@ args = 0, pretend = 0, frame = 0
 201              		@ frame_needed = 0, uses_anonymous_args = 0
 202              		@ link register save eliminated.
 203              	.LVL9:
 204              	.L22:
  32:debug/debug_util.c **** }
 205              		.loc 1 32 18 discriminator 1 view .LVU30
  32:debug/debug_util.c **** }
 206              		.loc 1 32 11 discriminator 1 view .LVU31
 207 0000 0028     		cmp	r0, #0
 208 0002 FDD1     		bne	.L22
  33:debug/debug_util.c **** 
 209              		.loc 1 33 1 is_stmt 0 view .LVU32
 210 0004 7047     		bx	lr
 211              		.cfi_endproc
 212              	.LFE335:
 214              		.section	.text.Debug_Port_Init,"ax",%progbits
 215              		.align	1
 216              		.global	Debug_Port_Init
 217              		.syntax unified
 218              		.thumb
 219              		.thumb_func
 221              	Debug_Port_Init:
 222              	.LVL10:
 223              	.LFB337:
  40:debug/debug_util.c **** 
  41:debug/debug_util.c **** void Debug_Port_Init(DebugPrintObj_TypeDef *Obj)
  42:debug/debug_util.c **** {
 224              		.loc 1 42 1 is_stmt 1 view -0
 225              		.cfi_startproc
 226              		@ args = 0, pretend = 0, frame = 0
 227              		@ frame_needed = 0, uses_anonymous_args = 0
 228              		.loc 1 42 1 is_stmt 0 view .LVU34
 229 0000 38B5     		push	{r3, r4, r5, lr}
 230              	.LCFI10:
 231              		.cfi_def_cfa_offset 16
 232              		.cfi_offset 3, -16
 233              		.cfi_offset 4, -12
 234              		.cfi_offset 5, -8
 235              		.cfi_offset 14, -4
 236 0002 0446     		mov	r4, r0
  43:debug/debug_util.c **** #if defined STM32H743xx
  44:debug/debug_util.c ****     To_BspUart_Obj(Obj->port_obj)->hdl = Obj->malloc(UART_HandleType_Size);
 237              		.loc 1 44 5 is_stmt 1 view .LVU35
 238              		.loc 1 44 45 is_stmt 0 view .LVU36
 239 0004 C368     		ldr	r3, [r0, #12]
 240              		.loc 1 44 5 view .LVU37
 241 0006 0568     		ldr	r5, [r0]
 242              		.loc 1 44 42 view .LVU38
 243 0008 9020     		movs	r0, #144
ARM GAS  C:\Users\HUAV\AppData\Local\Temp\ccNiuyxu.s 			page 6


 244              	.LVL11:
 245              		.loc 1 44 42 view .LVU39
 246 000a 9847     		blx	r3
 247              	.LVL12:
 248              		.loc 1 44 40 view .LVU40
 249 000c E860     		str	r0, [r5, #12]
  45:debug/debug_util.c ****     if (To_BspUart_Obj(Obj->port_obj)->hdl == NULL)
 250              		.loc 1 45 5 is_stmt 1 view .LVU41
 251              		.loc 1 45 9 is_stmt 0 view .LVU42
 252 000e 2068     		ldr	r0, [r4]
 253              		.loc 1 45 38 view .LVU43
 254 0010 C368     		ldr	r3, [r0, #12]
 255              		.loc 1 45 8 view .LVU44
 256 0012 43B1     		cbz	r3, .L23
  46:debug/debug_util.c ****         return;
  47:debug/debug_util.c **** #endif
  48:debug/debug_util.c **** 
  49:debug/debug_util.c ****     if (!Obj->port_obj || !BspUart.init(To_BspUart_Obj(Obj->port_obj)))
 257              		.loc 1 49 5 is_stmt 1 view .LVU45
 258              		.loc 1 49 8 is_stmt 0 view .LVU46
 259 0014 40B1     		cbz	r0, .L25
 260              		.loc 1 49 35 discriminator 1 view .LVU47
 261 0016 064B     		ldr	r3, .L28
 262 0018 1B68     		ldr	r3, [r3]
 263              		.loc 1 49 28 discriminator 1 view .LVU48
 264 001a 9847     		blx	r3
 265              	.LVL13:
 266              		.loc 1 49 24 discriminator 1 view .LVU49
 267 001c 20B1     		cbz	r0, .L25
  50:debug/debug_util.c ****     {
  51:debug/debug_util.c ****         Obj->port_obj = NULL;
  52:debug/debug_util.c ****         return;
  53:debug/debug_util.c ****     }
  54:debug/debug_util.c **** 
  55:debug/debug_util.c ****     Obj->init = true;
 268              		.loc 1 55 5 is_stmt 1 view .LVU50
 269              		.loc 1 55 15 is_stmt 0 view .LVU51
 270 001e 0123     		movs	r3, #1
 271 0020 2371     		strb	r3, [r4, #4]
  56:debug/debug_util.c ****     To_BspUart_Obj(Obj->port_obj)->cust_data_addr = ((uint32_t)Obj);
 272              		.loc 1 56 5 is_stmt 1 view .LVU52
 273 0022 2368     		ldr	r3, [r4]
 274              		.loc 1 56 51 is_stmt 0 view .LVU53
 275 0024 9C64     		str	r4, [r3, #72]
 276              	.L23:
  57:debug/debug_util.c **** }
 277              		.loc 1 57 1 view .LVU54
 278 0026 38BD     		pop	{r3, r4, r5, pc}
 279              	.LVL14:
 280              	.L25:
  51:debug/debug_util.c ****         return;
 281              		.loc 1 51 9 is_stmt 1 view .LVU55
  51:debug/debug_util.c ****         return;
 282              		.loc 1 51 23 is_stmt 0 view .LVU56
 283 0028 0023     		movs	r3, #0
 284 002a 2360     		str	r3, [r4]
  52:debug/debug_util.c ****     }
ARM GAS  C:\Users\HUAV\AppData\Local\Temp\ccNiuyxu.s 			page 7


 285              		.loc 1 52 9 is_stmt 1 view .LVU57
 286 002c FBE7     		b	.L23
 287              	.L29:
 288 002e 00BF     		.align	2
 289              	.L28:
 290 0030 00000000 		.word	BspUart
 291              		.cfi_endproc
 292              	.LFE337:
 294              		.section	.text.Debug_Print,"ax",%progbits
 295              		.align	1
 296              		.global	Debug_Print
 297              		.syntax unified
 298              		.thumb
 299              		.thumb_func
 301              	Debug_Print:
 302              	.LVL15:
 303              	.LFB338:
  58:debug/debug_util.c **** 
  59:debug/debug_util.c **** void Debug_Print(DebugPrintObj_TypeDef *Obj, const char *tag, const char* fmt, ...)
  60:debug/debug_util.c **** {
 304              		.loc 1 60 1 view -0
 305              		.cfi_startproc
 306              		@ args = 4, pretend = 8, frame = 264
 307              		@ frame_needed = 0, uses_anonymous_args = 1
 308              		.loc 1 60 1 is_stmt 0 view .LVU59
 309 0000 0CB4     		push	{r2, r3}
 310              	.LCFI11:
 311              		.cfi_def_cfa_offset 8
 312              		.cfi_offset 2, -8
 313              		.cfi_offset 3, -4
 314 0002 30B5     		push	{r4, r5, lr}
 315              	.LCFI12:
 316              		.cfi_def_cfa_offset 20
 317              		.cfi_offset 4, -20
 318              		.cfi_offset 5, -16
 319              		.cfi_offset 14, -12
 320 0004 C3B0     		sub	sp, sp, #268
 321              	.LCFI13:
 322              		.cfi_def_cfa_offset 288
  61:debug/debug_util.c **** 	va_list ap;
 323              		.loc 1 61 2 is_stmt 1 view .LVU60
  62:debug/debug_util.c ****     uint16_t length = 0;
 324              		.loc 1 62 5 view .LVU61
 325              	.LVL16:
  63:debug/debug_util.c ****     char new_fmt[256];
 326              		.loc 1 63 5 view .LVU62
  64:debug/debug_util.c **** 
  65:debug/debug_util.c ****     if (!Obj->init)
 327              		.loc 1 65 5 view .LVU63
 328              		.loc 1 65 13 is_stmt 0 view .LVU64
 329 0006 0379     		ldrb	r3, [r0, #4]	@ zero_extendqisi2
 330              		.loc 1 65 8 view .LVU65
 331 0008 002B     		cmp	r3, #0
 332 000a 38D0     		beq	.L30
 333 000c 0446     		mov	r4, r0
 334 000e 0D46     		mov	r5, r1
  66:debug/debug_util.c ****         return;
ARM GAS  C:\Users\HUAV\AppData\Local\Temp\ccNiuyxu.s 			page 8


  67:debug/debug_util.c **** 
  68:debug/debug_util.c ****     if (Obj->free && Obj->malloc && (Obj->p_buf == NULL))
 335              		.loc 1 68 5 is_stmt 1 view .LVU66
 336              		.loc 1 68 12 is_stmt 0 view .LVU67
 337 0010 0369     		ldr	r3, [r0, #16]
 338              		.loc 1 68 8 view .LVU68
 339 0012 23B1     		cbz	r3, .L32
 340              		.loc 1 68 25 discriminator 1 view .LVU69
 341 0014 C368     		ldr	r3, [r0, #12]
 342              		.loc 1 68 19 discriminator 1 view .LVU70
 343 0016 13B1     		cbz	r3, .L32
 344              		.loc 1 68 41 discriminator 2 view .LVU71
 345 0018 8268     		ldr	r2, [r0, #8]
 346              		.loc 1 68 34 discriminator 2 view .LVU72
 347 001a 002A     		cmp	r2, #0
 348 001c 34D0     		beq	.L38
 349              	.LVL17:
 350              	.L32:
  69:debug/debug_util.c ****     {
  70:debug/debug_util.c ****         Obj->p_buf = Obj->malloc(MAX_PRINT_SIZE);
  71:debug/debug_util.c ****         if (Obj->p_buf == NULL)
  72:debug/debug_util.c ****             return;
  73:debug/debug_util.c ****     }
  74:debug/debug_util.c **** 
  75:debug/debug_util.c ****     memset(Obj->p_buf, 0, MAX_PRINT_SIZE);
 351              		.loc 1 75 5 is_stmt 1 view .LVU73
 352 001e 4FF40072 		mov	r2, #512
 353 0022 0021     		movs	r1, #0
 354 0024 A068     		ldr	r0, [r4, #8]
 355 0026 FFF7FEFF 		bl	memset
 356              	.LVL18:
  76:debug/debug_util.c ****     memset(new_fmt, 0, sizeof(new_fmt));
 357              		.loc 1 76 5 view .LVU74
 358 002a 4FF48072 		mov	r2, #256
 359 002e 0021     		movs	r1, #0
 360 0030 01A8     		add	r0, sp, #4
 361 0032 FFF7FEFF 		bl	memset
 362              	.LVL19:
  77:debug/debug_util.c ****     strcpy(new_fmt, tag);
 363              		.loc 1 77 5 view .LVU75
 364 0036 2946     		mov	r1, r5
 365 0038 01A8     		add	r0, sp, #4
 366 003a FFF7FEFF 		bl	strcpy
 367              	.LVL20:
  78:debug/debug_util.c ****     strcat(new_fmt, fmt);
 368              		.loc 1 78 5 view .LVU76
 369 003e 4699     		ldr	r1, [sp, #280]
 370 0040 01A8     		add	r0, sp, #4
 371 0042 FFF7FEFF 		bl	strcat
 372              	.LVL21:
  79:debug/debug_util.c **** 
  80:debug/debug_util.c ****     if (Obj->p_buf && Obj->port_obj)
 373              		.loc 1 80 5 view .LVU77
 374              		.loc 1 80 12 is_stmt 0 view .LVU78
 375 0046 A368     		ldr	r3, [r4, #8]
 376              		.loc 1 80 8 view .LVU79
 377 0048 CBB1     		cbz	r3, .L30
ARM GAS  C:\Users\HUAV\AppData\Local\Temp\ccNiuyxu.s 			page 9


 378              		.loc 1 80 26 discriminator 1 view .LVU80
 379 004a 2368     		ldr	r3, [r4]
 380              		.loc 1 80 20 discriminator 1 view .LVU81
 381 004c BBB1     		cbz	r3, .L30
 382              	.LBB2:
  81:debug/debug_util.c ****     {
  82:debug/debug_util.c **** 	    va_start(ap, new_fmt);
 383              		.loc 1 82 6 is_stmt 1 view .LVU82
 384 004e 47AB     		add	r3, sp, #284
 385 0050 4193     		str	r3, [sp, #260]
  83:debug/debug_util.c **** 	    length = vsnprintf(Obj->p_buf, MAX_PRINT_SIZE, new_fmt, ap);
 386              		.loc 1 83 6 view .LVU83
 387              		.loc 1 83 15 is_stmt 0 view .LVU84
 388 0052 01AA     		add	r2, sp, #4
 389 0054 4FF40071 		mov	r1, #512
 390 0058 A068     		ldr	r0, [r4, #8]
 391 005a FFF7FEFF 		bl	vsnprintf
 392              	.LVL22:
 393              		.loc 1 83 13 view .LVU85
 394 005e 85B2     		uxth	r5, r0
 395              	.LVL23:
  84:debug/debug_util.c **** 	    va_end(ap);
 396              		.loc 1 84 6 is_stmt 1 view .LVU86
  85:debug/debug_util.c **** 
  86:debug/debug_util.c ****         if (length > MAX_PRINT_SIZE)
 397              		.loc 1 86 9 view .LVU87
 398              		.loc 1 86 12 is_stmt 0 view .LVU88
 399 0060 B5F5007F 		cmp	r5, #512
 400 0064 01D9     		bls	.L34
  87:debug/debug_util.c ****             length = MAX_PRINT_SIZE;
 401              		.loc 1 87 20 view .LVU89
 402 0066 4FF40075 		mov	r5, #512
 403              	.LVL24:
 404              	.L34:
  88:debug/debug_util.c **** 
  89:debug/debug_util.c ****         Debug_PrintOut(Obj, Obj->p_buf, length);
 405              		.loc 1 89 9 is_stmt 1 view .LVU90
 406 006a 2A46     		mov	r2, r5
 407 006c A168     		ldr	r1, [r4, #8]
 408 006e 2046     		mov	r0, r4
 409 0070 FFF7FEFF 		bl	Debug_PrintOut
 410              	.LVL25:
  90:debug/debug_util.c ****         memset(Obj->p_buf, 0, length);
 411              		.loc 1 90 9 view .LVU91
 412 0074 2A46     		mov	r2, r5
 413 0076 0021     		movs	r1, #0
 414 0078 A068     		ldr	r0, [r4, #8]
 415 007a FFF7FEFF 		bl	memset
 416              	.LVL26:
 417              	.L30:
 418              		.loc 1 90 9 is_stmt 0 view .LVU92
 419              	.LBE2:
  91:debug/debug_util.c ****     }
  92:debug/debug_util.c **** }
 420              		.loc 1 92 1 view .LVU93
 421 007e 43B0     		add	sp, sp, #268
 422              	.LCFI14:
ARM GAS  C:\Users\HUAV\AppData\Local\Temp\ccNiuyxu.s 			page 10


 423              		.cfi_remember_state
 424              		.cfi_def_cfa_offset 20
 425              		@ sp needed
 426 0080 BDE83040 		pop	{r4, r5, lr}
 427              	.LCFI15:
 428              		.cfi_restore 14
 429              		.cfi_restore 5
 430              		.cfi_restore 4
 431              		.cfi_def_cfa_offset 8
 432 0084 02B0     		add	sp, sp, #8
 433              	.LCFI16:
 434              		.cfi_restore 3
 435              		.cfi_restore 2
 436              		.cfi_def_cfa_offset 0
 437 0086 7047     		bx	lr
 438              	.LVL27:
 439              	.L38:
 440              	.LCFI17:
 441              		.cfi_restore_state
  70:debug/debug_util.c ****         if (Obj->p_buf == NULL)
 442              		.loc 1 70 9 is_stmt 1 view .LVU94
  70:debug/debug_util.c ****         if (Obj->p_buf == NULL)
 443              		.loc 1 70 22 is_stmt 0 view .LVU95
 444 0088 4FF40070 		mov	r0, #512
 445              	.LVL28:
  70:debug/debug_util.c ****         if (Obj->p_buf == NULL)
 446              		.loc 1 70 22 view .LVU96
 447 008c 9847     		blx	r3
 448              	.LVL29:
  70:debug/debug_util.c ****         if (Obj->p_buf == NULL)
 449              		.loc 1 70 20 view .LVU97
 450 008e A060     		str	r0, [r4, #8]
  71:debug/debug_util.c ****             return;
 451              		.loc 1 71 9 is_stmt 1 view .LVU98
  71:debug/debug_util.c ****             return;
 452              		.loc 1 71 12 is_stmt 0 view .LVU99
 453 0090 0028     		cmp	r0, #0
 454 0092 C4D1     		bne	.L32
 455 0094 F3E7     		b	.L30
 456              		.cfi_endproc
 457              	.LFE338:
 459              		.global	DebugPin
 460              		.section	.data.DebugPin,"aw"
 461              		.align	2
 464              	DebugPin:
 465 0000 00000000 		.word	DebugPin_Init
 466 0004 00000000 		.word	DebugPin_Ctl
 467              		.text
 468              	.Letext0:
 469              		.file 2 "d:\\hpm-compile-tool\\gcc-arm-none-eabi-10.3-win\\arm-none-eabi\\include\\machine\\_defau
 470              		.file 3 "d:\\hpm-compile-tool\\gcc-arm-none-eabi-10.3-win\\arm-none-eabi\\include\\sys\\_stdint.h"
 471              		.file 4 "d:\\hpm-compile-tool\\gcc-arm-none-eabi-10.3-win\\lib\\gcc\\arm-none-eabi\\10.3.1\\includ
 472              		.file 5 "HW_Lib/PortApi_Def/Bsp_GPIO_Port_Def.h"
 473              		.file 6 "HW_Lib/PortApi_Def/Bsp_Uart_Port_Def.h"
 474              		.file 7 "HW_Lib/STM32H7/BSP/Bsp_GPIO.h"
 475              		.file 8 "HW_Lib/STM32H7/BSP/Bsp_Uart.h"
 476              		.file 9 "debug/debug_util.h"
ARM GAS  C:\Users\HUAV\AppData\Local\Temp\ccNiuyxu.s 			page 11


 477              		.file 10 "<built-in>"
 478              		.file 11 "d:\\hpm-compile-tool\\gcc-arm-none-eabi-10.3-win\\arm-none-eabi\\include\\string.h"
ARM GAS  C:\Users\HUAV\AppData\Local\Temp\ccNiuyxu.s 			page 12


DEFINED SYMBOLS
                            *ABS*:00000000 debug_util.c
C:\Users\HUAV\AppData\Local\Temp\ccNiuyxu.s:19     .text.DebugPin_Init:00000000 $t
C:\Users\HUAV\AppData\Local\Temp\ccNiuyxu.s:24     .text.DebugPin_Init:00000000 DebugPin_Init
C:\Users\HUAV\AppData\Local\Temp\ccNiuyxu.s:69     .text.DebugPin_Init:00000024 $d
C:\Users\HUAV\AppData\Local\Temp\ccNiuyxu.s:74     .text.DebugPin_Ctl:00000000 $t
C:\Users\HUAV\AppData\Local\Temp\ccNiuyxu.s:79     .text.DebugPin_Ctl:00000000 DebugPin_Ctl
C:\Users\HUAV\AppData\Local\Temp\ccNiuyxu.s:129    .text.DebugPin_Ctl:00000024 $d
C:\Users\HUAV\AppData\Local\Temp\ccNiuyxu.s:134    .text.Debug_PrintOut:00000000 $t
C:\Users\HUAV\AppData\Local\Temp\ccNiuyxu.s:139    .text.Debug_PrintOut:00000000 Debug_PrintOut
C:\Users\HUAV\AppData\Local\Temp\ccNiuyxu.s:185    .text.Debug_PrintOut:0000001c $d
C:\Users\HUAV\AppData\Local\Temp\ccNiuyxu.s:190    .text.assert:00000000 $t
C:\Users\HUAV\AppData\Local\Temp\ccNiuyxu.s:196    .text.assert:00000000 assert
C:\Users\HUAV\AppData\Local\Temp\ccNiuyxu.s:215    .text.Debug_Port_Init:00000000 $t
C:\Users\HUAV\AppData\Local\Temp\ccNiuyxu.s:221    .text.Debug_Port_Init:00000000 Debug_Port_Init
C:\Users\HUAV\AppData\Local\Temp\ccNiuyxu.s:290    .text.Debug_Port_Init:00000030 $d
C:\Users\HUAV\AppData\Local\Temp\ccNiuyxu.s:295    .text.Debug_Print:00000000 $t
C:\Users\HUAV\AppData\Local\Temp\ccNiuyxu.s:301    .text.Debug_Print:00000000 Debug_Print
C:\Users\HUAV\AppData\Local\Temp\ccNiuyxu.s:464    .data.DebugPin:00000000 DebugPin
C:\Users\HUAV\AppData\Local\Temp\ccNiuyxu.s:461    .data.DebugPin:00000000 $d

UNDEFINED SYMBOLS
BspGPIO
BspUart
memset
strcpy
strcat
vsnprintf
