ARM GAS  C:\Users\HUAV\AppData\Local\Temp\ccFwKOo5.s 			page 1


   1              		.cpu cortex-m7
   2              		.arch armv7e-m
   3              		.fpu fpv5-d16
   4              		.eabi_attribute 28, 1
   5              		.eabi_attribute 20, 1
   6              		.eabi_attribute 21, 1
   7              		.eabi_attribute 23, 3
   8              		.eabi_attribute 24, 1
   9              		.eabi_attribute 25, 1
  10              		.eabi_attribute 26, 1
  11              		.eabi_attribute 30, 1
  12              		.eabi_attribute 34, 1
  13              		.eabi_attribute 18, 4
  14              		.file	"filter_param.c"
  15              		.text
  16              	.Ltext0:
  17              		.cfi_sections	.debug_frame
  18              		.global	BTF_U_5O_50Hz_1K
  19              		.global	BTF_E_5O_50Hz_1K
  20              		.global	BTF_U_5O_30Hz_1K
  21              		.global	BTF_E_5O_30Hz_1K
  22              		.global	BTF_U_4O_50Hz_1K
  23              		.global	BTF_E_4O_50Hz_1K
  24              		.global	BTF_U_4O_30Hz_1K
  25              		.global	BTF_E_4O_30Hz_1K
  26              		.global	BTF_U_3O_50Hz_1K
  27              		.global	BTF_E_3O_50Hz_1K
  28              		.global	BTF_U_3O_30Hz_1K
  29              		.global	BTF_E_3O_30Hz_1K
  30              		.global	BTF_U_2O_50Hz_1K
  31              		.global	BTF_E_2O_50Hz_1K
  32              		.global	BTF_U_2O_30Hz_1K
  33              		.global	BTF_E_2O_30Hz_1K
  34              		.global	BTF_U_5O_30Hz_100Hz
  35              		.global	BTF_E_5O_30Hz_100Hz
  36              		.global	BTF_U_5O_10Hz_100Hz
  37              		.global	BTF_E_5O_10Hz_100Hz
  38              		.global	BTF_U_4O_30Hz_100Hz
  39              		.global	BTF_E_4O_30Hz_100Hz
  40              		.global	BTF_U_4O_10Hz_100Hz
  41              		.global	BTF_E_4O_10Hz_100Hz
  42              		.global	BTF_U_3O_30Hz_100Hz
  43              		.global	BTF_E_3O_30Hz_100Hz
  44              		.global	BTF_U_3O_10Hz_100Hz
  45              		.global	BTF_E_3O_10Hz_100Hz
  46              		.global	BTF_U_2O_30Hz_100Hz
  47              		.global	BTF_E_2O_30Hz_100Hz
  48              		.global	BTF_U_2O_10Hz_100Hz
  49              		.global	BTF_E_2O_10Hz_100Hz
  50              		.section	.rodata.BTF_E_2O_10Hz_100Hz,"a"
  51              		.align	2
  54              	BTF_E_2O_10Hz_100Hz:
  55 0000 FE258A3D 		.word	1032463870
  56 0004 0000803F 		.word	1065353216
  57 0008 FE250A3E 		.word	1040852478
  58 000c 0000803F 		.word	1065353216
  59 0010 FE258A3D 		.word	1032463870
ARM GAS  C:\Users\HUAV\AppData\Local\Temp\ccFwKOo5.s 			page 2


  60 0014 0000803F 		.word	1065353216
  61              		.section	.rodata.BTF_E_2O_30Hz_100Hz,"a"
  62              		.align	2
  65              	BTF_E_2O_30Hz_100Hz:
  66 0000 2A5DC83E 		.word	1053318442
  67 0004 0000803F 		.word	1065353216
  68 0008 2A5D483F 		.word	1061707050
  69 000c 0000803F 		.word	1065353216
  70 0010 2A5DC83E 		.word	1053318442
  71 0014 0000803F 		.word	1065353216
  72              		.section	.rodata.BTF_E_2O_30Hz_1K,"a"
  73              		.align	2
  76              	BTF_E_2O_30Hz_1K:
  77 0000 5420003C 		.word	1006641236
  78 0004 0000803F 		.word	1065353216
  79 0008 5420803C 		.word	1015029844
  80 000c 0000803F 		.word	1065353216
  81 0010 5420003C 		.word	1006641236
  82 0014 0000803F 		.word	1065353216
  83              		.section	.rodata.BTF_E_2O_50Hz_1K,"a"
  84              		.align	2
  87              	BTF_E_2O_50Hz_1K:
  88 0000 DF85A43C 		.word	1017415135
  89 0004 0000803F 		.word	1065353216
  90 0008 DF85243D 		.word	1025803743
  91 000c 0000803F 		.word	1065353216
  92 0010 DF85A43C 		.word	1017415135
  93 0014 0000803F 		.word	1065353216
  94              		.section	.rodata.BTF_E_3O_10Hz_100Hz,"a"
  95              		.align	2
  98              	BTF_E_3O_10Hz_100Hz:
  99 0000 3744943C 		.word	1016349751
 100 0004 0000803F 		.word	1065353216
 101 0008 52665E3D 		.word	1029596754
 102 000c 0000803F 		.word	1065353216
 103 0010 52665E3D 		.word	1029596754
 104 0014 0000803F 		.word	1065353216
 105 0018 3744943C 		.word	1016349751
 106 001c 0000803F 		.word	1065353216
 107              		.section	.rodata.BTF_E_3O_30Hz_100Hz,"a"
 108              		.align	2
 111              	BTF_E_3O_30Hz_100Hz:
 112 0000 718A833E 		.word	1048808049
 113 0004 0000803F 		.word	1065353216
 114 0008 AA4F453F 		.word	1061506986
 115 000c 0000803F 		.word	1065353216
 116 0010 AA4F453F 		.word	1061506986
 117 0014 0000803F 		.word	1065353216
 118 0018 718A833E 		.word	1048808049
 119 001c 0000803F 		.word	1065353216
 120              		.section	.rodata.BTF_E_3O_30Hz_1K,"a"
 121              		.align	2
 124              	BTF_E_3O_30Hz_1K:
 125 0000 8F54373A 		.word	976704655
 126 0004 0000803F 		.word	1065353216
 127 0008 6C7F093B 		.word	990478188
 128 000c 0000803F 		.word	1065353216
ARM GAS  C:\Users\HUAV\AppData\Local\Temp\ccFwKOo5.s 			page 3


 129 0010 6C7F093B 		.word	990478188
 130 0014 0000803F 		.word	1065353216
 131 0018 8F54373A 		.word	976704655
 132 001c 0000803F 		.word	1065353216
 133              		.section	.rodata.BTF_E_3O_50Hz_1K,"a"
 134              		.align	2
 137              	BTF_E_3O_50Hz_1K:
 138 0000 A3EF3D3B 		.word	993914787
 139 0004 0000803F 		.word	1065353216
 140 0008 BA730E3C 		.word	1007580090
 141 000c 0000803F 		.word	1065353216
 142 0010 BA730E3C 		.word	1007580090
 143 0014 0000803F 		.word	1065353216
 144 0018 A3EF3D3B 		.word	993914787
 145 001c 0000803F 		.word	1065353216
 146              		.section	.rodata.BTF_E_4O_10Hz_100Hz,"a"
 147              		.align	2
 150              	BTF_E_4O_10Hz_100Hz:
 151 0000 86159E3B 		.word	1000215942
 152 0004 0000803F 		.word	1065353216
 153 0008 86159E3C 		.word	1016993158
 154 000c 0000803F 		.word	1065353216
 155 0010 4A20ED3C 		.word	1022173258
 156 0014 0000803F 		.word	1065353216
 157 0018 86159E3C 		.word	1016993158
 158 001c 0000803F 		.word	1065353216
 159 0020 86159E3B 		.word	1000215942
 160 0024 0000803F 		.word	1065353216
 161              		.section	.rodata.BTF_E_4O_30Hz_100Hz,"a"
 162              		.align	2
 165              	BTF_E_4O_30Hz_100Hz:
 166 0000 0B312B3E 		.word	1043017995
 167 0004 0000803F 		.word	1065353216
 168 0008 0B312B3F 		.word	1059795211
 169 000c 0000803F 		.word	1065353216
 170 0010 C864803F 		.word	1065379016
 171 0014 0000803F 		.word	1065353216
 172 0018 0B312B3F 		.word	1059795211
 173 001c 0000803F 		.word	1065353216
 174 0020 0B312B3E 		.word	1043017995
 175 0024 0000803F 		.word	1065353216
 176              		.section	.rodata.BTF_E_4O_30Hz_1K,"a"
 177              		.align	2
 180              	BTF_E_4O_30Hz_1K:
 181 0000 6BA3C740 		.word	1086825323
 182 0004 ACC52737 		.word	925353388
 183 0008 C2D58239 		.word	964875714
 184 000c 0000803F 		.word	1065353216
 185 0010 A340C439 		.word	969162915
 186 0014 0000803F 		.word	1065353216
 187 0018 C2D58239 		.word	964875714
 188 001c 0000803F 		.word	1065353216
 189 0020 6BA3C740 		.word	1086825323
 190 0024 ACC52737 		.word	925353388
 191              		.section	.rodata.BTF_E_4O_50Hz_1K,"a"
 192              		.align	2
 195              	BTF_E_4O_50Hz_1K:
ARM GAS  C:\Users\HUAV\AppData\Local\Temp\ccFwKOo5.s 			page 4


 196 0000 006BDA39 		.word	970615552
 197 0004 0000803F 		.word	1065353216
 198 0008 006BDA3A 		.word	987392768
 199 000c 0000803F 		.word	1065353216
 200 0010 40D0233B 		.word	992202816
 201 0014 0000803F 		.word	1065353216
 202 0018 006BDA3A 		.word	987392768
 203 001c 0000803F 		.word	1065353216
 204 0020 006BDA39 		.word	970615552
 205 0024 0000803F 		.word	1065353216
 206              		.section	.rodata.BTF_E_5O_10Hz_100Hz,"a"
 207              		.align	2
 210              	BTF_E_5O_10Hz_100Hz:
 211 0000 481CA83A 		.word	984095816
 212 0004 0000803F 		.word	1065353216
 213 0008 5923D23B 		.word	1003627353
 214 000c 0000803F 		.word	1065353216
 215 0010 5923523C 		.word	1012015961
 216 0014 0000803F 		.word	1065353216
 217 0018 5923523C 		.word	1012015961
 218 001c 0000803F 		.word	1065353216
 219 0020 5923D23B 		.word	1003627353
 220 0024 0000803F 		.word	1065353216
 221 0028 481CA83A 		.word	984095816
 222 002c 0000803F 		.word	1065353216
 223              		.section	.rodata.BTF_E_5O_30Hz_100Hz,"a"
 224              		.align	2
 227              	BTF_E_5O_30Hz_100Hz:
 228 0000 08F3DD3D 		.word	1037955848
 229 0004 0000803F 		.word	1065353216
 230 0008 E5B70A3F 		.word	1057667045
 231 000c 0000803F 		.word	1065353216
 232 0010 E5B78A3F 		.word	1066055653
 233 0014 0000803F 		.word	1065353216
 234 0018 E5B78A3F 		.word	1066055653
 235 001c 0000803F 		.word	1065353216
 236 0020 E5B70A3F 		.word	1057667045
 237 0024 0000803F 		.word	1065353216
 238 0028 08F3DD3D 		.word	1037955848
 239 002c 0000803F 		.word	1065353216
 240              		.section	.rodata.BTF_E_5O_30Hz_1K,"a"
 241              		.align	2
 244              	BTF_E_5O_30Hz_1K:
 245 0000 0DEEB140 		.word	1085402637
 246 0004 BD378635 		.word	897988541
 247 0008 0DEE3140 		.word	1077014029
 248 000c ACC52737 		.word	925353388
 249 0010 0DEEB140 		.word	1085402637
 250 0014 ACC52737 		.word	925353388
 251 0018 0DEEB140 		.word	1085402637
 252 001c ACC52737 		.word	925353388
 253 0020 0DEE3140 		.word	1077014029
 254 0024 ACC52737 		.word	925353388
 255 0028 0DEEB140 		.word	1085402637
 256 002c BD378635 		.word	897988541
 257              		.section	.rodata.BTF_E_5O_50Hz_1K,"a"
 258              		.align	2
ARM GAS  C:\Users\HUAV\AppData\Local\Temp\ccFwKOo5.s 			page 5


 261              	BTF_E_5O_50Hz_1K:
 262 0000 B458BF40 		.word	1086281908
 263 0004 ACC52737 		.word	925353388
 264 0008 45C09C39 		.word	966574149
 265 000c 0000803F 		.word	1065353216
 266 0010 45C01C3A 		.word	974962757
 267 0014 0000803F 		.word	1065353216
 268 0018 45C01C3A 		.word	974962757
 269 001c 0000803F 		.word	1065353216
 270 0020 45C09C39 		.word	966574149
 271 0024 0000803F 		.word	1065353216
 272 0028 B458BF40 		.word	1086281908
 273 002c ACC52737 		.word	925353388
 274              		.section	.rodata.BTF_U_2O_10Hz_100Hz,"a"
 275              		.align	2
 278              	BTF_U_2O_10Hz_100Hz:
 279 0000 2F4D92BF 		.word	-1080931025
 280 0004 0000803F 		.word	1065353216
 281 0008 BB5AD33E 		.word	1054038715
 282 000c 0000803F 		.word	1065353216
 283              		.section	.rodata.BTF_U_2O_30Hz_100Hz,"a"
 284              		.align	2
 287              	BTF_U_2O_30Hz_100Hz:
 288 0000 B132BD3E 		.word	1052586673
 289 0004 0000803F 		.word	1065353216
 290 0008 EA83483E 		.word	1044939754
 291 000c 0000803F 		.word	1065353216
 292              		.section	.rodata.BTF_U_2O_30Hz_1K,"a"
 293              		.align	2
 296              	BTF_U_2O_30Hz_1K:
 297 0000 7E0BDEBF 		.word	-1075967106
 298 0004 0000803F 		.word	1065353216
 299 0008 0219443F 		.word	1061427458
 300 000c 0000803F 		.word	1065353216
 301              		.section	.rodata.BTF_U_2O_50Hz_1K,"a"
 302              		.align	2
 305              	BTF_U_2O_50Hz_1K:
 306 0000 71CFC7BF 		.word	-1077424271
 307 0004 0000803F 		.word	1065353216
 308 0008 9D2F243F 		.word	1059336093
 309 000c 0000803F 		.word	1065353216
 310              		.section	.rodata.BTF_U_3O_10Hz_100Hz,"a"
 311              		.align	2
 314              	BTF_U_3O_10Hz_100Hz:
 315 0000 0D49E1BF 		.word	-1075754739
 316 0004 0000803F 		.word	1065353216
 317 0008 0C69973F 		.word	1066887436
 318 000c 0000803F 		.word	1065353216
 319 0010 DF5D8EBE 		.word	-1097966113
 320 0014 0000803F 		.word	1065353216
 321              		.section	.rodata.BTF_U_3O_30Hz_100Hz,"a"
 322              		.align	2
 325              	BTF_U_3O_30Hz_100Hz:
 326 0000 09C6133F 		.word	1058260489
 327 0004 0000803F 		.word	1065353216
 328 0008 79F4D73E 		.word	1054340217
 329 000c 0000803F 		.word	1065353216
ARM GAS  C:\Users\HUAV\AppData\Local\Temp\ccFwKOo5.s 			page 6


 330 0010 EE97663D 		.word	1030133742
 331 0014 0000803F 		.word	1065353216
 332              		.section	.rodata.BTF_U_3O_30Hz_1K,"a"
 333              		.align	2
 336              	BTF_U_3O_30Hz_1K:
 337 0000 46E827C0 		.word	-1071126458
 338 0004 0000803F 		.word	1065353216
 339 0008 C2231440 		.word	1075061698
 340 000c 0000803F 		.word	1065353216
 341 0010 497F2FBF 		.word	-1087406263
 342 0014 0000803F 		.word	1065353216
 343              		.section	.rodata.BTF_U_3O_50Hz_1K,"a"
 344              		.align	2
 347              	BTF_U_3O_50Hz_1K:
 348 0000 2BF117C0 		.word	-1072172757
 349 0004 0000803F 		.word	1065353216
 350 0008 20F5F63F 		.word	1073149216
 351 000c 0000803F 		.word	1065353216
 352 0010 173608BF 		.word	-1089980905
 353 0014 0000803F 		.word	1065353216
 354              		.section	.rodata.BTF_U_4O_10Hz_100Hz,"a"
 355              		.align	2
 358              	BTF_U_4O_10Hz_100Hz:
 359 0000 1AA617C0 		.word	-1072191974
 360 0004 0000803F 		.word	1065353216
 361 0008 63181440 		.word	1075058787
 362 000c 0000803F 		.word	1065353216
 363 0010 47FF86BF 		.word	-1081671865
 364 0014 0000803F 		.word	1065353216
 365 0018 69E03F3E 		.word	1044373609
 366 001c 0000803F 		.word	1065353216
 367              		.section	.rodata.BTF_U_4O_30Hz_100Hz,"a"
 368              		.align	2
 371              	BTF_U_4O_30Hz_100Hz:
 372 0000 6437483F 		.word	1061697380
 373 0004 0000803F 		.word	1065353216
 374 0008 13132E3F 		.word	1059984147
 375 000c 0000803F 		.word	1065353216
 376 0010 570F3B3E 		.word	1044057943
 377 0014 0000803F 		.word	1065353216
 378 0018 DCBBF63C 		.word	1022802908
 379 001c 0000803F 		.word	1065353216
 380              		.section	.rodata.BTF_U_4O_30Hz_1K,"a"
 381              		.align	2
 384              	BTF_U_4O_30Hz_1K:
 385 0000 927F60C0 		.word	-1067417710
 386 0004 0000803F 		.word	1065353216
 387 0008 46829440 		.word	1083474502
 388 000c 0000803F 		.word	1065353216
 389 0010 A0872FC0 		.word	-1070626912
 390 0014 0000803F 		.word	1065353216
 391 0018 024C1C3F 		.word	1058819074
 392 001c 0000803F 		.word	1065353216
 393              		.section	.rodata.BTF_U_4O_50Hz_1K,"a"
 394              		.align	2
 397              	BTF_U_4O_50Hz_1K:
 398 0000 958F4BC0 		.word	-1068789867
ARM GAS  C:\Users\HUAV\AppData\Local\Temp\ccFwKOo5.s 			page 7


 399 0004 0000803F 		.word	1065353216
 400 0008 CF1D7740 		.word	1081548239
 401 000c 0000803F 		.word	1065353216
 402 0010 8E2D07C0 		.word	-1073271410
 403 0014 0000803F 		.word	1065353216
 404 0018 4A64E03E 		.word	1054893130
 405 001c 0000803F 		.word	1065353216
 406              		.section	.rodata.BTF_U_5O_10Hz_100Hz,"a"
 407              		.align	2
 410              	BTF_U_5O_10Hz_100Hz:
 411 0000 516D3EC0 		.word	-1069650607
 412 0004 0000803F 		.word	1065353216
 413 0008 CD957340 		.word	1081316813
 414 000c 0000803F 		.word	1065353216
 415 0010 6CE522C0 		.word	-1071454868
 416 0014 0000803F 		.word	1065353216
 417 0018 BE91613F 		.word	1063358910
 418 001c 0000803F 		.word	1065353216
 419 0020 E37000BE 		.word	-1107267357
 420 0024 0000803F 		.word	1065353216
 421              		.section	.rodata.BTF_U_5O_30Hz_100Hz,"a"
 422              		.align	2
 425              	BTF_U_5O_30Hz_100Hz:
 426 0000 463E7C3F 		.word	1065107014
 427 0004 0000803F 		.word	1065353216
 428 0008 314E793F 		.word	1064914481
 429 000c 0000803F 		.word	1065353216
 430 0010 87D0C53E 		.word	1053151367
 431 0014 0000803F 		.word	1065353216
 432 0018 DEA9E33D 		.word	1038330334
 433 001c 0000803F 		.word	1065353216
 434 0020 988A383C 		.word	1010338456
 435 0024 0000803F 		.word	1065353216
 436              		.section	.rodata.BTF_U_5O_30Hz_1K,"a"
 437              		.align	2
 440              	BTF_U_5O_30Hz_1K:
 441 0000 257D8CC0 		.word	-1064534747
 442 0004 0000803F 		.word	1065353216
 443 0008 96C5F740 		.word	1089979798
 444 000c 0000803F 		.word	1065353216
 445 0010 D456DBC0 		.word	-1059367212
 446 0014 0000803F 		.word	1065353216
 447 0018 20DC4240 		.word	1078123552
 448 001c 0000803F 		.word	1065353216
 449 0020 C1F10ABF 		.word	-1089801791
 450 0024 0000803F 		.word	1065353216
 451              		.section	.rodata.BTF_U_5O_50Hz_1K,"a"
 452              		.align	2
 455              	BTF_U_5O_50Hz_1K:
 456 0000 C1027FC0 		.word	-1065418047
 457 0004 0000803F 		.word	1065353216
 458 0008 6EEACD40 		.word	1087236718
 459 000c 0000803F 		.word	1065353216
 460 0010 9E1DA8C0 		.word	-1062724194
 461 0014 0000803F 		.word	1065353216
 462 0018 8A910A40 		.word	1074434442
 463 001c 0000803F 		.word	1065353216
ARM GAS  C:\Users\HUAV\AppData\Local\Temp\ccFwKOo5.s 			page 8


 464 0020 8448B8BE 		.word	-1095219068
 465 0024 0000803F 		.word	1065353216
 466              		.text
 467              	.Letext0:
 468              		.file 1 "Algorithm/Filter_Dep/filter_param.h"
 469              		.file 2 "Algorithm/Filter_Dep/filter_param.c"
ARM GAS  C:\Users\HUAV\AppData\Local\Temp\ccFwKOo5.s 			page 9


DEFINED SYMBOLS
                            *ABS*:00000000 filter_param.c
C:\Users\HUAV\AppData\Local\Temp\ccFwKOo5.s:455    .rodata.BTF_U_5O_50Hz_1K:00000000 BTF_U_5O_50Hz_1K
C:\Users\HUAV\AppData\Local\Temp\ccFwKOo5.s:261    .rodata.BTF_E_5O_50Hz_1K:00000000 BTF_E_5O_50Hz_1K
C:\Users\HUAV\AppData\Local\Temp\ccFwKOo5.s:440    .rodata.BTF_U_5O_30Hz_1K:00000000 BTF_U_5O_30Hz_1K
C:\Users\HUAV\AppData\Local\Temp\ccFwKOo5.s:244    .rodata.BTF_E_5O_30Hz_1K:00000000 BTF_E_5O_30Hz_1K
C:\Users\HUAV\AppData\Local\Temp\ccFwKOo5.s:397    .rodata.BTF_U_4O_50Hz_1K:00000000 BTF_U_4O_50Hz_1K
C:\Users\HUAV\AppData\Local\Temp\ccFwKOo5.s:195    .rodata.BTF_E_4O_50Hz_1K:00000000 BTF_E_4O_50Hz_1K
C:\Users\HUAV\AppData\Local\Temp\ccFwKOo5.s:384    .rodata.BTF_U_4O_30Hz_1K:00000000 BTF_U_4O_30Hz_1K
C:\Users\HUAV\AppData\Local\Temp\ccFwKOo5.s:180    .rodata.BTF_E_4O_30Hz_1K:00000000 BTF_E_4O_30Hz_1K
C:\Users\HUAV\AppData\Local\Temp\ccFwKOo5.s:347    .rodata.BTF_U_3O_50Hz_1K:00000000 BTF_U_3O_50Hz_1K
C:\Users\HUAV\AppData\Local\Temp\ccFwKOo5.s:137    .rodata.BTF_E_3O_50Hz_1K:00000000 BTF_E_3O_50Hz_1K
C:\Users\HUAV\AppData\Local\Temp\ccFwKOo5.s:336    .rodata.BTF_U_3O_30Hz_1K:00000000 BTF_U_3O_30Hz_1K
C:\Users\HUAV\AppData\Local\Temp\ccFwKOo5.s:124    .rodata.BTF_E_3O_30Hz_1K:00000000 BTF_E_3O_30Hz_1K
C:\Users\HUAV\AppData\Local\Temp\ccFwKOo5.s:305    .rodata.BTF_U_2O_50Hz_1K:00000000 BTF_U_2O_50Hz_1K
C:\Users\HUAV\AppData\Local\Temp\ccFwKOo5.s:87     .rodata.BTF_E_2O_50Hz_1K:00000000 BTF_E_2O_50Hz_1K
C:\Users\HUAV\AppData\Local\Temp\ccFwKOo5.s:296    .rodata.BTF_U_2O_30Hz_1K:00000000 BTF_U_2O_30Hz_1K
C:\Users\HUAV\AppData\Local\Temp\ccFwKOo5.s:76     .rodata.BTF_E_2O_30Hz_1K:00000000 BTF_E_2O_30Hz_1K
C:\Users\HUAV\AppData\Local\Temp\ccFwKOo5.s:425    .rodata.BTF_U_5O_30Hz_100Hz:00000000 BTF_U_5O_30Hz_100Hz
C:\Users\HUAV\AppData\Local\Temp\ccFwKOo5.s:227    .rodata.BTF_E_5O_30Hz_100Hz:00000000 BTF_E_5O_30Hz_100Hz
C:\Users\HUAV\AppData\Local\Temp\ccFwKOo5.s:410    .rodata.BTF_U_5O_10Hz_100Hz:00000000 BTF_U_5O_10Hz_100Hz
C:\Users\HUAV\AppData\Local\Temp\ccFwKOo5.s:210    .rodata.BTF_E_5O_10Hz_100Hz:00000000 BTF_E_5O_10Hz_100Hz
C:\Users\HUAV\AppData\Local\Temp\ccFwKOo5.s:371    .rodata.BTF_U_4O_30Hz_100Hz:00000000 BTF_U_4O_30Hz_100Hz
C:\Users\HUAV\AppData\Local\Temp\ccFwKOo5.s:165    .rodata.BTF_E_4O_30Hz_100Hz:00000000 BTF_E_4O_30Hz_100Hz
C:\Users\HUAV\AppData\Local\Temp\ccFwKOo5.s:358    .rodata.BTF_U_4O_10Hz_100Hz:00000000 BTF_U_4O_10Hz_100Hz
C:\Users\HUAV\AppData\Local\Temp\ccFwKOo5.s:150    .rodata.BTF_E_4O_10Hz_100Hz:00000000 BTF_E_4O_10Hz_100Hz
C:\Users\HUAV\AppData\Local\Temp\ccFwKOo5.s:325    .rodata.BTF_U_3O_30Hz_100Hz:00000000 BTF_U_3O_30Hz_100Hz
C:\Users\HUAV\AppData\Local\Temp\ccFwKOo5.s:111    .rodata.BTF_E_3O_30Hz_100Hz:00000000 BTF_E_3O_30Hz_100Hz
C:\Users\HUAV\AppData\Local\Temp\ccFwKOo5.s:314    .rodata.BTF_U_3O_10Hz_100Hz:00000000 BTF_U_3O_10Hz_100Hz
C:\Users\HUAV\AppData\Local\Temp\ccFwKOo5.s:98     .rodata.BTF_E_3O_10Hz_100Hz:00000000 BTF_E_3O_10Hz_100Hz
C:\Users\HUAV\AppData\Local\Temp\ccFwKOo5.s:287    .rodata.BTF_U_2O_30Hz_100Hz:00000000 BTF_U_2O_30Hz_100Hz
C:\Users\HUAV\AppData\Local\Temp\ccFwKOo5.s:65     .rodata.BTF_E_2O_30Hz_100Hz:00000000 BTF_E_2O_30Hz_100Hz
C:\Users\HUAV\AppData\Local\Temp\ccFwKOo5.s:278    .rodata.BTF_U_2O_10Hz_100Hz:00000000 BTF_U_2O_10Hz_100Hz
C:\Users\HUAV\AppData\Local\Temp\ccFwKOo5.s:54     .rodata.BTF_E_2O_10Hz_100Hz:00000000 BTF_E_2O_10Hz_100Hz
C:\Users\HUAV\AppData\Local\Temp\ccFwKOo5.s:51     .rodata.BTF_E_2O_10Hz_100Hz:00000000 $d
C:\Users\HUAV\AppData\Local\Temp\ccFwKOo5.s:62     .rodata.BTF_E_2O_30Hz_100Hz:00000000 $d
C:\Users\HUAV\AppData\Local\Temp\ccFwKOo5.s:73     .rodata.BTF_E_2O_30Hz_1K:00000000 $d
C:\Users\HUAV\AppData\Local\Temp\ccFwKOo5.s:84     .rodata.BTF_E_2O_50Hz_1K:00000000 $d
C:\Users\HUAV\AppData\Local\Temp\ccFwKOo5.s:95     .rodata.BTF_E_3O_10Hz_100Hz:00000000 $d
C:\Users\HUAV\AppData\Local\Temp\ccFwKOo5.s:108    .rodata.BTF_E_3O_30Hz_100Hz:00000000 $d
C:\Users\HUAV\AppData\Local\Temp\ccFwKOo5.s:121    .rodata.BTF_E_3O_30Hz_1K:00000000 $d
C:\Users\HUAV\AppData\Local\Temp\ccFwKOo5.s:134    .rodata.BTF_E_3O_50Hz_1K:00000000 $d
C:\Users\HUAV\AppData\Local\Temp\ccFwKOo5.s:147    .rodata.BTF_E_4O_10Hz_100Hz:00000000 $d
C:\Users\HUAV\AppData\Local\Temp\ccFwKOo5.s:162    .rodata.BTF_E_4O_30Hz_100Hz:00000000 $d
C:\Users\HUAV\AppData\Local\Temp\ccFwKOo5.s:177    .rodata.BTF_E_4O_30Hz_1K:00000000 $d
C:\Users\HUAV\AppData\Local\Temp\ccFwKOo5.s:192    .rodata.BTF_E_4O_50Hz_1K:00000000 $d
C:\Users\HUAV\AppData\Local\Temp\ccFwKOo5.s:207    .rodata.BTF_E_5O_10Hz_100Hz:00000000 $d
C:\Users\HUAV\AppData\Local\Temp\ccFwKOo5.s:224    .rodata.BTF_E_5O_30Hz_100Hz:00000000 $d
C:\Users\HUAV\AppData\Local\Temp\ccFwKOo5.s:241    .rodata.BTF_E_5O_30Hz_1K:00000000 $d
C:\Users\HUAV\AppData\Local\Temp\ccFwKOo5.s:258    .rodata.BTF_E_5O_50Hz_1K:00000000 $d
C:\Users\HUAV\AppData\Local\Temp\ccFwKOo5.s:275    .rodata.BTF_U_2O_10Hz_100Hz:00000000 $d
C:\Users\HUAV\AppData\Local\Temp\ccFwKOo5.s:284    .rodata.BTF_U_2O_30Hz_100Hz:00000000 $d
C:\Users\HUAV\AppData\Local\Temp\ccFwKOo5.s:293    .rodata.BTF_U_2O_30Hz_1K:00000000 $d
C:\Users\HUAV\AppData\Local\Temp\ccFwKOo5.s:302    .rodata.BTF_U_2O_50Hz_1K:00000000 $d
C:\Users\HUAV\AppData\Local\Temp\ccFwKOo5.s:311    .rodata.BTF_U_3O_10Hz_100Hz:00000000 $d
C:\Users\HUAV\AppData\Local\Temp\ccFwKOo5.s:322    .rodata.BTF_U_3O_30Hz_100Hz:00000000 $d
C:\Users\HUAV\AppData\Local\Temp\ccFwKOo5.s:333    .rodata.BTF_U_3O_30Hz_1K:00000000 $d
ARM GAS  C:\Users\HUAV\AppData\Local\Temp\ccFwKOo5.s 			page 10


C:\Users\HUAV\AppData\Local\Temp\ccFwKOo5.s:344    .rodata.BTF_U_3O_50Hz_1K:00000000 $d
C:\Users\HUAV\AppData\Local\Temp\ccFwKOo5.s:355    .rodata.BTF_U_4O_10Hz_100Hz:00000000 $d
C:\Users\HUAV\AppData\Local\Temp\ccFwKOo5.s:368    .rodata.BTF_U_4O_30Hz_100Hz:00000000 $d
C:\Users\HUAV\AppData\Local\Temp\ccFwKOo5.s:381    .rodata.BTF_U_4O_30Hz_1K:00000000 $d
C:\Users\HUAV\AppData\Local\Temp\ccFwKOo5.s:394    .rodata.BTF_U_4O_50Hz_1K:00000000 $d
C:\Users\HUAV\AppData\Local\Temp\ccFwKOo5.s:407    .rodata.BTF_U_5O_10Hz_100Hz:00000000 $d
C:\Users\HUAV\AppData\Local\Temp\ccFwKOo5.s:422    .rodata.BTF_U_5O_30Hz_100Hz:00000000 $d
C:\Users\HUAV\AppData\Local\Temp\ccFwKOo5.s:437    .rodata.BTF_U_5O_30Hz_1K:00000000 $d
C:\Users\HUAV\AppData\Local\Temp\ccFwKOo5.s:452    .rodata.BTF_U_5O_50Hz_1K:00000000 $d

NO UNDEFINED SYMBOLS
