Archive member included to satisfy reference by file (symbol)

c:/program files (x86)/gnu arm embedded toolchain/10 2020-q4-major/bin/../lib/gcc/arm-none-eabi/10.2.1/../../../../arm-none-eabi/lib/thumb/v7e-m+dp/hard\libc_nano.a(lib_a-exit.o)
                              c:/program files (x86)/gnu arm embedded toolchain/10 2020-q4-major/bin/../lib/gcc/arm-none-eabi/10.2.1/../../../../arm-none-eabi/lib/thumb/v7e-m+dp/hard/crt0.o (exit)
c:/program files (x86)/gnu arm embedded toolchain/10 2020-q4-major/bin/../lib/gcc/arm-none-eabi/10.2.1/../../../../arm-none-eabi/lib/thumb/v7e-m+dp/hard\libc_nano.a(lib_a-impure.o)
                              c:/program files (x86)/gnu arm embedded toolchain/10 2020-q4-major/bin/../lib/gcc/arm-none-eabi/10.2.1/../../../../arm-none-eabi/lib/thumb/v7e-m+dp/hard\libc_nano.a(lib_a-exit.o) (_global_impure_ptr)
c:/program files (x86)/gnu arm embedded toolchain/10 2020-q4-major/bin/../lib/gcc/arm-none-eabi/10.2.1/../../../../arm-none-eabi/lib/thumb/v7e-m+dp/hard\libc_nano.a(lib_a-init.o)
                              c:/program files (x86)/gnu arm embedded toolchain/10 2020-q4-major/bin/../lib/gcc/arm-none-eabi/10.2.1/../../../../arm-none-eabi/lib/thumb/v7e-m+dp/hard/crt0.o (__libc_init_array)
c:/program files (x86)/gnu arm embedded toolchain/10 2020-q4-major/bin/../lib/gcc/arm-none-eabi/10.2.1/../../../../arm-none-eabi/lib/thumb/v7e-m+dp/hard\libc_nano.a(lib_a-memcpy-stub.o)
                              build/Bsp_SPI.o (memcpy)
c:/program files (x86)/gnu arm embedded toolchain/10 2020-q4-major/bin/../lib/gcc/arm-none-eabi/10.2.1/../../../../arm-none-eabi/lib/thumb/v7e-m+dp/hard\libc_nano.a(lib_a-memset.o)
                              c:/program files (x86)/gnu arm embedded toolchain/10 2020-q4-major/bin/../lib/gcc/arm-none-eabi/10.2.1/../../../../arm-none-eabi/lib/thumb/v7e-m+dp/hard/crt0.o (memset)
c:/program files (x86)/gnu arm embedded toolchain/10 2020-q4-major/bin/../lib/gcc/arm-none-eabi/10.2.1/../../../../arm-none-eabi/lib/thumb/v7e-m+dp/hard\libc_nano.a(lib_a-strcmp.o)
                              build/shell.o (strcmp)
c:/program files (x86)/gnu arm embedded toolchain/10 2020-q4-major/bin/../lib/gcc/arm-none-eabi/10.2.1/../../../../arm-none-eabi/lib/thumb/v7e-m+dp/hard\libc_nano.a(lib_a-strlen.o)
                              build/shell.o (strlen)
c:/program files (x86)/gnu arm embedded toolchain/10 2020-q4-major/bin/../lib/gcc/arm-none-eabi/10.2.1/../../../../arm-none-eabi/lib/thumb/v7e-m+dp/hard\libc_nano.a(lib_a-strncmp.o)
                              build/shell.o (strncmp)
c:/program files (x86)/gnu arm embedded toolchain/10 2020-q4-major/bin/../lib/gcc/arm-none-eabi/10.2.1/../../../../arm-none-eabi/lib/thumb/v7e-m+dp/hard\libc_nano.a(lib_a-vsnprintf.o)
                              build/shell.o (vsnprintf)
c:/program files (x86)/gnu arm embedded toolchain/10 2020-q4-major/bin/../lib/gcc/arm-none-eabi/10.2.1/../../../../arm-none-eabi/lib/thumb/v7e-m+dp/hard\libc_nano.a(lib_a-vsscanf.o)
                              build/shell.o (vsscanf)
c:/program files (x86)/gnu arm embedded toolchain/10 2020-q4-major/bin/../lib/gcc/arm-none-eabi/10.2.1/../../../../arm-none-eabi/lib/thumb/v7e-m+dp/hard\libc_nano.a(lib_a-nano-svfprintf.o)
                              c:/program files (x86)/gnu arm embedded toolchain/10 2020-q4-major/bin/../lib/gcc/arm-none-eabi/10.2.1/../../../../arm-none-eabi/lib/thumb/v7e-m+dp/hard\libc_nano.a(lib_a-vsnprintf.o) (_svfprintf_r)
c:/program files (x86)/gnu arm embedded toolchain/10 2020-q4-major/bin/../lib/gcc/arm-none-eabi/10.2.1/../../../../arm-none-eabi/lib/thumb/v7e-m+dp/hard\libc_nano.a(lib_a-nano-svfscanf.o)
                              c:/program files (x86)/gnu arm embedded toolchain/10 2020-q4-major/bin/../lib/gcc/arm-none-eabi/10.2.1/../../../../arm-none-eabi/lib/thumb/v7e-m+dp/hard\libc_nano.a(lib_a-vsscanf.o) (__ssvfscanf_r)
c:/program files (x86)/gnu arm embedded toolchain/10 2020-q4-major/bin/../lib/gcc/arm-none-eabi/10.2.1/../../../../arm-none-eabi/lib/thumb/v7e-m+dp/hard\libc_nano.a(lib_a-nano-vfprintf_i.o)
                              c:/program files (x86)/gnu arm embedded toolchain/10 2020-q4-major/bin/../lib/gcc/arm-none-eabi/10.2.1/../../../../arm-none-eabi/lib/thumb/v7e-m+dp/hard\libc_nano.a(lib_a-nano-svfprintf.o) (_printf_i)
c:/program files (x86)/gnu arm embedded toolchain/10 2020-q4-major/bin/../lib/gcc/arm-none-eabi/10.2.1/../../../../arm-none-eabi/lib/thumb/v7e-m+dp/hard\libc_nano.a(lib_a-nano-vfscanf_i.o)
                              c:/program files (x86)/gnu arm embedded toolchain/10 2020-q4-major/bin/../lib/gcc/arm-none-eabi/10.2.1/../../../../arm-none-eabi/lib/thumb/v7e-m+dp/hard\libc_nano.a(lib_a-nano-svfscanf.o) (_scanf_chars)
c:/program files (x86)/gnu arm embedded toolchain/10 2020-q4-major/bin/../lib/gcc/arm-none-eabi/10.2.1/../../../../arm-none-eabi/lib/thumb/v7e-m+dp/hard\libc_nano.a(lib_a-sccl.o)
[...]
Memory Configuration

Name             Origin             Length             Attributes
DTCMRAM          0x20000000         0x00020000         xrw
RAM_D1           0x24000000         0x00080000         xrw
RAM_D2           0x30000000         0x00048000         xrw
RAM_D3           0x38000000         0x00010000         xrw
ITCMRAM          0x00000000         0x00010000         xrw
FLASH            0x08000000         0x00200000         xr
*default*        0x00000000         0xffffffff

Linker script and memory map

LOAD c:/program files (x86)/gnu arm embedded toolchain/10 2020-q4-major/bin/../lib/gcc/arm-none-eabi/10.2.1/thumb/v7e-m+dp/hard/crti.o
LOAD c:/program files (x86)/gnu arm embedded toolchain/10 2020-q4-major/bin/../lib/gcc/arm-none-eabi/10.2.1/thumb/v7e-m+dp/hard/crtbegin.o
LOAD c:/program files (x86)/gnu arm embedded toolchain/10 2020-q4-major/bin/../lib/gcc/arm-none-eabi/10.2.1/../../../../arm-none-eabi/lib/thumb/v7e-m+dp/hard/crt0.o
LOAD build/main.o
LOAD build/debug_util.o
LOAD build/Bsp_GPIO.o
LOAD build/Bsp_SPI.o
LOAD build/Dev_Led.o
LOAD build/Dev_W25Qxx.o
LOAD build/queue.o
LOAD build/linked_list.o
LOAD build/mmu.o
LOAD build/scheduler.o
LOAD build/kernel.o
LOAD build/runtime.o
LOAD build/storage.o
LOAD build/shell_cmd_list.o
LOAD build/shell_companion.o
LOAD build/shell_ext.o
LOAD build/shell_port.o
LOAD build/shell.o
LOAD build/usb_device.o
LOAD build/usbd_desc.o
LOAD build/usbd_cdc_if.o
LOAD build/usbd_conf.o
LOAD build/usbd_core.o
LOAD build/usbd_ctlreq.o
LOAD build/usbd_ioreq.o
LOAD build/usbd_cdc.o
LOAD build/stm32h7xx_it.o
LOAD build/system_stm32h7xx.o
LOAD build/stm32h7xx_hal.o
LOAD build/stm32h7xx_hal_cortex.o
LOAD build/stm32h7xx_hal_rcc.o
LOAD build/stm32h7xx_hal_tim.o
LOAD build/stm32h7xx_hal_tim_ex.o
LOAD build/stm32h7xx_hal_rcc_ex.o
LOAD build/stm32h7xx_hal_flash.o
LOAD build/stm32h7xx_hal_flash_ex.o
LOAD build/stm32h7xx_hal_gpio.o
LOAD build/stm32h7xx_hal_hsem.o
LOAD build/stm32h7xx_hal_dma.o
LOAD build/stm32h7xx_hal_dma_ex.o
LOAD build/stm32h7xx_hal_mdma.o
LOAD build/stm32h7xx_hal_pwr.o
LOAD build/stm32h7xx_hal_pwr_ex.o
LOAD build/stm32h7xx_hal_i2c.o
LOAD build/stm32h7xx_hal_i2c_ex.o
LOAD build/stm32h7xx_hal_exti.o
LOAD build/stm32h7xx_hal_spi.o
LOAD build/stm32h7xx_hal_pcd.o
LOAD build/stm32h7xx_hal_pcd_ex.o
LOAD build/stm32h7xx_ll_usb.o
LOAD build/startup_stm32h743xx.o
LOAD c:/program files (x86)/gnu arm embedded toolchain/10 2020-q4-major/bin/../lib/gcc/arm-none-eabi/10.2.1/../../../../arm-none-eabi/lib/thumb/v7e-m+dp/hard\libc_nano.a
LOAD c:/program files (x86)/gnu arm embedded toolchain/10 2020-q4-major/bin/../lib/gcc/arm-none-eabi/10.2.1/../../../../arm-none-eabi/lib/thumb/v7e-m+dp/hard\libm.a
LOAD c:/program files (x86)/gnu arm embedded toolchain/10 2020-q4-major/bin/../lib/gcc/arm-none-eabi/10.2.1/../../../../arm-none-eabi/lib/thumb/v7e-m+dp/hard\libnosys.a
START GROUP
LOAD c:/program files (x86)/gnu arm embedded toolchain/10 2020-q4-major/bin/../lib/gcc/arm-none-eabi/10.2.1/thumb/v7e-m+dp/hard\libgcc.a
LOAD c:/program files (x86)/gnu arm embedded toolchain/10 2020-q4-major/bin/../lib/gcc/arm-none-eabi/10.2.1/../../../../arm-none-eabi/lib/thumb/v7e-m+dp/hard\libc_nano.a
END GROUP
START GROUP
LOAD c:/program files (x86)/gnu arm embedded toolchain/10 2020-q4-major/bin/../lib/gcc/arm-none-eabi/10.2.1/thumb/v7e-m+dp/hard\libgcc.a
LOAD c:/program files (x86)/gnu arm embedded toolchain/10 2020-q4-major/bin/../lib/gcc/arm-none-eabi/10.2.1/../../../../arm-none-eabi/lib/thumb/v7e-m+dp/hard\libc_nano.a
END GROUP
LOAD c:/program files (x86)/gnu arm embedded toolchain/10 2020-q4-major/bin/../lib/gcc/arm-none-eabi/10.2.1/thumb/v7e-m+dp/hard/crtend.o
LOAD c:/program files (x86)/gnu arm embedded toolchain/10 2020-q4-major/bin/../lib/gcc/arm-none-eabi/10.2.1/thumb/v7e-m+dp/hard/crtn.o
                0x20020000                _estack = 0x20020000
                0x00000800                _Min_Heap_Size = 0x800
                0x00000800                _Min_Stack_Size = 0x800

.isr_vector     0x08000000      0x298
                0x08000000                . = ALIGN (0x4)
 *(.isr_vector)
 .isr_vector    0x08000000      0x298 build/startup_stm32h743xx.o
                0x08000000                g_pfnVectors
                0x08000298                . = ALIGN (0x4)

.MMU_Section    0x24000000    0x10000 load address 0x08000298
                0x24000000                . = ALIGN (0x4)
                0x24000000                MMU_s = .
 *(.MMU_Section)
 .MMU_Section   0x24000000    0x10000 build/mmu.o
                0x24000000                Mem_Buff
 *(.MMU_Section*)
                0x24010000                . = ALIGN (0x4)
                0x24010000                MMU_e = .

.text           0x080102a0     0x7460
                0x080102a0                . = ALIGN (0x4)
 *(.text)
 .text          0x080102a0       0x40 c:/program files (x86)/gnu arm embedded toolchain/10 2020-q4-major/bin/../lib/gcc/arm-none-eabi/10.2.1/thumb/v7e-m+dp/hard/crtbegin.o
 .text          0x080102e0       0x14 c:/program files (x86)/gnu arm embedded toolchain/10 2020-q4-major/bin/../lib/gcc/arm-none-eabi/10.2.1/../../../../arm-none-eabi/lib/thumb/v7e-m+dp/hard\libc_nano.a(lib_a-strcmp.o)
                0x080102e0                strcmp
 .text          0x080102f4       0x10 c:/program files (x86)/gnu arm embedded toolchain/10 2020-q4-major/bin/../lib/gcc/arm-none-eabi/10.2.1/../../../../arm-none-eabi/lib/thumb/v7e-m+dp/hard\libc_nano.a(lib_a-strlen.o)
                0x080102f4                strlen
 .text          0x08010304      0x21c c:/program files (x86)/gnu arm embedded toolchain/10 2020-q4-major/bin/../lib/gcc/arm-none-eabi/10.2.1/thumb/v7e-m+dp/hard\libgcc.a(_arm_addsubsf3.o)
                0x08010304                __aeabi_frsub
                0x0801030c                __subsf3
                0x0801030c                __aeabi_fsub
                0x08010310                __aeabi_fadd
                0x08010310                __addsf3
                0x08010470                __aeabi_ui2f
                0x08010470                __floatunsisf
                0x08010478                __aeabi_i2f
                0x08010478                __floatsisf
                0x08010494                __aeabi_ul2f
                0x08010494                __floatundisf
                0x080104a4                __aeabi_l2f
                0x080104a4                __floatdisf
 .text          0x08010520       0x30 c:/program files (x86)/gnu arm embedded toolchain/10 2020-q4-major/bin/../lib/gcc/arm-none-eabi/10.2.1/thumb/v7e-m+dp/hard\libgcc.a(_aeabi_uldivmod.o)
                0x08010520                __aeabi_uldivmod
 .text          0x08010550      0x2d0 c:/program files (x86)/gnu arm embedded toolchain/10 2020-q4-major/bin/../lib/gcc/arm-none-eabi/10.2.1/thumb/v7e-m+dp/hard\libgcc.a(_udivmoddi4.o)
                0x08010550                __udivmoddi4
 .text          0x08010820        0x4 c:/program files (x86)/gnu arm embedded toolchain/10 2020-q4-major/bin/../lib/gcc/arm-none-eabi/10.2.1/thumb/v7e-m+dp/hard\libgcc.a(_dvmd_tls.o)
                0x08010820                __aeabi_idiv0
                0x08010820                __aeabi_ldiv0
 *(.text*)
 .text.Test     0x08010824       0x5c build/main.o
                0x08010824                Test
 .text.test_PC1_ctl
                0x08010880       0x24 build/main.o
                0x08010880                test_PC1_ctl
 .text.Run      0x080108a4       0x74 build/main.o
                0x080108a4                Run
 .text.test_PC2_ctl
                0x08010918       0x24 build/main.o
                0x08010918                test_PC2_ctl
 .text.Test2    0x0801093c        0x8 build/main.o
                0x0801093c                Test2
 .text.main     0x08010944       0xcc build/main.o
                0x08010944                main
 .text.DebugPin_Init
                0x08010a10       0x6c build/debug_util.o
 .text.DebugPin_Ctl
                0x08010a7c       0x28 build/debug_util.o
 .text.BspGPIO_Write
                0x08010aa4        0x8 build/Bsp_GPIO.o
 .text.BspGPIO_Read
                0x08010aac        0xe build/Bsp_GPIO.o
 *fill*         0x08010aba        0x2 
 .text.BspGPIO_Init
                0x08010abc      0x1fc build/Bsp_GPIO.o
 .text.DevLed_Init
                0x08010cb8       0x6c build/Dev_Led.o
 .text.DevLed_Ctl
                0x08010d24       0x28 build/Dev_Led.o
 .text.Item_SwapLRData
                0x08010d4c        0xa build/linked_list.o
 .text.List_Init
                0x08010d56       0x28 build/linked_list.o
                0x08010d56                List_Init
 .text.List_ItemClear
                0x08010d7e       0x14 build/linked_list.o
                0x08010d7e                List_ItemClear
 .text.List_ItemInit
                0x08010d92       0x10 build/linked_list.o
                0x08010d92                List_ItemInit
 .text.List_InsertToPrv
                0x08010da2       0x14 build/linked_list.o
                0x08010da2                List_InsertToPrv
 .text.List_InsertByOrder
                0x08010db6       0x14 build/linked_list.o
                0x08010db6                List_InsertByOrder
 .text.List_InsertByCondition
                0x08010dca       0x3c build/linked_list.o
                0x08010dca                List_InsertByCondition
 .text.List_Insert_Item
                0x08010e06       0x32 build/linked_list.o
                0x08010e06                List_Insert_Item
 .text.List_traverse
                0x08010e38       0x5a build/linked_list.o
                0x08010e38                List_traverse
 *fill*         0x08010e92        0x2 
 .text.MMU_InsertFreeBlock
                0x08010e94       0x70 build/mmu.o
 .text.MMU_Init
                0x08010f04       0x54 build/mmu.o
 .text.MMU_Malloc
                0x08010f58       0xc0 build/mmu.o
                0x08010f58                MMU_Malloc
 .text.Os_Set_TaskReady
                0x08011018       0x38 build/scheduler.o
 .text.Os_Set_TaskBlock
                0x08011050       0x40 build/scheduler.o
 .text.Os_Clr_TaskReady
                0x08011090       0x40 build/scheduler.o
 .text.Os_Clr_TaskPending
                0x080110d0       0x40 build/scheduler.o
 .text.Os_TaskExit
                0x08011110        0x2 build/scheduler.o
 *fill*         0x08011112        0x2 
 .text.Os_Get_HighestRank_RdyTask
                0x08011114       0x60 build/scheduler.o
 .text.Os_Get_HighestRank_PndTask
                0x08011174       0x60 build/scheduler.o
 .text.Os_TaskPri_Compare
                0x080111d4       0xb0 build/scheduler.o
 .text.Os_ResetTask_Data
                0x08011284       0x26 build/scheduler.o
 *fill*         0x080112aa        0x2 
 .text.Os_TaskCrtList_TraverseCallback
                0x080112ac       0x3c build/scheduler.o
 .text.Os_Idle  0x080112e8       0x4c build/scheduler.o
 .text.Os_Set_TaskStk
                0x08011334       0x58 build/scheduler.o
 .text.Os_CreateIdle
                0x0801138c       0x48 build/scheduler.o
 .text.Os_TaskExec
                0x080113d4       0xf8 build/scheduler.o
 *fill*         0x080114cc        0x4 
 .text.Os_LoadFirstTask
                0x080114d0       0x24 build/scheduler.o
                0x080114d0                Os_LoadFirstTask
 *fill*         0x080114f4        0xc 
 .text.Os_SwitchContext
                0x08011500       0x60 build/scheduler.o
                0x08011500                Os_SwitchContext
 .text.Os_SwitchTaskStack
                0x08011560       0x28 build/scheduler.o
                0x08011560                Os_SwitchTaskStack
 .text.Os_Init  0x08011588       0x8c build/scheduler.o
                0x08011588                Os_Init
 .text.Os_Start
                0x08011614       0x58 build/scheduler.o
                0x08011614                Os_Start
 .text.Os_CreateTask
                0x0801166c      0x18c build/scheduler.o
                0x0801166c                Os_CreateTask
 .text.Os_Set_TaskPending
                0x080117f8       0x3c build/scheduler.o
                0x080117f8                Os_Set_TaskPending
 .text.Os_SchedulerRun
                0x08011834       0xb8 build/scheduler.o
 .text.Os_TaskCaller
                0x080118ec       0x38 build/scheduler.o
 .text.Os_TaskDelay_Ms
                0x08011924       0x64 build/scheduler.o
                0x08011924                Os_TaskDelay_Ms
 .text.Kernel_SetBASEPRI
                0x08011988        0xe build/kernel.o
 *fill*         0x08011996        0x2 
 .text.KernelClock_Init
                0x08011998      0x138 build/kernel.o
 .text.Kernel_Init
                0x08011ad0        0xe build/kernel.o
                0x08011ad0                Kernel_Init
 *fill*         0x08011ade        0x2 
 .text.Kernel_LoadProcess
                0x08011ae0       0x20 build/kernel.o
                0x08011ae0                Kernel_LoadProcess
 .text.Kernel_EnablePendSV
                0x08011b00       0x10 build/kernel.o
                0x08011b00                Kernel_EnablePendSV
 .text.Kernel_TriggerPendSV
                0x08011b10       0x10 build/kernel.o
                0x08011b10                Kernel_TriggerPendSV
 .text.Kernel_EnterCritical
                0x08011b20       0x18 build/kernel.o
                0x08011b20                Kernel_EnterCritical
 .text.Kernel_ExitCritical
                0x08011b38       0x28 build/kernel.o
                0x08011b38                Kernel_ExitCritical
 .text.Runtime_SetCallback
                0x08011b60       0x2c build/runtime.o
                0x08011b60                Runtime_SetCallback
 .text.Runtime_Config
                0x08011b8c       0x9c build/runtime.o
                0x08011b8c                Runtime_Config
 .text.Runtime_Start
                0x08011c28       0x20 build/runtime.o
                0x08011c28                Runtime_Start
 .text.RuntimeObj_Reset
                0x08011c48        0xa build/runtime.o
                0x08011c48                RuntimeObj_Reset
 .text.Get_TimeDifference_Between
                0x08011c52       0x18 build/runtime.o
                0x08011c52                Get_TimeDifference_Between
 *fill*         0x08011c6a        0x2 
 .text.Runtime_Tick
                0x08011c6c       0x64 build/runtime.o
                0x08011c6c                Runtime_Tick
 .text.Get_CurrentRunningUs
                0x08011cd0        0xc build/runtime.o
                0x08011cd0                Get_CurrentRunningUs
 .text.Get_CurrentRunningMs
                0x08011cdc       0x18 build/runtime.o
                0x08011cdc                Get_CurrentRunningMs
 .text.Get_CurrentRunningS
                0x08011cf4       0x12 build/runtime.o
                0x08011cf4                Get_CurrentRunningS
 *fill*         0x08011d06        0x2 
 .text.Get_TargetRunTime
                0x08011d08       0x14 build/runtime.o
                0x08011d08                Get_TargetRunTime
 .text.RuntimeObj_CompareWithCurrent
                0x08011d1c       0x1c build/runtime.o
                0x08011d1c                RuntimeObj_CompareWithCurrent
 .text.shellExtNumType
                0x08011d38       0x50 build/shell_ext.o
 .text.shellExtToNum
                0x08011d88       0x2e build/shell_ext.o
 *fill*         0x08011db6        0x2 
 .text.shellExtParseChar
                0x08011db8       0x88 build/shell_ext.o
 .text.shellExtParseString
                0x08011e40       0x40 build/shell_ext.o
 .text.shellExtParseNumber
                0x08011e80       0xbe build/shell_ext.o
 .text.shellExtParseVar
                0x08011f3e       0x1e build/shell_ext.o
 .text.shellExtParsePara
                0x08011f5c       0x4a build/shell_ext.o
                0x08011f5c                shellExtParsePara
 .text.shellExtRun
                0x08011fa6       0xee build/shell_ext.o
                0x08011fa6                shellExtRun
 .text.shellStringCopy
                0x08012094       0x16 build/shell.o
 .text.shellStringCompare
                0x080120aa       0x2e build/shell.o
 .text.shellGetCommandDesc
                0x080120d8       0x22 build/shell.o
 .text.shellParserParam
                0x080120fa       0x90 build/shell.o
 .text.shellHistoryAdd
                0x0801218a       0x70 build/shell.o
 .text.shellRemoveParamQuotes
                0x080121fa       0x54 build/shell.o
 *fill*         0x0801224e        0x2 
 .text.shellGetCurrent
                0x08012250       0x2c build/shell.o
                0x08012250                shellGetCurrent
 .text.shellWriteByte
                0x0801227c       0x18 build/shell.o
                0x0801227c                shellWriteByte
 .text.shellRight
                0x08012294       0x1a build/shell.o
                0x08012294                shellRight
 .text.shellLeft
                0x080122ae       0x18 build/shell.o
                0x080122ae                shellLeft
 .text.shellWriteString
                0x080122c6       0x18 build/shell.o
                0x080122c6                shellWriteString
 *fill*         0x080122de        0x2 
 .text.shellSetUser
                0x080122e0       0x60 build/shell.o
 .text.shellWriteCommandLine
                0x08012340       0x60 build/shell.o
 .text.shellCheckPassword
                0x080123a0       0x40 build/shell.o
 .text.shellClear
                0x080123e0       0x14 build/shell.o
                0x080123e0                shellClear
 .text.shellCheckPermission
                0x080123f4       0x3c build/shell.o
                0x080123f4                shellCheckPermission
 .text.shellToHex
                0x08012430       0x28 build/shell.o
                0x08012430                shellToHex
 .text.shellGetCommandName
                0x08012458       0x44 build/shell.o
 .text.shellToDec
                0x0801249c       0x60 build/shell.o
                0x0801249c                shellToDec
 .text.shellWriteReturnValue
                0x080124fc       0x7c build/shell.o
 .text.shellListItem
                0x08012578       0x90 build/shell.o
                0x08012578                shellListItem
 .text.shellListCommand
                0x08012608       0x48 build/shell.o
                0x08012608                shellListCommand
 .text.shellCmds
                0x08012650        0xe build/shell.o
                0x08012650                shellCmds
 *fill*         0x0801265e        0x2 
 .text.shellListVar
                0x08012660       0x4c build/shell.o
                0x08012660                shellListVar
 .text.shellVars
                0x080126ac        0xe build/shell.o
                0x080126ac                shellVars
 *fill*         0x080126ba        0x2 
 .text.shellListUser
                0x080126bc       0x48 build/shell.o
                0x080126bc                shellListUser
 .text.shellUsers
                0x08012704        0xe build/shell.o
                0x08012704                shellUsers
 *fill*         0x08012712        0x2 
 .text.shellListKey
                0x08012714       0x48 build/shell.o
                0x08012714                shellListKey
 .text.shellKeys
                0x0801275c        0xe build/shell.o
                0x0801275c                shellKeys
 .text.shellListAll
                0x0801276a        0x8 build/shell.o
                0x0801276a                shellListAll
 *fill*         0x08012772        0x2 
 .text.shellDeleteCommandLine
                0x08012774       0x20 build/shell.o
                0x08012774                shellDeleteCommandLine
 .text.shellClearCommandLine
                0x08012794       0x28 build/shell.o
                0x08012794                shellClearCommandLine
 .text.shellHistory
                0x080127bc       0x98 build/shell.o
 .text.shellUp  0x08012854        0xa build/shell.o
                0x08012854                shellUp
 .text.shellDown
                0x0801285e        0xc build/shell.o
                0x0801285e                shellDown
 *fill*         0x0801286a        0x2 
 .text.shellTab
                0x0801286c      0x114 build/shell.o
                0x0801286c                shellTab
 .text.shellDeleteByte
                0x08012980       0xc4 build/shell.o
                0x08012980                shellDeleteByte
 .text.shellBackspace
                0x08012a44        0xa build/shell.o
                0x08012a44                shellBackspace
 .text.shellDelete
                0x08012a4e        0xc build/shell.o
                0x08012a4e                shellDelete
 .text.shellSeekCommand
                0x08012a5a       0x72 build/shell.o
                0x08012a5a                shellSeekCommand
 .text.shellHelp
                0x08012acc       0x7c build/shell.o
                0x08012acc                shellHelp
 .text.shellGetVarValue
                0x08012b48       0x44 build/shell.o
                0x08012b48                shellGetVarValue
 .text.shellShowVar
                0x08012b8c       0xbc build/shell.o
 .text.shellSetVarValue
                0x08012c48       0x78 build/shell.o
                0x08012c48                shellSetVarValue
 .text.shellSetVar
                0x08012cc0       0x64 build/shell.o
                0x08012cc0                shellSetVar
 .text.shellRunCommand
                0x08012d24       0x94 build/shell.o
                0x08012d24                shellRunCommand
 .text.shellExec
                0x08012db8       0x68 build/shell.o
                0x08012db8                shellExec
 .text.shellEnter
                0x08012e20       0x12 build/shell.o
                0x08012e20                shellEnter
 *fill*         0x08012e32        0x2 
 .text.USB_DEVICE_Init
                0x08012e34       0x4c build/usb_device.o
                0x08012e34                USB_DEVICE_Init
 .text.USBD_FS_DeviceDescriptor
                0x08012e80        0xc build/usbd_desc.o
                0x08012e80                USBD_FS_DeviceDescriptor
 .text.USBD_FS_LangIDStrDescriptor
                0x08012e8c        0xc build/usbd_desc.o
                0x08012e8c                USBD_FS_LangIDStrDescriptor
 .text.IntToUnicode
                0x08012e98       0x46 build/usbd_desc.o
 *fill*         0x08012ede        0x2 
 .text.Get_SerialNum
                0x08012ee0       0x38 build/usbd_desc.o
 .text.USBD_FS_SerialStrDescriptor
                0x08012f18       0x14 build/usbd_desc.o
                0x08012f18                USBD_FS_SerialStrDescriptor
 .text.USBD_FS_ProductStrDescriptor
                0x08012f2c       0x24 build/usbd_desc.o
                0x08012f2c                USBD_FS_ProductStrDescriptor
 .text.USBD_FS_ManufacturerStrDescriptor
                0x08012f50       0x1c build/usbd_desc.o
                0x08012f50                USBD_FS_ManufacturerStrDescriptor
 .text.USBD_FS_ConfigStrDescriptor
                0x08012f6c       0x24 build/usbd_desc.o
                0x08012f6c                USBD_FS_ConfigStrDescriptor
 .text.USBD_FS_InterfaceStrDescriptor
                0x08012f90       0x24 build/usbd_desc.o
                0x08012f90                USBD_FS_InterfaceStrDescriptor
 .text.CDC_DeInit_FS
                0x08012fb4        0x4 build/usbd_cdc_if.o
 .text.CDC_Control_FS
                0x08012fb8        0x4 build/usbd_cdc_if.o
 .text.CDC_TransmitCplt_FS
                0x08012fbc        0x4 build/usbd_cdc_if.o
 .text.CDC_Receive_FS
                0x08012fc0       0x1c build/usbd_cdc_if.o
 .text.CDC_Init_FS
                0x08012fdc       0x28 build/usbd_cdc_if.o
 .text.HAL_PCD_MspInit
                0x08013004       0xac build/usbd_conf.o
                0x08013004                HAL_PCD_MspInit
 .text.HAL_PCD_SetupStageCallback
                0x080130b0       0x10 build/usbd_conf.o
                0x080130b0                HAL_PCD_SetupStageCallback
 .text.HAL_PCD_DataOutStageCallback
                0x080130c0       0x18 build/usbd_conf.o
                0x080130c0                HAL_PCD_DataOutStageCallback
 .text.HAL_PCD_DataInStageCallback
                0x080130d8       0x16 build/usbd_conf.o
                0x080130d8                HAL_PCD_DataInStageCallback
 .text.HAL_PCD_SOFCallback
                0x080130ee        0xc build/usbd_conf.o
                0x080130ee                HAL_PCD_SOFCallback
 .text.HAL_PCD_ResetCallback
                0x080130fa       0x24 build/usbd_conf.o
                0x080130fa                HAL_PCD_ResetCallback
 *fill*         0x0801311e        0x2 
 .text.HAL_PCD_SuspendCallback
                0x08013120       0x30 build/usbd_conf.o
                0x08013120                HAL_PCD_SuspendCallback
 .text.HAL_PCD_ResumeCallback
                0x08013150        0xc build/usbd_conf.o
                0x08013150                HAL_PCD_ResumeCallback
 .text.HAL_PCD_ISOOUTIncompleteCallback
                0x0801315c        0xc build/usbd_conf.o
                0x0801315c                HAL_PCD_ISOOUTIncompleteCallback
 .text.HAL_PCD_ISOINIncompleteCallback
                0x08013168        0xc build/usbd_conf.o
                0x08013168                HAL_PCD_ISOINIncompleteCallback
 .text.HAL_PCD_ConnectCallback
                0x08013174        0xc build/usbd_conf.o
                0x08013174                HAL_PCD_ConnectCallback
 .text.HAL_PCD_DisconnectCallback
                0x08013180        0xc build/usbd_conf.o
                0x08013180                HAL_PCD_DisconnectCallback
 .text.USBD_LL_Init
                0x0801318c       0x68 build/usbd_conf.o
                0x0801318c                USBD_LL_Init
 .text.USBD_LL_IsStallEP
                0x080131f4       0x2e build/usbd_conf.o
                0x080131f4                USBD_LL_IsStallEP
 .text.USBD_LL_GetRxDataSize
                0x08013222        0xc build/usbd_conf.o
                0x08013222                USBD_LL_GetRxDataSize
 *fill*         0x0801322e        0x2 
 .text.USBD_static_malloc
                0x08013230        0x8 build/usbd_conf.o
                0x08013230                USBD_static_malloc
 .text.USBD_static_free
                0x08013238        0x2 build/usbd_conf.o
                0x08013238                USBD_static_free
 .text.USBD_Get_USB_Status
                0x0801323a       0x14 build/usbd_conf.o
                0x0801323a                USBD_Get_USB_Status
 .text.USBD_LL_Start
                0x0801324e       0x10 build/usbd_conf.o
                0x0801324e                USBD_LL_Start
 .text.USBD_LL_OpenEP
                0x0801325e       0x16 build/usbd_conf.o
                0x0801325e                USBD_LL_OpenEP
 .text.USBD_LL_CloseEP
                0x08013274       0x10 build/usbd_conf.o
                0x08013274                USBD_LL_CloseEP
 .text.USBD_LL_StallEP
                0x08013284       0x10 build/usbd_conf.o
                0x08013284                USBD_LL_StallEP
 .text.USBD_LL_ClearStallEP
                0x08013294       0x10 build/usbd_conf.o
                0x08013294                USBD_LL_ClearStallEP
 .text.USBD_LL_SetUSBAddress
                0x080132a4       0x10 build/usbd_conf.o
                0x080132a4                USBD_LL_SetUSBAddress
 .text.USBD_LL_Transmit
                0x080132b4       0x10 build/usbd_conf.o
                0x080132b4                USBD_LL_Transmit
 .text.USBD_LL_PrepareReceive
                0x080132c4       0x10 build/usbd_conf.o
                0x080132c4                USBD_LL_PrepareReceive
 .text.USBD_Init
                0x080132d4       0x38 build/usbd_core.o
                0x080132d4                USBD_Init
 .text.USBD_RegisterClass
                0x0801330c       0x28 build/usbd_core.o
                0x0801330c                USBD_RegisterClass
 .text.USBD_Start
                0x08013334        0x8 build/usbd_core.o
                0x08013334                USBD_Start
 .text.USBD_SetClassConfig
                0x0801333c       0x12 build/usbd_core.o
                0x0801333c                USBD_SetClassConfig
 .text.USBD_ClrClassConfig
                0x0801334e       0x10 build/usbd_core.o
                0x0801334e                USBD_ClrClassConfig
 .text.USBD_LL_SetupStage
                0x0801335e       0x58 build/usbd_core.o
                0x0801335e                USBD_LL_SetupStage
 .text.USBD_LL_DataOutStage
                0x080133b6       0x72 build/usbd_core.o
                0x080133b6                USBD_LL_DataOutStage
 .text.USBD_LL_DataInStage
                0x08013428       0xb8 build/usbd_core.o
                0x08013428                USBD_LL_DataInStage
 .text.USBD_LL_Reset
                0x080134e0       0x52 build/usbd_core.o
                0x080134e0                USBD_LL_Reset
 .text.USBD_LL_SetSpeed
                0x08013532        0x6 build/usbd_core.o
                0x08013532                USBD_LL_SetSpeed
 .text.USBD_LL_Suspend
                0x08013538       0x12 build/usbd_core.o
                0x08013538                USBD_LL_Suspend
 .text.USBD_LL_Resume
                0x0801354a       0x16 build/usbd_core.o
                0x0801354a                USBD_LL_Resume
 .text.USBD_LL_SOF
                0x08013560       0x1c build/usbd_core.o
                0x08013560                USBD_LL_SOF
 .text.USBD_LL_IsoINIncomplete
                0x0801357c        0x4 build/usbd_core.o
                0x0801357c                USBD_LL_IsoINIncomplete
 .text.USBD_LL_IsoOUTIncomplete
                0x08013580        0x4 build/usbd_core.o
                0x08013580                USBD_LL_IsoOUTIncomplete
 .text.USBD_LL_DevConnected
                0x08013584        0x4 build/usbd_core.o
                0x08013584                USBD_LL_DevConnected
 .text.USBD_LL_DevDisconnected
                0x08013588       0x18 build/usbd_core.o
                0x08013588                USBD_LL_DevDisconnected
 .text.USBD_GetLen
                0x080135a0       0x14 build/usbd_ctlreq.o
 .text.USBD_SetFeature
                0x080135b4       0x14 build/usbd_ctlreq.o
 .text.USBD_ParseSetupRequest
                0x080135c8       0x28 build/usbd_ctlreq.o
                0x080135c8                USBD_ParseSetupRequest
 .text.USBD_CtlError
                0x080135f0       0x14 build/usbd_ctlreq.o
                0x080135f0                USBD_CtlError
 .text.USBD_GetDescriptor
                0x08013604      0x18a build/usbd_ctlreq.o
 .text.USBD_SetAddress
                0x0801378e       0x4e build/usbd_ctlreq.o
 .text.USBD_SetConfig
                0x080137dc       0xc4 build/usbd_ctlreq.o
 .text.USBD_GetConfig
                0x080138a0       0x3e build/usbd_ctlreq.o
 .text.USBD_GetStatus
                0x080138de       0x38 build/usbd_ctlreq.o
 .text.USBD_ClrFeature
                0x08013916       0x26 build/usbd_ctlreq.o
 .text.USBD_StdDevReq
                0x0801393c       0x70 build/usbd_ctlreq.o
                0x0801393c                USBD_StdDevReq
 .text.USBD_StdItfReq
                0x080139ac       0x68 build/usbd_ctlreq.o
                0x080139ac                USBD_StdItfReq
 .text.USBD_StdEPReq
                0x08013a14      0x1ea build/usbd_ctlreq.o
                0x08013a14                USBD_StdEPReq
 .text.USBD_GetString
                0x08013bfe       0x3a build/usbd_ctlreq.o
                0x08013bfe                USBD_GetString
 .text.USBD_CtlSendData
                0x08013c38       0x1a build/usbd_ioreq.o
                0x08013c38                USBD_CtlSendData
 .text.USBD_CtlContinueSendData
                0x08013c52       0x10 build/usbd_ioreq.o
                0x08013c52                USBD_CtlContinueSendData
 .text.USBD_CtlPrepareRx
                0x08013c62       0x1e build/usbd_ioreq.o
                0x08013c62                USBD_CtlPrepareRx
 .text.USBD_CtlContinueRx
                0x08013c80       0x10 build/usbd_ioreq.o
                0x08013c80                USBD_CtlContinueRx
 .text.USBD_CtlSendStatus
                0x08013c90       0x16 build/usbd_ioreq.o
                0x08013c90                USBD_CtlSendStatus
 .text.USBD_CtlReceiveStatus
                0x08013ca6       0x16 build/usbd_ioreq.o
                0x08013ca6                USBD_CtlReceiveStatus
 .text.USBD_CDC_EP0_RxReady
                0x08013cbc       0x28 build/usbd_cdc.o
 .text.USBD_CDC_GetFSCfgDesc
                0x08013ce4        0xc build/usbd_cdc.o
 .text.USBD_CDC_GetHSCfgDesc
                0x08013cf0        0xc build/usbd_cdc.o
 .text.USBD_CDC_GetOtherSpeedCfgDesc
                0x08013cfc        0xc build/usbd_cdc.o
 .text.USBD_CDC_GetDeviceQualifierDescriptor
                0x08013d08        0xc build/usbd_cdc.o
                0x08013d08                USBD_CDC_GetDeviceQualifierDescriptor
 .text.USBD_CDC_DataOut
                0x08013d14       0x2a build/usbd_cdc.o
 .text.USBD_CDC_DataIn
                0x08013d3e       0x64 build/usbd_cdc.o
 .text.USBD_CDC_Setup
                0x08013da2       0xe0 build/usbd_cdc.o
 .text.USBD_CDC_DeInit
                0x08013e82       0x48 build/usbd_cdc.o
 .text.USBD_CDC_Init
                0x08013eca       0xc2 build/usbd_cdc.o
 .text.USBD_CDC_RegisterInterface
                0x08013f8c        0xe build/usbd_cdc.o
                0x08013f8c                USBD_CDC_RegisterInterface
 .text.USBD_CDC_SetTxBuffer
                0x08013f9a       0x10 build/usbd_cdc.o
                0x08013f9a                USBD_CDC_SetTxBuffer
 .text.USBD_CDC_SetRxBuffer
                0x08013faa        0xc build/usbd_cdc.o
                0x08013faa                USBD_CDC_SetRxBuffer
 .text.USBD_CDC_ReceivePacket
                0x08013fb6       0x32 build/usbd_cdc.o
                0x08013fb6                USBD_CDC_ReceivePacket
 .text.NMI_Handler
                0x08013fe8        0x2 build/stm32h7xx_it.o
                0x08013fe8                NMI_Handler
 .text.HardFault_Handler
                0x08013fea        0x2 build/stm32h7xx_it.o
                0x08013fea                HardFault_Handler
 .text.MemManage_Handler
                0x08013fec        0x2 build/stm32h7xx_it.o
                0x08013fec                MemManage_Handler
 .text.BusFault_Handler
                0x08013fee        0x2 build/stm32h7xx_it.o
                0x08013fee                BusFault_Handler
 .text.UsageFault_Handler
                0x08013ff0        0x2 build/stm32h7xx_it.o
                0x08013ff0                UsageFault_Handler
 .text.SVC_Handler
                0x08013ff2        0x8 build/stm32h7xx_it.o
                0x08013ff2                SVC_Handler
 .text.DebugMon_Handler
                0x08013ffa        0x2 build/stm32h7xx_it.o
                0x08013ffa                DebugMon_Handler
 .text.PendSV_Handler
                0x08013ffc        0x8 build/stm32h7xx_it.o
                0x08013ffc                PendSV_Handler
 .text.SysTick_Handler
                0x08014004        0x8 build/stm32h7xx_it.o
                0x08014004                SysTick_Handler
 .text.OTG_FS_IRQHandler
                0x0801400c       0x10 build/stm32h7xx_it.o
                0x0801400c                OTG_FS_IRQHandler
 .text.SystemInit
                0x0801401c       0xcc build/system_stm32h7xx.o
                0x0801401c                SystemInit
 .text.SystemCoreClockUpdate
                0x080140e8      0x214 build/system_stm32h7xx.o
                0x080140e8                SystemCoreClockUpdate
 .text.HAL_MspInit
                0x080142fc        0x2 build/stm32h7xx_hal.o
                0x080142fc                HAL_MspInit
 *fill*         0x080142fe        0x2 
 .text.HAL_InitTick
                0x08014300       0x50 build/stm32h7xx_hal.o
                0x08014300                HAL_InitTick
 .text.HAL_Init
                0x08014350       0x5c build/stm32h7xx_hal.o
                0x08014350                HAL_Init
 .text.HAL_GetTick
                0x080143ac        0xc build/stm32h7xx_hal.o
                0x080143ac                HAL_GetTick
 .text.HAL_Delay
                0x080143b8       0x28 build/stm32h7xx_hal.o
                0x080143b8                HAL_Delay
 .text.HAL_GetREVID
                0x080143e0        0xc build/stm32h7xx_hal.o
                0x080143e0                HAL_GetREVID
 .text.HAL_NVIC_SetPriorityGrouping
                0x080143ec       0x24 build/stm32h7xx_hal_cortex.o
                0x080143ec                HAL_NVIC_SetPriorityGrouping
 .text.HAL_NVIC_SetPriority
                0x08014410       0x6c build/stm32h7xx_hal_cortex.o
                0x08014410                HAL_NVIC_SetPriority
 .text.HAL_NVIC_EnableIRQ
                0x0801447c       0x1c build/stm32h7xx_hal_cortex.o
                0x0801447c                HAL_NVIC_EnableIRQ
 .text.HAL_SYSTICK_Config
                0x08014498       0x28 build/stm32h7xx_hal_cortex.o
                0x08014498                HAL_SYSTICK_Config
 .text.HAL_RCC_OscConfig
                0x080144c0      0x674 build/stm32h7xx_hal_rcc.o
                0x080144c0                HAL_RCC_OscConfig
 .text.HAL_RCC_GetSysClockFreq
                0x08014b34      0x1f4 build/stm32h7xx_hal_rcc.o
                0x08014b34                HAL_RCC_GetSysClockFreq
 .text.HAL_RCC_ClockConfig
                0x08014d28      0x294 build/stm32h7xx_hal_rcc.o
                0x08014d28                HAL_RCC_ClockConfig
 .text.HAL_RCC_GetHCLKFreq
                0x08014fbc       0x44 build/stm32h7xx_hal_rcc.o
                0x08014fbc                HAL_RCC_GetHCLKFreq
 .text.RCCEx_PLL2_Config
                0x08015000      0x10c build/stm32h7xx_hal_rcc_ex.o
 .text.RCCEx_PLL3_Config
                0x0801510c      0x10c build/stm32h7xx_hal_rcc_ex.o
 .text.HAL_RCCEx_PeriphCLKConfig
                0x08015218      0x9c4 build/stm32h7xx_hal_rcc_ex.o
                0x08015218                HAL_RCCEx_PeriphCLKConfig
 .text.HAL_GPIO_Init
                0x08015bdc      0x220 build/stm32h7xx_hal_gpio.o
                0x08015bdc                HAL_GPIO_Init
 .text.HAL_GPIO_ReadPin
                0x08015dfc        0xe build/stm32h7xx_hal_gpio.o
                0x08015dfc                HAL_GPIO_ReadPin
 .text.HAL_GPIO_WritePin
                0x08015e0a        0xc build/stm32h7xx_hal_gpio.o
                0x08015e0a                HAL_GPIO_WritePin
 *fill*         0x08015e16        0x2 
 .text.HAL_PWREx_ConfigSupply
                0x08015e18       0x54 build/stm32h7xx_hal_pwr_ex.o
                0x08015e18                HAL_PWREx_ConfigSupply
 .text.HAL_PWREx_EnableUSBVoltageDetector
                0x08015e6c       0x10 build/stm32h7xx_hal_pwr_ex.o
                0x08015e6c                HAL_PWREx_EnableUSBVoltageDetector
 .text.PCD_WriteEmptyTxFifo
                0x08015e7c       0xd0 build/stm32h7xx_hal_pcd.o
 .text.HAL_PCD_Init
                0x08015f4c      0x13c build/stm32h7xx_hal_pcd.o
                0x08015f4c                HAL_PCD_Init
 .text.HAL_PCD_Start
                0x08016088       0x42 build/stm32h7xx_hal_pcd.o
                0x08016088                HAL_PCD_Start
 *fill*         0x080160ca        0x2 
 .text.PCD_EP_OutXfrComplete_int
                0x080160cc       0xf4 build/stm32h7xx_hal_pcd.o
 .text.PCD_EP_OutSetupPacket_int
                0x080161c0       0x50 build/stm32h7xx_hal_pcd.o
 .text.HAL_PCD_IRQHandler
                0x08016210      0x4b6 build/stm32h7xx_hal_pcd.o
                0x08016210                HAL_PCD_IRQHandler
 .text.HAL_PCD_SetAddress
                0x080166c6       0x28 build/stm32h7xx_hal_pcd.o
                0x080166c6                HAL_PCD_SetAddress
 .text.HAL_PCD_EP_Open
                0x080166ee       0x8a build/stm32h7xx_hal_pcd.o
                0x080166ee                HAL_PCD_EP_Open
 .text.HAL_PCD_EP_Close
                0x08016778       0x72 build/stm32h7xx_hal_pcd.o
                0x08016778                HAL_PCD_EP_Close
 .text.HAL_PCD_EP_Receive
                0x080167ea       0x5e build/stm32h7xx_hal_pcd.o
                0x080167ea                HAL_PCD_EP_Receive
 .text.HAL_PCD_EP_GetRxCount
                0x08016848       0x12 build/stm32h7xx_hal_pcd.o
                0x08016848                HAL_PCD_EP_GetRxCount
 .text.HAL_PCD_EP_Transmit
                0x0801685a       0x5e build/stm32h7xx_hal_pcd.o
                0x0801685a                HAL_PCD_EP_Transmit
 .text.HAL_PCD_EP_SetStall
                0x080168b8       0x88 build/stm32h7xx_hal_pcd.o
                0x080168b8                HAL_PCD_EP_SetStall
 .text.HAL_PCD_EP_ClrStall
                0x08016940       0x76 build/stm32h7xx_hal_pcd.o
                0x08016940                HAL_PCD_EP_ClrStall
 .text.HAL_PCDEx_SetTxFiFo
                0x080169b6       0x4c build/stm32h7xx_hal_pcd_ex.o
                0x080169b6                HAL_PCDEx_SetTxFiFo
 .text.HAL_PCDEx_SetRxFiFo
                0x08016a02        0x8 build/stm32h7xx_hal_pcd_ex.o
                0x08016a02                HAL_PCDEx_SetRxFiFo
 *fill*         0x08016a0a        0x2 
 .text.HAL_PCDEx_ActivateLPM
                0x08016a0c       0x28 build/stm32h7xx_hal_pcd_ex.o
                0x08016a0c                HAL_PCDEx_ActivateLPM
 .text.HAL_PCDEx_LPM_Callback
                0x08016a34        0x2 build/stm32h7xx_hal_pcd_ex.o
                0x08016a34                HAL_PCDEx_LPM_Callback
 *fill*         0x08016a36        0x2 
 .text.USB_CoreReset
                0x08016a38       0x4c build/stm32h7xx_ll_usb.o
 .text.USB_CoreInit
                0x08016a84       0x9c build/stm32h7xx_ll_usb.o
                0x08016a84                USB_CoreInit
 .text.USB_SetTurnaroundTime
                0x08016b20       0xe4 build/stm32h7xx_ll_usb.o
                0x08016b20                USB_SetTurnaroundTime
 .text.USB_EnableGlobalInt
                0x08016c04        0xc build/stm32h7xx_ll_usb.o
                0x08016c04                USB_EnableGlobalInt
 .text.USB_DisableGlobalInt
                0x08016c10        0xc build/stm32h7xx_ll_usb.o
                0x08016c10                USB_DisableGlobalInt
 .text.USB_FlushTxFifo
                0x08016c1c       0x4c build/stm32h7xx_ll_usb.o
                0x08016c1c                USB_FlushTxFifo
 .text.USB_FlushRxFifo
                0x08016c68       0x48 build/stm32h7xx_ll_usb.o
                0x08016c68                USB_FlushRxFifo
 .text.USB_SetDevSpeed
                0x08016cb0        0xe build/stm32h7xx_ll_usb.o
                0x08016cb0                USB_SetDevSpeed
 *fill*         0x08016cbe        0x2 
 .text.USB_DevInit
                0x08016cc0      0x188 build/stm32h7xx_ll_usb.o
                0x08016cc0                USB_DevInit
 .text.USB_GetDevSpeed
                0x08016e48       0x1e build/stm32h7xx_ll_usb.o
                0x08016e48                USB_GetDevSpeed
 *fill*         0x08016e66        0x2 
 .text.USB_ActivateEndpoint
                0x08016e68       0x9c build/stm32h7xx_ll_usb.o
                0x08016e68                USB_ActivateEndpoint
 .text.USB_DeactivateEndpoint
                0x08016f04       0xe0 build/stm32h7xx_ll_usb.o
                0x08016f04                USB_DeactivateEndpoint
 .text.USB_EP0StartXfer
                0x08016fe4      0x11c build/stm32h7xx_ll_usb.o
                0x08016fe4                USB_EP0StartXfer
 .text.USB_WritePacket
                0x08017100       0x2e build/stm32h7xx_ll_usb.o
                0x08017100                USB_WritePacket
 *fill*         0x0801712e        0x2 
 .text.USB_EPStartXfer
                0x08017130      0x234 build/stm32h7xx_ll_usb.o
                0x08017130                USB_EPStartXfer
 .text.USB_ReadPacket
                0x08017364       0x54 build/stm32h7xx_ll_usb.o
                0x08017364                USB_ReadPacket
 .text.USB_EPSetStall
                0x080173b8       0x5a build/stm32h7xx_ll_usb.o
                0x080173b8                USB_EPSetStall
 .text.USB_EPClearStall
                0x08017412       0x5c build/stm32h7xx_ll_usb.o
                0x08017412                USB_EPClearStall
 .text.USB_SetDevAddress
                0x0801746e       0x20 build/stm32h7xx_ll_usb.o
                0x0801746e                USB_SetDevAddress
 .text.USB_DevConnect
                0x0801748e       0x1c build/stm32h7xx_ll_usb.o
                0x0801748e                USB_DevConnect
 .text.USB_DevDisconnect
                0x080174aa       0x1c build/stm32h7xx_ll_usb.o
                0x080174aa                USB_DevDisconnect
 .text.USB_ReadInterrupts
                0x080174c6        0x8 build/stm32h7xx_ll_usb.o
                0x080174c6                USB_ReadInterrupts
 .text.USB_ReadDevAllOutEpInterrupt
                0x080174ce       0x10 build/stm32h7xx_ll_usb.o
                0x080174ce                USB_ReadDevAllOutEpInterrupt
 .text.USB_ReadDevAllInEpInterrupt
                0x080174de       0x10 build/stm32h7xx_ll_usb.o
                0x080174de                USB_ReadDevAllInEpInterrupt
 .text.USB_ReadDevOutEPInterrupt
                0x080174ee       0x12 build/stm32h7xx_ll_usb.o
                0x080174ee                USB_ReadDevOutEPInterrupt
 .text.USB_ReadDevInEPInterrupt
                0x08017500       0x28 build/stm32h7xx_ll_usb.o
                0x08017500                USB_ReadDevInEPInterrupt
 .text.USB_GetMode
                0x08017528        0x8 build/stm32h7xx_ll_usb.o
                0x08017528                USB_GetMode
 .text.USB_SetCurrentMode
                0x08017530       0x62 build/stm32h7xx_ll_usb.o
                0x08017530                USB_SetCurrentMode
 *fill*         0x08017592        0x2 
 .text.USB_ActivateSetup
                0x08017594       0x20 build/stm32h7xx_ll_usb.o
                0x08017594                USB_ActivateSetup
 .text.USB_EP0_OutStart
                0x080175b4       0x60 build/stm32h7xx_ll_usb.o
                0x080175b4                USB_EP0_OutStart
 .text.Reset_Handler
                0x08017614       0x50 build/startup_stm32h743xx.o
                0x08017614                Reset_Handler
 .text.Default_Handler
                0x08017664        0x2 build/startup_stm32h743xx.o
                0x08017664                RTC_Alarm_IRQHandler
                0x08017664                EXTI2_IRQHandler
                0x08017664                TIM8_CC_IRQHandler
                0x08017664                HRTIM1_Master_IRQHandler
                0x08017664                UART8_IRQHandler
                0x08017664                SPI4_IRQHandler
                0x08017664                TIM1_CC_IRQHandler
                0x08017664                BDMA_Channel6_IRQHandler
                0x08017664                DMA2_Stream5_IRQHandler
                0x08017664                HRTIM1_FLT_IRQHandler
                0x08017664                JPEG_IRQHandler
                0x08017664                DMA1_Stream5_IRQHandler
                0x08017664                BDMA_Channel1_IRQHandler
                0x08017664                HRTIM1_TIMD_IRQHandler
                0x08017664                TAMP_STAMP_IRQHandler
                0x08017664                EXTI3_IRQHandler
                0x08017664                LPTIM4_IRQHandler
                0x08017664                TIM8_TRG_COM_TIM14_IRQHandler
                0x08017664                LPTIM2_IRQHandler
                0x08017664                DFSDM1_FLT1_IRQHandler
                0x08017664                DMAMUX2_OVR_IRQHandler
                0x08017664                TIM8_UP_TIM13_IRQHandler
                0x08017664                I2C3_ER_IRQHandler
                0x08017664                DFSDM1_FLT2_IRQHandler
                0x08017664                MDMA_IRQHandler
                0x08017664                LPTIM3_IRQHandler
                0x08017664                HSEM1_IRQHandler
                0x08017664                EXTI0_IRQHandler
                0x08017664                I2C2_EV_IRQHandler
                0x08017664                DMA1_Stream2_IRQHandler
                0x08017664                FPU_IRQHandler
                0x08017664                OTG_HS_WKUP_IRQHandler
                0x08017664                FDCAN1_IT1_IRQHandler
                0x08017664                LTDC_ER_IRQHandler
                0x08017664                DMA2_Stream2_IRQHandler
                0x08017664                HRTIM1_TIME_IRQHandler
                0x08017664                SPI1_IRQHandler
                0x08017664                TIM6_DAC_IRQHandler
                0x08017664                DCMI_IRQHandler
                0x08017664                HRTIM1_TIMC_IRQHandler
                0x08017664                DMA2_Stream3_IRQHandler
                0x08017664                SAI2_IRQHandler
                0x08017664                DFSDM1_FLT3_IRQHandler
                0x08017664                USART6_IRQHandler
                0x08017664                TIM17_IRQHandler
                0x08017664                USART3_IRQHandler
                0x08017664                BDMA_Channel7_IRQHandler
                0x08017664                LPTIM5_IRQHandler
                0x08017664                UART5_IRQHandler
                0x08017664                ADC3_IRQHandler
                0x08017664                DMA2_Stream0_IRQHandler
                0x08017664                TIM4_IRQHandler
                0x08017664                BDMA_Channel2_IRQHandler
                0x08017664                QUADSPI_IRQHandler
                0x08017664                I2C1_EV_IRQHandler
                0x08017664                DMA1_Stream6_IRQHandler
                0x08017664                DMAMUX1_OVR_IRQHandler
                0x08017664                DMA1_Stream1_IRQHandler
                0x08017664                TIM16_IRQHandler
                0x08017664                UART4_IRQHandler
                0x08017664                BDMA_Channel5_IRQHandler
                0x08017664                TIM3_IRQHandler
                0x08017664                RCC_IRQHandler
                0x08017664                TIM8_BRK_TIM12_IRQHandler
                0x08017664                TIM1_TRG_COM_IRQHandler
                0x08017664                Default_Handler
                0x08017664                ECC_IRQHandler
                0x08017664                CEC_IRQHandler
                0x08017664                EXTI15_10_IRQHandler
                0x08017664                BDMA_Channel0_IRQHandler
                0x08017664                ADC_IRQHandler
                0x08017664                DMA1_Stream7_IRQHandler
                0x08017664                HRTIM1_TIMA_IRQHandler
                0x08017664                SPI5_IRQHandler
                0x08017664                TIM7_IRQHandler
                0x08017664                SDMMC1_IRQHandler
                0x08017664                TIM5_IRQHandler
                0x08017664                DMA2_Stream7_IRQHandler
                0x08017664                TIM15_IRQHandler
                0x08017664                PVD_AVD_IRQHandler
                0x08017664                I2C3_EV_IRQHandler
                0x08017664                EXTI9_5_IRQHandler
                0x08017664                RTC_WKUP_IRQHandler
                0x08017664                LTDC_IRQHandler
                0x08017664                SAI3_IRQHandler
                0x08017664                ETH_WKUP_IRQHandler
                0x08017664                SPDIF_RX_IRQHandler
                0x08017664                SPI2_IRQHandler
                0x08017664                OTG_HS_EP1_IN_IRQHandler
                0x08017664                DMA1_Stream0_IRQHandler
                0x08017664                CRS_IRQHandler
                0x08017664                EXTI4_IRQHandler
                0x08017664                RNG_IRQHandler
                0x08017664                HRTIM1_TIMB_IRQHandler
                0x08017664                FDCAN2_IT1_IRQHandler
                0x08017664                ETH_IRQHandler
                0x08017664                TIM1_UP_IRQHandler
                0x08017664                BDMA_Channel4_IRQHandler
                0x08017664                OTG_HS_EP1_OUT_IRQHandler
                0x08017664                WWDG_IRQHandler
                0x08017664                SPI6_IRQHandler
                0x08017664                MDIOS_IRQHandler
                0x08017664                I2C4_EV_IRQHandler
                0x08017664                FDCAN2_IT0_IRQHandler
                0x08017664                LPUART1_IRQHandler
                0x08017664                FDCAN1_IT0_IRQHandler
                0x08017664                TIM2_IRQHandler
                0x08017664                OTG_FS_WKUP_IRQHandler
                0x08017664                OTG_HS_IRQHandler
                0x08017664                DMA2D_IRQHandler
                0x08017664                TIM1_BRK_IRQHandler
                0x08017664                EXTI1_IRQHandler
                0x08017664                SDMMC2_IRQHandler
                0x08017664                OTG_FS_EP1_OUT_IRQHandler
                0x08017664                BDMA_Channel3_IRQHandler
                0x08017664                UART7_IRQHandler
                0x08017664                MDIOS_WKUP_IRQHandler
                0x08017664                USART2_IRQHandler
                0x08017664                DFSDM1_FLT0_IRQHandler
                0x08017664                SAI4_IRQHandler
                0x08017664                I2C2_ER_IRQHandler
                0x08017664                DMA2_Stream1_IRQHandler
                0x08017664                FLASH_IRQHandler
                0x08017664                DMA2_Stream4_IRQHandler
                0x08017664                USART1_IRQHandler
                0x08017664                SPI3_IRQHandler
                0x08017664                WAKEUP_PIN_IRQHandler
                0x08017664                DMA1_Stream4_IRQHandler
                0x08017664                OTG_FS_EP1_IN_IRQHandler
                0x08017664                I2C1_ER_IRQHandler
                0x08017664                FMC_IRQHandler
                0x08017664                FDCAN_CAL_IRQHandler
                0x08017664                SWPMI1_IRQHandler
                0x08017664                COMP1_IRQHandler
                0x08017664                LPTIM1_IRQHandler
                0x08017664                I2C4_ER_IRQHandler
                0x08017664                DMA2_Stream6_IRQHandler
                0x08017664                SAI1_IRQHandler
                0x08017664                DMA1_Stream3_IRQHandler
 *fill*         0x08017666        0x2 
 .text.__libc_init_array
                0x08017668       0x48 c:/program files (x86)/gnu arm embedded toolchain/10 2020-q4-major/bin/../lib/gcc/arm-none-eabi/10.2.1/../../../../arm-none-eabi/lib/thumb/v7e-m+dp/hard\libc_nano.a(lib_a-init.o)
                0x08017668                __libc_init_array
 .text.memset   0x080176b0       0x10 c:/program files (x86)/gnu arm embedded toolchain/10 2020-q4-major/bin/../lib/gcc/arm-none-eabi/10.2.1/../../../../arm-none-eabi/lib/thumb/v7e-m+dp/hard\libc_nano.a(lib_a-memset.o)
                0x080176b0                memset
 .text.strncmp  0x080176c0       0x28 c:/program files (x86)/gnu arm embedded toolchain/10 2020-q4-major/bin/../lib/gcc/arm-none-eabi/10.2.1/../../../../arm-none-eabi/lib/thumb/v7e-m+dp/hard\libc_nano.a(lib_a-strncmp.o)
                0x080176c0                strncmp
 *(.glue_7)
 .glue_7        0x080176e8        0x0 linker stubs
 *(.glue_7t)
 .glue_7t       0x080176e8        0x0 linker stubs
 *(.eh_frame)
 .eh_frame      0x080176e8        0x0 c:/program files (x86)/gnu arm embedded toolchain/10 2020-q4-major/bin/../lib/gcc/arm-none-eabi/10.2.1/thumb/v7e-m+dp/hard/crtbegin.o
 *(.init)
 .init          0x080176e8        0x4 c:/program files (x86)/gnu arm embedded toolchain/10 2020-q4-major/bin/../lib/gcc/arm-none-eabi/10.2.1/thumb/v7e-m+dp/hard/crti.o
                0x080176e8                _init
 .init          0x080176ec        0x8 c:/program files (x86)/gnu arm embedded toolchain/10 2020-q4-major/bin/../lib/gcc/arm-none-eabi/10.2.1/thumb/v7e-m+dp/hard/crtn.o
 *(.fini)
 .fini          0x080176f4        0x4 c:/program files (x86)/gnu arm embedded toolchain/10 2020-q4-major/bin/../lib/gcc/arm-none-eabi/10.2.1/thumb/v7e-m+dp/hard/crti.o
                0x080176f4                _fini
 .fini          0x080176f8        0x8 c:/program files (x86)/gnu arm embedded toolchain/10 2020-q4-major/bin/../lib/gcc/arm-none-eabi/10.2.1/thumb/v7e-m+dp/hard/crtn.o
                0x08017700                . = ALIGN (0x4)
                0x08017700                _etext = .

.vfp11_veneer   0x08017700        0x0
 .vfp11_veneer  0x08017700        0x0 linker stubs

.v4_bx          0x08017700        0x0
 .v4_bx         0x08017700        0x0 linker stubs

.iplt           0x08017700        0x0
 .iplt          0x08017700        0x0 c:/program files (x86)/gnu arm embedded toolchain/10 2020-q4-major/bin/../lib/gcc/arm-none-eabi/10.2.1/thumb/v7e-m+dp/hard/crtbegin.o

.rodata         0x08017700      0x58c
                0x08017700                . = ALIGN (0x4)
 *(.rodata)
                0x08017700                _shell_command_start = .
 *(shellCommand)
 shellCommand   0x08017700      0x120 build/shell.o
                0x08017700                shellCommandclear
                0x08017710                shellCommandkeys
                0x08017720                shellCommandvars
                0x08017730                shellCommandcmds
                0x08017740                shellCommandusers
                0x08017750                shellCommandhelp
                0x08017760                shellKey0x0D000000
                0x08017770                shellKey0x0A000000
                0x08017780                shellKey0x1B5B337E
                0x08017790                shellKey0x7F000000
                0x080177a0                shellKey0x08000000
                0x080177b0                shellKey0x09000000
                0x080177c0                shellKey0x1B5B4400
                0x080177d0                shellKey0x1B5B4300
                0x080177e0                shellKey0x1B5B4200
                0x080177f0                shellKey0x1B5B4100
                0x08017800                shellCommandsetVar
                0x08017810                shellUserDefault
                0x08017820                _shell_command_end = .
 *(.rodata*)
 .rodata.main.str1.4
                0x08017820       0x16 build/main.o
 *fill*         0x08017836        0x2 
 .rodata.Task_Priority_List
                0x08017838      0x100 build/scheduler.o
 .rodata.shellSetUser.str1.4
                0x08017938       0xae build/shell.o
 *fill*         0x080179e6        0x2 
 .rodata.shellWriteCommandLine.str1.4
                0x080179e8       0x25 build/shell.o
                                 0x29 (size before relaxing)
 *fill*         0x08017a0d        0x3 
 .rodata.shellCheckPassword.str1.4
                0x08017a10       0x13 build/shell.o
 *fill*         0x08017a23        0x1 
 .rodata.shellWriteReturnValue.str1.4
                0x08017a24       0x20 build/shell.o
 .rodata.shellListItem.str1.4
                0x08017a44       0x1d build/shell.o
 *fill*         0x08017a61        0x3 
 .rodata.shellListCommand.str1.4
                0x08017a64       0x12 build/shell.o
 *fill*         0x08017a76        0x2 
 .rodata.shellListVar.str1.4
                0x08017a78        0xe build/shell.o
 *fill*         0x08017a86        0x2 
 .rodata.shellListUser.str1.4
                0x08017a88        0xf build/shell.o
 *fill*         0x08017a97        0x1 
 .rodata.shellListKey.str1.4
                0x08017a98        0xe build/shell.o
 *fill*         0x08017aa6        0x2 
 .rodata.shellDeleteCommandLine.str1.4
                0x08017aa8        0x4 build/shell.o
 .rodata.shellHelp.str1.4
                0x08017aac       0x28 build/shell.o
 .rodata.shellShowVar.str1.4
                0x08017ad4        0x6 build/shell.o
 *fill*         0x08017ada        0x2 
 .rodata.shellSetVarValue.str1.4
                0x08017adc       0x30 build/shell.o
 .rodata.shellSetVar.str1.4
                0x08017b0c       0x20 build/shell.o
 .rodata.shellCmdDefaultUser
                0x08017b2c        0xf build/shell.o
                0x08017b2c                shellCmdDefaultUser
 *fill*         0x08017b3b        0x1 
 .rodata.shellCmdclear
                0x08017b3c        0x6 build/shell.o
                0x08017b3c                shellCmdclear
 *fill*         0x08017b42        0x2 
 .rodata.shellCmdcmds
                0x08017b44        0x5 build/shell.o
                0x08017b44                shellCmdcmds
 *fill*         0x08017b49        0x3 
 .rodata.shellCmdhelp
                0x08017b4c        0x5 build/shell.o
                0x08017b4c                shellCmdhelp
 *fill*         0x08017b51        0x3 
 .rodata.shellCmdkeys
                0x08017b54        0x5 build/shell.o
                0x08017b54                shellCmdkeys
 *fill*         0x08017b59        0x3 
 .rodata.shellCmdsetVar
                0x08017b5c        0x7 build/shell.o
                0x08017b5c                shellCmdsetVar
 *fill*         0x08017b63        0x1 
 .rodata.shellCmdusers
                0x08017b64        0x6 build/shell.o
                0x08017b64                shellCmdusers
 *fill*         0x08017b6a        0x2 
 .rodata.shellCmdvars
                0x08017b6c        0x5 build/shell.o
                0x08017b6c                shellCmdvars
 *fill*         0x08017b71        0x3 
 .rodata.shellDesDefaultUser
                0x08017b74        0xd build/shell.o
                0x08017b74                shellDesDefaultUser
 *fill*         0x08017b81        0x3 
 .rodata.shellDesc0x08000000
                0x08017b84        0xa build/shell.o
                0x08017b84                shellDesc0x08000000
 *fill*         0x08017b8e        0x2 
 .rodata.shellDesc0x09000000
                0x08017b90        0x4 build/shell.o
                0x08017b90                shellDesc0x09000000
 .rodata.shellDesc0x0A000000
                0x08017b94        0x6 build/shell.o
                0x08017b94                shellDesc0x0A000000
 *fill*         0x08017b9a        0x2 
 .rodata.shellDesc0x0D000000
                0x08017b9c        0x6 build/shell.o
                0x08017b9c                shellDesc0x0D000000
 *fill*         0x08017ba2        0x2 
 .rodata.shellDesc0x1B5B337E
                0x08017ba4        0x7 build/shell.o
                0x08017ba4                shellDesc0x1B5B337E
 *fill*         0x08017bab        0x1 
 .rodata.shellDesc0x1B5B4100
                0x08017bac        0x3 build/shell.o
                0x08017bac                shellDesc0x1B5B4100
 *fill*         0x08017baf        0x1 
 .rodata.shellDesc0x1B5B4200
                0x08017bb0        0x5 build/shell.o
                0x08017bb0                shellDesc0x1B5B4200
 *fill*         0x08017bb5        0x3 
 .rodata.shellDesc0x1B5B4300
                0x08017bb8        0x6 build/shell.o
                0x08017bb8                shellDesc0x1B5B4300
 *fill*         0x08017bbe        0x2 
 .rodata.shellDesc0x1B5B4400
                0x08017bc0        0x5 build/shell.o
                0x08017bc0                shellDesc0x1B5B4400
 *fill*         0x08017bc5        0x3 
 .rodata.shellDesc0x7F000000
                0x08017bc8        0xa build/shell.o
                0x08017bc8                shellDesc0x7F000000
 *fill*         0x08017bd2        0x2 
 .rodata.shellDescclear
                0x08017bd4        0xe build/shell.o
                0x08017bd4                shellDescclear
 *fill*         0x08017be2        0x2 
 .rodata.shellDesccmds
                0x08017be4        0xd build/shell.o
                0x08017be4                shellDesccmds
 *fill*         0x08017bf1        0x3 
 .rodata.shellDeschelp
                0x08017bf4       0x1d build/shell.o
                0x08017bf4                shellDeschelp
 *fill*         0x08017c11        0x3 
 .rodata.shellDesckeys
                0x08017c14        0xd build/shell.o
                0x08017c14                shellDesckeys
 *fill*         0x08017c21        0x3 
 .rodata.shellDescsetVar
                0x08017c24        0x8 build/shell.o
                0x08017c24                shellDescsetVar
 .rodata.shellDescusers
                0x08017c2c        0xe build/shell.o
                0x08017c2c                shellDescusers
 *fill*         0x08017c3a        0x2 
 .rodata.shellDescvars
                0x08017c3c        0xd build/shell.o
                0x08017c3c                shellDescvars
 *fill*         0x08017c49        0x3 
 .rodata.shellPasswordDefaultUser
                0x08017c4c        0x1 build/shell.o
                0x08017c4c                shellPasswordDefaultUser
 *fill*         0x08017c4d        0x3 
 .rodata.USBD_FS_ProductStrDescriptor.str1.4
                0x08017c50        0x5 build/usbd_desc.o
 *fill*         0x08017c55        0x3 
 .rodata.USBD_FS_ManufacturerStrDescriptor.str1.4
                0x08017c58        0x7 build/usbd_desc.o
 *fill*         0x08017c5f        0x1 
 .rodata.USBD_FS_ConfigStrDescriptor.str1.4
                0x08017c60        0xb build/usbd_desc.o
 *fill*         0x08017c6b        0x1 
 .rodata.USBD_FS_InterfaceStrDescriptor.str1.4
                0x08017c6c        0xe build/usbd_desc.o
 *fill*         0x08017c7a        0x2 
 .rodata.D1CorePrescTable
                0x08017c7c       0x10 build/system_stm32h7xx.o
                0x08017c7c                D1CorePrescTable
                0x08017c8c                . = ALIGN (0x4)

.ARM.extab
 *(.ARM.extab* .gnu.linkonce.armextab.*)

.ARM            0x08017c8c        0x8
                0x08017c8c                __exidx_start = .
 *(.ARM.exidx*)
 .ARM.exidx     0x08017c8c        0x8 c:/program files (x86)/gnu arm embedded toolchain/10 2020-q4-major/bin/../lib/gcc/arm-none-eabi/10.2.1/thumb/v7e-m+dp/hard\libgcc.a(_udivmoddi4.o)
                0x08017c94                __exidx_end = .

.rel.dyn        0x08017c94        0x0
 .rel.iplt      0x08017c94        0x0 c:/program files (x86)/gnu arm embedded toolchain/10 2020-q4-major/bin/../lib/gcc/arm-none-eabi/10.2.1/thumb/v7e-m+dp/hard/crtbegin.o

.preinit_array  0x08017c94        0x0
                0x08017c94                PROVIDE (__preinit_array_start = .)
 *(.preinit_array*)
                0x08017c94                PROVIDE (__preinit_array_end = .)

.init_array     0x08017c94        0x4
                0x08017c94                PROVIDE (__init_array_start = .)
 *(SORT_BY_NAME(.init_array.*))
 *(.init_array*)
 .init_array    0x08017c94        0x4 c:/program files (x86)/gnu arm embedded toolchain/10 2020-q4-major/bin/../lib/gcc/arm-none-eabi/10.2.1/thumb/v7e-m+dp/hard/crtbegin.o
                0x08017c98                PROVIDE (__init_array_end = .)

.fini_array     0x08017c98        0x4
                [!provide]                PROVIDE (__fini_array_start = .)
 *(SORT_BY_NAME(.fini_array.*))
 *(.fini_array*)
 .fini_array    0x08017c98        0x4 c:/program files (x86)/gnu arm embedded toolchain/10 2020-q4-major/bin/../lib/gcc/arm-none-eabi/10.2.1/thumb/v7e-m+dp/hard/crtbegin.o
                [!provide]                PROVIDE (__fini_array_end = .)
                0x08017c9c                _sidata = LOADADDR (.data)

.data           0x20000000      0x1c0 load address 0x08017c9c
                0x20000000                . = ALIGN (0x4)
                0x20000000                _sdata = .
 *(.data)
 *(.data*)
 .data.Debug_PC0
                0x20000000        0x7 build/main.o
                0x20000000                Debug_PC0
 *fill*         0x20000007        0x1 
 .data.Debug_PC1
                0x20000008        0x7 build/main.o
                0x20000008                Debug_PC1
 *fill*         0x2000000f        0x1 
 .data.Debug_PC2
                0x20000010        0x7 build/main.o
                0x20000010                Debug_PC2
 *fill*         0x20000017        0x1 
 .data.Led1     0x20000018        0x8 build/main.o
                0x20000018                Led1
 .data.DebugPin
                0x20000020        0x8 build/debug_util.o
                0x20000020                DebugPin
 .data.BspGPIO  0x20000028        0xc build/Bsp_GPIO.o
                0x20000028                BspGPIO
 .data.DevLED   0x20000034        0x8 build/Dev_Led.o
                0x20000034                DevLED
 .data.FS_Desc  0x2000003c       0x1c build/usbd_desc.o
                0x2000003c                FS_Desc
 .data.USBD_FS_DeviceDesc
                0x20000058       0x12 build/usbd_desc.o
                0x20000058                USBD_FS_DeviceDesc
 *fill*         0x2000006a        0x2 
 .data.USBD_LangIDDesc
                0x2000006c        0x4 build/usbd_desc.o
                0x2000006c                USBD_LangIDDesc
 .data.USBD_StringSerial
                0x20000070       0x1a build/usbd_desc.o
                0x20000070                USBD_StringSerial
 *fill*         0x2000008a        0x2 
 .data.USBD_Interface_fops_FS
                0x2000008c       0x14 build/usbd_cdc_if.o
                0x2000008c                USBD_Interface_fops_FS
 .data.USBD_CDC
                0x200000a0       0x38 build/usbd_cdc.o
                0x200000a0                USBD_CDC
 .data.USBD_CDC_CfgFSDesc
                0x200000d8       0x43 build/usbd_cdc.o
 *fill*         0x2000011b        0x1 
 .data.USBD_CDC_CfgHSDesc
                0x2000011c       0x43 build/usbd_cdc.o
 *fill*         0x2000015f        0x1 
 .data.USBD_CDC_DeviceQualifierDesc
                0x20000160        0xa build/usbd_cdc.o
 *fill*         0x2000016a        0x2 
 .data.USBD_CDC_OtherSpeedCfgDesc
                0x2000016c       0x43 build/usbd_cdc.o
 *fill*         0x200001af        0x1 
 .data.SystemCoreClock
                0x200001b0        0x4 build/system_stm32h7xx.o
                0x200001b0                SystemCoreClock
 .data.SystemD2Clock
                0x200001b4        0x4 build/system_stm32h7xx.o
                0x200001b4                SystemD2Clock
 .data.uwTickFreq
                0x200001b8        0x1 build/stm32h7xx_hal.o
                0x200001b8                uwTickFreq
 *fill*         0x200001b9        0x3 
 .data.uwTickPrio
                0x200001bc        0x4 build/stm32h7xx_hal.o
                0x200001bc                uwTickPrio
                0x200001c0                . = ALIGN (0x4)
                0x200001c0                _edata = .

.igot.plt       0x200001c0        0x0 load address 0x08017e5c
 .igot.plt      0x200001c0        0x0 c:/program files (x86)/gnu arm embedded toolchain/10 2020-q4-major/bin/../lib/gcc/arm-none-eabi/10.2.1/thumb/v7e-m+dp/hard/crtbegin.o
                0x200001c0                . = ALIGN (0x4)

.bss            0x200001c0     0x1f1c load address 0x08017e5c
                0x200001c0                _sbss = .
                0x200001c0                __bss_start__ = _sbss
 *(.bss)
 .bss           0x200001c0       0x1c c:/program files (x86)/gnu arm embedded toolchain/10 2020-q4-major/bin/../lib/gcc/arm-none-eabi/10.2.1/thumb/v7e-m+dp/hard/crtbegin.o
 *(.bss*)
 .bss.Blink_Task
                0x200001dc        0x4 build/main.o
                0x200001dc                Blink_Task
 .bss.Lst_Rt.1  0x200001e0        0x8 build/main.o
 .bss.Test2_Task
                0x200001e8        0x4 build/main.o
                0x200001e8                Test2_Task
 .bss.Test_Task
                0x200001ec        0x4 build/main.o
                0x200001ec                Test_Task
 .bss.led_state.0
                0x200001f0        0x1 build/main.o
 *fill*         0x200001f1        0x3 
 .bss.MemEnd    0x200001f4        0x4 build/mmu.o
                0x200001f4                MemEnd
 .bss.MemStart  0x200001f8        0x8 build/mmu.o
                0x200001f8                MemStart
 .bss.Mem_Monitor
                0x20000200       0x24 build/mmu.o
                0x20000200                Mem_Monitor
 .bss.CurRunTsk_Ptr
                0x20000224        0x4 build/scheduler.o
 .bss.CurTsk_TCB
                0x20000228        0x8 build/scheduler.o
 .bss.Idle_Task
                0x20000230        0x4 build/scheduler.o
 .bss.NxtRunTsk_Ptr
                0x20000234        0x4 build/scheduler.o
 .bss.NxtTsk_TCB
                0x20000238        0x8 build/scheduler.o
 .bss.TaskPtr_Map
                0x20000240      0x100 build/scheduler.o
 .bss.TskCrt_RegList
                0x20000340       0x18 build/scheduler.o
 .bss.TskHdl_BlkMap
                0x20000358        0x9 build/scheduler.o
 *fill*         0x20000361        0x3 
 .bss.TskHdl_PndMap
                0x20000364        0x9 build/scheduler.o
 *fill*         0x2000036d        0x3 
 .bss.TskHdl_RdyMap
                0x20000370        0x9 build/scheduler.o
 *fill*         0x20000379        0x1 
 .bss.hold_scheduler
                0x2000037a        0x2 build/scheduler.o
 *fill*         0x2000037c        0x4 
 .bss.idle_cnt.0
                0x20000380        0x8 build/scheduler.o
 .bss.scheduler_state
                0x20000388        0x1 build/scheduler.o
 *fill*         0x20000389        0x1 
 .bss.CriticalNasting_Cnt
                0x2000038a        0x2 build/kernel.o
 .bss.RunTime   0x2000038c       0x28 build/runtime.o
 .bss.Runtime_DelayUs
                0x200003b4        0x4 build/runtime.o
 .bss.sysclock  0x200003b8        0x4 build/runtime.o
 .bss.buffer.0  0x200003bc        0x9 build/shell.o
 *fill*         0x200003c5        0x3 
 .bss.shellList
                0x200003c8       0x14 build/shell.o
 .bss.hUsbDeviceFS
                0x200003dc      0x2d0 build/usb_device.o
                0x200003dc                hUsbDeviceFS
 .bss.USBD_StrDesc
                0x200006ac      0x400 build/usbd_desc.o
                0x200006ac                USBD_StrDesc
 .bss.UserRxBufferFS
                0x20000aac      0x800 build/usbd_cdc_if.o
                0x20000aac                UserRxBufferFS
 .bss.UserTxBufferFS
                0x200012ac      0x800 build/usbd_cdc_if.o
                0x200012ac                UserTxBufferFS
 .bss.hpcd_USB_OTG_FS
                0x20001aac      0x408 build/usbd_conf.o
                0x20001aac                hpcd_USB_OTG_FS
 .bss.mem.0     0x20001eb4      0x220 build/usbd_conf.o
 .bss.cfgidx.0  0x200020d4        0x1 build/usbd_ctlreq.o
 *fill*         0x200020d5        0x3 
 .bss.uwTick    0x200020d8        0x4 build/stm32h7xx_hal.o
                0x200020d8                uwTick
 *(COMMON)
                0x200020dc                . = ALIGN (0x4)
                0x200020dc                _ebss = .
                0x200020dc                __bss_end__ = _ebss

._user_heap_stack
                0x200020dc     0x1004 load address 0x08017e5c
                0x200020e0                . = ALIGN (0x8)
 *fill*         0x200020dc        0x4 
                0x200020e0                PROVIDE (end = .)
                [!provide]                PROVIDE (_end = .)
                0x200028e0                . = (. + _Min_Heap_Size)
 *fill*         0x200020e0      0x800 
                0x200030e0                . = (. + _Min_Stack_Size)
 *fill*         0x200028e0      0x800 
                0x200030e0                . = ALIGN (0x8)

/DISCARD/
 libc.a(*)
 libm.a(*)
 libgcc.a(*)

.ARM.attributes
                0x00000000       0x2e
 *(.ARM.attributes)
 .ARM.attributes
                0x00000000       0x1e c:/program files (x86)/gnu arm embedded toolchain/10 2020-q4-major/bin/../lib/gcc/arm-none-eabi/10.2.1/thumb/v7e-m+dp/hard/crti.o
 .ARM.attributes
                0x0000001e       0x32 c:/program files (x86)/gnu arm embedded toolchain/10 2020-q4-major/bin/../lib/gcc/arm-none-eabi/10.2.1/thumb/v7e-m+dp/hard/crtbegin.o
 .ARM.attributes
                0x00000050       0x32 build/main.o
 .ARM.attributes
                0x00000082       0x32 build/debug_util.o
 .ARM.attributes
                0x000000b4       0x32 build/Bsp_GPIO.o
 .ARM.attributes
                0x000000e6       0x32 build/Dev_Led.o
 .ARM.attributes
                0x00000118       0x32 build/linked_list.o
 .ARM.attributes
                0x0000014a       0x32 build/mmu.o
 .ARM.attributes
                0x0000017c       0x32 build/scheduler.o
 .ARM.attributes
                0x000001ae       0x32 build/kernel.o
 .ARM.attributes
                0x000001e0       0x32 build/runtime.o
 .ARM.attributes
                0x00000212       0x32 build/shell_ext.o
 .ARM.attributes
                0x00000244       0x32 build/shell.o
 .ARM.attributes
                0x00000276       0x32 build/usb_device.o
 .ARM.attributes
                0x000002a8       0x32 build/usbd_desc.o
 .ARM.attributes
                0x000002da       0x32 build/usbd_cdc_if.o
 .ARM.attributes
                0x0000030c       0x32 build/usbd_conf.o
 .ARM.attributes
                0x0000033e       0x32 build/usbd_core.o
 .ARM.attributes
                0x00000370       0x32 build/usbd_ctlreq.o
 .ARM.attributes
                0x000003a2       0x32 build/usbd_ioreq.o
 .ARM.attributes
                0x000003d4       0x32 build/usbd_cdc.o
 .ARM.attributes
                0x00000406       0x32 build/stm32h7xx_it.o
 .ARM.attributes
                0x00000438       0x32 build/system_stm32h7xx.o
 .ARM.attributes
                0x0000046a       0x32 build/stm32h7xx_hal.o
 .ARM.attributes
                0x0000049c       0x32 build/stm32h7xx_hal_cortex.o
 .ARM.attributes
                0x000004ce       0x32 build/stm32h7xx_hal_rcc.o
 .ARM.attributes
                0x00000500       0x32 build/stm32h7xx_hal_rcc_ex.o
 .ARM.attributes
                0x00000532       0x32 build/stm32h7xx_hal_gpio.o
 .ARM.attributes
                0x00000564       0x32 build/stm32h7xx_hal_pwr_ex.o
 .ARM.attributes
                0x00000596       0x32 build/stm32h7xx_hal_pcd.o
 .ARM.attributes
                0x000005c8       0x32 build/stm32h7xx_hal_pcd_ex.o
 .ARM.attributes
                0x000005fa       0x32 build/stm32h7xx_ll_usb.o
 .ARM.attributes
                0x0000062c       0x21 build/startup_stm32h743xx.o
 .ARM.attributes
                0x0000064d       0x32 c:/program files (x86)/gnu arm embedded toolchain/10 2020-q4-major/bin/../lib/gcc/arm-none-eabi/10.2.1/../../../../arm-none-eabi/lib/thumb/v7e-m+dp/hard\libc_nano.a(lib_a-init.o)
 .ARM.attributes
                0x0000067f       0x32 c:/program files (x86)/gnu arm embedded toolchain/10 2020-q4-major/bin/../lib/gcc/arm-none-eabi/10.2.1/../../../../arm-none-eabi/lib/thumb/v7e-m+dp/hard\libc_nano.a(lib_a-memset.o)
 .ARM.attributes
                0x000006b1       0x1c c:/program files (x86)/gnu arm embedded toolchain/10 2020-q4-major/bin/../lib/gcc/arm-none-eabi/10.2.1/../../../../arm-none-eabi/lib/thumb/v7e-m+dp/hard\libc_nano.a(lib_a-strcmp.o)
 .ARM.attributes
                0x000006cd       0x17 c:/program files (x86)/gnu arm embedded toolchain/10 2020-q4-major/bin/../lib/gcc/arm-none-eabi/10.2.1/../../../../arm-none-eabi/lib/thumb/v7e-m+dp/hard\libc_nano.a(lib_a-strlen.o)
 .ARM.attributes
                0x000006e4       0x32 c:/program files (x86)/gnu arm embedded toolchain/10 2020-q4-major/bin/../lib/gcc/arm-none-eabi/10.2.1/../../../../arm-none-eabi/lib/thumb/v7e-m+dp/hard\libc_nano.a(lib_a-strncmp.o)
 .ARM.attributes
                0x00000716       0x1e c:/program files (x86)/gnu arm embedded toolchain/10 2020-q4-major/bin/../lib/gcc/arm-none-eabi/10.2.1/thumb/v7e-m+dp/hard\libgcc.a(_arm_addsubsf3.o)
 .ARM.attributes
                0x00000734       0x1e c:/program files (x86)/gnu arm embedded toolchain/10 2020-q4-major/bin/../lib/gcc/arm-none-eabi/10.2.1/thumb/v7e-m+dp/hard\libgcc.a(_aeabi_uldivmod.o)
 .ARM.attributes
                0x00000752       0x32 c:/program files (x86)/gnu arm embedded toolchain/10 2020-q4-major/bin/../lib/gcc/arm-none-eabi/10.2.1/thumb/v7e-m+dp/hard\libgcc.a(_udivmoddi4.o)
 .ARM.attributes
                0x00000784       0x1e c:/program files (x86)/gnu arm embedded toolchain/10 2020-q4-major/bin/../lib/gcc/arm-none-eabi/10.2.1/thumb/v7e-m+dp/hard\libgcc.a(_dvmd_tls.o)
 .ARM.attributes
                0x000007a2       0x1e c:/program files (x86)/gnu arm embedded toolchain/10 2020-q4-major/bin/../lib/gcc/arm-none-eabi/10.2.1/thumb/v7e-m+dp/hard/crtn.o
OUTPUT(build/H7FC.elf elf32-littlearm)
LOAD linker stubs
LOAD c:/program files (x86)/gnu arm embedded toolchain/10 2020-q4-major/bin/../lib/gcc/arm-none-eabi/10.2.1/../../../../arm-none-eabi/lib/thumb/v7e-m+dp/hard\libc.a
LOAD c:/program files (x86)/gnu arm embedded toolchain/10 2020-q4-major/bin/../lib/gcc/arm-none-eabi/10.2.1/../../../../arm-none-eabi/lib/thumb/v7e-m+dp/hard\libm.a
LOAD c:/program files (x86)/gnu arm embedded toolchain/10 2020-q4-major/bin/../lib/gcc/arm-none-eabi/10.2.1/thumb/v7e-m+dp/hard\libgcc.a

.debug_info     0x00000000    0x1fb22
 .debug_info    0x00000000      0x76a build/main.o
 .debug_info    0x0000076a      0x488 build/debug_util.o
 .debug_info    0x00000bf2      0x9ed build/Bsp_GPIO.o
 .debug_info    0x000015df      0x45f build/Dev_Led.o
 .debug_info    0x00001a3e      0x98e build/linked_list.o
 .debug_info    0x000023cc      0x41b build/mmu.o
 .debug_info    0x000027e7     0x129d build/scheduler.o
 .debug_info    0x00003a84     0x1085 build/kernel.o
 .debug_info    0x00004b09     0x1000 build/runtime.o
 .debug_info    0x00005b09      0xb6d build/shell_ext.o
 .debug_info    0x00006676     0x2e8b build/shell.o
 .debug_info    0x00009501      0x7d0 build/usb_device.o
 .debug_info    0x00009cd1      0x63d build/usbd_desc.o
 .debug_info    0x0000a30e      0xa4b build/usbd_cdc_if.o
 .debug_info    0x0000ad59     0x2b16 build/usbd_conf.o
 .debug_info    0x0000d86f      0xf31 build/usbd_core.o
 .debug_info    0x0000e7a0     0x13b9 build/usbd_ctlreq.o
 .debug_info    0x0000fb59      0x90e build/usbd_ioreq.o
 .debug_info    0x00010467     0x15e7 build/usbd_cdc.o
 .debug_info    0x00011a4e      0x7bd build/stm32h7xx_it.o
 .debug_info    0x0001220b      0xeb5 build/system_stm32h7xx.o
 .debug_info    0x000130c0     0x18de build/stm32h7xx_hal.o
 .debug_info    0x0001499e     0x1507 build/stm32h7xx_hal_cortex.o
 .debug_info    0x00015ea5     0x13ce build/stm32h7xx_hal_rcc.o
 .debug_info    0x00017273     0x1c06 build/stm32h7xx_hal_rcc_ex.o
 .debug_info    0x00018e79      0xee1 build/stm32h7xx_hal_gpio.o
 .debug_info    0x00019d5a     0x13f3 build/stm32h7xx_hal_pwr_ex.o
 .debug_info    0x0001b14d     0x1cdc build/stm32h7xx_hal_pcd.o
 .debug_info    0x0001ce29      0xaeb build/stm32h7xx_hal_pcd_ex.o
 .debug_info    0x0001d914     0x21ec build/stm32h7xx_ll_usb.o
 .debug_info    0x0001fb00       0x22 build/startup_stm32h743xx.o

.debug_abbrev   0x00000000     0x4b84
 .debug_abbrev  0x00000000      0x21d build/main.o
 .debug_abbrev  0x0000021d      0x1d0 build/debug_util.o
 .debug_abbrev  0x000003ed      0x20b build/Bsp_GPIO.o
 .debug_abbrev  0x000005f8      0x1b4 build/Dev_Led.o
 .debug_abbrev  0x000007ac      0x299 build/linked_list.o
 .debug_abbrev  0x00000a45      0x180 build/mmu.o
 .debug_abbrev  0x00000bc5      0x3b0 build/scheduler.o
 .debug_abbrev  0x00000f75      0x28d build/kernel.o
 .debug_abbrev  0x00001202      0x320 build/runtime.o
 .debug_abbrev  0x00001522      0x2d4 build/shell_ext.o
 .debug_abbrev  0x000017f6      0x46e build/shell.o
 .debug_abbrev  0x00001c64      0x1b7 build/usb_device.o
 .debug_abbrev  0x00001e1b      0x21f build/usbd_desc.o
 .debug_abbrev  0x0000203a      0x2db build/usbd_cdc_if.o
 .debug_abbrev  0x00002315      0x2ed build/usbd_conf.o
 .debug_abbrev  0x00002602      0x286 build/usbd_core.o
 .debug_abbrev  0x00002888      0x371 build/usbd_ctlreq.o
 .debug_abbrev  0x00002bf9      0x18f build/usbd_ioreq.o
 .debug_abbrev  0x00002d88      0x30c build/usbd_cdc.o
 .debug_abbrev  0x00003094      0x17c build/stm32h7xx_it.o
 .debug_abbrev  0x00003210      0x12a build/system_stm32h7xx.o
 .debug_abbrev  0x0000333a      0x261 build/stm32h7xx_hal.o
 .debug_abbrev  0x0000359b      0x395 build/stm32h7xx_hal_cortex.o
 .debug_abbrev  0x00003930      0x27d build/stm32h7xx_hal_rcc.o
 .debug_abbrev  0x00003bad      0x286 build/stm32h7xx_hal_rcc_ex.o
 .debug_abbrev  0x00003e33      0x253 build/stm32h7xx_hal_gpio.o
 .debug_abbrev  0x00004086      0x2b6 build/stm32h7xx_hal_pwr_ex.o
 .debug_abbrev  0x0000433c      0x2d1 build/stm32h7xx_hal_pcd.o
 .debug_abbrev  0x0000460d      0x26c build/stm32h7xx_hal_pcd_ex.o
 .debug_abbrev  0x00004879      0x2f9 build/stm32h7xx_ll_usb.o
 .debug_abbrev  0x00004b72       0x12 build/startup_stm32h743xx.o

.debug_loc      0x00000000    0x11dbb
 .debug_loc     0x00000000      0x18c build/main.o
 .debug_loc     0x0000018c       0xbc build/debug_util.o
 .debug_loc     0x00000248      0x163 build/Bsp_GPIO.o
 .debug_loc     0x000003ab       0xbc build/Dev_Led.o
 .debug_loc     0x00000467      0xc0d build/linked_list.o
 .debug_loc     0x00001074      0x48a build/mmu.o
 .debug_loc     0x000014fe      0xa99 build/scheduler.o
 .debug_loc     0x00001f97       0xbb build/kernel.o
 .debug_loc     0x00002052      0x396 build/runtime.o
 .debug_loc     0x000023e8      0x94b build/shell_ext.o
 .debug_loc     0x00002d33     0x25d3 build/shell.o
 .debug_loc     0x00005306       0x20 build/usb_device.o
 .debug_loc     0x00005326      0x47b build/usbd_desc.o
 .debug_loc     0x000057a1      0x1bc build/usbd_cdc_if.o
 .debug_loc     0x0000595d      0xf36 build/usbd_conf.o
 .debug_loc     0x00006893      0xbdb build/usbd_core.o
 .debug_loc     0x0000746e     0x1872 build/usbd_ctlreq.o
 .debug_loc     0x00008ce0      0x398 build/usbd_ioreq.o
 .debug_loc     0x00009078      0x9c6 build/usbd_cdc.o
 .debug_loc     0x00009a3e       0x80 build/stm32h7xx_it.o
 .debug_loc     0x00009abe      0x1d8 build/system_stm32h7xx.o
 .debug_loc     0x00009c96      0x526 build/stm32h7xx_hal.o
 .debug_loc     0x0000a1bc      0x786 build/stm32h7xx_hal_cortex.o
 .debug_loc     0x0000a942      0xa9b build/stm32h7xx_hal_rcc.o
 .debug_loc     0x0000b3dd     0x1bd8 build/stm32h7xx_hal_rcc_ex.o
 .debug_loc     0x0000cfb5      0x482 build/stm32h7xx_hal_gpio.o
 .debug_loc     0x0000d437      0x65b build/stm32h7xx_hal_pwr_ex.o
 .debug_loc     0x0000da92     0x1631 build/stm32h7xx_hal_pcd.o
 .debug_loc     0x0000f0c3      0x28e build/stm32h7xx_hal_pcd_ex.o
 .debug_loc     0x0000f351     0x2a6a build/stm32h7xx_ll_usb.o

.debug_aranges  0x00000000     0x1350
 .debug_aranges
                0x00000000       0x50 build/main.o
 .debug_aranges
                0x00000050       0x30 build/debug_util.o
 .debug_aranges
                0x00000080       0x30 build/Bsp_GPIO.o
 .debug_aranges
                0x000000b0       0x28 build/Dev_Led.o
 .debug_aranges
                0x000000d8       0xb0 build/linked_list.o
 .debug_aranges
                0x00000188       0x40 build/mmu.o
 .debug_aranges
                0x000001c8       0xe0 build/scheduler.o
 .debug_aranges
                0x000002a8       0x60 build/kernel.o
 .debug_aranges
                0x00000308       0xa8 build/runtime.o
 .debug_aranges
                0x000003b0       0x58 build/shell_ext.o
 .debug_aranges
                0x00000408      0x1e0 build/shell.o
 .debug_aranges
                0x000005e8       0x20 build/usb_device.o
 .debug_aranges
                0x00000608       0x60 build/usbd_desc.o
 .debug_aranges
                0x00000668       0x48 build/usbd_cdc_if.o
 .debug_aranges
                0x000006b0      0x110 build/usbd_conf.o
 .debug_aranges
                0x000007c0       0xb8 build/usbd_core.o
 .debug_aranges
                0x00000878       0x88 build/usbd_ctlreq.o
 .debug_aranges
                0x00000900       0x50 build/usbd_ioreq.o
 .debug_aranges
                0x00000950       0x90 build/usbd_cdc.o
 .debug_aranges
                0x000009e0       0x68 build/stm32h7xx_it.o
 .debug_aranges
                0x00000a48       0x28 build/system_stm32h7xx.o
 .debug_aranges
                0x00000a70      0x198 build/stm32h7xx_hal.o
 .debug_aranges
                0x00000c08       0xb0 build/stm32h7xx_hal_cortex.o
 .debug_aranges
                0x00000cb8       0x88 build/stm32h7xx_hal_rcc.o
 .debug_aranges
                0x00000d40       0xf8 build/stm32h7xx_hal_rcc_ex.o
 .debug_aranges
                0x00000e38       0x58 build/stm32h7xx_hal_gpio.o
 .debug_aranges
                0x00000e90      0x158 build/stm32h7xx_hal_pwr_ex.o
 .debug_aranges
                0x00000fe8      0x140 build/stm32h7xx_hal_pcd.o
 .debug_aranges
                0x00001128       0x60 build/stm32h7xx_hal_pcd_ex.o
 .debug_aranges
                0x00001188      0x1a0 build/stm32h7xx_ll_usb.o
 .debug_aranges
                0x00001328       0x28 build/startup_stm32h743xx.o

.debug_ranges   0x00000000     0x13c0
 .debug_ranges  0x00000000       0x40 build/main.o
 .debug_ranges  0x00000040       0x20 build/debug_util.o
 .debug_ranges  0x00000060       0x20 build/Bsp_GPIO.o
 .debug_ranges  0x00000080       0x18 build/Dev_Led.o
 .debug_ranges  0x00000098       0xb8 build/linked_list.o
 .debug_ranges  0x00000150       0x30 build/mmu.o
 .debug_ranges  0x00000180       0xe8 build/scheduler.o
 .debug_ranges  0x00000268       0x50 build/kernel.o
 .debug_ranges  0x000002b8       0x98 build/runtime.o
 .debug_ranges  0x00000350       0x60 build/shell_ext.o
 .debug_ranges  0x000003b0      0x2b0 build/shell.o
 .debug_ranges  0x00000660       0x10 build/usb_device.o
 .debug_ranges  0x00000670       0x50 build/usbd_desc.o
 .debug_ranges  0x000006c0       0x38 build/usbd_cdc_if.o
 .debug_ranges  0x000006f8      0x100 build/usbd_conf.o
 .debug_ranges  0x000007f8       0xa8 build/usbd_core.o
 .debug_ranges  0x000008a0       0x78 build/usbd_ctlreq.o
 .debug_ranges  0x00000918       0x40 build/usbd_ioreq.o
 .debug_ranges  0x00000958       0x80 build/usbd_cdc.o
 .debug_ranges  0x000009d8       0x58 build/stm32h7xx_it.o
 .debug_ranges  0x00000a30       0x18 build/system_stm32h7xx.o
 .debug_ranges  0x00000a48      0x188 build/stm32h7xx_hal.o
 .debug_ranges  0x00000bd0      0x100 build/stm32h7xx_hal_cortex.o
 .debug_ranges  0x00000cd0       0xe8 build/stm32h7xx_hal_rcc.o
 .debug_ranges  0x00000db8       0xe8 build/stm32h7xx_hal_rcc_ex.o
 .debug_ranges  0x00000ea0       0x48 build/stm32h7xx_hal_gpio.o
 .debug_ranges  0x00000ee8      0x1a8 build/stm32h7xx_hal_pwr_ex.o
 .debug_ranges  0x00001090      0x130 build/stm32h7xx_hal_pcd.o
 .debug_ranges  0x000011c0       0x50 build/stm32h7xx_hal_pcd_ex.o
 .debug_ranges  0x00001210      0x190 build/stm32h7xx_ll_usb.o
 .debug_ranges  0x000013a0       0x20 build/startup_stm32h743xx.o

.debug_line     0x00000000    0x1119e
 .debug_line    0x00000000      0x362 build/main.o
 .debug_line    0x00000362      0x276 build/debug_util.o
 .debug_line    0x000005d8      0x2ad build/Bsp_GPIO.o
 .debug_line    0x00000885      0x23b build/Dev_Led.o
 .debug_line    0x00000ac0      0x72f build/linked_list.o
 .debug_line    0x000011ef      0x491 build/mmu.o
 .debug_line    0x00001680      0xcdc build/scheduler.o
 .debug_line    0x0000235c      0x4df build/kernel.o
 .debug_line    0x0000283b      0x5b0 build/runtime.o
 .debug_line    0x00002deb      0x5c2 build/shell_ext.o
 .debug_line    0x000033ad     0x1d38 build/shell.o
 .debug_line    0x000050e5      0x242 build/usb_device.o
 .debug_line    0x00005327      0x37c build/usbd_desc.o
 .debug_line    0x000056a3      0x272 build/usbd_cdc_if.o
 .debug_line    0x00005915      0x89f build/usbd_conf.o
 .debug_line    0x000061b4      0x7d2 build/usbd_core.o
 .debug_line    0x00006986      0xc79 build/usbd_ctlreq.o
 .debug_line    0x000075ff      0x2b4 build/usbd_ioreq.o
 .debug_line    0x000078b3      0x824 build/usbd_cdc.o
 .debug_line    0x000080d7      0x320 build/stm32h7xx_it.o
 .debug_line    0x000083f7      0x47a build/system_stm32h7xx.o
 .debug_line    0x00008871      0x8e1 build/stm32h7xx_hal.o
 .debug_line    0x00009152      0x7ac build/stm32h7xx_hal_cortex.o
 .debug_line    0x000098fe     0x128a build/stm32h7xx_hal_rcc.o
 .debug_line    0x0000ab88     0x1dc0 build/stm32h7xx_hal_rcc_ex.o
 .debug_line    0x0000c948      0x6d3 build/stm32h7xx_hal_gpio.o
 .debug_line    0x0000d01b      0xaa1 build/stm32h7xx_hal_pwr_ex.o
 .debug_line    0x0000dabc     0x1401 build/stm32h7xx_hal_pcd.o
 .debug_line    0x0000eebd      0x4b2 build/stm32h7xx_hal_pcd_ex.o
 .debug_line    0x0000f36f     0x1db9 build/stm32h7xx_ll_usb.o
 .debug_line    0x00011128       0x76 build/startup_stm32h743xx.o

.debug_str      0x00000000     0x6c48
 .debug_str     0x00000000      0x36d build/main.o
                                0x3da (size before relaxing)
 .debug_str     0x0000036d       0xe2 build/debug_util.o
                                0x306 (size before relaxing)
 .debug_str     0x0000044f      0x294 build/Bsp_GPIO.o
                                0x516 (size before relaxing)
 .debug_str     0x000006e3       0x3e build/Dev_Led.o
                                0x2f1 (size before relaxing)
 .debug_str     0x00000721      0x2e7 build/linked_list.o
                                0x49e (size before relaxing)
 .debug_str     0x00000a08      0x172 build/mmu.o
                                0x339 (size before relaxing)
 .debug_str     0x00000b7a      0x71c build/scheduler.o
                                0xad6 (size before relaxing)
 .debug_str     0x00001296      0x668 build/kernel.o
                                0xab1 (size before relaxing)
 .debug_str     0x000018fe      0xbeb build/runtime.o
                                0xf78 (size before relaxing)
 .debug_str     0x000024e9      0x34d build/shell_ext.o
                                0x523 (size before relaxing)
 .debug_str     0x00002836      0x946 build/shell.o
                                0xd55 (size before relaxing)
 .debug_str     0x0000317c      0x43f build/usb_device.o
                                0x693 (size before relaxing)
 .debug_str     0x000035bb      0x185 build/usbd_desc.o
                                0x44a (size before relaxing)
 .debug_str     0x00003740      0x14c build/usbd_cdc_if.o
                                0x75c (size before relaxing)
 .debug_str     0x0000388c      0x915 build/usbd_conf.o
                               0x1e44 (size before relaxing)
 .debug_str     0x000041a1      0x13a build/usbd_core.o
                                0x84a (size before relaxing)
 .debug_str     0x000042db       0xfe build/usbd_ctlreq.o
                                0x79c (size before relaxing)
 .debug_str     0x000043d9       0x55 build/usbd_ioreq.o
                                0x691 (size before relaxing)
 .debug_str     0x0000442e      0x17e build/usbd_cdc.o
                                0xcbe (size before relaxing)