Archive member included to satisfy reference by file (symbol)

c:/program files (x86)/gnu arm embedded toolchain/10 2020-q4-major/bin/../lib/gcc/arm-none-eabi/10.2.1/../../../../arm-none-eabi/lib/thumb/v7e-m+dp/hard\libc_nano.a(lib_a-exit.o)
                              c:/program files (x86)/gnu arm embedded toolchain/10 2020-q4-major/bin/../lib/gcc/arm-none-eabi/10.2.1/../../../../arm-none-eabi/lib/thumb/v7e-m+dp/hard/crt0.o (exit)
c:/program files (x86)/gnu arm embedded toolchain/10 2020-q4-major/bin/../lib/gcc/arm-none-eabi/10.2.1/../../../../arm-none-eabi/lib/thumb/v7e-m+dp/hard\libc_nano.a(lib_a-impure.o)
                              c:/program files (x86)/gnu arm embedded toolchain/10 2020-q4-major/bin/../lib/gcc/arm-none-eabi/10.2.1/../../../../arm-none-eabi/lib/thumb/v7e-m+dp/hard\libc_nano.a(lib_a-exit.o) (_global_impure_ptr)
c:/program files (x86)/gnu arm embedded toolchain/10 2020-q4-major/bin/../lib/gcc/arm-none-eabi/10.2.1/../../../../arm-none-eabi/lib/thumb/v7e-m+dp/hard\libc_nano.a(lib_a-init.o)
                              c:/program files (x86)/gnu arm embedded toolchain/10 2020-q4-major/bin/../lib/gcc/arm-none-eabi/10.2.1/../../../../arm-none-eabi/lib/thumb/v7e-m+dp/hard/crt0.o (__libc_init_array)
c:/program files (x86)/gnu arm embedded toolchain/10 2020-q4-major/bin/../lib/gcc/arm-none-eabi/10.2.1/../../../../arm-none-eabi/lib/thumb/v7e-m+dp/hard\libc_nano.a(lib_a-memcpy-stub.o)
                              build/kernel.o (memcpy)
c:/program files (x86)/gnu arm embedded toolchain/10 2020-q4-major/bin/../lib/gcc/arm-none-eabi/10.2.1/../../../../arm-none-eabi/lib/thumb/v7e-m+dp/hard\libc_nano.a(lib_a-memset.o)
                              c:/program files (x86)/gnu arm embedded toolchain/10 2020-q4-major/bin/../lib/gcc/arm-none-eabi/10.2.1/../../../../arm-none-eabi/lib/thumb/v7e-m+dp/hard/crt0.o (memset)
c:/program files (x86)/gnu arm embedded toolchain/10 2020-q4-major/bin/../lib/gcc/arm-none-eabi/10.2.1/../../../../arm-none-eabi/lib/thumb/v7e-m+dp/hard\libnosys.a(_exit.o)
                              c:/program files (x86)/gnu arm embedded toolchain/10 2020-q4-major/bin/../lib/gcc/arm-none-eabi/10.2.1/../../../../arm-none-eabi/lib/thumb/v7e-m+dp/hard\libc_nano.a(lib_a-exit.o) (_exit)
c:/program files (x86)/gnu arm embedded toolchain/10 2020-q4-major/bin/../lib/gcc/arm-none-eabi/10.2.1/thumb/v7e-m+dp/hard\libgcc.a(_aeabi_uldivmod.o)
                              build/main.o (__aeabi_uldivmod)
c:/program files (x86)/gnu arm embedded toolchain/10 2020-q4-major/bin/../lib/gcc/arm-none-eabi/10.2.1/thumb/v7e-m+dp/hard\libgcc.a(_udivmoddi4.o)
                              c:/program files (x86)/gnu arm embedded toolchain/10 2020-q4-major/bin/../lib/gcc/arm-none-eabi/10.2.1/thumb/v7e-m+dp/hard\libgcc.a(_aeabi_uldivmod.o) (__udivmoddi4)
c:/program files (x86)/gnu arm embedded toolchain/10 2020-q4-major/bin/../lib/gcc/arm-none-eabi/10.2.1/thumb/v7e-m+dp/hard\libgcc.a(_dvmd_tls.o)
                              c:/program files (x86)/gnu arm embedded toolchain/10 2020-q4-major/bin/../lib/gcc/arm-none-eabi/10.2.1/thumb/v7e-m+dp/hard\libgcc.a(_aeabi_uldivmod.o) (__aeabi_ldiv0)

Discarded input sections

 .text          0x00000000        0x0 c:/program files (x86)/gnu arm embedded toolchain/10 2020-q4-major/bin/../lib/gcc/arm-none-eabi/10.2.1/thumb/v7e-m+dp/hard/crti.o
 .data          0x00000000        0x0 c:/program files (x86)/gnu arm embedded toolchain/10 2020-q4-major/bin/../lib/gcc/arm-none-eabi/10.2.1/thumb/v7e-m+dp/hard/crti.o
 .bss           0x00000000        0x0 c:/program files (x86)/gnu arm embedded toolchain/10 2020-q4-major/bin/../lib/gcc/arm-none-eabi/10.2.1/thumb/v7e-m+dp/hard/crti.o
 .data          0x00000000        0x4 c:/program files (x86)/gnu arm embedded toolchain/10 2020-q4-major/bin/../lib/gcc/arm-none-eabi/10.2.1/thumb/v7e-m+dp/hard/crtbegin.o
 .rodata        0x00000000       0x24 c:/program files (x86)/gnu arm embedded toolchain/10 2020-q4-major/bin/../lib/gcc/arm-none-eabi/10.2.1/thumb/v7e-m+dp/hard/crtbegin.o
 .text          0x00000000       0x7c c:/program files (x86)/gnu arm embedded toolchain/10 2020-q4-major/bin/../lib/gcc/arm-none-eabi/10.2.1/../../../../arm-none-eabi/lib/thumb/v7e-m+dp/hard/crt0.o
 .data          0x00000000        0x0 c:/program files (x86)/gnu arm embedded toolchain/10 2020-q4-major/bin/../lib/gcc/arm-none-eabi/10.2.1/../../../../arm-none-eabi/lib/thumb/v7e-m+dp/hard/crt0.o
 .bss           0x00000000        0x0 c:/program files (x86)/gnu arm embedded toolchain/10 2020-q4-major/bin/../lib/gcc/arm-none-eabi/10.2.1/../../../../arm-none-eabi/lib/thumb/v7e-m+dp/hard/crt0.o
 .ARM.extab     0x00000000        0x0 c:/program files (x86)/gnu arm embedded toolchain/10 2020-q4-major/bin/../lib/gcc/arm-none-eabi/10.2.1/../../../../arm-none-eabi/lib/thumb/v7e-m+dp/hard/crt0.o
[...]
Memory Configuration

Name             Origin             Length             Attributes
DTCMRAM          0x20000400         0x0001fc00         xrw
RAM_D1           0x24000000         0x00080000         xrw
RAM_D2           0x30000000         0x00048000         xrw
RAM_D3           0x38000000         0x00010000         xrw
ITCMRAM          0x00000400         0x0000fc00         xrw
FLASH            0x08000000         0x00200000         xr
*default*        0x00000000         0xffffffff

Linker script and memory map

LOAD c:/program files (x86)/gnu arm embedded toolchain/10 2020-q4-major/bin/../lib/gcc/arm-none-eabi/10.2.1/thumb/v7e-m+dp/hard/crti.o
LOAD c:/program files (x86)/gnu arm embedded toolchain/10 2020-q4-major/bin/../lib/gcc/arm-none-eabi/10.2.1/thumb/v7e-m+dp/hard/crtbegin.o
LOAD c:/program files (x86)/gnu arm embedded toolchain/10 2020-q4-major/bin/../lib/gcc/arm-none-eabi/10.2.1/../../../../arm-none-eabi/lib/thumb/v7e-m+dp/hard/crt0.o
LOAD build/main.o
LOAD build/debug_util.o
LOAD build/Bsp_GPIO.o
LOAD build/Dev_Led.o
LOAD build/Dev_W25Qxx.o
LOAD build/kernel.o
LOAD build/runtime.o
LOAD build/stm32h7xx_it.o
LOAD build/system_stm32h7xx.o
LOAD build/stm32h7xx_hal.o
LOAD build/stm32h7xx_hal_cortex.o
LOAD build/stm32h7xx_hal_rcc.o
LOAD build/stm32h7xx_hal_tim.o
LOAD build/stm32h7xx_hal_tim_ex.o
LOAD build/stm32h7xx_hal_rcc_ex.o
LOAD build/stm32h7xx_hal_flash.o
LOAD build/stm32h7xx_hal_flash_ex.o
LOAD build/stm32h7xx_hal_gpio.o
LOAD build/stm32h7xx_hal_hsem.o
LOAD build/stm32h7xx_hal_dma.o
LOAD build/stm32h7xx_hal_dma_ex.o
LOAD build/stm32h7xx_hal_mdma.o
LOAD build/stm32h7xx_hal_pwr.o
LOAD build/stm32h7xx_hal_pwr_ex.o
LOAD build/stm32h7xx_hal_i2c.o
LOAD build/stm32h7xx_hal_i2c_ex.o
LOAD build/stm32h7xx_hal_exti.o
LOAD build/stm32h7xx_hal_spi.o
LOAD build/startup_stm32h743xx.o
LOAD c:/program files (x86)/gnu arm embedded toolchain/10 2020-q4-major/bin/../lib/gcc/arm-none-eabi/10.2.1/../../../../arm-none-eabi/lib/thumb/v7e-m+dp/hard\libc_nano.a
LOAD c:/program files (x86)/gnu arm embedded toolchain/10 2020-q4-major/bin/../lib/gcc/arm-none-eabi/10.2.1/../../../../arm-none-eabi/lib/thumb/v7e-m+dp/hard\libm.a
LOAD c:/program files (x86)/gnu arm embedded toolchain/10 2020-q4-major/bin/../lib/gcc/arm-none-eabi/10.2.1/../../../../arm-none-eabi/lib/thumb/v7e-m+dp/hard\libnosys.a
START GROUP
LOAD c:/program files (x86)/gnu arm embedded toolchain/10 2020-q4-major/bin/../lib/gcc/arm-none-eabi/10.2.1/thumb/v7e-m+dp/hard\libgcc.a
LOAD c:/program files (x86)/gnu arm embedded toolchain/10 2020-q4-major/bin/../lib/gcc/arm-none-eabi/10.2.1/../../../../arm-none-eabi/lib/thumb/v7e-m+dp/hard\libc_nano.a
END GROUP
START GROUP
LOAD c:/program files (x86)/gnu arm embedded toolchain/10 2020-q4-major/bin/../lib/gcc/arm-none-eabi/10.2.1/thumb/v7e-m+dp/hard\libgcc.a
LOAD c:/program files (x86)/gnu arm embedded toolchain/10 2020-q4-major/bin/../lib/gcc/arm-none-eabi/10.2.1/../../../../arm-none-eabi/lib/thumb/v7e-m+dp/hard\libc_nano.a
END GROUP
LOAD c:/program files (x86)/gnu arm embedded toolchain/10 2020-q4-major/bin/../lib/gcc/arm-none-eabi/10.2.1/thumb/v7e-m+dp/hard/crtend.o
LOAD c:/program files (x86)/gnu arm embedded toolchain/10 2020-q4-major/bin/../lib/gcc/arm-none-eabi/10.2.1/thumb/v7e-m+dp/hard/crtn.o
                0x20020000                _estack = 0x20020000
                0x00000800                _Min_Heap_Size = 0x800
                0x00000800                _Min_Stack_Size = 0x800
                0x00000400                tcm_code = LOADADDR (.tcm_code)

.tcm_code       0x00000400      0x198
                0x00000400                . = ALIGN (0x4)
                0x00000400                tcm_code_start = .
 *(.tcm_code)
 .tcm_code      0x00000400       0x9c build/main.o
                0x00000400                main
 .tcm_code      0x0000049c       0x28 build/debug_util.o
 .tcm_code      0x000004c4        0x8 build/Bsp_GPIO.o
 .tcm_code      0x000004cc       0x98 build/runtime.o
                0x000004cc                Runtime_Tick
                0x00000508                Get_CurrentRunningUs
                0x00000514                Get_CurrentRunningMs
                0x0000052c                Get_CurrentRunningS
                0x0000053e                Get_TimeDifference
                0x00000550                Get_TargetRunTime
 *fill*         0x00000564        0x4 
 .tcm_code.__stub
                0x00000568       0x30 linker stubs
 *(.tcm_code*)
                0x00000598                . = ALIGN (0x4)
                0x00000598                tcm_code_end = .

.isr_vector     0x08000000      0x298
                0x08000000                . = ALIGN (0x4)
 *(.isr_vector)
 .isr_vector    0x08000000      0x298 build/startup_stm32h743xx.o
                0x08000000                g_pfnVectors
                0x08000298                . = ALIGN (0x4)

.text           0x08000298     0x2808
                0x08000298                . = ALIGN (0x4)
 *(.text)
 .text          0x08000298       0x40 c:/program files (x86)/gnu arm embedded toolchain/10 2020-q4-major/bin/../lib/gcc/arm-none-eabi/10.2.1/thumb/v7e-m+dp/hard/crtbegin.o
 .text          0x080002d8       0x30 c:/program files (x86)/gnu arm embedded toolchain/10 2020-q4-major/bin/../lib/gcc/arm-none-eabi/10.2.1/thumb/v7e-m+dp/hard\libgcc.a(_aeabi_uldivmod.o)
                0x080002d8                __aeabi_uldivmod
 .text          0x08000308      0x2d0 c:/program files (x86)/gnu arm embedded toolchain/10 2020-q4-major/bin/../lib/gcc/arm-none-eabi/10.2.1/thumb/v7e-m+dp/hard\libgcc.a(_udivmoddi4.o)
                0x08000308                __udivmoddi4
 .text          0x080005d8        0x4 c:/program files (x86)/gnu arm embedded toolchain/10 2020-q4-major/bin/../lib/gcc/arm-none-eabi/10.2.1/thumb/v7e-m+dp/hard\libgcc.a(_dvmd_tls.o)
                0x080005d8                __aeabi_idiv0
                0x080005d8                __aeabi_ldiv0
 *(.text*)
 .text.test_pin_ctl
                0x080005dc       0x24 build/main.o
                0x080005dc                test_pin_ctl
 .text.DebugPin_Init
                0x08000600       0x6c build/debug_util.o
 .text.BspGPIO_Read
                0x0800066c        0xe build/Bsp_GPIO.o
 *fill*         0x0800067a        0x2 
 .text.BspGPIO_Init
                0x0800067c      0x1fc build/Bsp_GPIO.o
 .text.DevLed_Init
                0x08000878       0x6c build/Dev_Led.o
 .text.DevLed_Ctl
                0x080008e4       0x28 build/Dev_Led.o
 .text.KernelClock_Init
                0x0800090c      0x120 build/kernel.o
 .text.Kernel_Init
                0x08000a2c       0xc8 build/kernel.o
                0x08000a2c                Kernel_Init
 .text.Runtime_SetCallback
                0x08000af4       0x2c build/runtime.o
                0x08000af4                Runtime_SetCallback
 .text.Runtime_Config
                0x08000b20       0x90 build/runtime.o
                0x08000b20                Runtime_Config
 .text.Runtime_Start
                0x08000bb0       0x20 build/runtime.o
                0x08000bb0                Runtime_Start
 .text.NMI_Handler
                0x08000bd0        0x2 build/stm32h7xx_it.o
                0x08000bd0                NMI_Handler
 .text.HardFault_Handler
                0x08000bd2        0x2 build/stm32h7xx_it.o
                0x08000bd2                HardFault_Handler
 .text.MemManage_Handler
                0x08000bd4        0x2 build/stm32h7xx_it.o
                0x08000bd4                MemManage_Handler
 .text.BusFault_Handler
                0x08000bd6        0x2 build/stm32h7xx_it.o
                0x08000bd6                BusFault_Handler
 .text.UsageFault_Handler
                0x08000bd8        0x2 build/stm32h7xx_it.o
                0x08000bd8                UsageFault_Handler
 .text.SVC_Handler
                0x08000bda        0x2 build/stm32h7xx_it.o
                0x08000bda                SVC_Handler
 .text.DebugMon_Handler
                0x08000bdc        0x2 build/stm32h7xx_it.o
                0x08000bdc                DebugMon_Handler
 .text.PendSV_Handler
                0x08000bde        0x2 build/stm32h7xx_it.o
                0x08000bde                PendSV_Handler
 .text.SysTick_Handler
                0x08000be0        0x8 build/stm32h7xx_it.o
                0x08000be0                SysTick_Handler
 .text.SystemInit
                0x08000be8       0xcc build/system_stm32h7xx.o
                0x08000be8                SystemInit
 .text.SystemCoreClockUpdate
                0x08000cb4      0x214 build/system_stm32h7xx.o
                0x08000cb4                SystemCoreClockUpdate
 .text.HAL_MspInit
                0x08000ec8        0x2 build/stm32h7xx_hal.o
                0x08000ec8                HAL_MspInit
 *fill*         0x08000eca        0x2 
 .text.HAL_InitTick
                0x08000ecc       0x50 build/stm32h7xx_hal.o
                0x08000ecc                HAL_InitTick
 .text.HAL_Init
                0x08000f1c       0x5c build/stm32h7xx_hal.o
                0x08000f1c                HAL_Init
 .text.HAL_GetTick
                0x08000f78        0xc build/stm32h7xx_hal.o
                0x08000f78                HAL_GetTick
 .text.HAL_GetREVID
                0x08000f84        0xc build/stm32h7xx_hal.o
                0x08000f84                HAL_GetREVID
 .text.HAL_NVIC_SetPriorityGrouping
                0x08000f90       0x24 build/stm32h7xx_hal_cortex.o
                0x08000f90                HAL_NVIC_SetPriorityGrouping
 .text.HAL_NVIC_SetPriority
                0x08000fb4       0x6c build/stm32h7xx_hal_cortex.o
                0x08000fb4                HAL_NVIC_SetPriority
 .text.HAL_SYSTICK_Config
                0x08001020       0x28 build/stm32h7xx_hal_cortex.o
                0x08001020                HAL_SYSTICK_Config
 .text.HAL_RCC_OscConfig
                0x08001048      0x674 build/stm32h7xx_hal_rcc.o
                0x08001048                HAL_RCC_OscConfig
 .text.HAL_RCC_GetSysClockFreq
                0x080016bc      0x1f4 build/stm32h7xx_hal_rcc.o
                0x080016bc                HAL_RCC_GetSysClockFreq
 .text.HAL_RCC_ClockConfig
                0x080018b0      0x294 build/stm32h7xx_hal_rcc.o
                0x080018b0                HAL_RCC_ClockConfig
 .text.RCCEx_PLL2_Config
                0x08001b44      0x10c build/stm32h7xx_hal_rcc_ex.o
 .text.RCCEx_PLL3_Config
                0x08001c50      0x10c build/stm32h7xx_hal_rcc_ex.o
 .text.HAL_RCCEx_PeriphCLKConfig
                0x08001d5c      0x9c4 build/stm32h7xx_hal_rcc_ex.o
                0x08001d5c                HAL_RCCEx_PeriphCLKConfig
 .text.HAL_GPIO_Init
                0x08002720      0x220 build/stm32h7xx_hal_gpio.o
                0x08002720                HAL_GPIO_Init
 .text.HAL_GPIO_ReadPin
                0x08002940        0xe build/stm32h7xx_hal_gpio.o
                0x08002940                HAL_GPIO_ReadPin
 .text.HAL_GPIO_WritePin
                0x0800294e        0xc build/stm32h7xx_hal_gpio.o
                0x0800294e                HAL_GPIO_WritePin
 *fill*         0x0800295a        0x2 
 .text.HAL_PWREx_ConfigSupply
                0x0800295c       0x54 build/stm32h7xx_hal_pwr_ex.o
                0x0800295c                HAL_PWREx_ConfigSupply
 .text.Reset_Handler
                0x080029b0       0x50 build/startup_stm32h743xx.o
                0x080029b0                Reset_Handler
 .text.Default_Handler
                0x08002a00        0x2 build/startup_stm32h743xx.o
                0x08002a00                RTC_Alarm_IRQHandler
                0x08002a00                EXTI2_IRQHandler
                0x08002a00                TIM8_CC_IRQHandler
                0x08002a00                HRTIM1_Master_IRQHandler
                0x08002a00                UART8_IRQHandler
                0x08002a00                SPI4_IRQHandler
                0x08002a00                TIM1_CC_IRQHandler
                0x08002a00                BDMA_Channel6_IRQHandler
                0x08002a00                DMA2_Stream5_IRQHandler
                0x08002a00                HRTIM1_FLT_IRQHandler
                0x08002a00                JPEG_IRQHandler
                0x08002a00                DMA1_Stream5_IRQHandler
                0x08002a00                BDMA_Channel1_IRQHandler
                0x08002a00                HRTIM1_TIMD_IRQHandler
                0x08002a00                TAMP_STAMP_IRQHandler
                0x08002a00                EXTI3_IRQHandler
                0x08002a00                LPTIM4_IRQHandler
                0x08002a00                TIM8_TRG_COM_TIM14_IRQHandler
                0x08002a00                LPTIM2_IRQHandler
                0x08002a00                DFSDM1_FLT1_IRQHandler
                0x08002a00                DMAMUX2_OVR_IRQHandler
                0x08002a00                TIM8_UP_TIM13_IRQHandler
                0x08002a00                I2C3_ER_IRQHandler
                0x08002a00                DFSDM1_FLT2_IRQHandler
                0x08002a00                MDMA_IRQHandler
                0x08002a00                LPTIM3_IRQHandler
                0x08002a00                HSEM1_IRQHandler
                0x08002a00                EXTI0_IRQHandler
                0x08002a00                I2C2_EV_IRQHandler
                0x08002a00                DMA1_Stream2_IRQHandler
                0x08002a00                FPU_IRQHandler
                0x08002a00                OTG_HS_WKUP_IRQHandler
                0x08002a00                FDCAN1_IT1_IRQHandler
                0x08002a00                LTDC_ER_IRQHandler
                0x08002a00                DMA2_Stream2_IRQHandler
                0x08002a00                HRTIM1_TIME_IRQHandler
                0x08002a00                SPI1_IRQHandler
                0x08002a00                TIM6_DAC_IRQHandler
                0x08002a00                DCMI_IRQHandler
                0x08002a00                HRTIM1_TIMC_IRQHandler
                0x08002a00                DMA2_Stream3_IRQHandler
                0x08002a00                SAI2_IRQHandler
                0x08002a00                DFSDM1_FLT3_IRQHandler
                0x08002a00                USART6_IRQHandler
                0x08002a00                TIM17_IRQHandler
                0x08002a00                USART3_IRQHandler
                0x08002a00                BDMA_Channel7_IRQHandler
                0x08002a00                LPTIM5_IRQHandler
                0x08002a00                UART5_IRQHandler
                0x08002a00                ADC3_IRQHandler
                0x08002a00                DMA2_Stream0_IRQHandler
                0x08002a00                TIM4_IRQHandler
                0x08002a00                BDMA_Channel2_IRQHandler
                0x08002a00                QUADSPI_IRQHandler
                0x08002a00                I2C1_EV_IRQHandler
                0x08002a00                DMA1_Stream6_IRQHandler
                0x08002a00                DMAMUX1_OVR_IRQHandler
                0x08002a00                DMA1_Stream1_IRQHandler
                0x08002a00                TIM16_IRQHandler
                0x08002a00                UART4_IRQHandler
                0x08002a00                BDMA_Channel5_IRQHandler
                0x08002a00                TIM3_IRQHandler
                0x08002a00                RCC_IRQHandler
                0x08002a00                TIM8_BRK_TIM12_IRQHandler
                0x08002a00                TIM1_TRG_COM_IRQHandler
                0x08002a00                Default_Handler
                0x08002a00                ECC_IRQHandler
                0x08002a00                CEC_IRQHandler
                0x08002a00                EXTI15_10_IRQHandler
                0x08002a00                BDMA_Channel0_IRQHandler
                0x08002a00                ADC_IRQHandler
                0x08002a00                DMA1_Stream7_IRQHandler
                0x08002a00                HRTIM1_TIMA_IRQHandler
                0x08002a00                SPI5_IRQHandler
                0x08002a00                TIM7_IRQHandler
                0x08002a00                SDMMC1_IRQHandler
                0x08002a00                TIM5_IRQHandler
                0x08002a00                DMA2_Stream7_IRQHandler
                0x08002a00                TIM15_IRQHandler
                0x08002a00                PVD_AVD_IRQHandler
                0x08002a00                I2C3_EV_IRQHandler
                0x08002a00                EXTI9_5_IRQHandler
                0x08002a00                RTC_WKUP_IRQHandler
                0x08002a00                LTDC_IRQHandler
                0x08002a00                SAI3_IRQHandler
                0x08002a00                ETH_WKUP_IRQHandler
                0x08002a00                SPDIF_RX_IRQHandler
                0x08002a00                SPI2_IRQHandler
                0x08002a00                OTG_HS_EP1_IN_IRQHandler
                0x08002a00                DMA1_Stream0_IRQHandler
                0x08002a00                CRS_IRQHandler
                0x08002a00                EXTI4_IRQHandler
                0x08002a00                RNG_IRQHandler
                0x08002a00                HRTIM1_TIMB_IRQHandler
                0x08002a00                FDCAN2_IT1_IRQHandler
                0x08002a00                ETH_IRQHandler
                0x08002a00                TIM1_UP_IRQHandler
                0x08002a00                BDMA_Channel4_IRQHandler
                0x08002a00                OTG_HS_EP1_OUT_IRQHandler
                0x08002a00                WWDG_IRQHandler
                0x08002a00                SPI6_IRQHandler
                0x08002a00                MDIOS_IRQHandler
                0x08002a00                I2C4_EV_IRQHandler
                0x08002a00                FDCAN2_IT0_IRQHandler
                0x08002a00                LPUART1_IRQHandler
                0x08002a00                FDCAN1_IT0_IRQHandler
                0x08002a00                TIM2_IRQHandler
                0x08002a00                OTG_FS_WKUP_IRQHandler
                0x08002a00                OTG_HS_IRQHandler
                0x08002a00                DMA2D_IRQHandler
                0x08002a00                TIM1_BRK_IRQHandler
                0x08002a00                EXTI1_IRQHandler
                0x08002a00                SDMMC2_IRQHandler
                0x08002a00                OTG_FS_EP1_OUT_IRQHandler
                0x08002a00                BDMA_Channel3_IRQHandler
                0x08002a00                UART7_IRQHandler
                0x08002a00                MDIOS_WKUP_IRQHandler
                0x08002a00                USART2_IRQHandler
                0x08002a00                DFSDM1_FLT0_IRQHandler
                0x08002a00                SAI4_IRQHandler
                0x08002a00                I2C2_ER_IRQHandler
                0x08002a00                DMA2_Stream1_IRQHandler
                0x08002a00                FLASH_IRQHandler
                0x08002a00                DMA2_Stream4_IRQHandler
                0x08002a00                USART1_IRQHandler
                0x08002a00                OTG_FS_IRQHandler
                0x08002a00                SPI3_IRQHandler
                0x08002a00                WAKEUP_PIN_IRQHandler
                0x08002a00                DMA1_Stream4_IRQHandler
                0x08002a00                OTG_FS_EP1_IN_IRQHandler
                0x08002a00                I2C1_ER_IRQHandler
                0x08002a00                FMC_IRQHandler
                0x08002a00                FDCAN_CAL_IRQHandler
                0x08002a00                SWPMI1_IRQHandler
                0x08002a00                COMP1_IRQHandler
                0x08002a00                LPTIM1_IRQHandler
                0x08002a00                I2C4_ER_IRQHandler
                0x08002a00                DMA2_Stream6_IRQHandler
                0x08002a00                SAI1_IRQHandler
                0x08002a00                DMA1_Stream3_IRQHandler
 *fill*         0x08002a02        0x2 
 .text.__libc_init_array
                0x08002a04       0x48 c:/program files (x86)/gnu arm embedded toolchain/10 2020-q4-major/bin/../lib/gcc/arm-none-eabi/10.2.1/../../../../arm-none-eabi/lib/thumb/v7e-m+dp/hard\libc_nano.a(lib_a-init.o)
                0x08002a04                __libc_init_array
 .text.memcpy   0x08002a4c       0x1c c:/program files (x86)/gnu arm embedded toolchain/10 2020-q4-major/bin/../lib/gcc/arm-none-eabi/10.2.1/../../../../arm-none-eabi/lib/thumb/v7e-m+dp/hard\libc_nano.a(lib_a-memcpy-stub.o)
                0x08002a4c                memcpy
 .text.memset   0x08002a68       0x10 c:/program files (x86)/gnu arm embedded toolchain/10 2020-q4-major/bin/../lib/gcc/arm-none-eabi/10.2.1/../../../../arm-none-eabi/lib/thumb/v7e-m+dp/hard\libc_nano.a(lib_a-memset.o)
                0x08002a68                memset
 *(.glue_7)
 .glue_7        0x08002a78        0x0 linker stubs
 *(.glue_7t)
 .glue_7t       0x08002a78        0x0 linker stubs
 *(.eh_frame)
 .eh_frame      0x08002a78        0x0 c:/program files (x86)/gnu arm embedded toolchain/10 2020-q4-major/bin/../lib/gcc/arm-none-eabi/10.2.1/thumb/v7e-m+dp/hard/crtbegin.o
 *(.init)
 .init          0x08002a78        0x4 c:/program files (x86)/gnu arm embedded toolchain/10 2020-q4-major/bin/../lib/gcc/arm-none-eabi/10.2.1/thumb/v7e-m+dp/hard/crti.o
                0x08002a78                _init
 .init          0x08002a7c        0x8 c:/program files (x86)/gnu arm embedded toolchain/10 2020-q4-major/bin/../lib/gcc/arm-none-eabi/10.2.1/thumb/v7e-m+dp/hard/crtn.o
 *(.fini)
 .fini          0x08002a84        0x4 c:/program files (x86)/gnu arm embedded toolchain/10 2020-q4-major/bin/../lib/gcc/arm-none-eabi/10.2.1/thumb/v7e-m+dp/hard/crti.o
                0x08002a84                _fini
 .fini          0x08002a88        0x8 c:/program files (x86)/gnu arm embedded toolchain/10 2020-q4-major/bin/../lib/gcc/arm-none-eabi/10.2.1/thumb/v7e-m+dp/hard/crtn.o
 .fini.__stub   0x08002a90       0x10 linker stubs
                0x08002aa0                . = ALIGN (0x4)
                0x08002aa0                _etext = .

.vfp11_veneer   0x08002aa0        0x0
 .vfp11_veneer  0x08002aa0        0x0 linker stubs

.v4_bx          0x08002aa0        0x0
 .v4_bx         0x08002aa0        0x0 linker stubs

.iplt           0x08002aa0        0x0
 .iplt          0x08002aa0        0x0 c:/program files (x86)/gnu arm embedded toolchain/10 2020-q4-major/bin/../lib/gcc/arm-none-eabi/10.2.1/thumb/v7e-m+dp/hard/crtbegin.o

.rodata         0x08002aa0       0x10
                0x08002aa0                . = ALIGN (0x4)
 *(.rodata)
 *(.rodata*)
 .rodata.D1CorePrescTable
                0x08002aa0       0x10 build/system_stm32h7xx.o
                0x08002aa0                D1CorePrescTable
                0x08002ab0                . = ALIGN (0x4)

.ARM.extab
 *(.ARM.extab* .gnu.linkonce.armextab.*)

.ARM            0x08002ab0        0x8
                0x08002ab0                __exidx_start = .
 *(.ARM.exidx*)
 .ARM.exidx     0x08002ab0        0x8 c:/program files (x86)/gnu arm embedded toolchain/10 2020-q4-major/bin/../lib/gcc/arm-none-eabi/10.2.1/thumb/v7e-m+dp/hard\libgcc.a(_udivmoddi4.o)
                0x08002ab8                __exidx_end = .

.rel.dyn        0x08002ab8        0x0
 .rel.iplt      0x08002ab8        0x0 c:/program files (x86)/gnu arm embedded toolchain/10 2020-q4-major/bin/../lib/gcc/arm-none-eabi/10.2.1/thumb/v7e-m+dp/hard/crtbegin.o

.preinit_array  0x08002ab8        0x0
                0x08002ab8                PROVIDE (__preinit_array_start = .)
 *(.preinit_array*)
                0x08002ab8                PROVIDE (__preinit_array_end = .)

.init_array     0x08002ab8        0x4
                0x08002ab8                PROVIDE (__init_array_start = .)
 *(SORT_BY_NAME(.init_array.*))
 *(.init_array*)
 .init_array    0x08002ab8        0x4 c:/program files (x86)/gnu arm embedded toolchain/10 2020-q4-major/bin/../lib/gcc/arm-none-eabi/10.2.1/thumb/v7e-m+dp/hard/crtbegin.o
                0x08002abc                PROVIDE (__init_array_end = .)

.fini_array     0x08002abc        0x4
                [!provide]                PROVIDE (__fini_array_start = .)
 *(SORT_BY_NAME(.fini_array.*))
 *(.fini_array*)
 .fini_array    0x08002abc        0x4 c:/program files (x86)/gnu arm embedded toolchain/10 2020-q4-major/bin/../lib/gcc/arm-none-eabi/10.2.1/thumb/v7e-m+dp/hard/crtbegin.o
                [!provide]                PROVIDE (__fini_array_end = .)
                0x08002ac0                _sidata = LOADADDR (.data)

.data           0x20000400       0x3c load address 0x08002ac0
                0x20000400                . = ALIGN (0x4)
                0x20000400                _sdata = .
 *(.data)
 *(.data*)
 .data.Debug_PC0
                0x20000400        0x7 build/main.o
                0x20000400                Debug_PC0
 *fill*         0x20000407        0x1 
 .data.Led1     0x20000408        0x8 build/main.o
                0x20000408                Led1
 .data.DebugPin
                0x20000410        0x8 build/debug_util.o
                0x20000410                DebugPin
 .data.BspGPIO  0x20000418        0xc build/Bsp_GPIO.o
                0x20000418                BspGPIO
 .data.DevLED   0x20000424        0x8 build/Dev_Led.o
                0x20000424                DevLED
 .data.SystemCoreClock
                0x2000042c        0x4 build/system_stm32h7xx.o
                0x2000042c                SystemCoreClock
 .data.SystemD2Clock
                0x20000430        0x4 build/system_stm32h7xx.o
                0x20000430                SystemD2Clock
 .data.uwTickFreq
                0x20000434        0x1 build/stm32h7xx_hal.o
                0x20000434                uwTickFreq
 *fill*         0x20000435        0x3 
 .data.uwTickPrio
                0x20000438        0x4 build/stm32h7xx_hal.o
                0x20000438                uwTickPrio
                0x2000043c                . = ALIGN (0x4)
                0x2000043c                _edata = .

.igot.plt       0x2000043c        0x0 load address 0x08002afc
 .igot.plt      0x2000043c        0x0 c:/program files (x86)/gnu arm embedded toolchain/10 2020-q4-major/bin/../lib/gcc/arm-none-eabi/10.2.1/thumb/v7e-m+dp/hard/crtbegin.o
                0x2000043c                . = ALIGN (0x4)

.bss            0x20000440       0x48 load address 0x08002afc
                0x20000440                _sbss = .
                0x20000440                __bss_start__ = _sbss
 *(.bss)
 .bss           0x20000440       0x1c c:/program files (x86)/gnu arm embedded toolchain/10 2020-q4-major/bin/../lib/gcc/arm-none-eabi/10.2.1/thumb/v7e-m+dp/hard/crtbegin.o
 *(.bss*)
 *fill*         0x2000045c        0x4 
 .bss.RunTime   0x20000460       0x20 build/runtime.o
 .bss.sysclock  0x20000480        0x4 build/runtime.o
 .bss.uwTick    0x20000484        0x4 build/stm32h7xx_hal.o
                0x20000484                uwTick
 *(COMMON)
                0x20000488                . = ALIGN (0x4)
                0x20000488                _ebss = .
                0x20000488                __bss_end__ = _ebss

._user_heap_stack
                0x20000488     0x1000 load address 0x08002afc
                0x20000488                . = ALIGN (0x8)
                [!provide]                PROVIDE (end = .)
                [!provide]                PROVIDE (_end = .)
                0x20000c88                . = (. + _Min_Heap_Size)
 *fill*         0x20000488      0x800 
                0x20001488                . = (. + _Min_Stack_Size)
 *fill*         0x20000c88      0x800 
                0x20001488                . = ALIGN (0x8)

/DISCARD/
 libc.a(*)
 libm.a(*)
 libgcc.a(*)

.ARM.attributes
                0x00000000       0x2e
 *(.ARM.attributes)
 .ARM.attributes
                0x00000000       0x1e c:/program files (x86)/gnu arm embedded toolchain/10 2020-q4-major/bin/../lib/gcc/arm-none-eabi/10.2.1/thumb/v7e-m+dp/hard/crti.o
 .ARM.attributes
                0x0000001e       0x32 c:/program files (x86)/gnu arm embedded toolchain/10 2020-q4-major/bin/../lib/gcc/arm-none-eabi/10.2.1/thumb/v7e-m+dp/hard/crtbegin.o
 .ARM.attributes
                0x00000050       0x32 build/main.o
 .ARM.attributes
                0x00000082       0x32 build/debug_util.o
 .ARM.attributes
                0x000000b4       0x32 build/Bsp_GPIO.o
 .ARM.attributes
                0x000000e6       0x32 build/Dev_Led.o
 .ARM.attributes
                0x00000118       0x32 build/kernel.o
 .ARM.attributes
                0x0000014a       0x32 build/runtime.o
 .ARM.attributes
                0x0000017c       0x32 build/stm32h7xx_it.o
 .ARM.attributes
                0x000001ae       0x32 build/system_stm32h7xx.o
 .ARM.attributes
                0x000001e0       0x32 build/stm32h7xx_hal.o
 .ARM.attributes
                0x00000212       0x32 build/stm32h7xx_hal_cortex.o
 .ARM.attributes
                0x00000244       0x32 build/stm32h7xx_hal_rcc.o
 .ARM.attributes
                0x00000276       0x32 build/stm32h7xx_hal_rcc_ex.o
 .ARM.attributes
                0x000002a8       0x32 build/stm32h7xx_hal_gpio.o
 .ARM.attributes
                0x000002da       0x32 build/stm32h7xx_hal_pwr_ex.o
 .ARM.attributes
                0x0000030c       0x21 build/startup_stm32h743xx.o
 .ARM.attributes
                0x0000032d       0x32 c:/program files (x86)/gnu arm embedded toolchain/10 2020-q4-major/bin/../lib/gcc/arm-none-eabi/10.2.1/../../../../arm-none-eabi/lib/thumb/v7e-m+dp/hard\libc_nano.a(lib_a-init.o)
 .ARM.attributes
                0x0000035f       0x32 c:/program files (x86)/gnu arm embedded toolchain/10 2020-q4-major/bin/../lib/gcc/arm-none-eabi/10.2.1/../../../../arm-none-eabi/lib/thumb/v7e-m+dp/hard\libc_nano.a(lib_a-memcpy-stub.o)
 .ARM.attributes
                0x00000391       0x32 c:/program files (x86)/gnu arm embedded toolchain/10 2020-q4-major/bin/../lib/gcc/arm-none-eabi/10.2.1/../../../../arm-none-eabi/lib/thumb/v7e-m+dp/hard\libc_nano.a(lib_a-memset.o)
 .ARM.attributes
                0x000003c3       0x1e c:/program files (x86)/gnu arm embedded toolchain/10 2020-q4-major/bin/../lib/gcc/arm-none-eabi/10.2.1/thumb/v7e-m+dp/hard\libgcc.a(_aeabi_uldivmod.o)
 .ARM.attributes
                0x000003e1       0x32 c:/program files (x86)/gnu arm embedded toolchain/10 2020-q4-major/bin/../lib/gcc/arm-none-eabi/10.2.1/thumb/v7e-m+dp/hard\libgcc.a(_udivmoddi4.o)
 .ARM.attributes
                0x00000413       0x1e c:/program files (x86)/gnu arm embedded toolchain/10 2020-q4-major/bin/../lib/gcc/arm-none-eabi/10.2.1/thumb/v7e-m+dp/hard\libgcc.a(_dvmd_tls.o)
 .ARM.attributes
                0x00000431       0x1e c:/program files (x86)/gnu arm embedded toolchain/10 2020-q4-major/bin/../lib/gcc/arm-none-eabi/10.2.1/thumb/v7e-m+dp/hard/crtn.o
OUTPUT(build/H7FC.elf elf32-littlearm)
LOAD linker stubs
LOAD c:/program files (x86)/gnu arm embedded toolchain/10 2020-q4-major/bin/../lib/gcc/arm-none-eabi/10.2.1/../../../../arm-none-eabi/lib/thumb/v7e-m+dp/hard\libc.a
LOAD c:/program files (x86)/gnu arm embedded toolchain/10 2020-q4-major/bin/../lib/gcc/arm-none-eabi/10.2.1/../../../../arm-none-eabi/lib/thumb/v7e-m+dp/hard\libm.a
LOAD c:/program files (x86)/gnu arm embedded toolchain/10 2020-q4-major/bin/../lib/gcc/arm-none-eabi/10.2.1/thumb/v7e-m+dp/hard\libgcc.a

.debug_info     0x00000000     0xcd6c
 .debug_info    0x00000000      0x49d build/main.o
 .debug_info    0x0000049d      0x488 build/debug_util.o
 .debug_info    0x00000925      0x9ed build/Bsp_GPIO.o
 .debug_info    0x00001312      0x45f build/Dev_Led.o
 .debug_info    0x00001771     0x1598 build/kernel.o
 .debug_info    0x00002d09      0xf9e build/runtime.o
 .debug_info    0x00003ca7      0x161 build/stm32h7xx_it.o
 .debug_info    0x00003e08      0xeb5 build/system_stm32h7xx.o
 .debug_info    0x00004cbd     0x18de build/stm32h7xx_hal.o
 .debug_info    0x0000659b     0x1507 build/stm32h7xx_hal_cortex.o
 .debug_info    0x00007aa2     0x13ce build/stm32h7xx_hal_rcc.o
 .debug_info    0x00008e70     0x1c06 build/stm32h7xx_hal_rcc_ex.o
 .debug_info    0x0000aa76      0xee1 build/stm32h7xx_hal_gpio.o
 .debug_info    0x0000b957     0x13f3 build/stm32h7xx_hal_pwr_ex.o
 .debug_info    0x0000cd4a       0x22 build/startup_stm32h743xx.o

.debug_abbrev   0x00000000     0x1e8e
 .debug_abbrev  0x00000000      0x1f8 build/main.o
 .debug_abbrev  0x000001f8      0x1d0 build/debug_util.o
 .debug_abbrev  0x000003c8      0x20b build/Bsp_GPIO.o
 .debug_abbrev  0x000005d3      0x1b4 build/Dev_Led.o
 .debug_abbrev  0x00000787      0x263 build/kernel.o
 .debug_abbrev  0x000009ea      0x2e5 build/runtime.o
 .debug_abbrev  0x00000ccf       0x81 build/stm32h7xx_it.o
 .debug_abbrev  0x00000d50      0x12a build/system_stm32h7xx.o
 .debug_abbrev  0x00000e7a      0x261 build/stm32h7xx_hal.o
 .debug_abbrev  0x000010db      0x395 build/stm32h7xx_hal_cortex.o
 .debug_abbrev  0x00001470      0x27d build/stm32h7xx_hal_rcc.o
 .debug_abbrev  0x000016ed      0x286 build/stm32h7xx_hal_rcc_ex.o
 .debug_abbrev  0x00001973      0x253 build/stm32h7xx_hal_gpio.o
 .debug_abbrev  0x00001bc6      0x2b6 build/stm32h7xx_hal_pwr_ex.o
 .debug_abbrev  0x00001e7c       0x12 build/startup_stm32h743xx.o

.debug_loc      0x00000000     0x4797
 .debug_loc     0x00000000       0x6f build/main.o
 .debug_loc     0x0000006f       0xbc build/debug_util.o
 .debug_loc     0x0000012b      0x163 build/Bsp_GPIO.o
 .debug_loc     0x0000028e       0xbc build/Dev_Led.o
 .debug_loc     0x0000034a       0xe8 build/kernel.o
 .debug_loc     0x00000432      0x371 build/runtime.o
 .debug_loc     0x000007a3       0x20 build/stm32h7xx_it.o
 .debug_loc     0x000007c3      0x1d8 build/system_stm32h7xx.o
 .debug_loc     0x0000099b      0x526 build/stm32h7xx_hal.o
 .debug_loc     0x00000ec1      0x786 build/stm32h7xx_hal_cortex.o
 .debug_loc     0x00001647      0xa9b build/stm32h7xx_hal_rcc.o
 .debug_loc     0x000020e2     0x1bd8 build/stm32h7xx_hal_rcc_ex.o
 .debug_loc     0x00003cba      0x482 build/stm32h7xx_hal_gpio.o
 .debug_loc     0x0000413c      0x65b build/stm32h7xx_hal_pwr_ex.o

.debug_aranges  0x00000000      0x7a0
 .debug_aranges
                0x00000000       0x28 build/main.o
 .debug_aranges
                0x00000028       0x30 build/debug_util.o
 .debug_aranges
                0x00000058       0x30 build/Bsp_GPIO.o
 .debug_aranges
                0x00000088       0x28 build/Dev_Led.o
 .debug_aranges
                0x000000b0       0x28 build/kernel.o
 .debug_aranges
                0x000000d8       0xa0 build/runtime.o
 .debug_aranges
                0x00000178       0x60 build/stm32h7xx_it.o
 .debug_aranges
                0x000001d8       0x28 build/system_stm32h7xx.o
 .debug_aranges
                0x00000200      0x198 build/stm32h7xx_hal.o
 .debug_aranges
                0x00000398       0xb0 build/stm32h7xx_hal_cortex.o
 .debug_aranges
                0x00000448       0x88 build/stm32h7xx_hal_rcc.o
 .debug_aranges
                0x000004d0       0xf8 build/stm32h7xx_hal_rcc_ex.o
 .debug_aranges
                0x000005c8       0x58 build/stm32h7xx_hal_gpio.o
 .debug_aranges
                0x00000620      0x158 build/stm32h7xx_hal_pwr_ex.o
 .debug_aranges
                0x00000778       0x28 build/startup_stm32h743xx.o

.debug_ranges   0x00000000      0x7e8
 .debug_ranges  0x00000000       0x18 build/main.o
 .debug_ranges  0x00000018       0x20 build/debug_util.o
 .debug_ranges  0x00000038       0x20 build/Bsp_GPIO.o
 .debug_ranges  0x00000058       0x18 build/Dev_Led.o
 .debug_ranges  0x00000070       0x18 build/kernel.o
 .debug_ranges  0x00000088       0x90 build/runtime.o
 .debug_ranges  0x00000118       0x50 build/stm32h7xx_it.o
 .debug_ranges  0x00000168       0x18 build/system_stm32h7xx.o
 .debug_ranges  0x00000180      0x188 build/stm32h7xx_hal.o
 .debug_ranges  0x00000308      0x100 build/stm32h7xx_hal_cortex.o
 .debug_ranges  0x00000408       0xe8 build/stm32h7xx_hal_rcc.o
 .debug_ranges  0x000004f0       0xe8 build/stm32h7xx_hal_rcc_ex.o
 .debug_ranges  0x000005d8       0x48 build/stm32h7xx_hal_gpio.o
 .debug_ranges  0x00000620      0x1a8 build/stm32h7xx_hal_pwr_ex.o
 .debug_ranges  0x000007c8       0x20 build/startup_stm32h743xx.o

.debug_line     0x00000000     0x6d7b
 .debug_line    0x00000000      0x24a build/main.o
 .debug_line    0x0000024a      0x276 build/debug_util.o
 .debug_line    0x000004c0      0x2ad build/Bsp_GPIO.o
 .debug_line    0x0000076d      0x23b build/Dev_Led.o
 .debug_line    0x000009a8      0x601 build/kernel.o
 .debug_line    0x00000fa9      0x53b build/runtime.o
 .debug_line    0x000014e4      0x15c build/stm32h7xx_it.o
 .debug_line    0x00001640      0x47a build/system_stm32h7xx.o
 .debug_line    0x00001aba      0x8e1 build/stm32h7xx_hal.o
 .debug_line    0x0000239b      0x7ac build/stm32h7xx_hal_cortex.o
 .debug_line    0x00002b47     0x128a build/stm32h7xx_hal_rcc.o
 .debug_line    0x00003dd1     0x1dc0 build/stm32h7xx_hal_rcc_ex.o
 .debug_line    0x00005b91      0x6d3 build/stm32h7xx_hal_gpio.o
 .debug_line    0x00006264      0xaa1 build/stm32h7xx_hal_pwr_ex.o
 .debug_line    0x00006d05       0x76 build/startup_stm32h743xx.o

.debug_str      0x00000000     0x3565
 .debug_str     0x00000000      0x2c8 build/main.o
                                0x335 (size before relaxing)
 .debug_str     0x000002c8       0xe8 build/debug_util.o
                                0x306 (size before relaxing)
 .debug_str     0x000003b0      0x294 build/Bsp_GPIO.o
                                0x516 (size before relaxing)
 .debug_str     0x00000644       0x3e build/Dev_Led.o
                                0x2f1 (size before relaxing)
 .debug_str     0x00000682      0x7d4 build/kernel.o
                                0xba8 (size before relaxing)
 .debug_str     0x00000e56      0xb4f build/runtime.o
                                0xf51 (size before relaxing)
 .debug_str     0x000019a5       0xb0 build/stm32h7xx_it.o
                                0x218 (size before relaxing)
 .debug_str     0x00001a55      0x216 build/system_stm32h7xx.o
                                0x714 (size before relaxing)
 .debug_str     0x00001c6b      0x733 build/stm32h7xx_hal.o
                               0x148d (size before relaxing)
 .debug_str     0x0000239e      0x3fe build/stm32h7xx_hal_cortex.o
                               0x1025 (size before relaxing)
 .debug_str     0x0000279c      0x19f build/stm32h7xx_hal_rcc.o
                                0x9f7 (size before relaxing)
 .debug_str     0x0000293b      0x5da build/stm32h7xx_hal_rcc_ex.o
                                0xed9 (size before relaxing)
 .debug_str     0x00002f15       0xdb build/stm32h7xx_hal_gpio.o
                                0x6b1 (size before relaxing)
 .debug_str     0x00002ff0      0x551 build/stm32h7xx_hal_pwr_ex.o
                                0xa26 (size before relaxing)
 .debug_str     0x00003541       0x24 build/startup_stm32h743xx.o
                                 0x45 (size before relaxing)

.comment        0x00000000       0x4d
 .comment       0x00000000       0x4d build/main.o
                                 0x4e (size before relaxing)
 .comment       0x0000004d       0x4e build/debug_util.o
 .comment       0x0000004d       0x4e build/Bsp_GPIO.o
 .comment       0x0000004d       0x4e build/Dev_Led.o
 .comment       0x0000004d       0x4e build/kernel.o
 .comment       0x0000004d       0x4e build/runtime.o
 .comment       0x0000004d       0x4e build/stm32h7xx_it.o
 .comment       0x0000004d       0x4e build/system_stm32h7xx.o
 .comment       0x0000004d       0x4e build/stm32h7xx_hal.o
 .comment       0x0000004d       0x4e build/stm32h7xx_hal_cortex.o
 .comment       0x0000004d       0x4e build/stm32h7xx_hal_rcc.o
 .comment       0x0000004d       0x4e build/stm32h7xx_hal_rcc_ex.o
 .comment       0x0000004d       0x4e build/stm32h7xx_hal_gpio.o
 .comment       0x0000004d       0x4e build/stm32h7xx_hal_pwr_ex.o

.debug_frame    0x00000000     0x1140
 .debug_frame   0x00000000       0x48 build/main.o
 .debug_frame   0x00000048       0x60 build/debug_util.o
 .debug_frame   0x000000a8       0x6c build/Bsp_GPIO.o
 .debug_frame   0x00000114       0x50 build/Dev_Led.o
 .debug_frame   0x00000164       0x48 build/kernel.o
 .debug_frame   0x000001ac      0x164 build/runtime.o
 .debug_frame   0x00000310       0xa8 build/stm32h7xx_it.o
 .debug_frame   0x000003b8       0x3c build/system_stm32h7xx.o
 .debug_frame   0x000003f4      0x360 build/stm32h7xx_hal.o
 .debug_frame   0x00000754      0x158 build/stm32h7xx_hal_cortex.o
 .debug_frame   0x000008ac      0x18c build/stm32h7xx_hal_rcc.o
 .debug_frame   0x00000a38      0x26c build/stm32h7xx_hal_rcc_ex.o
 .debug_frame   0x00000ca4       0xd4 build/stm32h7xx_hal_gpio.o
 .debug_frame   0x00000d78      0x2f4 build/stm32h7xx_hal_pwr_ex.o
 .debug_frame   0x0000106c       0x2c c:/program files (x86)/gnu arm embedded toolchain/10 2020-q4-major/bin/../lib/gcc/arm-none-eabi/10.2.1/../../../../arm-none-eabi/lib/thumb/v7e-m+dp/hard\libc_nano.a(lib_a-init.o)
 .debug_frame   0x00001098       0x28 c:/program files (x86)/gnu arm embedded toolchain/10 2020-q4-major/bin/../lib/gcc/arm-none-eabi/10.2.1/../../../../arm-none-eabi/lib/thumb/v7e-m+dp/hard\libc_nano.a(lib_a-memcpy-stub.o)
 .debug_frame   0x000010c0       0x20 c:/program files (x86)/gnu arm embedded toolchain/10 2020-q4-major/bin/../lib/gcc/arm-none-eabi/10.2.1/../../../../arm-none-eabi/lib/thumb/v7e-m+dp/hard\libc_nano.a(lib_a-memset.o)
 .debug_frame   0x000010e0       0x2c c:/program files (x86)/gnu arm embedded toolchain/10 2020-q4-major/bin/../lib/gcc/arm-none-eabi/10.2.1/thumb/v7e-m+dp/hard\libgcc.a(_aeabi_uldivmod.o)
 .debug_frame   0x0000110c       0x34 c:/program files (x86)/gnu arm embedded toolchain/10 2020-q4-major/bin/../lib/gcc/arm-none-eabi/10.2.1/thumb/v7e-m+dp/hard\libgcc.a(_udivmoddi4.o)

Cross Reference Table

Symbol                                            File
ADC3_IRQHandler                                   build/startup_stm32h743xx.o
ADC_IRQHandler                                    build/startup_stm32h743xx.o
BDMA_Channel0_IRQHandler                          build/startup_stm32h743xx.o
BDMA_Channel1_IRQHandler                          build/startup_stm32h743xx.o
BDMA_Channel2_IRQHandler                          build/startup_stm32h743xx.o
BDMA_Channel3_IRQHandler                          build/startup_stm32h743xx.o
BDMA_Channel4_IRQHandler                          build/startup_stm32h743xx.o
BDMA_Channel5_IRQHandler                          build/startup_stm32h743xx.o
BDMA_Channel6_IRQHandler                          build/startup_stm32h743xx.o
BDMA_Channel7_IRQHandler                          build/startup_stm32h743xx.o
BspGPIO                                           build/Bsp_GPIO.o
                                                  build/Dev_Led.o
                                                  build/debug_util.o
BusFault_Handler                                  build/stm32h7xx_it.o
CEC_IRQHandler                                    build/startup_stm32h743xx.o
COMP1_IRQHandler                                  build/startup_stm32h743xx.o
CRS_IRQHandler                                    build/startup_stm32h743xx.o
D1CorePrescTable                                  build/system_stm32h7xx.o
                                                  build/stm32h7xx_hal_rcc_ex.o
                                                  build/stm32h7xx_hal_rcc.o
                                                  build/stm32h7xx_hal.o
DCMI_IRQHandler                                   build/startup_stm32h743xx.o
DFSDM1_FLT0_IRQHandler                            build/startup_stm32h743xx.o
DFSDM1_FLT1_IRQHandler                            build/startup_stm32h743xx.o
DFSDM1_FLT2_IRQHandler                            build/startup_stm32h743xx.o
DFSDM1_FLT3_IRQHandler                            build/startup_stm32h743xx.o
DMA1_Stream0_IRQHandler                           build/startup_stm32h743xx.o
DMA1_Stream1_IRQHandler                           build/startup_stm32h743xx.o
DMA1_Stream2_IRQHandler                           build/startup_stm32h743xx.o
DMA1_Stream3_IRQHandler                           build/startup_stm32h743xx.o
DMA1_Stream4_IRQHandler                           build/startup_stm32h743xx.o
DMA1_Stream5_IRQHandler                           build/startup_stm32h743xx.o
DMA1_Stream6_IRQHandler                           build/startup_stm32h743xx.o
DMA1_Stream7_IRQHandler                           build/startup_stm32h743xx.o
DMA2D_IRQHandler                                  build/startup_stm32h743xx.o
DMA2_Stream0_IRQHandler                           build/startup_stm32h743xx.o
DMA2_Stream1_IRQHandler                           build/startup_stm32h743xx.o
DMA2_Stream2_IRQHandler                           build/startup_stm32h743xx.o
DMA2_Stream3_IRQHandler                           build/startup_stm32h743xx.o
DMA2_Stream4_IRQHandler                           build/startup_stm32h743xx.o
DMA2_Stream5_IRQHandler                           build/startup_stm32h743xx.o
DMA2_Stream6_IRQHandler                           build/startup_stm32h743xx.o
DMA2_Stream7_IRQHandler                           build/startup_stm32h743xx.o
DMAMUX1_OVR_IRQHandler                            build/startup_stm32h743xx.o
DMAMUX2_OVR_IRQHandler                            build/startup_stm32h743xx.o
DebugMon_Handler                                  build/stm32h7xx_it.o
DebugPin                                          build/debug_util.o
                                                  build/main.o
Debug_PC0                                         build/main.o
Default_Handler                                   build/startup_stm32h743xx.o
DevLED                                            build/Dev_Led.o
                                                  build/main.o
ECC_IRQHandler                                    build/startup_stm32h743xx.o
ETH_IRQHandler                                    build/startup_stm32h743xx.o
ETH_WKUP_IRQHandler                               build/startup_stm32h743xx.o
EXTI0_IRQHandler                                  build/startup_stm32h743xx.o
EXTI15_10_IRQHandler                              build/startup_stm32h743xx.o
EXTI1_IRQHandler                                  build/startup_stm32h743xx.o
EXTI2_IRQHandler                                  build/startup_stm32h743xx.o
EXTI3_IRQHandler                                  build/startup_stm32h743xx.o
EXTI4_IRQHandler                                  build/startup_stm32h743xx.o
EXTI9_5_IRQHandler                                build/startup_stm32h743xx.o
FDCAN1_IT0_IRQHandler                             build/startup_stm32h743xx.o
FDCAN1_IT1_IRQHandler                             build/startup_stm32h743xx.o
FDCAN2_IT0_IRQHandler                             build/startup_stm32h743xx.o
FDCAN2_IT1_IRQHandler                             build/startup_stm32h743xx.o
FDCAN_CAL_IRQHandler                              build/startup_stm32h743xx.o
FLASH_CRC_WaitForLastOperation                    build/stm32h7xx_hal_flash.o
                                                  build/stm32h7xx_hal_flash_ex.o
FLASH_Erase_Sector                                build/stm32h7xx_hal_flash_ex.o
                                                  build/stm32h7xx_hal_flash.o
FLASH_IRQHandler                                  build/startup_stm32h743xx.o
FLASH_OB_WaitForLastOperation                     build/stm32h7xx_hal_flash.o
                                                  build/stm32h7xx_hal_flash_ex.o
FLASH_WaitForLastOperation                        build/stm32h7xx_hal_flash.o
                                                  build/stm32h7xx_hal_flash_ex.o
FMC_IRQHandler                                    build/startup_stm32h743xx.o
FPU_IRQHandler                                    build/startup_stm32h743xx.o
Get_CurrentRunningMs                              build/runtime.o
                                                  build/main.o
Get_CurrentRunningS                               build/runtime.o
Get_CurrentRunningUs                              build/runtime.o
Get_RuntimeState                                  build/runtime.o
Get_TargetRunTime                                 build/runtime.o
Get_TimeDifference                                build/runtime.o
Get_TimeDifference_Between                        build/runtime.o
HAL_DBGMCU_DisableDBGSleepMode                    build/stm32h7xx_hal.o
HAL_DBGMCU_DisableDBGStandbyMode                  build/stm32h7xx_hal.o
HAL_DBGMCU_DisableDBGStopMode                     build/stm32h7xx_hal.o
HAL_DBGMCU_EnableDBGSleepMode                     build/stm32h7xx_hal.o
HAL_DBGMCU_EnableDBGStandbyMode                   build/stm32h7xx_hal.o
HAL_DBGMCU_EnableDBGStopMode                      build/stm32h7xx_hal.o
HAL_DMAEx_ChangeMemory                            build/stm32h7xx_hal_dma_ex.o
HAL_DMAEx_ConfigMuxRequestGenerator               build/stm32h7xx_hal_dma_ex.o
HAL_DMAEx_ConfigMuxSync                           build/stm32h7xx_hal_dma_ex.o
HAL_DMAEx_DisableMuxRequestGenerator              build/stm32h7xx_hal_dma_ex.o
HAL_DMAEx_EnableMuxRequestGenerator               build/stm32h7xx_hal_dma_ex.o
HAL_DMAEx_MUX_IRQHandler                          build/stm32h7xx_hal_dma_ex.o
HAL_DMAEx_MultiBufferStart                        build/stm32h7xx_hal_dma_ex.o
HAL_DMAEx_MultiBufferStart_IT                     build/stm32h7xx_hal_dma_ex.o
HAL_DMA_Abort                                     build/stm32h7xx_hal_dma.o
HAL_DMA_Abort_IT                                  build/stm32h7xx_hal_dma.o
                                                  build/stm32h7xx_hal_i2c.o
HAL_DMA_DeInit                                    build/stm32h7xx_hal_dma.o
HAL_DMA_GetError                                  build/stm32h7xx_hal_dma.o
                                                  build/stm32h7xx_hal_i2c.o
HAL_DMA_GetState                                  build/stm32h7xx_hal_dma.o
                                                  build/stm32h7xx_hal_i2c.o
HAL_DMA_IRQHandler                                build/stm32h7xx_hal_dma.o
HAL_DMA_Init                                      build/stm32h7xx_hal_dma.o
HAL_DMA_PollForTransfer                           build/stm32h7xx_hal_dma.o
HAL_DMA_RegisterCallback                          build/stm32h7xx_hal_dma.o
HAL_DMA_Start                                     build/stm32h7xx_hal_dma.o
HAL_DMA_Start_IT                                  build/stm32h7xx_hal_dma.o
                                                  build/stm32h7xx_hal_i2c.o
HAL_DMA_UnRegisterCallback                        build/stm32h7xx_hal_dma.o
HAL_DeInit                                        build/stm32h7xx_hal.o
HAL_Delay                                         build/stm32h7xx_hal.o
HAL_DisableCompensationCell                       build/stm32h7xx_hal.o
HAL_EXTI_ClearConfigLine                          build/stm32h7xx_hal_exti.o
HAL_EXTI_ClearPending                             build/stm32h7xx_hal_exti.o
HAL_EXTI_D1_ClearFlag                             build/stm32h7xx_hal.o
HAL_EXTI_D1_EventInputConfig                      build/stm32h7xx_hal.o
HAL_EXTI_D3_EventInputConfig                      build/stm32h7xx_hal.o
HAL_EXTI_EdgeConfig                               build/stm32h7xx_hal.o
HAL_EXTI_GenerateSWI                              build/stm32h7xx_hal_exti.o
HAL_EXTI_GenerateSWInterrupt                      build/stm32h7xx_hal.o
HAL_EXTI_GetConfigLine                            build/stm32h7xx_hal_exti.o
HAL_EXTI_GetHandle                                build/stm32h7xx_hal_exti.o
HAL_EXTI_GetPending                               build/stm32h7xx_hal_exti.o
HAL_EXTI_IRQHandler                               build/stm32h7xx_hal_exti.o
HAL_EXTI_RegisterCallback                         build/stm32h7xx_hal_exti.o
HAL_EXTI_SetConfigLine                            build/stm32h7xx_hal_exti.o
HAL_EnableCompensationCell                        build/stm32h7xx_hal.o
HAL_FLASHEx_ComputeCRC                            build/stm32h7xx_hal_flash_ex.o
HAL_FLASHEx_Erase                                 build/stm32h7xx_hal_flash_ex.o
HAL_FLASHEx_Erase_IT                              build/stm32h7xx_hal_flash_ex.o
HAL_FLASHEx_Lock_Bank1                            build/stm32h7xx_hal_flash_ex.o
HAL_FLASHEx_Lock_Bank2                            build/stm32h7xx_hal_flash_ex.o
HAL_FLASHEx_OBGetConfig                           build/stm32h7xx_hal_flash_ex.o
HAL_FLASHEx_OBProgram                             build/stm32h7xx_hal_flash_ex.o
HAL_FLASHEx_Unlock_Bank1                          build/stm32h7xx_hal_flash_ex.o
HAL_FLASHEx_Unlock_Bank2                          build/stm32h7xx_hal_flash_ex.o
HAL_FLASH_EndOfOperationCallback                  build/stm32h7xx_hal_flash.o
HAL_FLASH_GetError                                build/stm32h7xx_hal_flash.o
HAL_FLASH_IRQHandler                              build/stm32h7xx_hal_flash.o
HAL_FLASH_Lock                                    build/stm32h7xx_hal_flash.o
HAL_FLASH_OB_Launch                               build/stm32h7xx_hal_flash.o
HAL_FLASH_OB_Lock                                 build/stm32h7xx_hal_flash.o
HAL_FLASH_OB_Unlock                               build/stm32h7xx_hal_flash.o
HAL_FLASH_OperationErrorCallback                  build/stm32h7xx_hal_flash.o
HAL_FLASH_Program                                 build/stm32h7xx_hal_flash.o
HAL_FLASH_Program_IT                              build/stm32h7xx_hal_flash.o
HAL_FLASH_Unlock                                  build/stm32h7xx_hal_flash.o
HAL_GPIO_DeInit                                   build/stm32h7xx_hal_gpio.o
HAL_GPIO_EXTI_Callback                            build/stm32h7xx_hal_gpio.o
HAL_GPIO_EXTI_IRQHandler                          build/stm32h7xx_hal_gpio.o
HAL_GPIO_Init                                     build/stm32h7xx_hal_gpio.o
                                                  build/stm32h7xx_hal_rcc.o
                                                  build/Bsp_GPIO.o
HAL_GPIO_LockPin                                  build/stm32h7xx_hal_gpio.o
HAL_GPIO_ReadPin                                  build/stm32h7xx_hal_gpio.o
                                                  build/Bsp_GPIO.o
HAL_GPIO_TogglePin                                build/stm32h7xx_hal_gpio.o
HAL_GPIO_WritePin                                 build/stm32h7xx_hal_gpio.o
                                                  build/Bsp_GPIO.o
HAL_GetCurrentCPUID                               build/stm32h7xx_hal_cortex.o
HAL_GetDEVID                                      build/stm32h7xx_hal.o
HAL_GetFMCMemorySwappingConfig                    build/stm32h7xx_hal.o
HAL_GetHalVersion                                 build/stm32h7xx_hal.o
HAL_GetREVID                                      build/stm32h7xx_hal.o
                                                  build/stm32h7xx_hal_rcc_ex.o
                                                  build/stm32h7xx_hal_rcc.o
HAL_GetTick                                       build/stm32h7xx_hal.o
                                                  build/stm32h7xx_hal_i2c.o
                                                  build/stm32h7xx_hal_pwr_ex.o
                                                  build/stm32h7xx_hal_mdma.o
                                                  build/stm32h7xx_hal_dma.o
                                                  build/stm32h7xx_hal_flash.o
                                                  build/stm32h7xx_hal_rcc_ex.o
                                                  build/stm32h7xx_hal_rcc.o
HAL_GetTickFreq                                   build/stm32h7xx_hal.o
HAL_GetTickPrio                                   build/stm32h7xx_hal.o
HAL_GetUIDw0                                      build/stm32h7xx_hal.o
HAL_GetUIDw1                                      build/stm32h7xx_hal.o
HAL_GetUIDw2                                      build/stm32h7xx_hal.o
HAL_HSEM_ActivateNotification                     build/stm32h7xx_hal_hsem.o
HAL_HSEM_DeactivateNotification                   build/stm32h7xx_hal_hsem.o
HAL_HSEM_FastTake                                 build/stm32h7xx_hal_hsem.o
HAL_HSEM_FreeCallback                             build/stm32h7xx_hal_hsem.o
HAL_HSEM_GetClearKey                              build/stm32h7xx_hal_hsem.o
HAL_HSEM_IRQHandler                               build/stm32h7xx_hal_hsem.o
HAL_HSEM_IsSemTaken                               build/stm32h7xx_hal_hsem.o
HAL_HSEM_Release                                  build/stm32h7xx_hal_hsem.o
HAL_HSEM_ReleaseAll                               build/stm32h7xx_hal_hsem.o
HAL_HSEM_SetClearKey                              build/stm32h7xx_hal_hsem.o
HAL_HSEM_Take                                     build/stm32h7xx_hal_hsem.o
HAL_I2CEx_ConfigAnalogFilter                      build/stm32h7xx_hal_i2c_ex.o
HAL_I2CEx_ConfigDigitalFilter                     build/stm32h7xx_hal_i2c_ex.o
HAL_I2CEx_DisableFastModePlus                     build/stm32h7xx_hal_i2c_ex.o
HAL_I2CEx_DisableWakeUp                           build/stm32h7xx_hal_i2c_ex.o
HAL_I2CEx_EnableFastModePlus                      build/stm32h7xx_hal_i2c_ex.o
HAL_I2CEx_EnableWakeUp                            build/stm32h7xx_hal_i2c_ex.o
HAL_I2C_AbortCpltCallback                         build/stm32h7xx_hal_i2c.o
HAL_I2C_AddrCallback                              build/stm32h7xx_hal_i2c.o
HAL_I2C_DeInit                                    build/stm32h7xx_hal_i2c.o
HAL_I2C_DisableListen_IT                          build/stm32h7xx_hal_i2c.o
HAL_I2C_ER_IRQHandler                             build/stm32h7xx_hal_i2c.o
HAL_I2C_EV_IRQHandler                             build/stm32h7xx_hal_i2c.o
HAL_I2C_EnableListen_IT                           build/stm32h7xx_hal_i2c.o
HAL_I2C_ErrorCallback                             build/stm32h7xx_hal_i2c.o
HAL_I2C_GetError                                  build/stm32h7xx_hal_i2c.o
HAL_I2C_GetMode                                   build/stm32h7xx_hal_i2c.o
HAL_I2C_GetState                                  build/stm32h7xx_hal_i2c.o
HAL_I2C_Init                                      build/stm32h7xx_hal_i2c.o
HAL_I2C_IsDeviceReady                             build/stm32h7xx_hal_i2c.o
HAL_I2C_ListenCpltCallback                        build/stm32h7xx_hal_i2c.o
HAL_I2C_MasterRxCpltCallback                      build/stm32h7xx_hal_i2c.o
HAL_I2C_MasterTxCpltCallback                      build/stm32h7xx_hal_i2c.o
HAL_I2C_Master_Abort_IT                           build/stm32h7xx_hal_i2c.o
HAL_I2C_Master_Receive                            build/stm32h7xx_hal_i2c.o
HAL_I2C_Master_Receive_DMA                        build/stm32h7xx_hal_i2c.o
HAL_I2C_Master_Receive_IT                         build/stm32h7xx_hal_i2c.o
HAL_I2C_Master_Seq_Receive_DMA                    build/stm32h7xx_hal_i2c.o
HAL_I2C_Master_Seq_Receive_IT                     build/stm32h7xx_hal_i2c.o
HAL_I2C_Master_Seq_Transmit_DMA                   build/stm32h7xx_hal_i2c.o
HAL_I2C_Master_Seq_Transmit_IT                    build/stm32h7xx_hal_i2c.o
HAL_I2C_Master_Transmit                           build/stm32h7xx_hal_i2c.o
HAL_I2C_Master_Transmit_DMA                       build/stm32h7xx_hal_i2c.o
HAL_I2C_Master_Transmit_IT                        build/stm32h7xx_hal_i2c.o
HAL_I2C_MemRxCpltCallback                         build/stm32h7xx_hal_i2c.o
HAL_I2C_MemTxCpltCallback                         build/stm32h7xx_hal_i2c.o
HAL_I2C_Mem_Read                                  build/stm32h7xx_hal_i2c.o
HAL_I2C_Mem_Read_DMA                              build/stm32h7xx_hal_i2c.o
HAL_I2C_Mem_Read_IT                               build/stm32h7xx_hal_i2c.o
HAL_I2C_Mem_Write                                 build/stm32h7xx_hal_i2c.o
HAL_I2C_Mem_Write_DMA                             build/stm32h7xx_hal_i2c.o
HAL_I2C_Mem_Write_IT                              build/stm32h7xx_hal_i2c.o
HAL_I2C_MspDeInit                                 build/stm32h7xx_hal_i2c.o
HAL_I2C_MspInit                                   build/stm32h7xx_hal_i2c.o
HAL_I2C_SlaveRxCpltCallback                       build/stm32h7xx_hal_i2c.o
HAL_I2C_SlaveTxCpltCallback                       build/stm32h7xx_hal_i2c.o
HAL_I2C_Slave_Receive                             build/stm32h7xx_hal_i2c.o
HAL_I2C_Slave_Receive_DMA                         build/stm32h7xx_hal_i2c.o
HAL_I2C_Slave_Receive_IT                          build/stm32h7xx_hal_i2c.o
HAL_I2C_Slave_Seq_Receive_DMA                     build/stm32h7xx_hal_i2c.o
HAL_I2C_Slave_Seq_Receive_IT                      build/stm32h7xx_hal_i2c.o
HAL_I2C_Slave_Seq_Transmit_DMA                    build/stm32h7xx_hal_i2c.o
HAL_I2C_Slave_Seq_Transmit_IT                     build/stm32h7xx_hal_i2c.o
HAL_I2C_Slave_Transmit                            build/stm32h7xx_hal_i2c.o
HAL_I2C_Slave_Transmit_DMA                        build/stm32h7xx_hal_i2c.o
HAL_I2C_Slave_Transmit_IT                         build/stm32h7xx_hal_i2c.o
HAL_IncTick                                       build/stm32h7xx_hal.o
HAL_Init                                          build/stm32h7xx_hal.o
                                                  build/kernel.o
HAL_InitTick                                      build/stm32h7xx_hal.o
                                                  build/stm32h7xx_hal_rcc.o
HAL_MDMA_Abort                                    build/stm32h7xx_hal_mdma.o
HAL_MDMA_Abort_IT                                 build/stm32h7xx_hal_mdma.o
HAL_MDMA_ConfigPostRequestMask                    build/stm32h7xx_hal_mdma.o
HAL_MDMA_DeInit                                   build/stm32h7xx_hal_mdma.o
HAL_MDMA_GenerateSWRequest                        build/stm32h7xx_hal_mdma.o
HAL_MDMA_GetError                                 build/stm32h7xx_hal_mdma.o
HAL_MDMA_GetState                                 build/stm32h7xx_hal_mdma.o
HAL_MDMA_IRQHandler                               build/stm32h7xx_hal_mdma.o
HAL_MDMA_Init                                     build/stm32h7xx_hal_mdma.o
HAL_MDMA_LinkedList_AddNode                       build/stm32h7xx_hal_mdma.o
HAL_MDMA_LinkedList_CreateNode                    build/stm32h7xx_hal_mdma.o
HAL_MDMA_LinkedList_DisableCircularMode           build/stm32h7xx_hal_mdma.o
HAL_MDMA_LinkedList_EnableCircularMode            build/stm32h7xx_hal_mdma.o
HAL_MDMA_LinkedList_RemoveNode                    build/stm32h7xx_hal_mdma.o
HAL_MDMA_PollForTransfer                          build/stm32h7xx_hal_mdma.o
HAL_MDMA_RegisterCallback                         build/stm32h7xx_hal_mdma.o
HAL_MDMA_Start                                    build/stm32h7xx_hal_mdma.o
HAL_MDMA_Start_IT                                 build/stm32h7xx_hal_mdma.o
HAL_MDMA_UnRegisterCallback                       build/stm32h7xx_hal_mdma.o
HAL_MPU_ConfigRegion                              build/stm32h7xx_hal_cortex.o
HAL_MPU_Disable                                   build/stm32h7xx_hal_cortex.o
HAL_MPU_Enable                                    build/stm32h7xx_hal_cortex.o
HAL_MspDeInit                                     build/stm32h7xx_hal.o
HAL_MspInit                                       build/stm32h7xx_hal.o
HAL_NVIC_ClearPendingIRQ                          build/stm32h7xx_hal_cortex.o
HAL_NVIC_DisableIRQ                               build/stm32h7xx_hal_cortex.o
HAL_NVIC_EnableIRQ                                build/stm32h7xx_hal_cortex.o
HAL_NVIC_GetActive                                build/stm32h7xx_hal_cortex.o
HAL_NVIC_GetPendingIRQ                            build/stm32h7xx_hal_cortex.o
HAL_NVIC_GetPriority                              build/stm32h7xx_hal_cortex.o
HAL_NVIC_GetPriorityGrouping                      build/stm32h7xx_hal_cortex.o
HAL_NVIC_SetPendingIRQ                            build/stm32h7xx_hal_cortex.o
HAL_NVIC_SetPriority                              build/stm32h7xx_hal_cortex.o
                                                  build/stm32h7xx_hal.o
HAL_NVIC_SetPriorityGrouping                      build/stm32h7xx_hal_cortex.o
                                                  build/stm32h7xx_hal.o
HAL_NVIC_SystemReset                              build/stm32h7xx_hal_cortex.o
HAL_PWREx_AVDCallback                             build/stm32h7xx_hal_pwr_ex.o
HAL_PWREx_ClearPendingEvent                       build/stm32h7xx_hal_pwr_ex.o
HAL_PWREx_ClearWakeupFlag                         build/stm32h7xx_hal_pwr_ex.o
HAL_PWREx_ConfigAVD                               build/stm32h7xx_hal_pwr_ex.o
HAL_PWREx_ConfigD3Domain                          build/stm32h7xx_hal_pwr_ex.o
HAL_PWREx_ConfigSupply                            build/stm32h7xx_hal_pwr_ex.o
                                                  build/kernel.o
HAL_PWREx_ControlStopModeVoltageScaling           build/stm32h7xx_hal_pwr_ex.o
HAL_PWREx_ControlVoltageScaling                   build/stm32h7xx_hal_pwr_ex.o
HAL_PWREx_DisableAVD                              build/stm32h7xx_hal_pwr_ex.o
HAL_PWREx_DisableBatteryCharging                  build/stm32h7xx_hal_pwr_ex.o
HAL_PWREx_DisableBkUpReg                          build/stm32h7xx_hal_pwr_ex.o
HAL_PWREx_DisableFlashPowerDown                   build/stm32h7xx_hal_pwr_ex.o
HAL_PWREx_DisableMonitoring                       build/stm32h7xx_hal_pwr_ex.o
HAL_PWREx_DisableUSBReg                           build/stm32h7xx_hal_pwr_ex.o
HAL_PWREx_DisableUSBVoltageDetector               build/stm32h7xx_hal_pwr_ex.o
HAL_PWREx_DisableWakeUpPin                        build/stm32h7xx_hal_pwr_ex.o
HAL_PWREx_EnableAVD                               build/stm32h7xx_hal_pwr_ex.o
HAL_PWREx_EnableBatteryCharging                   build/stm32h7xx_hal_pwr_ex.o
HAL_PWREx_EnableBkUpReg                           build/stm32h7xx_hal_pwr_ex.o
HAL_PWREx_EnableFlashPowerDown                    build/stm32h7xx_hal_pwr_ex.o
HAL_PWREx_EnableMonitoring                        build/stm32h7xx_hal_pwr_ex.o
HAL_PWREx_EnableUSBReg                            build/stm32h7xx_hal_pwr_ex.o
HAL_PWREx_EnableUSBVoltageDetector                build/stm32h7xx_hal_pwr_ex.o
HAL_PWREx_EnableWakeUpPin                         build/stm32h7xx_hal_pwr_ex.o
HAL_PWREx_EnterSTANDBYMode                        build/stm32h7xx_hal_pwr_ex.o
HAL_PWREx_EnterSTOPMode                           build/stm32h7xx_hal_pwr_ex.o
HAL_PWREx_GetStopModeVoltageRange                 build/stm32h7xx_hal_pwr_ex.o
HAL_PWREx_GetSupplyConfig                         build/stm32h7xx_hal_pwr_ex.o
HAL_PWREx_GetTemperatureLevel                     build/stm32h7xx_hal_pwr_ex.o
HAL_PWREx_GetVBATLevel                            build/stm32h7xx_hal_pwr_ex.o
HAL_PWREx_GetVoltageRange                         build/stm32h7xx_hal_pwr_ex.o
HAL_PWREx_GetWakeupFlag                           build/stm32h7xx_hal_pwr_ex.o
HAL_PWREx_PVD_AVD_IRQHandler                      build/stm32h7xx_hal_pwr_ex.o
HAL_PWREx_WAKEUP_PIN_IRQHandler                   build/stm32h7xx_hal_pwr_ex.o
HAL_PWREx_WKUP1_Callback                          build/stm32h7xx_hal_pwr_ex.o
HAL_PWREx_WKUP2_Callback                          build/stm32h7xx_hal_pwr_ex.o
HAL_PWREx_WKUP3_Callback                          build/stm32h7xx_hal_pwr_ex.o
HAL_PWREx_WKUP4_Callback                          build/stm32h7xx_hal_pwr_ex.o
HAL_PWREx_WKUP5_Callback                          build/stm32h7xx_hal_pwr_ex.o
HAL_PWREx_WKUP6_Callback                          build/stm32h7xx_hal_pwr_ex.o
HAL_PWR_ConfigPVD                                 build/stm32h7xx_hal_pwr.o
HAL_PWR_DeInit                                    build/stm32h7xx_hal_pwr.o
HAL_PWR_DisableBkUpAccess                         build/stm32h7xx_hal_pwr.o
HAL_PWR_DisablePVD                                build/stm32h7xx_hal_pwr.o
HAL_PWR_DisableSEVOnPend                          build/stm32h7xx_hal_pwr.o
HAL_PWR_DisableSleepOnExit                        build/stm32h7xx_hal_pwr.o
HAL_PWR_DisableWakeUpPin                          build/stm32h7xx_hal_pwr.o
HAL_PWR_EnableBkUpAccess                          build/stm32h7xx_hal_pwr.o
HAL_PWR_EnablePVD                                 build/stm32h7xx_hal_pwr.o
HAL_PWR_EnableSEVOnPend                           build/stm32h7xx_hal_pwr.o
HAL_PWR_EnableSleepOnExit                         build/stm32h7xx_hal_pwr.o
HAL_PWR_EnableWakeUpPin                           build/stm32h7xx_hal_pwr.o
HAL_PWR_EnterSLEEPMode                            build/stm32h7xx_hal_pwr.o
HAL_PWR_EnterSTANDBYMode                          build/stm32h7xx_hal_pwr.o
HAL_PWR_EnterSTOPMode                             build/stm32h7xx_hal_pwr.o
HAL_PWR_PVDCallback                               build/stm32h7xx_hal_pwr.o
                                                  build/stm32h7xx_hal_pwr_ex.o
HAL_PWR_PVD_IRQHandler                            build/stm32h7xx_hal_pwr.o
HAL_RCCEx_CRSConfig                               build/stm32h7xx_hal_rcc_ex.o
HAL_RCCEx_CRSGetSynchronizationInfo               build/stm32h7xx_hal_rcc_ex.o
HAL_RCCEx_CRSSoftwareSynchronizationGenerate      build/stm32h7xx_hal_rcc_ex.o
HAL_RCCEx_CRSWaitSynchronization                  build/stm32h7xx_hal_rcc_ex.o
HAL_RCCEx_CRS_ErrorCallback                       build/stm32h7xx_hal_rcc_ex.o
HAL_RCCEx_CRS_ExpectedSyncCallback                build/stm32h7xx_hal_rcc_ex.o
HAL_RCCEx_CRS_IRQHandler                          build/stm32h7xx_hal_rcc_ex.o
HAL_RCCEx_CRS_SyncOkCallback                      build/stm32h7xx_hal_rcc_ex.o
HAL_RCCEx_CRS_SyncWarnCallback                    build/stm32h7xx_hal_rcc_ex.o
HAL_RCCEx_DisableLSECSS                           build/stm32h7xx_hal_rcc_ex.o
HAL_RCCEx_EnableLSECSS                            build/stm32h7xx_hal_rcc_ex.o
HAL_RCCEx_EnableLSECSS_IT                         build/stm32h7xx_hal_rcc_ex.o
HAL_RCCEx_GetD1PCLK1Freq                          build/stm32h7xx_hal_rcc_ex.o
HAL_RCCEx_GetD1SysClockFreq                       build/stm32h7xx_hal_rcc_ex.o
HAL_RCCEx_GetD3PCLK1Freq                          build/stm32h7xx_hal_rcc_ex.o
HAL_RCCEx_GetPLL1ClockFreq                        build/stm32h7xx_hal_rcc_ex.o
HAL_RCCEx_GetPLL2ClockFreq                        build/stm32h7xx_hal_rcc_ex.o
HAL_RCCEx_GetPLL3ClockFreq                        build/stm32h7xx_hal_rcc_ex.o
HAL_RCCEx_GetPeriphCLKConfig                      build/stm32h7xx_hal_rcc_ex.o
HAL_RCCEx_GetPeriphCLKFreq                        build/stm32h7xx_hal_rcc_ex.o
HAL_RCCEx_KerWakeUpStopCLKConfig                  build/stm32h7xx_hal_rcc_ex.o
HAL_RCCEx_LSECSS_Callback                         build/stm32h7xx_hal_rcc_ex.o
HAL_RCCEx_LSECSS_IRQHandler                       build/stm32h7xx_hal_rcc_ex.o
HAL_RCCEx_PeriphCLKConfig                         build/stm32h7xx_hal_rcc_ex.o
                                                  build/kernel.o
HAL_RCCEx_WWDGxSysResetConfig                     build/stm32h7xx_hal_rcc_ex.o
HAL_RCCEx_WakeUpStopCLKConfig                     build/stm32h7xx_hal_rcc_ex.o
HAL_RCC_CSSCallback                               build/stm32h7xx_hal_rcc.o
HAL_RCC_ClockConfig                               build/stm32h7xx_hal_rcc.o
                                                  build/kernel.o
HAL_RCC_DeInit                                    build/stm32h7xx_hal_rcc.o
HAL_RCC_DisableCSS                                build/stm32h7xx_hal_rcc.o
HAL_RCC_EnableCSS                                 build/stm32h7xx_hal_rcc.o
HAL_RCC_GetClockConfig                            build/stm32h7xx_hal_rcc.o
HAL_RCC_GetHCLKFreq                               build/stm32h7xx_hal_rcc.o
                                                  build/stm32h7xx_hal_rcc_ex.o
HAL_RCC_GetOscConfig                              build/stm32h7xx_hal_rcc.o
HAL_RCC_GetPCLK1Freq                              build/stm32h7xx_hal_rcc.o
HAL_RCC_GetPCLK2Freq                              build/stm32h7xx_hal_rcc.o
HAL_RCC_GetSysClockFreq                           build/stm32h7xx_hal_rcc.o
                                                  build/stm32h7xx_hal_rcc_ex.o
                                                  build/stm32h7xx_hal.o
                                                  build/runtime.o
HAL_RCC_MCOConfig                                 build/stm32h7xx_hal_rcc.o
HAL_RCC_NMI_IRQHandler                            build/stm32h7xx_hal_rcc.o
HAL_RCC_OscConfig                                 build/stm32h7xx_hal_rcc.o
                                                  build/kernel.o
HAL_ResumeTick                                    build/stm32h7xx_hal.o
HAL_SYSCFG_AnalogSwitchConfig                     build/stm32h7xx_hal.o
HAL_SYSCFG_CM7BootAddConfig                       build/stm32h7xx_hal.o
HAL_SYSCFG_CompensationCodeConfig                 build/stm32h7xx_hal.o
HAL_SYSCFG_CompensationCodeSelect                 build/stm32h7xx_hal.o
HAL_SYSCFG_DisableBOOST                           build/stm32h7xx_hal.o
HAL_SYSCFG_DisableIOSpeedOptimize                 build/stm32h7xx_hal.o
HAL_SYSCFG_DisableVREFBUF                         build/stm32h7xx_hal.o
HAL_SYSCFG_ETHInterfaceSelect                     build/stm32h7xx_hal.o
HAL_SYSCFG_EnableBOOST                            build/stm32h7xx_hal.o
HAL_SYSCFG_EnableIOSpeedOptimize                  build/stm32h7xx_hal.o
HAL_SYSCFG_EnableVREFBUF                          build/stm32h7xx_hal.o
HAL_SYSCFG_VREFBUF_HighImpedanceConfig            build/stm32h7xx_hal.o
HAL_SYSCFG_VREFBUF_TrimmingConfig                 build/stm32h7xx_hal.o
HAL_SYSCFG_VREFBUF_VoltageScalingConfig           build/stm32h7xx_hal.o
HAL_SYSTICK_CLKSourceConfig                       build/stm32h7xx_hal_cortex.o
HAL_SYSTICK_Callback                              build/stm32h7xx_hal_cortex.o
HAL_SYSTICK_Config                                build/stm32h7xx_hal_cortex.o
                                                  build/stm32h7xx_hal.o
HAL_SYSTICK_IRQHandler                            build/stm32h7xx_hal_cortex.o
HAL_SetFMCMemorySwappingConfig                    build/stm32h7xx_hal.o
HAL_SetTickFreq                                   build/stm32h7xx_hal.o
HAL_SuspendTick                                   build/stm32h7xx_hal.o
HRTIM1_FLT_IRQHandler                             build/startup_stm32h743xx.o
HRTIM1_Master_IRQHandler                          build/startup_stm32h743xx.o
HRTIM1_TIMA_IRQHandler                            build/startup_stm32h743xx.o
HRTIM1_TIMB_IRQHandler                            build/startup_stm32h743xx.o
HRTIM1_TIMC_IRQHandler                            build/startup_stm32h743xx.o
HRTIM1_TIMD_IRQHandler                            build/startup_stm32h743xx.o
HRTIM1_TIME_IRQHandler                            build/startup_stm32h743xx.o
HSEM1_IRQHandler                                  build/startup_stm32h743xx.o
HardFault_Handler                                 build/stm32h7xx_it.o
I2C1_ER_IRQHandler                                build/startup_stm32h743xx.o
I2C1_EV_IRQHandler                                build/startup_stm32h743xx.o
I2C2_ER_IRQHandler                                build/startup_stm32h743xx.o
I2C2_EV_IRQHandler                                build/startup_stm32h743xx.o
I2C3_ER_IRQHandler                                build/startup_stm32h743xx.o
I2C3_EV_IRQHandler                                build/startup_stm32h743xx.o
I2C4_ER_IRQHandler                                build/startup_stm32h743xx.o
I2C4_EV_IRQHandler                                build/startup_stm32h743xx.o
JPEG_IRQHandler                                   build/startup_stm32h743xx.o
Kernel_Init                                       build/kernel.o
                                                  build/main.o
LPTIM1_IRQHandler                                 build/startup_stm32h743xx.o
LPTIM2_IRQHandler                                 build/startup_stm32h743xx.o
LPTIM3_IRQHandler                                 build/startup_stm32h743xx.o
LPTIM4_IRQHandler                                 build/startup_stm32h743xx.o
LPTIM5_IRQHandler                                 build/startup_stm32h743xx.o
LPUART1_IRQHandler                                build/startup_stm32h743xx.o
LTDC_ER_IRQHandler                                build/startup_stm32h743xx.o
LTDC_IRQHandler                                   build/startup_stm32h743xx.o
Led1                                              build/main.o
MDIOS_IRQHandler                                  build/startup_stm32h743xx.o
MDIOS_WKUP_IRQHandler                             build/startup_stm32h743xx.o
MDMA_IRQHandler                                   build/startup_stm32h743xx.o
MemManage_Handler                                 build/stm32h7xx_it.o
NMI_Handler                                       build/stm32h7xx_it.o
OTG_FS_EP1_IN_IRQHandler                          build/startup_stm32h743xx.o
OTG_FS_EP1_OUT_IRQHandler                         build/startup_stm32h743xx.o
OTG_FS_IRQHandler                                 build/startup_stm32h743xx.o
OTG_FS_WKUP_IRQHandler                            build/startup_stm32h743xx.o
OTG_HS_EP1_IN_IRQHandler                          build/startup_stm32h743xx.o
OTG_HS_EP1_OUT_IRQHandler                         build/startup_stm32h743xx.o
OTG_HS_IRQHandler                                 build/startup_stm32h743xx.o
OTG_HS_WKUP_IRQHandler                            build/startup_stm32h743xx.o
PVD_AVD_IRQHandler                                build/startup_stm32h743xx.o
PendSV_Handler                                    build/stm32h7xx_it.o
QUADSPI_IRQHandler                                build/startup_stm32h743xx.o
RCC_IRQHandler                                    build/startup_stm32h743xx.o
RNG_IRQHandler                                    build/startup_stm32h743xx.o
RTC_Alarm_IRQHandler                              build/startup_stm32h743xx.o
RTC_WKUP_IRQHandler                               build/startup_stm32h743xx.o
Reset_Handler                                     build/startup_stm32h743xx.o
RuntimeObj_Compare                                build/runtime.o
RuntimeObj_CompareWithCurrent                     build/runtime.o
RuntimeObj_Reset                                  build/runtime.o
Runtime_Config                                    build/runtime.o
                                                  build/main.o
Runtime_GetTickBase                               build/runtime.o
Runtime_GetTickFrq                                build/runtime.o
Runtime_SetCallback                               build/runtime.o
                                                  build/main.o
Runtime_Start                                     build/runtime.o
                                                  build/main.o
Runtime_Stop                                      build/runtime.o
Runtime_Tick                                      build/runtime.o
                                                  build/stm32h7xx_it.o
SAI1_IRQHandler                                   build/startup_stm32h743xx.o
SAI2_IRQHandler                                   build/startup_stm32h743xx.o
SAI3_IRQHandler                                   build/startup_stm32h743xx.o
SAI4_IRQHandler                                   build/startup_stm32h743xx.o
SDMMC1_IRQHandler                                 build/startup_stm32h743xx.o
SDMMC2_IRQHandler                                 build/startup_stm32h743xx.o
SPDIF_RX_IRQHandler                               build/startup_stm32h743xx.o
SPI1_IRQHandler                                   build/startup_stm32h743xx.o
SPI2_IRQHandler                                   build/startup_stm32h743xx.o
SPI3_IRQHandler                                   build/startup_stm32h743xx.o
SPI4_IRQHandler                                   build/startup_stm32h743xx.o
SPI5_IRQHandler                                   build/startup_stm32h743xx.o
SPI6_IRQHandler                                   build/startup_stm32h743xx.o
SVC_Handler                                       build/stm32h7xx_it.o
SWPMI1_IRQHandler                                 build/startup_stm32h743xx.o
SysTick_Handler                                   build/stm32h7xx_it.o
SystemCoreClock                                   build/system_stm32h7xx.o
                                                  build/stm32h7xx_hal_mdma.o
                                                  build/stm32h7xx_hal_dma.o
                                                  build/stm32h7xx_hal_rcc_ex.o
                                                  build/stm32h7xx_hal_rcc.o
                                                  build/stm32h7xx_hal.o
                                                  build/runtime.o
SystemCoreClockUpdate                             build/system_stm32h7xx.o
                                                  build/runtime.o
SystemD2Clock                                     build/system_stm32h7xx.o
                                                  build/stm32h7xx_hal_rcc_ex.o
                                                  build/stm32h7xx_hal_rcc.o
                                                  build/stm32h7xx_hal.o
SystemInit                                        build/system_stm32h7xx.o
                                                  build/startup_stm32h743xx.o
TAMP_STAMP_IRQHandler                             build/startup_stm32h743xx.o
TIM15_IRQHandler                                  build/startup_stm32h743xx.o
TIM16_IRQHandler                                  build/startup_stm32h743xx.o
TIM17_IRQHandler                                  build/startup_stm32h743xx.o
TIM1_BRK_IRQHandler                               build/startup_stm32h743xx.o
TIM1_CC_IRQHandler                                build/startup_stm32h743xx.o
TIM1_TRG_COM_IRQHandler                           build/startup_stm32h743xx.o
TIM1_UP_IRQHandler                                build/startup_stm32h743xx.o
TIM2_IRQHandler                                   build/startup_stm32h743xx.o
TIM3_IRQHandler                                   build/startup_stm32h743xx.o
TIM4_IRQHandler                                   build/startup_stm32h743xx.o
TIM5_IRQHandler                                   build/startup_stm32h743xx.o
TIM6_DAC_IRQHandler                               build/startup_stm32h743xx.o
TIM7_IRQHandler                                   build/startup_stm32h743xx.o
TIM8_BRK_TIM12_IRQHandler                         build/startup_stm32h743xx.o
TIM8_CC_IRQHandler                                build/startup_stm32h743xx.o
TIM8_TRG_COM_TIM14_IRQHandler                     build/startup_stm32h743xx.o
TIM8_UP_TIM13_IRQHandler                          build/startup_stm32h743xx.o
UART4_IRQHandler                                  build/startup_stm32h743xx.o
UART5_IRQHandler                                  build/startup_stm32h743xx.o
UART7_IRQHandler                                  build/startup_stm32h743xx.o
UART8_IRQHandler                                  build/startup_stm32h743xx.o
USART1_IRQHandler                                 build/startup_stm32h743xx.o
USART2_IRQHandler                                 build/startup_stm32h743xx.o
USART3_IRQHandler                                 build/startup_stm32h743xx.o
USART6_IRQHandler                                 build/startup_stm32h743xx.o
UsageFault_Handler                                build/stm32h7xx_it.o
WAKEUP_PIN_IRQHandler                             build/startup_stm32h743xx.o
WWDG_IRQHandler                                   build/startup_stm32h743xx.o
__aeabi_idiv0                                     c:/program files (x86)/gnu arm embedded toolchain/10 2020-q4-major/bin/../lib/gcc/arm-none-eabi/10.2.1/thumb/v7e-m+dp/hard\libgcc.a(_dvmd_tls.o)
__aeabi_ldiv0                                     c:/program files (x86)/gnu arm embedded toolchain/10 2020-q4-major/bin/../lib/gcc/arm-none-eabi/10.2.1/thumb/v7e-m+dp/hard\libgcc.a(_dvmd_tls.o)
                                                  c:/program files (x86)/gnu arm embedded toolchain/10 2020-q4-major/bin/../lib/gcc/arm-none-eabi/10.2.1/thumb/v7e-m+dp/hard\libgcc.a(_aeabi_uldivmod.o)
__aeabi_uldivmod                                  c:/program files (x86)/gnu arm embedded toolchain/10 2020-q4-major/bin/../lib/gcc/arm-none-eabi/10.2.1/thumb/v7e-m+dp/hard\libgcc.a(_aeabi_uldivmod.o)
                                                  build/runtime.o
                                                  build/main.o
__bss_end__                                       c:/program files (x86)/gnu arm embedded toolchain/10 2020-q4-major/bin/../lib/gcc/arm-none-eabi/10.2.1/../../../../arm-none-eabi/lib/thumb/v7e-m+dp/hard/crt0.o
__bss_start__                                     c:/program files (x86)/gnu arm embedded toolchain/10 2020-q4-major/bin/../lib/gcc/arm-none-eabi/10.2.1/../../../../arm-none-eabi/lib/thumb/v7e-m+dp/hard/crt0.o
__call_exitprocs                                  c:/program files (x86)/gnu arm embedded toolchain/10 2020-q4-major/bin/../lib/gcc/arm-none-eabi/10.2.1/../../../../arm-none-eabi/lib/thumb/v7e-m+dp/hard\libc_nano.a(lib_a-exit.o)
__deregister_frame_info                           c:/program files (x86)/gnu arm embedded toolchain/10 2020-q4-major/bin/../lib/gcc/arm-none-eabi/10.2.1/thumb/v7e-m+dp/hard/crtbegin.o
__dso_handle                                      c:/program files (x86)/gnu arm embedded toolchain/10 2020-q4-major/bin/../lib/gcc/arm-none-eabi/10.2.1/thumb/v7e-m+dp/hard/crtbegin.o
__init_array_end                                  c:/program files (x86)/gnu arm embedded toolchain/10 2020-q4-major/bin/../lib/gcc/arm-none-eabi/10.2.1/../../../../arm-none-eabi/lib/thumb/v7e-m+dp/hard\libc_nano.a(lib_a-init.o)
__init_array_start                                c:/program files (x86)/gnu arm embedded toolchain/10 2020-q4-major/bin/../lib/gcc/arm-none-eabi/10.2.1/../../../../arm-none-eabi/lib/thumb/v7e-m+dp/hard\libc_nano.a(lib_a-init.o)
__libc_fini_array                                 c:/program files (x86)/gnu arm embedded toolchain/10 2020-q4-major/bin/../lib/gcc/arm-none-eabi/10.2.1/../../../../arm-none-eabi/lib/thumb/v7e-m+dp/hard/crt0.o
__libc_init_array                                 c:/program files (x86)/gnu arm embedded toolchain/10 2020-q4-major/bin/../lib/gcc/arm-none-eabi/10.2.1/../../../../arm-none-eabi/lib/thumb/v7e-m+dp/hard\libc_nano.a(lib_a-init.o)
                                                  build/startup_stm32h743xx.o
                                                  c:/program files (x86)/gnu arm embedded toolchain/10 2020-q4-major/bin/../lib/gcc/arm-none-eabi/10.2.1/../../../../arm-none-eabi/lib/thumb/v7e-m+dp/hard/crt0.o
__preinit_array_end                               c:/program files (x86)/gnu arm embedded toolchain/10 2020-q4-major/bin/../lib/gcc/arm-none-eabi/10.2.1/../../../../arm-none-eabi/lib/thumb/v7e-m+dp/hard\libc_nano.a(lib_a-init.o)
__preinit_array_start                             c:/program files (x86)/gnu arm embedded toolchain/10 2020-q4-major/bin/../lib/gcc/arm-none-eabi/10.2.1/../../../../arm-none-eabi/lib/thumb/v7e-m+dp/hard\libc_nano.a(lib_a-init.o)
__register_frame_info                             c:/program files (x86)/gnu arm embedded toolchain/10 2020-q4-major/bin/../lib/gcc/arm-none-eabi/10.2.1/thumb/v7e-m+dp/hard/crtbegin.o
__sf_fake_stderr                                  c:/program files (x86)/gnu arm embedded toolchain/10 2020-q4-major/bin/../lib/gcc/arm-none-eabi/10.2.1/../../../../arm-none-eabi/lib/thumb/v7e-m+dp/hard\libc_nano.a(lib_a-impure.o)
__sf_fake_stdin                                   c:/program files (x86)/gnu arm embedded toolchain/10 2020-q4-major/bin/../lib/gcc/arm-none-eabi/10.2.1/../../../../arm-none-eabi/lib/thumb/v7e-m+dp/hard\libc_nano.a(lib_a-impure.o)
__sf_fake_stdout                                  c:/program files (x86)/gnu arm embedded toolchain/10 2020-q4-major/bin/../lib/gcc/arm-none-eabi/10.2.1/../../../../arm-none-eabi/lib/thumb/v7e-m+dp/hard\libc_nano.a(lib_a-impure.o)
__stack                                           c:/program files (x86)/gnu arm embedded toolchain/10 2020-q4-major/bin/../lib/gcc/arm-none-eabi/10.2.1/../../../../arm-none-eabi/lib/thumb/v7e-m+dp/hard/crt0.o
__udivmoddi4                                      c:/program files (x86)/gnu arm embedded toolchain/10 2020-q4-major/bin/../lib/gcc/arm-none-eabi/10.2.1/thumb/v7e-m+dp/hard\libgcc.a(_udivmoddi4.o)
                                                  c:/program files (x86)/gnu arm embedded toolchain/10 2020-q4-major/bin/../lib/gcc/arm-none-eabi/10.2.1/thumb/v7e-m+dp/hard\libgcc.a(_aeabi_uldivmod.o)
_ebss                                             build/startup_stm32h743xx.o
_edata                                            build/startup_stm32h743xx.o
_estack                                           build/startup_stm32h743xx.o
_exit                                             c:/program files (x86)/gnu arm embedded toolchain/10 2020-q4-major/bin/../lib/gcc/arm-none-eabi/10.2.1/../../../../arm-none-eabi/lib/thumb/v7e-m+dp/hard\libnosys.a(_exit.o)
                                                  c:/program files (x86)/gnu arm embedded toolchain/10 2020-q4-major/bin/../lib/gcc/arm-none-eabi/10.2.1/../../../../arm-none-eabi/lib/thumb/v7e-m+dp/hard\libc_nano.a(lib_a-exit.o)
_fini                                             c:/program files (x86)/gnu arm embedded toolchain/10 2020-q4-major/bin/../lib/gcc/arm-none-eabi/10.2.1/thumb/v7e-m+dp/hard/crti.o
_global_impure_ptr                                c:/program files (x86)/gnu arm embedded toolchain/10 2020-q4-major/bin/../lib/gcc/arm-none-eabi/10.2.1/../../../../arm-none-eabi/lib/thumb/v7e-m+dp/hard\libc_nano.a(lib_a-impure.o)
                                                  c:/program files (x86)/gnu arm embedded toolchain/10 2020-q4-major/bin/../lib/gcc/arm-none-eabi/10.2.1/../../../../arm-none-eabi/lib/thumb/v7e-m+dp/hard\libc_nano.a(lib_a-exit.o)
_impure_ptr                                       c:/program files (x86)/gnu arm embedded toolchain/10 2020-q4-major/bin/../lib/gcc/arm-none-eabi/10.2.1/../../../../arm-none-eabi/lib/thumb/v7e-m+dp/hard\libc_nano.a(lib_a-impure.o)
_init                                             c:/program files (x86)/gnu arm embedded toolchain/10 2020-q4-major/bin/../lib/gcc/arm-none-eabi/10.2.1/thumb/v7e-m+dp/hard/crti.o
                                                  c:/program files (x86)/gnu arm embedded toolchain/10 2020-q4-major/bin/../lib/gcc/arm-none-eabi/10.2.1/../../../../arm-none-eabi/lib/thumb/v7e-m+dp/hard\libc_nano.a(lib_a-init.o)
_mainCRTStartup                                   c:/program files (x86)/gnu arm embedded toolchain/10 2020-q4-major/bin/../lib/gcc/arm-none-eabi/10.2.1/../../../../arm-none-eabi/lib/thumb/v7e-m+dp/hard/crt0.o
_sbss                                             build/startup_stm32h743xx.o
_sdata                                            build/startup_stm32h743xx.o
_sidata                                           build/startup_stm32h743xx.o
_stack_init                                       c:/program files (x86)/gnu arm embedded toolchain/10 2020-q4-major/bin/../lib/gcc/arm-none-eabi/10.2.1/../../../../arm-none-eabi/lib/thumb/v7e-m+dp/hard/crt0.o
_start                                            c:/program files (x86)/gnu arm embedded toolchain/10 2020-q4-major/bin/../lib/gcc/arm-none-eabi/10.2.1/../../../../arm-none-eabi/lib/thumb/v7e-m+dp/hard/crt0.o
assert                                            build/debug_util.o
atexit                                            c:/program files (x86)/gnu arm embedded toolchain/10 2020-q4-major/bin/../lib/gcc/arm-none-eabi/10.2.1/../../../../arm-none-eabi/lib/thumb/v7e-m+dp/hard/crt0.o
exit                                              c:/program files (x86)/gnu arm embedded toolchain/10 2020-q4-major/bin/../lib/gcc/arm-none-eabi/10.2.1/../../../../arm-none-eabi/lib/thumb/v7e-m+dp/hard\libc_nano.a(lib_a-exit.o)
                                                  c:/program files (x86)/gnu arm embedded toolchain/10 2020-q4-major/bin/../lib/gcc/arm-none-eabi/10.2.1/../../../../arm-none-eabi/lib/thumb/v7e-m+dp/hard/crt0.o
g_pfnVectors                                      build/startup_stm32h743xx.o
hardware_init_hook                                c:/program files (x86)/gnu arm embedded toolchain/10 2020-q4-major/bin/../lib/gcc/arm-none-eabi/10.2.1/../../../../arm-none-eabi/lib/thumb/v7e-m+dp/hard/crt0.o
main                                              build/main.o
                                                  build/startup_stm32h743xx.o
                                                  c:/program files (x86)/gnu arm embedded toolchain/10 2020-q4-major/bin/../lib/gcc/arm-none-eabi/10.2.1/../../../../arm-none-eabi/lib/thumb/v7e-m+dp/hard/crt0.o
memcpy                                            c:/program files (x86)/gnu arm embedded toolchain/10 2020-q4-major/bin/../lib/gcc/arm-none-eabi/10.2.1/../../../../arm-none-eabi/lib/thumb/v7e-m+dp/hard\libc_nano.a(lib_a-memcpy-stub.o)
                                                  build/kernel.o
memset                                            c:/program files (x86)/gnu arm embedded toolchain/10 2020-q4-major/bin/../lib/gcc/arm-none-eabi/10.2.1/../../../../arm-none-eabi/lib/thumb/v7e-m+dp/hard\libc_nano.a(lib_a-memset.o)
                                                  build/kernel.o
                                                  c:/program files (x86)/gnu arm embedded toolchain/10 2020-q4-major/bin/../lib/gcc/arm-none-eabi/10.2.1/../../../../arm-none-eabi/lib/thumb/v7e-m+dp/hard/crt0.o
pFlash                                            build/stm32h7xx_hal_flash.o
                                                  build/stm32h7xx_hal_flash_ex.o
software_init_hook                                c:/program files (x86)/gnu arm embedded toolchain/10 2020-q4-major/bin/../lib/gcc/arm-none-eabi/10.2.1/../../../../arm-none-eabi/lib/thumb/v7e-m+dp/hard/crt0.o
tcm_code                                          build/kernel.o
tcm_code_end                                      build/kernel.o
tcm_code_start                                    build/kernel.o
test_pin_ctl                                      build/main.o
uwTick                                            build/stm32h7xx_hal.o
uwTickFreq                                        build/stm32h7xx_hal.o
uwTickPrio                                        build/stm32h7xx_hal.o
                                                  build/stm32h7xx_hal_rcc.o