Archive member included to satisfy reference by file (symbol)

/usr/local/arm-none-eabi-gcc/gcc-arm-none-eabi-10-2020-q4-major/bin/../lib/gcc/arm-none-eabi/10.2.1/../../../../arm-none-eabi/lib/thumb/v7e-m+dp/hard/libc_nano.a(lib_a-ctype_.o)
                              build/DiskIO.o (_ctype_)
/usr/local/arm-none-eabi-gcc/gcc-arm-none-eabi-10-2020-q4-major/bin/../lib/gcc/arm-none-eabi/10.2.1/../../../../arm-none-eabi/lib/thumb/v7e-m+dp/hard/libc_nano.a(lib_a-exit.o)
                              /usr/local/arm-none-eabi-gcc/gcc-arm-none-eabi-10-2020-q4-major/bin/../lib/gcc/arm-none-eabi/10.2.1/../../../../arm-none-eabi/lib/thumb/v7e-m+dp/hard/crt0.o (exit)
/usr/local/arm-none-eabi-gcc/gcc-arm-none-eabi-10-2020-q4-major/bin/../lib/gcc/arm-none-eabi/10.2.1/../../../../arm-none-eabi/lib/thumb/v7e-m+dp/hard/libc_nano.a(lib_a-impure.o)
                              /usr/local/arm-none-eabi-gcc/gcc-arm-none-eabi-10-2020-q4-major/bin/../lib/gcc/arm-none-eabi/10.2.1/../../../../arm-none-eabi/lib/thumb/v7e-m+dp/hard/libc_nano.a(lib_a-exit.o) (_global_impure_ptr)
/usr/local/arm-none-eabi-gcc/gcc-arm-none-eabi-10-2020-q4-major/bin/../lib/gcc/arm-none-eabi/10.2.1/../../../../arm-none-eabi/lib/thumb/v7e-m+dp/hard/libc_nano.a(lib_a-init.o)
                              /usr/local/arm-none-eabi-gcc/gcc-arm-none-eabi-10-2020-q4-major/bin/../lib/gcc/arm-none-eabi/10.2.1/../../../../arm-none-eabi/lib/thumb/v7e-m+dp/hard/crt0.o (__libc_init_array)
/usr/local/arm-none-eabi-gcc/gcc-arm-none-eabi-10-2020-q4-major/bin/../lib/gcc/arm-none-eabi/10.2.1/../../../../arm-none-eabi/lib/thumb/v7e-m+dp/hard/libc_nano.a(lib_a-memcmp.o)
                              build/DiskIO.o (memcmp)
/usr/local/arm-none-eabi-gcc/gcc-arm-none-eabi-10-2020-q4-major/bin/../lib/gcc/arm-none-eabi/10.2.1/../../../../arm-none-eabi/lib/thumb/v7e-m+dp/hard/libc_nano.a(lib_a-memcpy-stub.o)
                              build/Task_Log.o (memcpy)
/usr/local/arm-none-eabi-gcc/gcc-arm-none-eabi-10-2020-q4-major/bin/../lib/gcc/arm-none-eabi/10.2.1/../../../../arm-none-eabi/lib/thumb/v7e-m+dp/hard/libc_nano.a(lib_a-memset.o)
                              /usr/local/arm-none-eabi-gcc/gcc-arm-none-eabi-10-2020-q4-major/bin/../lib/gcc/arm-none-eabi/10.2.1/../../../../arm-none-eabi/lib/thumb/v7e-m+dp/hard/crt0.o (memset)
/usr/local/arm-none-eabi-gcc/gcc-arm-none-eabi-10-2020-q4-major/bin/../lib/gcc/arm-none-eabi/10.2.1/../../../../arm-none-eabi/lib/thumb/v7e-m+dp/hard/libc_nano.a(lib_a-strchr.o)
                              build/DiskIO.o (strchr)
/usr/local/arm-none-eabi-gcc/gcc-arm-none-eabi-10-2020-q4-major/bin/../lib/gcc/arm-none-eabi/10.2.1/../../../../arm-none-eabi/lib/thumb/v7e-m+dp/hard/libc_nano.a(lib_a-strcmp.o)
                              build/shell.o (strcmp)
/usr/local/arm-none-eabi-gcc/gcc-arm-none-eabi-10-2020-q4-major/bin/../lib/gcc/arm-none-eabi/10.2.1/../../../../arm-none-eabi/lib/thumb/v7e-m+dp/hard/libc_nano.a(lib_a-strlen.o)
                              build/error_log.o (strlen)
/usr/local/arm-none-eabi-gcc/gcc-arm-none-eabi-10-2020-q4-major/bin/../lib/gcc/arm-none-eabi/10.2.1/../../../../arm-none-eabi/lib/thumb/v7e-m+dp/hard/libc_nano.a(lib_a-strncmp.o)
                              build/shell.o (strncmp)
/usr/local/arm-none-eabi-gcc/gcc-arm-none-eabi-10-2020-q4-major/bin/../lib/gcc/arm-none-eabi/10.2.1/../../../../arm-none-eabi/lib/thumb/v7e-m+dp/hard/libc_nano.a(lib_a-strtok.o)
                              build/DiskIO.o (strtok)
/usr/local/arm-none-eabi-gcc/gcc-arm-none-eabi-10-2020-q4-major/bin/../lib/gcc/arm-none-eabi/10.2.1/../../../../arm-none-eabi/lib/thumb/v7e-m+dp/hard/libc_nano.a(lib_a-strtok_r.o)
                              /usr/local/arm-none-eabi-gcc/gcc-arm-none-eabi-10-2020-q4-major/bin/../lib/gcc/arm-none-eabi/10.2.1/../../../../arm-none-eabi/lib/thumb/v7e-m+dp/hard/libc_nano.a(lib_a-strtok.o) (__strtok_r)
/usr/local/arm-none-eabi-gcc/gcc-arm-none-eabi-10-2020-q4-major/bin/../lib/gcc/arm-none-eabi/10.2.1/../../../../arm-none-eabi/lib/thumb/v7e-m+dp/hard/libc_nano.a(lib_a-vsnprintf.o)
                              build/error_log.o (vsnprintf)
/usr/local/arm-none-eabi-gcc/gcc-arm-none-eabi-10-2020-q4-major/bin/../lib/gcc/arm-none-eabi/10.2.1/../../../../arm-none-eabi/lib/thumb/v7e-m+dp/hard/libc_nano.a(lib_a-vsscanf.o)
                              build/shell.o (vsscanf)
/usr/local/arm-none-eabi-gcc/gcc-arm-none-eabi-10-2020-q4-major/bin/../lib/gcc/arm-none-eabi/10.2.1/../../../../arm-none-eabi/lib/thumb/v7e-m+dp/hard/libc_nano.a(lib_a-assert.o)
                              /usr/local/arm-none-eabi-gcc/gcc-arm-none-eabi-10-2020-q4-major/bin/../lib/gcc/arm-none-eabi/10.2.1/../../../../arm-none-eabi/lib/thumb/v7e-m+dp/hard/libc_nano.a(lib_a-strtok.o) (__assert_func)
/usr/local/arm-none-eabi-gcc/gcc-arm-none-eabi-10-2020-q4-major/bin/../lib/gcc/arm-none-eabi/10.2.1/../../../../arm-none-eabi/lib/thumb/v7e-m+dp/hard/libc_nano.a(lib_a-fprintf.o)
[...]
Memory Configuration

Name             Origin             Length             Attributes
DTCMRAM          0x0000000020000000 0x0000000000020000 xrw
RAM_D1           0x0000000024000000 0x0000000000080000 xrw
RAM_D2           0x0000000030000000 0x0000000000048000 xrw
RAM_D3           0x0000000038000000 0x0000000000010000 xrw
ITCMRAM          0x0000000000000000 0x0000000000010000 xrw
FLASH            0x0000000008000000 0x0000000000200000 xr
*default*        0x0000000000000000 0xffffffffffffffff

Linker script and memory map

LOAD /usr/local/arm-none-eabi-gcc/gcc-arm-none-eabi-10-2020-q4-major/bin/../lib/gcc/arm-none-eabi/10.2.1/thumb/v7e-m+dp/hard/crti.o
LOAD /usr/local/arm-none-eabi-gcc/gcc-arm-none-eabi-10-2020-q4-major/bin/../lib/gcc/arm-none-eabi/10.2.1/thumb/v7e-m+dp/hard/crtbegin.o
LOAD /usr/local/arm-none-eabi-gcc/gcc-arm-none-eabi-10-2020-q4-major/bin/../lib/gcc/arm-none-eabi/10.2.1/../../../../arm-none-eabi/lib/thumb/v7e-m+dp/hard/crt0.o
LOAD build/main.o
LOAD build/debug_util.o
LOAD build/Task_Protocol.o
LOAD build/Task_Manager.o
LOAD build/Task_SensorInertial.o
LOAD build/Task_Log.o
LOAD build/Task_Telemetry.o
LOAD build/IO_Definition.o
LOAD build/Bsp_GPIO.o
LOAD build/Bsp_SPI.o
LOAD build/Bsp_SDMMC.o
LOAD build/Bsp_Uart.o
LOAD build/Bsp_DMA.o
LOAD build/Bsp_Timer.o
LOAD build/Dev_MPU6000.o
LOAD build/Dev_ICM20602.o
LOAD build/Dev_Led.o
LOAD build/Dev_W25Qxx.o
LOAD build/Dev_Card.o
LOAD build/Dev_Sbus.o
LOAD build/Dev_CRSF.o
LOAD build/SrvMPU_Sample.o
LOAD build/Srv_Receiver.o
LOAD build/Data_Convert_Util.o
LOAD build/queue.o
LOAD build/linked_list.o
LOAD build/binary_tree.o
LOAD build/reboot.o
LOAD build/error_log.o
LOAD build/DataPipe.o
LOAD build/mmu.o
LOAD build/scheduler.o
LOAD build/kernel.o
LOAD build/runtime.o
LOAD build/DiskIO.o
LOAD build/shell_cmd_list.o
LOAD build/shell_companion.o
LOAD build/shell_ext.o
LOAD build/shell_port.o
LOAD build/shell.o
LOAD build/usb_device.o
LOAD build/usbd_desc.o
LOAD build/usbd_cdc_if.o
LOAD build/usbd_conf.o
LOAD build/usbd_core.o
LOAD build/usbd_ctlreq.o
LOAD build/usbd_ioreq.o
LOAD build/usbd_cdc.o
LOAD build/stm32h7xx_it.o
LOAD build/system_stm32h7xx.o
LOAD build/stm32h7xx_hal.o
LOAD build/stm32h7xx_hal_cortex.o
LOAD build/stm32h7xx_hal_rcc.o
LOAD build/stm32h7xx_hal_tim.o
LOAD build/stm32h7xx_hal_tim_ex.o
LOAD build/stm32h7xx_hal_rcc_ex.o
LOAD build/stm32h7xx_hal_uart.o
LOAD build/stm32h7xx_hal_uart_ex.o
LOAD build/stm32h7xx_hal_flash.o
LOAD build/stm32h7xx_hal_flash_ex.o
LOAD build/stm32h7xx_hal_gpio.o
LOAD build/stm32h7xx_hal_hsem.o
LOAD build/stm32h7xx_hal_dma.o
LOAD build/stm32h7xx_hal_dma_ex.o
LOAD build/stm32h7xx_hal_mdma.o
LOAD build/stm32h7xx_hal_pwr.o
LOAD build/stm32h7xx_hal_pwr_ex.o
LOAD build/stm32h7xx_hal_i2c.o
LOAD build/stm32h7xx_hal_i2c_ex.o
LOAD build/stm32h7xx_hal_exti.o
LOAD build/stm32h7xx_hal_spi.o
LOAD build/stm32h7xx_hal_pcd.o
LOAD build/stm32h7xx_hal_pcd_ex.o
LOAD build/stm32h7xx_hal_sd.o
LOAD build/stm32h7xx_ll_sdmmc.o
LOAD build/stm32h7xx_ll_usb.o
LOAD build/startup_stm32h743xx.o
LOAD /usr/local/arm-none-eabi-gcc/gcc-arm-none-eabi-10-2020-q4-major/bin/../lib/gcc/arm-none-eabi/10.2.1/../../../../arm-none-eabi/lib/thumb/v7e-m+dp/hard/libc_nano.a
LOAD /usr/local/arm-none-eabi-gcc/gcc-arm-none-eabi-10-2020-q4-major/bin/../lib/gcc/arm-none-eabi/10.2.1/../../../../arm-none-eabi/lib/thumb/v7e-m+dp/hard/libm.a
LOAD /usr/local/arm-none-eabi-gcc/gcc-arm-none-eabi-10-2020-q4-major/bin/../lib/gcc/arm-none-eabi/10.2.1/../../../../arm-none-eabi/lib/thumb/v7e-m+dp/hard/libnosys.a
START GROUP
LOAD /usr/local/arm-none-eabi-gcc/gcc-arm-none-eabi-10-2020-q4-major/bin/../lib/gcc/arm-none-eabi/10.2.1/thumb/v7e-m+dp/hard/libgcc.a
LOAD /usr/local/arm-none-eabi-gcc/gcc-arm-none-eabi-10-2020-q4-major/bin/../lib/gcc/arm-none-eabi/10.2.1/../../../../arm-none-eabi/lib/thumb/v7e-m+dp/hard/libc_nano.a
END GROUP
START GROUP
LOAD /usr/local/arm-none-eabi-gcc/gcc-arm-none-eabi-10-2020-q4-major/bin/../lib/gcc/arm-none-eabi/10.2.1/thumb/v7e-m+dp/hard/libgcc.a
LOAD /usr/local/arm-none-eabi-gcc/gcc-arm-none-eabi-10-2020-q4-major/bin/../lib/gcc/arm-none-eabi/10.2.1/../../../../arm-none-eabi/lib/thumb/v7e-m+dp/hard/libc_nano.a
END GROUP
LOAD /usr/local/arm-none-eabi-gcc/gcc-arm-none-eabi-10-2020-q4-major/bin/../lib/gcc/arm-none-eabi/10.2.1/thumb/v7e-m+dp/hard/crtend.o
LOAD /usr/local/arm-none-eabi-gcc/gcc-arm-none-eabi-10-2020-q4-major/bin/../lib/gcc/arm-none-eabi/10.2.1/thumb/v7e-m+dp/hard/crtn.o
                0x0000000020020000                _estack = 0x20020000
                0x0000000000001000                _Min_Heap_Size = 0x1000
                0x0000000000000800                _Min_Stack_Size = 0x800

.isr_vector     0x0000000008000000      0x298
                0x0000000008000000                . = ALIGN (0x4)
 *(.isr_vector)
 .isr_vector    0x0000000008000000      0x298 build/startup_stm32h743xx.o
                0x0000000008000000                g_pfnVectors
                0x0000000008000298                . = ALIGN (0x4)

.MMU_Section    0x0000000024000000    0x20000 load address 0x0000000008000298
                0x0000000024000000                . = ALIGN (0x4)
                0x0000000024000000                MMU_s = .
 *(.MMU_Section)
 .MMU_Section   0x0000000024000000    0x20000 build/mmu.o
                0x0000000024000000                Mem_Buff
 *(.MMU_Section*)
                0x0000000024020000                . = ALIGN (0x4)
                0x0000000024020000                MMU_e = .

.Perph_Section  0x0000000024020000      0x4c0 load address 0x0000000008020298
                0x0000000024020000                . = ALIGN (0x4)
                0x0000000024020000                Perph_s = .
 *(.Perph_Section)
 .Perph_Section
                0x0000000024020000       0x2f build/Task_Protocol.o
 *fill*         0x000000002402002f        0x1 
 .Perph_Section
                0x0000000024020030       0x5f build/Task_SensorInertial.o
 *fill*         0x000000002402008f        0x1 
 .Perph_Section
                0x0000000024020090       0x2f build/Task_Log.o
 *fill*         0x00000000240200bf        0x1 
 .Perph_Section
                0x00000000240200c0      0x400 build/DiskIO.o
 *(.Perph_Section*)
                0x00000000240204c0                . = ALIGN (0x4)
                0x00000000240204c0                Perph_e = .

.Fast_Mem_Section
                0x0000000000000000        0x0 load address 0x0000000008020758
                0x0000000000000000                . = ALIGN (0x4)
                0x0000000000000000                fast_mem_s = .
 *(.Fast_Mem_Section)
 *(.Fast_Mem_Section*)
                0x0000000000000000                . = ALIGN (0x4)
                0x0000000000000000                fast_mem_e = .

.text           0x0000000008020760    0x155cc
                0x0000000008020760                . = ALIGN (0x4)
 *(.text)
 .text          0x0000000008020760       0x40 /usr/local/arm-none-eabi-gcc/gcc-arm-none-eabi-10-2020-q4-major/bin/../lib/gcc/arm-none-eabi/10.2.1/thumb/v7e-m+dp/hard/crtbegin.o
 .text          0x00000000080207a0       0x14 /usr/local/arm-none-eabi-gcc/gcc-arm-none-eabi-10-2020-q4-major/bin/../lib/gcc/arm-none-eabi/10.2.1/../../../../arm-none-eabi/lib/thumb/v7e-m+dp/hard/libc_nano.a(lib_a-strcmp.o)
                0x00000000080207a0                strcmp
 .text          0x00000000080207b4       0x10 /usr/local/arm-none-eabi-gcc/gcc-arm-none-eabi-10-2020-q4-major/bin/../lib/gcc/arm-none-eabi/10.2.1/../../../../arm-none-eabi/lib/thumb/v7e-m+dp/hard/libc_nano.a(lib_a-strlen.o)
                0x00000000080207b4                strlen
 *fill*         0x00000000080207c4        0xc 
 .text          0x00000000080207d0       0xa0 /usr/local/arm-none-eabi-gcc/gcc-arm-none-eabi-10-2020-q4-major/bin/../lib/gcc/arm-none-eabi/10.2.1/../../../../arm-none-eabi/lib/thumb/v7e-m+dp/hard/libc_nano.a(lib_a-memchr.o)
                0x00000000080207d0                memchr
 .text          0x0000000008020870      0x21c /usr/local/arm-none-eabi-gcc/gcc-arm-none-eabi-10-2020-q4-major/bin/../lib/gcc/arm-none-eabi/10.2.1/thumb/v7e-m+dp/hard/libgcc.a(_arm_addsubsf3.o)
                0x0000000008020870                __aeabi_frsub
                0x0000000008020878                __aeabi_fsub
                0x0000000008020878                __subsf3
                0x000000000802087c                __aeabi_fadd
                0x000000000802087c                __addsf3
                0x00000000080209dc                __aeabi_ui2f
                0x00000000080209dc                __floatunsisf
                0x00000000080209e4                __floatsisf
                0x00000000080209e4                __aeabi_i2f
                0x0000000008020a00                __aeabi_ul2f
                0x0000000008020a00                __floatundisf
                0x0000000008020a10                __aeabi_l2f
                0x0000000008020a10                __floatdisf
 .text          0x0000000008020a8c       0x30 /usr/local/arm-none-eabi-gcc/gcc-arm-none-eabi-10-2020-q4-major/bin/../lib/gcc/arm-none-eabi/10.2.1/thumb/v7e-m+dp/hard/libgcc.a(_aeabi_uldivmod.o)
                0x0000000008020a8c                __aeabi_uldivmod
 .text          0x0000000008020abc      0x2d0 /usr/local/arm-none-eabi-gcc/gcc-arm-none-eabi-10-2020-q4-major/bin/../lib/gcc/arm-none-eabi/10.2.1/thumb/v7e-m+dp/hard/libgcc.a(_udivmoddi4.o)
                0x0000000008020abc                __udivmoddi4
 .text          0x0000000008020d8c        0x4 /usr/local/arm-none-eabi-gcc/gcc-arm-none-eabi-10-2020-q4-major/bin/../lib/gcc/arm-none-eabi/10.2.1/thumb/v7e-m+dp/hard/libgcc.a(_dvmd_tls.o)
                0x0000000008020d8c                __aeabi_ldiv0
                0x0000000008020d8c                __aeabi_idiv0
 *(.text*)
 .text.main     0x0000000008020d90       0x18 build/main.o
                0x0000000008020d90                main
 .text.DebugPin_Init
                0x0000000008020da8       0x28 build/debug_util.o
 .text.DebugPin_Ctl
                0x0000000008020dd0       0x2c build/debug_util.o
 .text.assert   0x0000000008020dfc        0x6 build/debug_util.o
                0x0000000008020dfc                assert
 *fill*         0x0000000008020e02        0x2 
 .text.TaskProto_PushProtocolQueue
                0x0000000008020e04       0x9c build/Task_Protocol.o
                0x0000000008020e04                TaskProto_PushProtocolQueue
 .text.TaskProtocol_Rec
                0x0000000008020ea0        0xc build/Task_Protocol.o
 .text.TaskProtocol_TransBuff
                0x0000000008020eac       0x10 build/Task_Protocol.o
 .text.shell_test
                0x0000000008020ebc       0x10 build/Task_Protocol.o
 .text.TaskProtocol_Init
                0x0000000008020ecc       0x94 build/Task_Protocol.o
                0x0000000008020ecc                TaskProtocol_Init
 .text.TaskProtocol_Core
                0x0000000008020f60       0xcc build/Task_Protocol.o
                0x0000000008020f60                TaskProtocol_Core
 .text.Task_Manager_Init
                0x000000000802102c       0xcc build/Task_Manager.o
                0x000000000802102c                Task_Manager_Init
 .text.Task_Manager_CreateTask
                0x00000000080210f8       0x9c build/Task_Manager.o
                0x00000000080210f8                Task_Manager_CreateTask
 .text.TaskInertial_Init
                0x0000000008021194       0x50 build/Task_SensorInertial.o
                0x0000000008021194                TaskInertial_Init
 .text.TaskInertical_Core
                0x00000000080211e4      0x11c build/Task_SensorInertial.o
                0x00000000080211e4                TaskInertical_Core
 .text.LogData_ToFile
                0x0000000008021300       0xa0 build/Task_Log.o
 .text.TaskLog_PipeTransFinish_Callback
                0x00000000080213a0       0xa4 build/Task_Log.o
 .text.OsIdle_Callback_LogModule
                0x0000000008021444       0xcc build/Task_Log.o
 .text.TaskLog_Init
                0x0000000008021510      0x14c build/Task_Log.o
                0x0000000008021510                TaskLog_Init
 .text.TaskLog_Core
                0x000000000802165c        0x2 build/Task_Log.o
                0x000000000802165c                TaskLog_Core
 .text.Telemetry_Toggle_Check
                0x000000000802165e       0x70 build/Task_Telemetry.o
 .text.Telemetry_Check_Gimbal
                0x00000000080216ce       0x26 build/Task_Telemetry.o
 .text.Telemetry_RC_Sig_Init
                0x00000000080216f4       0x78 build/Task_Telemetry.o
 .text.Telemetry_RC_Sig_Update
                0x000000000802176c      0x178 build/Task_Telemetry.o
 .text.Telemetry_BindGimbalToChannel
                0x00000000080218e4       0x6c build/Task_Telemetry.o
 .text.Telemetry_BindToggleToChannel
                0x0000000008021950       0x70 build/Task_Telemetry.o
 .text.Telemetry_AddToggleCombo
                0x00000000080219c0       0x72 build/Task_Telemetry.o
 *fill*         0x0000000008021a32        0x2 
 .text.TaskTelemetry_Init
                0x0000000008021a34      0x1c8 build/Task_Telemetry.o
                0x0000000008021a34                TaskTelemetry_Init
 .text.Telemetry_blink
                0x0000000008021bfc       0x54 build/Task_Telemetry.o
                0x0000000008021bfc                Telemetry_blink
 .text.TaskTelemetry_Core
                0x0000000008021c50       0x20 build/Task_Telemetry.o
                0x0000000008021c50                TaskTelemetry_Core
 .text.BspGPIO_GetEXTI_Index
                0x0000000008021c70       0x16 build/Bsp_GPIO.o
 *fill*         0x0000000008021c86        0x2 
 .text.BspGPIO_CLK_Enable
                0x0000000008021c88      0x1c4 build/Bsp_GPIO.o
 .text.BspGPIO_ResetExtiCallback
                0x0000000008021e4c       0x24 build/Bsp_GPIO.o
 .text.BspGPIO_Write
                0x0000000008021e70        0x8 build/Bsp_GPIO.o
 .text.BspGPIO_Alternate_Init
                0x0000000008021e78       0x32 build/Bsp_GPIO.o
 .text.BspGPIO_Input_Init
                0x0000000008021eaa       0x2e build/Bsp_GPIO.o
 .text.BspGPIO_Output_Init
                0x0000000008021ed8       0x3e build/Bsp_GPIO.o
 .text.BspGPIO_GetExti_IRQnID
                0x0000000008021f16       0xcc build/Bsp_GPIO.o
 .text.BspGPIO_ExtiSetMode
                0x0000000008021fe2       0x8e build/Bsp_GPIO.o
 .text.BspGPIO_ExtiInit
                0x0000000008022070       0x74 build/Bsp_GPIO.o
 .text.BspGPIO_Read
                0x00000000080220e4       0x1e build/Bsp_GPIO.o
 *fill*         0x0000000008022102        0x2 
 .text.HAL_GPIO_EXTI_Callback
                0x0000000008022104       0x18 build/Bsp_GPIO.o
                0x0000000008022104                HAL_GPIO_EXTI_Callback
 .text.BspSPI_PinCLK_Enable
                0x000000000802211c      0x198 build/Bsp_SPI.o
 .text.BspSPI_Set_CLKSpeed
                0x00000000080222b4        0xc build/Bsp_SPI.o
 .text.BspSPI_TransReceive
                0x00000000080222c0       0x1a build/Bsp_SPI.o
 .text.BspSPI_Receive
                0x00000000080222da       0x10 build/Bsp_SPI.o
 .text.BspSPI_Trans
                0x00000000080222ea       0x10 build/Bsp_SPI.o
 *fill*         0x00000000080222fa        0x2 
 .text.BspSPI_DeInit
                0x00000000080222fc       0xd4 build/Bsp_SPI.o
 .text.BspSPI_PinInit
                0x00000000080223d0       0x68 build/Bsp_SPI.o
 .text.BspSPI_NormalMode_Init
                0x0000000008022438      0x178 build/Bsp_SPI.o
 .text.BspSDMMC_PinCLK_Enable
                0x00000000080225b0      0x198 build/Bsp_SDMMC.o
 .text.BspSDMMC_GetInfo
                0x0000000008022748       0x2a build/Bsp_SDMMC.o
 .text.BspSDMMC_GetStatus
                0x0000000008022772       0x18 build/Bsp_SDMMC.o
 .text.BspSDMMC_Erase
                0x000000000802278a       0x12 build/Bsp_SDMMC.o
 .text.BspSDMMC_Write
                0x000000000802279c       0x60 build/Bsp_SDMMC.o
 .text.BspSDMMC_Read
                0x00000000080227fc       0x60 build/Bsp_SDMMC.o
 .text.BspSDMMC_PortCLK_Init
                0x000000000802285c       0x5c build/Bsp_SDMMC.o
 .text.BspSDMMC_Pin_Init
                0x00000000080228b8       0xa8 build/Bsp_SDMMC.o
 .text.BspSDMMC_MDMA_Init
                0x0000000008022960       0x80 build/Bsp_SDMMC.o
 .text.BspSDMMC_Init
                0x00000000080229e0       0xa8 build/Bsp_SDMMC.o
 .text.HAL_SD_TxCpltCallback
                0x0000000008022a88       0x20 build/Bsp_SDMMC.o
                0x0000000008022a88                HAL_SD_TxCpltCallback
 .text.HAL_SD_RxCpltCallback
                0x0000000008022aa8       0x20 build/Bsp_SDMMC.o
                0x0000000008022aa8                HAL_SD_RxCpltCallback
 .text.HAL_SD_ErrorCallback
                0x0000000008022ac8       0x28 build/Bsp_SDMMC.o
                0x0000000008022ac8                HAL_SD_ErrorCallback
 .text.BspUart_Transfer
                0x0000000008022af0       0x84 build/Bsp_Uart.o
 .text.BspUart_Set_DataBit
                0x0000000008022b74       0x24 build/Bsp_Uart.o
                0x0000000008022b74                BspUart_Set_DataBit
 .text.BspUart_Set_Parity
                0x0000000008022b98       0x24 build/Bsp_Uart.o
                0x0000000008022b98                BspUart_Set_Parity
 .text.BspUart_Set_StopBit
                0x0000000008022bbc       0x24 build/Bsp_Uart.o
                0x0000000008022bbc                BspUart_Set_StopBit
 .text.BspUart_Swap_Pin
                0x0000000008022be0       0x52 build/Bsp_Uart.o
                0x0000000008022be0                BspUart_Swap_Pin
 *fill*         0x0000000008022c32        0x2 
 .text.BspUart_Init_Clock
                0x0000000008022c34      0x218 build/Bsp_Uart.o
 .text.BspUart_Init
                0x0000000008022e4c      0x110 build/Bsp_Uart.o
 .text.BspUart_GetObj_Handle
                0x0000000008022f5c       0x18 build/Bsp_Uart.o
                0x0000000008022f5c                BspUart_GetObj_Handle
 .text.UART_Idle_Callback
                0x0000000008022f74      0x160 build/Bsp_Uart.o
                0x0000000008022f74                UART_Idle_Callback
 .text.HAL_UART_RxCpltCallback
                0x00000000080230d4       0x70 build/Bsp_Uart.o
                0x00000000080230d4                HAL_UART_RxCpltCallback
 .text.HAL_UART_TxCpltCallback
                0x0000000008023144       0x48 build/Bsp_Uart.o
                0x0000000008023144                HAL_UART_TxCpltCallback
 .text.BspDMA_Get_Instance
                0x000000000802318c       0x68 build/Bsp_DMA.o
 .text.BspDMA_Regist_Obj
                0x00000000080231f4       0x38 build/Bsp_DMA.o
 .text.BspDMA_Unregist_Obj
                0x000000000802322c       0x24 build/Bsp_DMA.o
 .text.BspDMA_Get_Handle
                0x0000000008023250       0x1c build/Bsp_DMA.o
 .text.BspDMA_EnableIRQ
                0x000000000802326c       0x78 build/Bsp_DMA.o
 .text.Dev_MPU6000_Regs_Read
                0x00000000080232e4       0x5a build/Dev_MPU6000.o
 .text.DevMPU6000_Reg_Read
                0x000000000802333e       0x54 build/Dev_MPU6000.o
 .text.DevMPU6000_Reg_Write
                0x0000000008023392       0x4c build/Dev_MPU6000.o
 *fill*         0x00000000080233de        0x2 
 .text.DevMPU6000_Config
                0x00000000080233e0       0xb4 build/Dev_MPU6000.o
 .text.DevMPU6000_PreInit
                0x0000000008023494        0xc build/Dev_MPU6000.o
 .text.DevMPU6000_Init
                0x00000000080234a0      0x17e build/Dev_MPU6000.o
 .text.DevMPU6000_Get_InitError
                0x000000000802361e        0x6 build/Dev_MPU6000.o
 .text.DevMPU6000_SetDRDY
                0x0000000008023624        0x6 build/Dev_MPU6000.o
 .text.DevMPU6000_GetReady
                0x000000000802362a        0x4 build/Dev_MPU6000.o
 .text.DevMPU6000_SwReset
                0x000000000802362e        0x4 build/Dev_MPU6000.o
 .text.DevMPU6000_Sample
                0x0000000008023632       0xee build/Dev_MPU6000.o
 .text.DevMPU6000_Get_Data
                0x0000000008023720       0x36 build/Dev_MPU6000.o
                0x0000000008023720                DevMPU6000_Get_Data
 .text.DevICM20602_Reg_Read
                0x0000000008023756       0x54 build/Dev_ICM20602.o
 .text.DevICM20602_Reg_Write
                0x00000000080237aa       0x4c build/Dev_ICM20602.o
 *fill*         0x00000000080237f6        0x2 
 .text.DevICM20602_Config
                0x00000000080237f8       0x84 build/Dev_ICM20602.o
 .text.DevICM20602_PreInit
                0x000000000802387c        0xc build/Dev_ICM20602.o
 .text.DevICM20602_SetDRDY
                0x0000000008023888        0x6 build/Dev_ICM20602.o
 .text.DevICM20602_SwReset
                0x000000000802388e       0x1a build/Dev_ICM20602.o
 .text.DevICM20602_Init
                0x00000000080238a8      0x184 build/Dev_ICM20602.o
 .text.DevICM20602_GetReady
                0x0000000008023a2c        0x4 build/Dev_ICM20602.o
 .text.DevICM20602_Sample
                0x0000000008023a30        0xa build/Dev_ICM20602.o
 .text.DevICM20602_Get_InitError
                0x0000000008023a3a        0x4 build/Dev_ICM20602.o
 .text.DevICM20602_Get_Data
                0x0000000008023a3e       0x3a build/Dev_ICM20602.o
 .text.DevLed_Init
                0x0000000008023a78       0x28 build/Dev_Led.o
 .text.DevLed_Ctl
                0x0000000008023aa0       0x2c build/Dev_Led.o
 .text.DevCard_Init
                0x0000000008023acc       0xa0 build/Dev_Card.o
 .text.DevCard_GetError
                0x0000000008023b6c        0xc build/Dev_Card.o
 .text.DevCard_GetInfo
                0x0000000008023b78       0x52 build/Dev_Card.o
 *fill*         0x0000000008023bca        0x2 
 .text.DevCard_Write
                0x0000000008023bcc       0x4c build/Dev_Card.o
 .text.DevCard_Read
                0x0000000008023c18       0x48 build/Dev_Card.o
 .text.DevSBUS_Frame_Decode
                0x0000000008023c60      0x14a build/Dev_Sbus.o
 .text.DevSBUS_Init
                0x0000000008023daa       0x14 build/Dev_Sbus.o
 *fill*         0x0000000008023dbe        0x2 
 .text.crsf_crc8
                0x0000000008023dc0       0x28 build/Dev_CRSF.o
 .text.DevCESF_Get_Statistics
                0x0000000008023de8       0x36 build/Dev_CRSF.o
 .text.DevCRSF_Get_Channel
                0x0000000008023e1e       0x62 build/Dev_CRSF.o
 .text.DevCrsf_Init
                0x0000000008023e80       0x1a build/Dev_CRSF.o
 .text.DevCRSF_Decode
                0x0000000008023e9a       0xf2 build/Dev_CRSF.o
 .text.SrvIMU_PriIMU_Init
                0x0000000008023f8c       0xe8 build/SrvMPU_Sample.o
 .text.SrvIMU_SecIMU_Init
                0x0000000008024074       0xe8 build/SrvMPU_Sample.o
 .text.SrvIMU_PriIMU_CS_Ctl
                0x000000000802415c       0x1c build/SrvMPU_Sample.o
 .text.SrvIMU_SecIMU_CS_Ctl
                0x0000000008024178       0x1c build/SrvMPU_Sample.o
 .text.SrvIMU_PriIMU_BusTrans_Rec
                0x0000000008024194       0x24 build/SrvMPU_Sample.o
 .text.SrvIMU_SecIMU_BusTrans_Rec
                0x00000000080241b8       0x24 build/SrvMPU_Sample.o
 .text.SrvIMU_DataCheck
                0x00000000080241dc      0x120 build/SrvMPU_Sample.o
 .text.SrvIMU_Sample
                0x00000000080242fc      0x290 build/SrvMPU_Sample.o
 .text.SrvIMU_ErrorProc
                0x000000000802458c       0x18 build/SrvMPU_Sample.o
 .text.SrvIMU_PriIMU_ExtiCallback
                0x00000000080245a4       0x24 build/SrvMPU_Sample.o
 .text.SrvIMU_SecIMU_ExtiCallback
                0x00000000080245c8       0x24 build/SrvMPU_Sample.o
 .text.SrvIMU_PriDev_InitError
                0x00000000080245ec        0x8 build/SrvMPU_Sample.o
 .text.SrvIMU_SecDev_InitError
                0x00000000080245f4        0x8 build/SrvMPU_Sample.o
 .text.SrvIMU_AllModule_InitError
                0x00000000080245fc        0x8 build/SrvMPU_Sample.o
 .text.SrvIMU_Get_Data
                0x0000000008024604       0xf8 build/SrvMPU_Sample.o
 .text.SrvIMU_Init
                0x00000000080246fc      0x114 build/SrvMPU_Sample.o
 .text.SrvReceiver_Create_SPIObj
                0x0000000008024810        0x2 build/Srv_Receiver.o
 .text.SrvReceiver_Set_Invert
                0x0000000008024812       0x2a build/Srv_Receiver.o
 .text.SrvReceiver_Check
                0x000000000802483c       0x4a build/Srv_Receiver.o
 .text.SrvReceiver_Get_Value
                0x0000000008024886       0x82 build/Srv_Receiver.o
 .text.SrvReceiver_SerialDecode_Callback
                0x0000000008024908      0x28a build/Srv_Receiver.o
 *fill*         0x0000000008024b92        0x2 
 .text.SrvReceiver_Init
                0x0000000008024b94      0x1b0 build/Srv_Receiver.o
 .text.SrvReceiver_Create_UartObj
                0x0000000008024d44       0x6e build/Srv_Receiver.o
 .text.LEndian2Word
                0x0000000008024db2       0x16 build/Data_Convert_Util.o
                0x0000000008024db2                LEndian2Word
 .text.LEndian2HalfWord
                0x0000000008024dc8        0xa build/Data_Convert_Util.o
                0x0000000008024dc8                LEndian2HalfWord
 .text.LEndianWord2BytesArray
                0x0000000008024dd2       0x1e build/Data_Convert_Util.o
                0x0000000008024dd2                LEndianWord2BytesArray
 .text.Queue_UpdateState
                0x0000000008024df0       0x40 build/queue.o
 .text.Queue_Push
                0x0000000008024e30       0x6e build/queue.o
 .text.Queue_Pop
                0x0000000008024e9e       0x78 build/queue.o
 .text.Queue_GetRemain
                0x0000000008024f16       0x16 build/queue.o
 .text.Queue_Check
                0x0000000008024f2c       0x48 build/queue.o
 .text.Queue_GetState
                0x0000000008024f74        0xe build/queue.o
 .text.Queue_GetSize
                0x0000000008024f82        0xe build/queue.o
 .text.Queue_PopTo
                0x0000000008024f90       0xd6 build/queue.o
 .text.Queue_Reset
                0x0000000008025066       0x3a build/queue.o
 .text.Queue_Create_WithCertainBuff
                0x00000000080250a0       0x48 build/queue.o
 .text.Queue_Create_Auto
                0x00000000080250e8       0x4c build/queue.o
 .text.Item_SwapLRData
                0x0000000008025134        0xa build/linked_list.o
 .text.List_Init
                0x000000000802513e       0x1c build/linked_list.o
                0x000000000802513e                List_Init
 .text.List_ItemClear
                0x000000000802515a       0x14 build/linked_list.o
                0x000000000802515a                List_ItemClear
 .text.List_ItemInit
                0x000000000802516e       0x10 build/linked_list.o
                0x000000000802516e                List_ItemInit
 .text.List_InsertToPrv
                0x000000000802517e       0x14 build/linked_list.o
                0x000000000802517e                List_InsertToPrv
 .text.List_InsertByOrder
                0x0000000008025192       0x14 build/linked_list.o
                0x0000000008025192                List_InsertByOrder
 .text.List_InsertByCondition
                0x00000000080251a6       0x3c build/linked_list.o
                0x00000000080251a6                List_InsertByCondition
 .text.List_Insert_Item
                0x00000000080251e2       0x32 build/linked_list.o
                0x00000000080251e2                List_Insert_Item
 .text.List_traverse
                0x0000000008025214       0x5a build/linked_list.o
                0x0000000008025214                List_traverse
 .text.Tree_Get_Depth
                0x000000000802526e       0x2e build/binary_tree.o
 .text.Tree_Get_BalanceFactory
                0x000000000802529c       0x24 build/binary_tree.o
 .text.Tree_Search_RootNode
                0x00000000080252c0       0x16 build/binary_tree.o
 .text.TreeNode_RightRotate
                0x00000000080252d6       0x60 build/binary_tree.o
 .text.TreeNode_LeftRotate
                0x0000000008025336       0x60 build/binary_tree.o
 .text.TreeNoe_Dynamic_Trim
                0x0000000008025396       0x5e build/binary_tree.o
 .text.TreeNode_Insert
                0x00000000080253f4       0x68 build/binary_tree.o
 .text.TreeNode_Update_BalanceFactory
                0x000000000802545c       0x36 build/binary_tree.o
 .text.Tree_RootUpdate
                0x0000000008025492       0x1a build/binary_tree.o
 .text.TreeNode_Init
                0x00000000080254ac       0x4a build/binary_tree.o
 .text.TreeNode_Pre_Traverse
                0x00000000080254f6       0x26 build/binary_tree.o
 .text.TreeNode_Mid_Traverse
                0x000000000802551c       0x24 build/binary_tree.o
 .text.TreeNode_Bck_Traverse
                0x0000000008025540       0x24 build/binary_tree.o
 .text.Tree_Traverse
                0x0000000008025564       0x32 build/binary_tree.o
 .text.TreeNode_Search
                0x0000000008025596       0x66 build/binary_tree.o
 .text.Tree_Search
                0x00000000080255fc       0x40 build/binary_tree.o
 .text.Tree_Insert
                0x000000000802563c       0x50 build/binary_tree.o
 .text.BinaryTree_Create
                0x000000000802568c       0x38 build/binary_tree.o
 .text.ReBoot   0x00000000080256c4       0x28 build/reboot.o
                0x00000000080256c4                ReBoot
 .text.Error_InsertPriority_Compare
                0x00000000080256ec       0x40 build/error_log.o
 .text.Error_Search
                0x000000000802572c       0x52 build/error_log.o
 *fill*         0x000000000802577e        0x2 
 .text.Error_Register
                0x0000000008025780       0x38 build/error_log.o
 .text.Error_Set_Callback
                0x00000000080257b8       0x20 build/error_log.o
 .text.Error_DescToQueue
                0x00000000080257d8       0x6c build/error_log.o
 .text.ErrorTree_Create
                0x0000000008025844       0x80 build/error_log.o
 .text.Error_Proc
                0x00000000080258c4       0xe4 build/error_log.o
 .text.Error_Trigger
                0x00000000080259a8      0x130 build/error_log.o
 .text.DataPipe_TransFinish_Callback
                0x0000000008025ad8       0x54 build/DataPipe.o
 .text.DataPipe_TransError_Callback
                0x0000000008025b2c       0x6c build/DataPipe.o
 .text.DataPipe_Init
                0x0000000008025b98       0x9c build/DataPipe.o
                0x0000000008025b98                DataPipe_Init
 .text.DataPipe_SendTo
                0x0000000008025c34       0xa0 build/DataPipe.o
                0x0000000008025c34                DataPipe_SendTo
 .text.MMU_InsertFreeBlock
                0x0000000008025cd4       0x70 build/mmu.o
 .text.MMU_Init
                0x0000000008025d44       0x58 build/mmu.o
 .text.MMU_Malloc
                0x0000000008025d9c       0xc0 build/mmu.o
                0x0000000008025d9c                MMU_Malloc
 .text.MMU_Free
                0x0000000008025e5c       0x3c build/mmu.o
                0x0000000008025e5c                MMU_Free
 .text.Os_Idle_List_TraverseCallback
                0x0000000008025e98       0x26 build/scheduler.o
 *fill*         0x0000000008025ebe        0x2 
 .text.Os_Set_TaskReady
                0x0000000008025ec0       0x38 build/scheduler.o
 .text.Os_Clr_TaskReady
                0x0000000008025ef8       0x40 build/scheduler.o
 .text.Os_Clr_TaskPending
                0x0000000008025f38       0x40 build/scheduler.o
 .text.Os_TaskExit
                0x0000000008025f78        0x2 build/scheduler.o
 *fill*         0x0000000008025f7a        0x2 
 .text.Os_Get_HighestRank_RdyTask
                0x0000000008025f7c       0x60 build/scheduler.o
 .text.Os_Get_HighestRank_PndTask
                0x0000000008025fdc       0x60 build/scheduler.o
 .text.Os_TaskPri_Compare
                0x000000000802603c      0x168 build/scheduler.o
 .text.Os_ResetTask_Data
                0x00000000080261a4       0x26 build/scheduler.o
 *fill*         0x00000000080261ca        0x2 
 .text.Os_TaskCrtList_TraverseCallback
                0x00000000080261cc       0x40 build/scheduler.o
 .text.Os_Idle  0x000000000802620c       0x68 build/scheduler.o
 .text.Os_Set_TaskStk
                0x0000000008026274       0x58 build/scheduler.o
 .text.Os_CreateIdle
                0x00000000080262cc       0x5c build/scheduler.o
 .text.Os_TaskExec
                0x0000000008026328      0x14c build/scheduler.o
 *fill*         0x0000000008026474        0xc 
 .text.Os_LoadFirstTask
                0x0000000008026480       0x24 build/scheduler.o
                0x0000000008026480                Os_LoadFirstTask
 *fill*         0x00000000080264a4        0xc 
 .text.Os_SwitchContext
                0x00000000080264b0       0x60 build/scheduler.o
                0x00000000080264b0                Os_SwitchContext
 .text.Os_SwitchTaskStack
                0x0000000008026510       0x28 build/scheduler.o
                0x0000000008026510                Os_SwitchTaskStack
 .text.Os_Init  0x0000000008026538       0x8c build/scheduler.o
                0x0000000008026538                Os_Init
 .text.Os_Start
                0x00000000080265c4       0x54 build/scheduler.o
                0x00000000080265c4                Os_Start
 .text.Os_Regist_IdleObj
                0x0000000008026618       0x50 build/scheduler.o
                0x0000000008026618                Os_Regist_IdleObj
 .text.Os_CreateTask
                0x0000000008026668      0x180 build/scheduler.o
                0x0000000008026668                Os_CreateTask
 .text.Os_Set_TaskPending
                0x00000000080267e8       0x3c build/scheduler.o
                0x00000000080267e8                Os_Set_TaskPending
 .text.Os_SchedulerRun
                0x0000000008026824       0xe0 build/scheduler.o
 .text.Os_TaskCaller
                0x0000000008026904       0x38 build/scheduler.o
 .text.Kernel_SetBASEPRI
                0x000000000802693c        0xe build/kernel.o
 *fill*         0x000000000802694a        0x2 
 .text.KernelClock_Init
                0x000000000802694c      0x16c build/kernel.o
 .text.Kernel_Init
                0x0000000008026ab8        0xe build/kernel.o
                0x0000000008026ab8                Kernel_Init
 *fill*         0x0000000008026ac6        0x2 
 .text.Kernel_LoadProcess
                0x0000000008026ac8       0x20 build/kernel.o
                0x0000000008026ac8                Kernel_LoadProcess
 .text.Kernel_EnablePendSV
                0x0000000008026ae8       0x10 build/kernel.o
                0x0000000008026ae8                Kernel_EnablePendSV
 .text.Kernel_TriggerPendSV
                0x0000000008026af8       0x10 build/kernel.o
                0x0000000008026af8                Kernel_TriggerPendSV
 .text.Kernel_EnterCritical
                0x0000000008026b08       0x18 build/kernel.o
                0x0000000008026b08                Kernel_EnterCritical
 .text.Kernel_ExitCritical
                0x0000000008026b20       0x28 build/kernel.o
                0x0000000008026b20                Kernel_ExitCritical
 .text.Runtime_SetCallback
                0x0000000008026b48       0x2c build/runtime.o
                0x0000000008026b48                Runtime_SetCallback
 .text.Runtime_GetTickBase
                0x0000000008026b74        0xc build/runtime.o
                0x0000000008026b74                Runtime_GetTickBase
 .text.Runtime_Config
                0x0000000008026b80       0xb0 build/runtime.o
                0x0000000008026b80                Runtime_Config
 .text.Runtime_Start
                0x0000000008026c30       0x24 build/runtime.o
                0x0000000008026c30                Runtime_Start
 .text.RuntimeObj_Reset
                0x0000000008026c54        0xa build/runtime.o
                0x0000000008026c54                RuntimeObj_Reset
 .text.Get_TimeDifference_Between
                0x0000000008026c5e       0x18 build/runtime.o
                0x0000000008026c5e                Get_TimeDifference_Between
 *fill*         0x0000000008026c76        0x2 
 .text.Runtime_Tick
                0x0000000008026c78       0x78 build/runtime.o
                0x0000000008026c78                Runtime_Tick
 .text.Get_CurrentRunningUs
                0x0000000008026cf0        0xc build/runtime.o
                0x0000000008026cf0                Get_CurrentRunningUs
 .text.Get_CurrentRunningMs
                0x0000000008026cfc       0x18 build/runtime.o
                0x0000000008026cfc                Get_CurrentRunningMs
 .text.Get_CurrentRunningS
                0x0000000008026d14       0x12 build/runtime.o
                0x0000000008026d14                Get_CurrentRunningS
 *fill*         0x0000000008026d26        0x2 
 .text.Get_TargetRunTime
                0x0000000008026d28       0x14 build/runtime.o
                0x0000000008026d28                Get_TargetRunTime
 .text.RuntimeObj_CompareWithCurrent
                0x0000000008026d3c       0x18 build/runtime.o
                0x0000000008026d3c                RuntimeObj_CompareWithCurrent
 .text.Runtime_DelayMs
                0x0000000008026d54       0x2c build/runtime.o
                0x0000000008026d54                Runtime_DelayMs
 .text.Disk_Get_MinWriteByte
                0x0000000008026d80        0xc build/DiskIO.o
 .text.Disk_GetCard_Info
                0x0000000008026d8c       0x18 build/DiskIO.o
 .text.Disk_Get_StartSectionOfCluster
                0x0000000008026da4       0x18 build/DiskIO.o
 .text.Disk_Search_FreeCluster
                0x0000000008026dbc       0x80 build/DiskIO.o
 .text.Disk_GetClusterState
                0x0000000008026e3c       0x44 build/DiskIO.o
 .text.Disk_isFolder
                0x0000000008026e80        0xe build/DiskIO.o
 *fill*         0x0000000008026e8e        0x2 
 .text.Disk_Update_File_Cluster
                0x0000000008026e90       0x80 build/DiskIO.o
 .text.Disk_ExtModule_InitError
                0x0000000008026f10       0x18 build/DiskIO.o
 .text.Disk_FreeCluster_SearchError
                0x0000000008026f28       0x14 build/DiskIO.o
 .text.Disk_FSINFO_ReadError
                0x0000000008026f3c       0x14 build/DiskIO.o
 .text.Disk_SFN_Match
                0x0000000008026f50       0x58 build/DiskIO.o
 .text.Disk_ClearCluster
                0x0000000008026fa8       0x58 build/DiskIO.o
 .text.ExtDisk_Init
                0x0000000008027000       0x6c build/DiskIO.o
 .text.Disk_Get_NextCluster
                0x000000000802706c       0x48 build/DiskIO.o
 .text.Disk_ParseFSINFO
                0x00000000080270b4       0xd8 build/DiskIO.o
 .text.Disk_UpdateFSINFO
                0x000000000802718c       0x84 build/DiskIO.o
 .text.Disk_Update_FreeCluster
                0x0000000008027210       0xf4 build/DiskIO.o
 .text.Disk_Establish_ClusterLink
                0x0000000008027304       0xb4 build/DiskIO.o
 .text.Disk_FileSize_Update
                0x00000000080273b8       0x60 build/DiskIO.o
 .text.Disk_WriteFile_From_Head
                0x0000000008027418       0xec build/DiskIO.o
 .text.Disk_WriteData_ToFile
                0x0000000008027504      0x2c8 build/DiskIO.o
 .text.Disk_GetPath_Layer
                0x00000000080277cc       0x1a build/DiskIO.o
 *fill*         0x00000000080277e6        0x2 
 .text.Disk_GetFolderName_ByIndex
                0x00000000080277e8       0xd0 build/DiskIO.o
 .text.Disk_SFN_LegallyCheck
                0x00000000080278b8      0x158 build/DiskIO.o
 .text.Disk_Name_ConvertTo83Frame
                0x0000000008027a10      0x104 build/DiskIO.o
 .text.Disk_Fill_Attr
                0x0000000008027b14       0x90 build/DiskIO.o
 .text.Disk_Parse_Attribute
                0x0000000008027ba4      0x198 build/DiskIO.o
 .text.Disk_MatchTaget
                0x0000000008027d3c      0x13e build/DiskIO.o
 .text.Disk_Get_DirStartCluster
                0x0000000008027e7a       0xd2 build/DiskIO.o
 .text.Disk_Open
                0x0000000008027f4c       0xf8 build/DiskIO.o
 .text.Disk_WriteTo_TargetFFTable
                0x0000000008028044      0x3d8 build/DiskIO.o
 .text.Disk_Create_Folder
                0x000000000802841c       0xd2 build/DiskIO.o
 *fill*         0x00000000080284ee        0x2 
 .text.Disk_ParseMBR
                0x00000000080284f0       0xe8 build/DiskIO.o
 .text.Disk_ParseDBR
                0x00000000080285d8      0x1f8 build/DiskIO.o
 .text.Disk_Printf
                0x00000000080287d0       0x48 build/DiskIO.o
 .text.Disk_Create_File
                0x0000000008028818      0x288 build/DiskIO.o
 .text.Disk_Init
                0x0000000008028aa0      0x144 build/DiskIO.o
 .text.shellExtNumType
                0x0000000008028be4       0x50 build/shell_ext.o
 .text.shellExtToNum
                0x0000000008028c34       0x2e build/shell_ext.o
 *fill*         0x0000000008028c62        0x2 
 .text.shellExtParseChar
                0x0000000008028c64       0x88 build/shell_ext.o
 .text.shellExtParseString
                0x0000000008028cec       0x40 build/shell_ext.o
 .text.shellExtParseNumber
                0x0000000008028d2c       0xbe build/shell_ext.o
 .text.shellExtParseVar
                0x0000000008028dea       0x1e build/shell_ext.o
 .text.shellExtParsePara
                0x0000000008028e08       0x4a build/shell_ext.o
                0x0000000008028e08                shellExtParsePara
 .text.shellExtRun
                0x0000000008028e52       0xee build/shell_ext.o
                0x0000000008028e52                shellExtRun
 .text.Shell_Init
                0x0000000008028f40       0x1c build/shell_port.o
                0x0000000008028f40                Shell_Init
 .text.shellAdd
                0x0000000008028f5c       0x24 build/shell.o
 .text.shellStringCopy
                0x0000000008028f80       0x16 build/shell.o
 .text.shellStringCompare
                0x0000000008028f96       0x2e build/shell.o
 .text.shellGetCommandDesc
                0x0000000008028fc4       0x22 build/shell.o
 .text.shellParserParam
                0x0000000008028fe6       0x90 build/shell.o
 .text.shellHistoryAdd
                0x0000000008029076       0x70 build/shell.o
 .text.shellRemoveParamQuotes
                0x00000000080290e6       0x54 build/shell.o
 *fill*         0x000000000802913a        0x2 
 .text.shellGetCurrent
                0x000000000802913c       0x2c build/shell.o
                0x000000000802913c                shellGetCurrent
 .text.shellWriteByte
                0x0000000008029168       0x18 build/shell.o
                0x0000000008029168                shellWriteByte
 .text.shellRight
                0x0000000008029180       0x1a build/shell.o
                0x0000000008029180                shellRight
 .text.shellLeft
                0x000000000802919a       0x18 build/shell.o
                0x000000000802919a                shellLeft
 .text.shellWriteString
                0x00000000080291b2       0x18 build/shell.o
                0x00000000080291b2                shellWriteString
 *fill*         0x00000000080291ca        0x2 
 .text.shellSetUser
                0x00000000080291cc       0x60 build/shell.o
 .text.shellWriteCommandLine
                0x000000000802922c       0x60 build/shell.o
 .text.shellCheckPassword
                0x000000000802928c       0x40 build/shell.o
 .text.shellClear
                0x00000000080292cc       0x14 build/shell.o
                0x00000000080292cc                shellClear
 .text.shellCheckPermission
                0x00000000080292e0       0x3c build/shell.o
                0x00000000080292e0                shellCheckPermission
 .text.shellToHex
                0x000000000802931c       0x28 build/shell.o
                0x000000000802931c                shellToHex
 .text.shellGetCommandName
                0x0000000008029344       0x44 build/shell.o
 .text.shellToDec
                0x0000000008029388       0x60 build/shell.o
                0x0000000008029388                shellToDec
 .text.shellWriteReturnValue
                0x00000000080293e8       0x7c build/shell.o
 .text.shellListItem
                0x0000000008029464       0x90 build/shell.o
                0x0000000008029464                shellListItem
 .text.shellListCommand
                0x00000000080294f4       0x48 build/shell.o
                0x00000000080294f4                shellListCommand
 .text.shellCmds
                0x000000000802953c        0xe build/shell.o
                0x000000000802953c                shellCmds
 *fill*         0x000000000802954a        0x2 
 .text.shellListVar
                0x000000000802954c       0x4c build/shell.o
                0x000000000802954c                shellListVar
 .text.shellVars
                0x0000000008029598        0xe build/shell.o
                0x0000000008029598                shellVars
 *fill*         0x00000000080295a6        0x2 
 .text.shellListUser
                0x00000000080295a8       0x48 build/shell.o
                0x00000000080295a8                shellListUser
 .text.shellUsers
                0x00000000080295f0        0xe build/shell.o
                0x00000000080295f0                shellUsers
 *fill*         0x00000000080295fe        0x2 
 .text.shellListKey
                0x0000000008029600       0x48 build/shell.o
                0x0000000008029600                shellListKey
 .text.shellKeys
                0x0000000008029648        0xe build/shell.o
                0x0000000008029648                shellKeys
 .text.shellListAll
                0x0000000008029656        0x8 build/shell.o
                0x0000000008029656                shellListAll
 *fill*         0x000000000802965e        0x2 
 .text.shellDeleteCommandLine
                0x0000000008029660       0x20 build/shell.o
                0x0000000008029660                shellDeleteCommandLine
 .text.shellClearCommandLine
                0x0000000008029680       0x28 build/shell.o
                0x0000000008029680                shellClearCommandLine
 .text.shellHistory
                0x00000000080296a8       0x98 build/shell.o
 .text.shellUp  0x0000000008029740        0xa build/shell.o
                0x0000000008029740                shellUp
 .text.shellDown
                0x000000000802974a        0xc build/shell.o
                0x000000000802974a                shellDown
 *fill*         0x0000000008029756        0x2 
 .text.shellTab
                0x0000000008029758      0x114 build/shell.o
                0x0000000008029758                shellTab
 .text.shellDeleteByte
                0x000000000802986c       0xc4 build/shell.o
                0x000000000802986c                shellDeleteByte
 .text.shellBackspace
                0x0000000008029930        0xa build/shell.o
                0x0000000008029930                shellBackspace
 .text.shellDelete
                0x000000000802993a        0xc build/shell.o
                0x000000000802993a                shellDelete
 .text.shellSeekCommand
                0x0000000008029946       0x72 build/shell.o
                0x0000000008029946                shellSeekCommand
 .text.shellInit
                0x00000000080299b8       0x90 build/shell.o
                0x00000000080299b8                shellInit
 .text.shellHelp
                0x0000000008029a48       0x7c build/shell.o
                0x0000000008029a48                shellHelp
 .text.shellGetVarValue
                0x0000000008029ac4       0x44 build/shell.o
                0x0000000008029ac4                shellGetVarValue
 .text.shellShowVar
                0x0000000008029b08       0xbc build/shell.o
 .text.shellSetVarValue
                0x0000000008029bc4       0x78 build/shell.o
                0x0000000008029bc4                shellSetVarValue
 .text.shellSetVar
                0x0000000008029c3c       0x64 build/shell.o
                0x0000000008029c3c                shellSetVar
 .text.shellRunCommand
                0x0000000008029ca0       0x94 build/shell.o
                0x0000000008029ca0                shellRunCommand
 .text.shellExec
                0x0000000008029d34       0x68 build/shell.o
                0x0000000008029d34                shellExec
 .text.shellEnter
                0x0000000008029d9c       0x12 build/shell.o
                0x0000000008029d9c                shellEnter
 *fill*         0x0000000008029dae        0x2 
 .text.USB_DEVICE_Init
                0x0000000008029db0       0x54 build/usb_device.o
                0x0000000008029db0                USB_DEVICE_Init
 .text.USBD_FS_DeviceDescriptor
                0x0000000008029e04        0xc build/usbd_desc.o
                0x0000000008029e04                USBD_FS_DeviceDescriptor
 .text.USBD_FS_LangIDStrDescriptor
                0x0000000008029e10        0xc build/usbd_desc.o
                0x0000000008029e10                USBD_FS_LangIDStrDescriptor
 .text.IntToUnicode
                0x0000000008029e1c       0x46 build/usbd_desc.o
 *fill*         0x0000000008029e62        0x2 
 .text.Get_SerialNum
                0x0000000008029e64       0x38 build/usbd_desc.o
 .text.USBD_FS_SerialStrDescriptor
                0x0000000008029e9c       0x14 build/usbd_desc.o
                0x0000000008029e9c                USBD_FS_SerialStrDescriptor
 .text.USBD_FS_ProductStrDescriptor
                0x0000000008029eb0       0x24 build/usbd_desc.o
                0x0000000008029eb0                USBD_FS_ProductStrDescriptor
 .text.USBD_FS_ManufacturerStrDescriptor
                0x0000000008029ed4       0x1c build/usbd_desc.o
                0x0000000008029ed4                USBD_FS_ManufacturerStrDescriptor
 .text.USBD_FS_ConfigStrDescriptor
                0x0000000008029ef0       0x24 build/usbd_desc.o
                0x0000000008029ef0                USBD_FS_ConfigStrDescriptor
 .text.USBD_FS_InterfaceStrDescriptor
                0x0000000008029f14       0x24 build/usbd_desc.o
                0x0000000008029f14                USBD_FS_InterfaceStrDescriptor
 .text.CDC_DeInit_FS
                0x0000000008029f38        0x4 build/usbd_cdc_if.o
 .text.CDC_Control_FS
                0x0000000008029f3c        0x4 build/usbd_cdc_if.o
 .text.CDC_TransmitCplt_FS
                0x0000000008029f40        0x4 build/usbd_cdc_if.o
 .text.CDC_Receive_FS
                0x0000000008029f44       0x2c build/usbd_cdc_if.o
 .text.CDC_Init_FS
                0x0000000008029f70       0x28 build/usbd_cdc_if.o
 .text.CDC_Transmit_FS
                0x0000000008029f98       0x2c build/usbd_cdc_if.o
                0x0000000008029f98                CDC_Transmit_FS
 .text.usb_printf
                0x0000000008029fc4       0x30 build/usbd_cdc_if.o
                0x0000000008029fc4                usb_printf
 .text.usb_setrec_callback
                0x0000000008029ff4        0xc build/usbd_cdc_if.o
                0x0000000008029ff4                usb_setrec_callback
 .text.HAL_PCD_MspInit
                0x000000000802a000       0xac build/usbd_conf.o
                0x000000000802a000                HAL_PCD_MspInit
 .text.HAL_PCD_SetupStageCallback
                0x000000000802a0ac       0x10 build/usbd_conf.o
                0x000000000802a0ac                HAL_PCD_SetupStageCallback
 .text.HAL_PCD_DataOutStageCallback
                0x000000000802a0bc       0x18 build/usbd_conf.o
                0x000000000802a0bc                HAL_PCD_DataOutStageCallback
 .text.HAL_PCD_DataInStageCallback
                0x000000000802a0d4       0x16 build/usbd_conf.o
                0x000000000802a0d4                HAL_PCD_DataInStageCallback
 .text.HAL_PCD_SOFCallback
                0x000000000802a0ea        0xc build/usbd_conf.o
                0x000000000802a0ea                HAL_PCD_SOFCallback
 .text.HAL_PCD_ResetCallback
                0x000000000802a0f6       0x24 build/usbd_conf.o
                0x000000000802a0f6                HAL_PCD_ResetCallback
 *fill*         0x000000000802a11a        0x2 
 .text.HAL_PCD_SuspendCallback
                0x000000000802a11c       0x30 build/usbd_conf.o
                0x000000000802a11c                HAL_PCD_SuspendCallback
 .text.HAL_PCD_ResumeCallback
                0x000000000802a14c        0xc build/usbd_conf.o
                0x000000000802a14c                HAL_PCD_ResumeCallback
 .text.HAL_PCD_ISOOUTIncompleteCallback
                0x000000000802a158        0xc build/usbd_conf.o
                0x000000000802a158                HAL_PCD_ISOOUTIncompleteCallback
 .text.HAL_PCD_ISOINIncompleteCallback
                0x000000000802a164        0xc build/usbd_conf.o
                0x000000000802a164                HAL_PCD_ISOINIncompleteCallback
 .text.HAL_PCD_ConnectCallback
                0x000000000802a170        0xc build/usbd_conf.o
                0x000000000802a170                HAL_PCD_ConnectCallback
 .text.HAL_PCD_DisconnectCallback
                0x000000000802a17c        0xc build/usbd_conf.o
                0x000000000802a17c                HAL_PCD_DisconnectCallback
 .text.USBD_LL_Init
                0x000000000802a188       0x68 build/usbd_conf.o
                0x000000000802a188                USBD_LL_Init
 .text.USBD_LL_IsStallEP
                0x000000000802a1f0       0x2e build/usbd_conf.o
                0x000000000802a1f0                USBD_LL_IsStallEP
 .text.USBD_LL_GetRxDataSize
                0x000000000802a21e        0xc build/usbd_conf.o
                0x000000000802a21e                USBD_LL_GetRxDataSize
 *fill*         0x000000000802a22a        0x2 
 .text.USBD_static_malloc
                0x000000000802a22c        0x8 build/usbd_conf.o
                0x000000000802a22c                USBD_static_malloc
 .text.USBD_static_free
                0x000000000802a234        0x2 build/usbd_conf.o
                0x000000000802a234                USBD_static_free
 .text.USBD_Get_USB_Status
                0x000000000802a236       0x14 build/usbd_conf.o
                0x000000000802a236                USBD_Get_USB_Status
 .text.USBD_LL_Start
                0x000000000802a24a       0x10 build/usbd_conf.o
                0x000000000802a24a                USBD_LL_Start
 .text.USBD_LL_OpenEP
                0x000000000802a25a       0x16 build/usbd_conf.o
                0x000000000802a25a                USBD_LL_OpenEP
 .text.USBD_LL_CloseEP
                0x000000000802a270       0x10 build/usbd_conf.o
                0x000000000802a270                USBD_LL_CloseEP
 .text.USBD_LL_StallEP
                0x000000000802a280       0x10 build/usbd_conf.o
                0x000000000802a280                USBD_LL_StallEP
 .text.USBD_LL_ClearStallEP
                0x000000000802a290       0x10 build/usbd_conf.o
                0x000000000802a290                USBD_LL_ClearStallEP
 .text.USBD_LL_SetUSBAddress
                0x000000000802a2a0       0x10 build/usbd_conf.o
                0x000000000802a2a0                USBD_LL_SetUSBAddress
 .text.USBD_LL_Transmit
                0x000000000802a2b0       0x10 build/usbd_conf.o
                0x000000000802a2b0                USBD_LL_Transmit
 .text.USBD_LL_PrepareReceive
                0x000000000802a2c0       0x10 build/usbd_conf.o
                0x000000000802a2c0                USBD_LL_PrepareReceive
 .text.USBD_Init
                0x000000000802a2d0       0x38 build/usbd_core.o
                0x000000000802a2d0                USBD_Init
 .text.USBD_RegisterClass
                0x000000000802a308       0x28 build/usbd_core.o
                0x000000000802a308                USBD_RegisterClass
 .text.USBD_Start
                0x000000000802a330        0x8 build/usbd_core.o
                0x000000000802a330                USBD_Start
 .text.USBD_SetClassConfig
                0x000000000802a338       0x12 build/usbd_core.o
                0x000000000802a338                USBD_SetClassConfig
 .text.USBD_ClrClassConfig
                0x000000000802a34a       0x10 build/usbd_core.o
                0x000000000802a34a                USBD_ClrClassConfig
 .text.USBD_LL_SetupStage
                0x000000000802a35a       0x58 build/usbd_core.o
                0x000000000802a35a                USBD_LL_SetupStage
 .text.USBD_LL_DataOutStage
                0x000000000802a3b2       0x72 build/usbd_core.o
                0x000000000802a3b2                USBD_LL_DataOutStage
 .text.USBD_LL_DataInStage
                0x000000000802a424       0xb8 build/usbd_core.o
                0x000000000802a424                USBD_LL_DataInStage
 .text.USBD_LL_Reset
                0x000000000802a4dc       0x52 build/usbd_core.o
                0x000000000802a4dc                USBD_LL_Reset
 .text.USBD_LL_SetSpeed
                0x000000000802a52e        0x6 build/usbd_core.o
                0x000000000802a52e                USBD_LL_SetSpeed
 .text.USBD_LL_Suspend
                0x000000000802a534       0x12 build/usbd_core.o
                0x000000000802a534                USBD_LL_Suspend
 .text.USBD_LL_Resume
                0x000000000802a546       0x16 build/usbd_core.o
                0x000000000802a546                USBD_LL_Resume
 .text.USBD_LL_SOF
                0x000000000802a55c       0x1c build/usbd_core.o
                0x000000000802a55c                USBD_LL_SOF
 .text.USBD_LL_IsoINIncomplete
                0x000000000802a578        0x4 build/usbd_core.o
                0x000000000802a578                USBD_LL_IsoINIncomplete
 .text.USBD_LL_IsoOUTIncomplete
                0x000000000802a57c        0x4 build/usbd_core.o
                0x000000000802a57c                USBD_LL_IsoOUTIncomplete
 .text.USBD_LL_DevConnected
                0x000000000802a580        0x4 build/usbd_core.o
                0x000000000802a580                USBD_LL_DevConnected
 .text.USBD_LL_DevDisconnected
                0x000000000802a584       0x18 build/usbd_core.o
                0x000000000802a584                USBD_LL_DevDisconnected
 .text.USBD_GetLen
                0x000000000802a59c       0x14 build/usbd_ctlreq.o
 .text.USBD_SetFeature
                0x000000000802a5b0       0x14 build/usbd_ctlreq.o
 .text.USBD_ParseSetupRequest
                0x000000000802a5c4       0x28 build/usbd_ctlreq.o
                0x000000000802a5c4                USBD_ParseSetupRequest
 .text.USBD_CtlError
                0x000000000802a5ec       0x14 build/usbd_ctlreq.o
                0x000000000802a5ec                USBD_CtlError
 .text.USBD_GetDescriptor
                0x000000000802a600      0x18a build/usbd_ctlreq.o
 .text.USBD_SetAddress
                0x000000000802a78a       0x4e build/usbd_ctlreq.o
 .text.USBD_SetConfig
                0x000000000802a7d8       0xc4 build/usbd_ctlreq.o
 .text.USBD_GetConfig
                0x000000000802a89c       0x3e build/usbd_ctlreq.o
 .text.USBD_GetStatus
                0x000000000802a8da       0x38 build/usbd_ctlreq.o
 .text.USBD_ClrFeature
                0x000000000802a912       0x26 build/usbd_ctlreq.o
 .text.USBD_StdDevReq
                0x000000000802a938       0x70 build/usbd_ctlreq.o
                0x000000000802a938                USBD_StdDevReq
 .text.USBD_StdItfReq
                0x000000000802a9a8       0x68 build/usbd_ctlreq.o
                0x000000000802a9a8                USBD_StdItfReq
 .text.USBD_StdEPReq
                0x000000000802aa10      0x1ea build/usbd_ctlreq.o
                0x000000000802aa10                USBD_StdEPReq
 .text.USBD_GetString
                0x000000000802abfa       0x3a build/usbd_ctlreq.o
                0x000000000802abfa                USBD_GetString
 .text.USBD_CtlSendData
                0x000000000802ac34       0x1a build/usbd_ioreq.o
                0x000000000802ac34                USBD_CtlSendData
 .text.USBD_CtlContinueSendData
                0x000000000802ac4e       0x10 build/usbd_ioreq.o
                0x000000000802ac4e                USBD_CtlContinueSendData
 .text.USBD_CtlPrepareRx
                0x000000000802ac5e       0x1e build/usbd_ioreq.o
                0x000000000802ac5e                USBD_CtlPrepareRx
 .text.USBD_CtlContinueRx
                0x000000000802ac7c       0x10 build/usbd_ioreq.o
                0x000000000802ac7c                USBD_CtlContinueRx
 .text.USBD_CtlSendStatus
                0x000000000802ac8c       0x16 build/usbd_ioreq.o
                0x000000000802ac8c                USBD_CtlSendStatus
 .text.USBD_CtlReceiveStatus
                0x000000000802aca2       0x16 build/usbd_ioreq.o
                0x000000000802aca2                USBD_CtlReceiveStatus
 .text.USBD_CDC_EP0_RxReady
                0x000000000802acb8       0x28 build/usbd_cdc.o
 .text.USBD_CDC_GetFSCfgDesc
                0x000000000802ace0        0xc build/usbd_cdc.o
 .text.USBD_CDC_GetHSCfgDesc
                0x000000000802acec        0xc build/usbd_cdc.o
 .text.USBD_CDC_GetOtherSpeedCfgDesc
                0x000000000802acf8        0xc build/usbd_cdc.o
 .text.USBD_CDC_GetDeviceQualifierDescriptor
                0x000000000802ad04        0xc build/usbd_cdc.o
                0x000000000802ad04                USBD_CDC_GetDeviceQualifierDescriptor
 .text.USBD_CDC_DataOut
                0x000000000802ad10       0x2a build/usbd_cdc.o
 .text.USBD_CDC_DataIn
                0x000000000802ad3a       0x64 build/usbd_cdc.o
 .text.USBD_CDC_Setup
                0x000000000802ad9e       0xe0 build/usbd_cdc.o
 .text.USBD_CDC_DeInit
                0x000000000802ae7e       0x48 build/usbd_cdc.o
 .text.USBD_CDC_Init
                0x000000000802aec6       0xc2 build/usbd_cdc.o
 .text.USBD_CDC_RegisterInterface
                0x000000000802af88        0xe build/usbd_cdc.o
                0x000000000802af88                USBD_CDC_RegisterInterface
 .text.USBD_CDC_SetTxBuffer
                0x000000000802af96       0x10 build/usbd_cdc.o
                0x000000000802af96                USBD_CDC_SetTxBuffer
 .text.USBD_CDC_SetRxBuffer
                0x000000000802afa6        0xc build/usbd_cdc.o
                0x000000000802afa6                USBD_CDC_SetRxBuffer
 .text.USBD_CDC_TransmitPacket
                0x000000000802afb2       0x34 build/usbd_cdc.o
                0x000000000802afb2                USBD_CDC_TransmitPacket
 .text.USBD_CDC_ReceivePacket
                0x000000000802afe6       0x32 build/usbd_cdc.o
                0x000000000802afe6                USBD_CDC_ReceivePacket
 .text.NMI_Handler
                0x000000000802b018        0x2 build/stm32h7xx_it.o
                0x000000000802b018                NMI_Handler
 .text.HardFault_Handler
                0x000000000802b01a        0x2 build/stm32h7xx_it.o
                0x000000000802b01a                HardFault_Handler
 .text.MemManage_Handler
                0x000000000802b01c        0x2 build/stm32h7xx_it.o
                0x000000000802b01c                MemManage_Handler
 .text.BusFault_Handler
                0x000000000802b01e        0x2 build/stm32h7xx_it.o
                0x000000000802b01e                BusFault_Handler
 .text.UsageFault_Handler
                0x000000000802b020        0x2 build/stm32h7xx_it.o
                0x000000000802b020                UsageFault_Handler
 .text.SVC_Handler
                0x000000000802b022        0xc build/stm32h7xx_it.o
                0x000000000802b022                SVC_Handler
 .text.DebugMon_Handler
                0x000000000802b02e        0x2 build/stm32h7xx_it.o
                0x000000000802b02e                DebugMon_Handler
 .text.PendSV_Handler
                0x000000000802b030        0x8 build/stm32h7xx_it.o
                0x000000000802b030                PendSV_Handler
 .text.SysTick_Handler
                0x000000000802b038       0x54 build/stm32h7xx_it.o
                0x000000000802b038                SysTick_Handler
 .text.OTG_FS_IRQHandler
                0x000000000802b08c       0x10 build/stm32h7xx_it.o
                0x000000000802b08c                OTG_FS_IRQHandler
 .text.EXTI0_IRQHandler
                0x000000000802b09c        0xa build/stm32h7xx_it.o
                0x000000000802b09c                EXTI0_IRQHandler
 .text.EXTI1_IRQHandler
                0x000000000802b0a6        0xa build/stm32h7xx_it.o
                0x000000000802b0a6                EXTI1_IRQHandler
 .text.EXTI2_IRQHandler
                0x000000000802b0b0        0xa build/stm32h7xx_it.o
                0x000000000802b0b0                EXTI2_IRQHandler
 .text.EXTI3_IRQHandler
                0x000000000802b0ba        0xa build/stm32h7xx_it.o
                0x000000000802b0ba                EXTI3_IRQHandler
 .text.EXTI4_IRQHandler
                0x000000000802b0c4        0xa build/stm32h7xx_it.o
                0x000000000802b0c4                EXTI4_IRQHandler
 .text.EXTI9_5_IRQHandler
                0x000000000802b0ce       0x26 build/stm32h7xx_it.o
                0x000000000802b0ce                EXTI9_5_IRQHandler
 .text.EXTI15_10_IRQHandler
                0x000000000802b0f4       0x34 build/stm32h7xx_it.o
                0x000000000802b0f4                EXTI15_10_IRQHandler
 .text.SDMMC1_IRQHandler
                0x000000000802b128       0x10 build/stm32h7xx_it.o
                0x000000000802b128                SDMMC1_IRQHandler
 .text.MDMA_IRQHandler
                0x000000000802b138       0x10 build/stm32h7xx_it.o
                0x000000000802b138                MDMA_IRQHandler
 .text.DMA2_Stream7_IRQHandler
                0x000000000802b148       0x10 build/stm32h7xx_it.o
                0x000000000802b148                DMA2_Stream7_IRQHandler
 .text.DMA1_Stream0_IRQHandler
                0x000000000802b158       0x18 build/stm32h7xx_it.o
                0x000000000802b158                DMA1_Stream0_IRQHandler
 .text.DMA1_Stream1_IRQHandler
                0x000000000802b170       0x18 build/stm32h7xx_it.o
                0x000000000802b170                DMA1_Stream1_IRQHandler
 .text.DMA1_Stream2_IRQHandler
                0x000000000802b188       0x18 build/stm32h7xx_it.o
                0x000000000802b188                DMA1_Stream2_IRQHandler
 .text.DMA1_Stream3_IRQHandler
                0x000000000802b1a0       0x18 build/stm32h7xx_it.o
                0x000000000802b1a0                DMA1_Stream3_IRQHandler
 .text.DMA1_Stream4_IRQHandler
                0x000000000802b1b8       0x18 build/stm32h7xx_it.o
                0x000000000802b1b8                DMA1_Stream4_IRQHandler
 .text.DMA1_Stream5_IRQHandler
                0x000000000802b1d0       0x18 build/stm32h7xx_it.o
                0x000000000802b1d0                DMA1_Stream5_IRQHandler
 .text.UART4_IRQHandler
                0x000000000802b1e8       0x24 build/stm32h7xx_it.o
                0x000000000802b1e8                UART4_IRQHandler
 .text.USART6_IRQHandler
                0x000000000802b20c       0x24 build/stm32h7xx_it.o
                0x000000000802b20c                USART6_IRQHandler
 .text.UART7_IRQHandler
                0x000000000802b230       0x24 build/stm32h7xx_it.o
                0x000000000802b230                UART7_IRQHandler
 .text.SystemInit
                0x000000000802b254       0xcc build/system_stm32h7xx.o
                0x000000000802b254                SystemInit
 .text.SystemCoreClockUpdate
                0x000000000802b320      0x214 build/system_stm32h7xx.o
                0x000000000802b320                SystemCoreClockUpdate
 .text.HAL_MspInit
                0x000000000802b534        0x2 build/stm32h7xx_hal.o
                0x000000000802b534                HAL_MspInit
 *fill*         0x000000000802b536        0x2 
 .text.HAL_InitTick
                0x000000000802b538       0x50 build/stm32h7xx_hal.o
                0x000000000802b538                HAL_InitTick
 .text.HAL_Init
                0x000000000802b588       0x5c build/stm32h7xx_hal.o
                0x000000000802b588                HAL_Init
 .text.HAL_IncTick
                0x000000000802b5e4       0x18 build/stm32h7xx_hal.o
                0x000000000802b5e4                HAL_IncTick
 .text.HAL_GetTick
                0x000000000802b5fc        0xc build/stm32h7xx_hal.o
                0x000000000802b5fc                HAL_GetTick
 .text.HAL_Delay
                0x000000000802b608       0x28 build/stm32h7xx_hal.o
                0x000000000802b608                HAL_Delay
 .text.HAL_GetREVID
                0x000000000802b630        0xc build/stm32h7xx_hal.o
                0x000000000802b630                HAL_GetREVID
 .text.HAL_NVIC_SetPriorityGrouping
                0x000000000802b63c       0x24 build/stm32h7xx_hal_cortex.o
                0x000000000802b63c                HAL_NVIC_SetPriorityGrouping
 .text.HAL_NVIC_SetPriority
                0x000000000802b660       0x6c build/stm32h7xx_hal_cortex.o
                0x000000000802b660                HAL_NVIC_SetPriority
 .text.HAL_NVIC_EnableIRQ
                0x000000000802b6cc       0x1c build/stm32h7xx_hal_cortex.o
                0x000000000802b6cc                HAL_NVIC_EnableIRQ
 .text.HAL_NVIC_DisableIRQ
                0x000000000802b6e8       0x24 build/stm32h7xx_hal_cortex.o
                0x000000000802b6e8                HAL_NVIC_DisableIRQ
 .text.HAL_SYSTICK_Config
                0x000000000802b70c       0x28 build/stm32h7xx_hal_cortex.o
                0x000000000802b70c                HAL_SYSTICK_Config
 .text.HAL_RCC_OscConfig
                0x000000000802b734      0x674 build/stm32h7xx_hal_rcc.o
                0x000000000802b734                HAL_RCC_OscConfig
 .text.HAL_RCC_GetSysClockFreq
                0x000000000802bda8      0x1f4 build/stm32h7xx_hal_rcc.o
                0x000000000802bda8                HAL_RCC_GetSysClockFreq
 .text.HAL_RCC_ClockConfig
                0x000000000802bf9c      0x294 build/stm32h7xx_hal_rcc.o
                0x000000000802bf9c                HAL_RCC_ClockConfig
 .text.HAL_RCC_GetHCLKFreq
                0x000000000802c230       0x44 build/stm32h7xx_hal_rcc.o
                0x000000000802c230                HAL_RCC_GetHCLKFreq
 .text.HAL_RCC_GetPCLK1Freq
                0x000000000802c274       0x24 build/stm32h7xx_hal_rcc.o
                0x000000000802c274                HAL_RCC_GetPCLK1Freq
 .text.HAL_RCC_GetPCLK2Freq
                0x000000000802c298       0x24 build/stm32h7xx_hal_rcc.o
                0x000000000802c298                HAL_RCC_GetPCLK2Freq
 .text.RCCEx_PLL2_Config
                0x000000000802c2bc      0x10c build/stm32h7xx_hal_rcc_ex.o
 .text.RCCEx_PLL3_Config
                0x000000000802c3c8      0x10c build/stm32h7xx_hal_rcc_ex.o
 .text.HAL_RCCEx_PeriphCLKConfig
                0x000000000802c4d4      0x9c4 build/stm32h7xx_hal_rcc_ex.o
                0x000000000802c4d4                HAL_RCCEx_PeriphCLKConfig
 .text.HAL_RCCEx_GetD3PCLK1Freq
                0x000000000802ce98       0x24 build/stm32h7xx_hal_rcc_ex.o
                0x000000000802ce98                HAL_RCCEx_GetD3PCLK1Freq
 .text.HAL_RCCEx_GetPLL2ClockFreq
                0x000000000802cebc      0x1f8 build/stm32h7xx_hal_rcc_ex.o
                0x000000000802cebc                HAL_RCCEx_GetPLL2ClockFreq
 .text.HAL_RCCEx_GetPLL3ClockFreq
                0x000000000802d0b4      0x1f8 build/stm32h7xx_hal_rcc_ex.o
                0x000000000802d0b4                HAL_RCCEx_GetPLL3ClockFreq
 .text.HAL_RCCEx_GetPLL1ClockFreq
                0x000000000802d2ac      0x1f8 build/stm32h7xx_hal_rcc_ex.o
                0x000000000802d2ac                HAL_RCCEx_GetPLL1ClockFreq
 .text.HAL_RCCEx_GetPeriphCLKFreq
                0x000000000802d4a4      0x614 build/stm32h7xx_hal_rcc_ex.o
                0x000000000802d4a4                HAL_RCCEx_GetPeriphCLKFreq
 .text.UART_EndTxTransfer
                0x000000000802dab8       0x32 build/stm32h7xx_hal_uart.o
 *fill*         0x000000000802daea        0x2 
 .text.UART_EndRxTransfer
                0x000000000802daec       0x58 build/stm32h7xx_hal_uart.o
 .text.HAL_UART_MspInit
                0x000000000802db44        0x2 build/stm32h7xx_hal_uart.o
                0x000000000802db44                HAL_UART_MspInit
 *fill*         0x000000000802db46        0x2 
 .text.HAL_UART_Transmit_DMA
                0x000000000802db48       0xb8 build/stm32h7xx_hal_uart.o
                0x000000000802db48                HAL_UART_Transmit_DMA
 .text.UART_DMATransmitCplt
                0x000000000802dc00       0x46 build/stm32h7xx_hal_uart.o
 .text.UART_EndTransmit_IT
                0x000000000802dc46       0x24 build/stm32h7xx_hal_uart.o
 .text.HAL_UART_TxHalfCpltCallback
                0x000000000802dc6a        0x2 build/stm32h7xx_hal_uart.o
                0x000000000802dc6a                HAL_UART_TxHalfCpltCallback
 .text.UART_DMATxHalfCplt
                0x000000000802dc6c        0xa build/stm32h7xx_hal_uart.o
 .text.HAL_UART_RxHalfCpltCallback
                0x000000000802dc76        0x2 build/stm32h7xx_hal_uart.o
                0x000000000802dc76                HAL_UART_RxHalfCpltCallback
 .text.HAL_UART_ErrorCallback
                0x000000000802dc78        0x2 build/stm32h7xx_hal_uart.o
                0x000000000802dc78                HAL_UART_ErrorCallback
 .text.UART_DMAError
                0x000000000802dc7a       0x58 build/stm32h7xx_hal_uart.o
 .text.UART_DMAAbortOnError
                0x000000000802dcd2       0x14 build/stm32h7xx_hal_uart.o
 .text.HAL_UARTEx_RxEventCallback
                0x000000000802dce6        0x2 build/stm32h7xx_hal_uart.o
                0x000000000802dce6                HAL_UARTEx_RxEventCallback
 .text.HAL_UART_IRQHandler
                0x000000000802dce8      0x3a8 build/stm32h7xx_hal_uart.o
                0x000000000802dce8                HAL_UART_IRQHandler
 .text.UART_DMARxHalfCplt
                0x000000000802e090       0x1c build/stm32h7xx_hal_uart.o
 .text.UART_DMAReceiveCplt
                0x000000000802e0ac       0x8c build/stm32h7xx_hal_uart.o
 .text.UART_SetConfig
                0x000000000802e138      0x5f4 build/stm32h7xx_hal_uart.o
                0x000000000802e138                UART_SetConfig
 .text.UART_AdvFeatureConfig
                0x000000000802e72c       0xca build/stm32h7xx_hal_uart.o
                0x000000000802e72c                UART_AdvFeatureConfig
 .text.UART_WaitOnFlagUntilTimeout
                0x000000000802e7f6       0xdc build/stm32h7xx_hal_uart.o
                0x000000000802e7f6                UART_WaitOnFlagUntilTimeout
 .text.UART_CheckIdleState
                0x000000000802e8d2       0x74 build/stm32h7xx_hal_uart.o
                0x000000000802e8d2                UART_CheckIdleState
 .text.HAL_UART_Init
                0x000000000802e946       0x66 build/stm32h7xx_hal_uart.o
                0x000000000802e946                HAL_UART_Init
 .text.UART_Start_Receive_DMA
                0x000000000802e9ac       0xb4 build/stm32h7xx_hal_uart.o
                0x000000000802e9ac                UART_Start_Receive_DMA
 .text.HAL_UART_Receive_DMA
                0x000000000802ea60       0x5c build/stm32h7xx_hal_uart.o
                0x000000000802ea60                HAL_UART_Receive_DMA
 .text.UARTEx_SetNbDataToProcess
                0x000000000802eabc       0x4c build/stm32h7xx_hal_uart_ex.o
 .text.HAL_UARTEx_WakeupCallback
                0x000000000802eb08        0x2 build/stm32h7xx_hal_uart_ex.o
                0x000000000802eb08                HAL_UARTEx_WakeupCallback
 .text.HAL_UARTEx_RxFifoFullCallback
                0x000000000802eb0a        0x2 build/stm32h7xx_hal_uart_ex.o
                0x000000000802eb0a                HAL_UARTEx_RxFifoFullCallback
 .text.HAL_UARTEx_TxFifoEmptyCallback
                0x000000000802eb0c        0x2 build/stm32h7xx_hal_uart_ex.o
                0x000000000802eb0c                HAL_UARTEx_TxFifoEmptyCallback
 .text.HAL_UARTEx_DisableFifoMode
                0x000000000802eb0e       0x3e build/stm32h7xx_hal_uart_ex.o
                0x000000000802eb0e                HAL_UARTEx_DisableFifoMode
 .text.HAL_UARTEx_SetTxFifoThreshold
                0x000000000802eb4c       0x4a build/stm32h7xx_hal_uart_ex.o
                0x000000000802eb4c                HAL_UARTEx_SetTxFifoThreshold
 .text.HAL_UARTEx_SetRxFifoThreshold
                0x000000000802eb96       0x4a build/stm32h7xx_hal_uart_ex.o
                0x000000000802eb96                HAL_UARTEx_SetRxFifoThreshold
 .text.HAL_GPIO_Init
                0x000000000802ebe0      0x220 build/stm32h7xx_hal_gpio.o
                0x000000000802ebe0                HAL_GPIO_Init
 .text.HAL_GPIO_DeInit
                0x000000000802ee00      0x150 build/stm32h7xx_hal_gpio.o
                0x000000000802ee00                HAL_GPIO_DeInit
 .text.HAL_GPIO_ReadPin
                0x000000000802ef50        0xe build/stm32h7xx_hal_gpio.o
                0x000000000802ef50                HAL_GPIO_ReadPin
 .text.HAL_GPIO_WritePin
                0x000000000802ef5e        0xc build/stm32h7xx_hal_gpio.o
                0x000000000802ef5e                HAL_GPIO_WritePin
 .text.HAL_GPIO_EXTI_IRQHandler
                0x000000000802ef6a       0x1e build/stm32h7xx_hal_gpio.o
                0x000000000802ef6a                HAL_GPIO_EXTI_IRQHandler
 .text.DMA_SetConfig
                0x000000000802ef88      0x1b4 build/stm32h7xx_hal_dma.o
 .text.DMA_CalcBaseAndBitshift
                0x000000000802f13c       0xb4 build/stm32h7xx_hal_dma.o
 .text.DMA_CheckFifoParam
                0x000000000802f1f0       0x92 build/stm32h7xx_hal_dma.o
 *fill*         0x000000000802f282        0x2 
 .text.DMA_CalcDMAMUXChannelBaseAndMask
                0x000000000802f284       0xb0 build/stm32h7xx_hal_dma.o
 .text.DMA_CalcDMAMUXRequestGenBaseAndMask
                0x000000000802f334       0x7c build/stm32h7xx_hal_dma.o
 .text.HAL_DMA_Init
                0x000000000802f3b0      0x3a4 build/stm32h7xx_hal_dma.o
                0x000000000802f3b0                HAL_DMA_Init
 .text.HAL_DMA_Start_IT
                0x000000000802f754      0x298 build/stm32h7xx_hal_dma.o
                0x000000000802f754                HAL_DMA_Start_IT
 .text.HAL_DMA_Abort
                0x000000000802f9ec      0x340 build/stm32h7xx_hal_dma.o
                0x000000000802f9ec                HAL_DMA_Abort
 .text.HAL_DMA_Abort_IT
                0x000000000802fd2c      0x270 build/stm32h7xx_hal_dma.o
                0x000000000802fd2c                HAL_DMA_Abort_IT
 .text.HAL_DMA_IRQHandler
                0x000000000802ff9c      0x738 build/stm32h7xx_hal_dma.o
                0x000000000802ff9c                HAL_DMA_IRQHandler
 .text.HAL_DMA_RegisterCallback
                0x00000000080306d4       0x60 build/stm32h7xx_hal_dma.o
                0x00000000080306d4                HAL_DMA_RegisterCallback
 .text.MDMA_Init
                0x0000000008030734       0xb8 build/stm32h7xx_hal_mdma.o
 .text.HAL_MDMA_Init
                0x00000000080307ec       0x60 build/stm32h7xx_hal_mdma.o
                0x00000000080307ec                HAL_MDMA_Init
 .text.HAL_MDMA_IRQHandler
                0x000000000803084c      0x1b4 build/stm32h7xx_hal_mdma.o
                0x000000000803084c                HAL_MDMA_IRQHandler
 .text.HAL_PWREx_ConfigSupply
                0x0000000008030a00       0x54 build/stm32h7xx_hal_pwr_ex.o
                0x0000000008030a00                HAL_PWREx_ConfigSupply
 .text.HAL_PWREx_EnableUSBVoltageDetector
                0x0000000008030a54       0x10 build/stm32h7xx_hal_pwr_ex.o
                0x0000000008030a54                HAL_PWREx_EnableUSBVoltageDetector
 .text.SPI_CloseTransfer
                0x0000000008030a64       0xd0 build/stm32h7xx_hal_spi.o
 .text.SPI_GetPacketSize
                0x0000000008030b34       0x10 build/stm32h7xx_hal_spi.o
 .text.SPI_WaitOnFlagUntilTimeout
                0x0000000008030b44       0x48 build/stm32h7xx_hal_spi.o
 .text.HAL_SPI_MspInit
                0x0000000008030b8c        0x2 build/stm32h7xx_hal_spi.o
                0x0000000008030b8c                HAL_SPI_MspInit
 *fill*         0x0000000008030b8e        0x2 
 .text.HAL_SPI_Init
                0x0000000008030b90      0x168 build/stm32h7xx_hal_spi.o
                0x0000000008030b90                HAL_SPI_Init
 .text.HAL_SPI_Transmit
                0x0000000008030cf8      0x2c4 build/stm32h7xx_hal_spi.o
                0x0000000008030cf8                HAL_SPI_Transmit
 .text.HAL_SPI_TransmitReceive
                0x0000000008030fbc      0x420 build/stm32h7xx_hal_spi.o
                0x0000000008030fbc                HAL_SPI_TransmitReceive
 .text.HAL_SPI_Receive
                0x00000000080313dc      0x2b8 build/stm32h7xx_hal_spi.o
                0x00000000080313dc                HAL_SPI_Receive
 .text.PCD_WriteEmptyTxFifo
                0x0000000008031694       0xd0 build/stm32h7xx_hal_pcd.o
 .text.HAL_PCD_Init
                0x0000000008031764      0x13c build/stm32h7xx_hal_pcd.o
                0x0000000008031764                HAL_PCD_Init
 .text.HAL_PCD_Start
                0x00000000080318a0       0x42 build/stm32h7xx_hal_pcd.o
                0x00000000080318a0                HAL_PCD_Start
 *fill*         0x00000000080318e2        0x2 
 .text.PCD_EP_OutXfrComplete_int
                0x00000000080318e4       0xf4 build/stm32h7xx_hal_pcd.o
 .text.PCD_EP_OutSetupPacket_int
                0x00000000080319d8       0x50 build/stm32h7xx_hal_pcd.o
 .text.HAL_PCD_IRQHandler
                0x0000000008031a28      0x4b6 build/stm32h7xx_hal_pcd.o
                0x0000000008031a28                HAL_PCD_IRQHandler
 .text.HAL_PCD_SetAddress
                0x0000000008031ede       0x28 build/stm32h7xx_hal_pcd.o
                0x0000000008031ede                HAL_PCD_SetAddress
 .text.HAL_PCD_EP_Open
                0x0000000008031f06       0x8a build/stm32h7xx_hal_pcd.o
                0x0000000008031f06                HAL_PCD_EP_Open
 .text.HAL_PCD_EP_Close
                0x0000000008031f90       0x72 build/stm32h7xx_hal_pcd.o
                0x0000000008031f90                HAL_PCD_EP_Close
 .text.HAL_PCD_EP_Receive
                0x0000000008032002       0x5e build/stm32h7xx_hal_pcd.o
                0x0000000008032002                HAL_PCD_EP_Receive
 .text.HAL_PCD_EP_GetRxCount
                0x0000000008032060       0x12 build/stm32h7xx_hal_pcd.o
                0x0000000008032060                HAL_PCD_EP_GetRxCount
 .text.HAL_PCD_EP_Transmit
                0x0000000008032072       0x5e build/stm32h7xx_hal_pcd.o
                0x0000000008032072                HAL_PCD_EP_Transmit
 .text.HAL_PCD_EP_SetStall
                0x00000000080320d0       0x88 build/stm32h7xx_hal_pcd.o
                0x00000000080320d0                HAL_PCD_EP_SetStall
 .text.HAL_PCD_EP_ClrStall
                0x0000000008032158       0x76 build/stm32h7xx_hal_pcd.o
                0x0000000008032158                HAL_PCD_EP_ClrStall
 .text.HAL_PCDEx_SetTxFiFo
                0x00000000080321ce       0x4c build/stm32h7xx_hal_pcd_ex.o
                0x00000000080321ce                HAL_PCDEx_SetTxFiFo
 .text.HAL_PCDEx_SetRxFiFo
                0x000000000803221a        0x8 build/stm32h7xx_hal_pcd_ex.o
                0x000000000803221a                HAL_PCDEx_SetRxFiFo
 *fill*         0x0000000008032222        0x2 
 .text.HAL_PCDEx_ActivateLPM
                0x0000000008032224       0x28 build/stm32h7xx_hal_pcd_ex.o
                0x0000000008032224                HAL_PCDEx_ActivateLPM
 .text.HAL_PCDEx_LPM_Callback
                0x000000000803224c        0x2 build/stm32h7xx_hal_pcd_ex.o
                0x000000000803224c                HAL_PCDEx_LPM_Callback
 .text.SD_Read_IT
                0x000000000803224e       0x3c build/stm32h7xx_hal_sd.o
 .text.SD_Write_IT
                0x000000000803228a       0x4c build/stm32h7xx_hal_sd.o
 *fill*         0x00000000080322d6        0x2 
 .text.SD_SendSDStatus
                0x00000000080322d8      0x108 build/stm32h7xx_hal_sd.o
 .text.SD_FindSCR
                0x00000000080323e0      0x108 build/stm32h7xx_hal_sd.o
 .text.SD_WideBus_Enable
                0x00000000080324e8       0x4e build/stm32h7xx_hal_sd.o
 .text.SD_WideBus_Disable
                0x0000000008032536       0x4e build/stm32h7xx_hal_sd.o
 .text.SD_SendStatus
                0x0000000008032584       0x2c build/stm32h7xx_hal_sd.o
 .text.HAL_SD_MspInit
                0x00000000080325b0        0x2 build/stm32h7xx_hal_sd.o
                0x00000000080325b0                HAL_SD_MspInit
 *fill*         0x00000000080325b2        0x2 
 .text.HAL_SD_ReadBlocks_DMA
                0x00000000080325b4       0xe0 build/stm32h7xx_hal_sd.o
                0x00000000080325b4                HAL_SD_ReadBlocks_DMA
 .text.HAL_SD_WriteBlocks_DMA
                0x0000000008032694       0xe0 build/stm32h7xx_hal_sd.o
                0x0000000008032694                HAL_SD_WriteBlocks_DMA
 .text.HAL_SD_Erase
                0x0000000008032774       0xf8 build/stm32h7xx_hal_sd.o
                0x0000000008032774                HAL_SD_Erase
 .text.HAL_SD_GetState
                0x000000000803286c        0x6 build/stm32h7xx_hal_sd.o
                0x000000000803286c                HAL_SD_GetState
 .text.HAL_SD_DriveTransceiver_1_8V_Callback
                0x0000000008032872        0x2 build/stm32h7xx_hal_sd.o
                0x0000000008032872                HAL_SD_DriveTransceiver_1_8V_Callback
 .text.SD_PowerON
                0x0000000008032874      0x178 build/stm32h7xx_hal_sd.o
 .text.HAL_SD_GetCardCSD
                0x00000000080329ec      0x1b8 build/stm32h7xx_hal_sd.o
                0x00000000080329ec                HAL_SD_GetCardCSD
 .text.SD_InitCard
                0x0000000008032ba4       0xfc build/stm32h7xx_hal_sd.o
 .text.HAL_SD_InitCard
                0x0000000008032ca0       0xd8 build/stm32h7xx_hal_sd.o
                0x0000000008032ca0                HAL_SD_InitCard
 .text.HAL_SD_GetCardStatus
                0x0000000008032d78       0xd0 build/stm32h7xx_hal_sd.o
                0x0000000008032d78                HAL_SD_GetCardStatus
 .text.HAL_SD_GetCardInfo
                0x0000000008032e48       0x24 build/stm32h7xx_hal_sd.o
                0x0000000008032e48                HAL_SD_GetCardInfo
 .text.HAL_SD_ConfigWideBusOperation
                0x0000000008032e6c      0x158 build/stm32h7xx_hal_sd.o
                0x0000000008032e6c                HAL_SD_ConfigWideBusOperation
 .text.HAL_SD_GetCardState
                0x0000000008032fc4       0x22 build/stm32h7xx_hal_sd.o
                0x0000000008032fc4                HAL_SD_GetCardState
 .text.HAL_SD_Init
                0x0000000008032fe6       0xc2 build/stm32h7xx_hal_sd.o
                0x0000000008032fe6                HAL_SD_Init
 .text.HAL_SD_Abort
                0x00000000080330a8       0x48 build/stm32h7xx_hal_sd.o
                0x00000000080330a8                HAL_SD_Abort
 .text.HAL_SDEx_Read_DMADoubleBuf0CpltCallback
                0x00000000080330f0        0x2 build/stm32h7xx_hal_sd.o
                0x00000000080330f0                HAL_SDEx_Read_DMADoubleBuf0CpltCallback
 .text.HAL_SDEx_Read_DMADoubleBuf1CpltCallback
                0x00000000080330f2        0x2 build/stm32h7xx_hal_sd.o
                0x00000000080330f2                HAL_SDEx_Read_DMADoubleBuf1CpltCallback
 .text.HAL_SDEx_Write_DMADoubleBuf0CpltCallback
                0x00000000080330f4        0x2 build/stm32h7xx_hal_sd.o
                0x00000000080330f4                HAL_SDEx_Write_DMADoubleBuf0CpltCallback
 .text.HAL_SDEx_Write_DMADoubleBuf1CpltCallback
                0x00000000080330f6        0x2 build/stm32h7xx_hal_sd.o
                0x00000000080330f6                HAL_SDEx_Write_DMADoubleBuf1CpltCallback
 .text.HAL_SD_IRQHandler
                0x00000000080330f8      0x22c build/stm32h7xx_hal_sd.o
                0x00000000080330f8                HAL_SD_IRQHandler
 .text.SDMMC_GetCmdError
                0x0000000008033324       0x3c build/stm32h7xx_ll_sdmmc.o
 .text.SDMMC_Init
                0x0000000008033360       0x30 build/stm32h7xx_ll_sdmmc.o
                0x0000000008033360                SDMMC_Init
 .text.SDMMC_ReadFIFO
                0x0000000008033390        0x6 build/stm32h7xx_ll_sdmmc.o
                0x0000000008033390                SDMMC_ReadFIFO
 .text.SDMMC_WriteFIFO
                0x0000000008033396        0xa build/stm32h7xx_ll_sdmmc.o
                0x0000000008033396                SDMMC_WriteFIFO
 .text.SDMMC_PowerState_ON
                0x00000000080333a0        0xc build/stm32h7xx_ll_sdmmc.o
                0x00000000080333a0                SDMMC_PowerState_ON
 .text.SDMMC_GetPowerState
                0x00000000080333ac        0x8 build/stm32h7xx_ll_sdmmc.o
                0x00000000080333ac                SDMMC_GetPowerState
 .text.SDMMC_SendCommand
                0x00000000080333b4       0x24 build/stm32h7xx_ll_sdmmc.o
                0x00000000080333b4                SDMMC_SendCommand
 .text.SDMMC_GetCommandResponse
                0x00000000080333d8        0x6 build/stm32h7xx_ll_sdmmc.o
                0x00000000080333d8                SDMMC_GetCommandResponse
 .text.SDMMC_GetResponse
                0x00000000080333de        0x6 build/stm32h7xx_ll_sdmmc.o
                0x00000000080333de                SDMMC_GetResponse
 .text.SDMMC_ConfigData
                0x00000000080333e4       0x24 build/stm32h7xx_ll_sdmmc.o
                0x00000000080333e4                SDMMC_ConfigData
 .text.SDMMC_CmdGoIdleState
                0x0000000008033408       0x26 build/stm32h7xx_ll_sdmmc.o
                0x0000000008033408                SDMMC_CmdGoIdleState
 *fill*         0x000000000803342e        0x2 
 .text.SDMMC_GetCmdResp1
                0x0000000008033430      0x160 build/stm32h7xx_ll_sdmmc.o
                0x0000000008033430                SDMMC_GetCmdResp1
 .text.SDMMC_CmdBlockLength
                0x0000000008033590       0x32 build/stm32h7xx_ll_sdmmc.o
                0x0000000008033590                SDMMC_CmdBlockLength
 .text.SDMMC_CmdReadSingleBlock
                0x00000000080335c2       0x32 build/stm32h7xx_ll_sdmmc.o
                0x00000000080335c2                SDMMC_CmdReadSingleBlock
 .text.SDMMC_CmdReadMultiBlock
                0x00000000080335f4       0x32 build/stm32h7xx_ll_sdmmc.o
                0x00000000080335f4                SDMMC_CmdReadMultiBlock
 .text.SDMMC_CmdWriteSingleBlock
                0x0000000008033626       0x32 build/stm32h7xx_ll_sdmmc.o
                0x0000000008033626                SDMMC_CmdWriteSingleBlock
 .text.SDMMC_CmdWriteMultiBlock
                0x0000000008033658       0x32 build/stm32h7xx_ll_sdmmc.o
                0x0000000008033658                SDMMC_CmdWriteMultiBlock
 .text.SDMMC_CmdSDEraseStartAdd
                0x000000000803368a       0x32 build/stm32h7xx_ll_sdmmc.o
                0x000000000803368a                SDMMC_CmdSDEraseStartAdd
 .text.SDMMC_CmdSDEraseEndAdd
                0x00000000080336bc       0x32 build/stm32h7xx_ll_sdmmc.o
                0x00000000080336bc                SDMMC_CmdSDEraseEndAdd
 .text.SDMMC_CmdErase
                0x00000000080336ee       0x32 build/stm32h7xx_ll_sdmmc.o
                0x00000000080336ee                SDMMC_CmdErase
 .text.SDMMC_CmdStopTransfer
                0x0000000008033720       0x58 build/stm32h7xx_ll_sdmmc.o
                0x0000000008033720                SDMMC_CmdStopTransfer
 .text.SDMMC_CmdSelDesel
                0x0000000008033778       0x32 build/stm32h7xx_ll_sdmmc.o
                0x0000000008033778                SDMMC_CmdSelDesel
 .text.SDMMC_CmdAppCommand
                0x00000000080337aa       0x32 build/stm32h7xx_ll_sdmmc.o
                0x00000000080337aa                SDMMC_CmdAppCommand
 .text.SDMMC_CmdBusWidth
                0x00000000080337dc       0x32 build/stm32h7xx_ll_sdmmc.o
                0x00000000080337dc                SDMMC_CmdBusWidth
 .text.SDMMC_CmdSendSCR
                0x000000000803380e       0x32 build/stm32h7xx_ll_sdmmc.o
                0x000000000803380e                SDMMC_CmdSendSCR
 .text.SDMMC_CmdSendStatus
                0x0000000008033840       0x32 build/stm32h7xx_ll_sdmmc.o
                0x0000000008033840                SDMMC_CmdSendStatus
 .text.SDMMC_CmdStatusRegister
                0x0000000008033872       0x32 build/stm32h7xx_ll_sdmmc.o
                0x0000000008033872                SDMMC_CmdStatusRegister
 .text.SDMMC_CmdVoltageSwitch
                0x00000000080338a4       0x32 build/stm32h7xx_ll_sdmmc.o
                0x00000000080338a4                SDMMC_CmdVoltageSwitch
 *fill*         0x00000000080338d6        0x2 
 .text.SDMMC_GetCmdResp2
                0x00000000080338d8       0x60 build/stm32h7xx_ll_sdmmc.o
                0x00000000080338d8                SDMMC_GetCmdResp2
 .text.SDMMC_CmdSendCID
                0x0000000008033938       0x2c build/stm32h7xx_ll_sdmmc.o
                0x0000000008033938                SDMMC_CmdSendCID
 .text.SDMMC_CmdSendCSD
                0x0000000008033964       0x2c build/stm32h7xx_ll_sdmmc.o
                0x0000000008033964                SDMMC_CmdSendCSD
 .text.SDMMC_GetCmdResp3
                0x0000000008033990       0x50 build/stm32h7xx_ll_sdmmc.o
                0x0000000008033990                SDMMC_GetCmdResp3
 .text.SDMMC_CmdAppOperCommand
                0x00000000080339e0       0x2c build/stm32h7xx_ll_sdmmc.o
                0x00000000080339e0                SDMMC_CmdAppOperCommand
 .text.SDMMC_GetCmdResp6
                0x0000000008033a0c       0xa4 build/stm32h7xx_ll_sdmmc.o
                0x0000000008033a0c                SDMMC_GetCmdResp6
 .text.SDMMC_CmdSetRelAdd
                0x0000000008033ab0       0x32 build/stm32h7xx_ll_sdmmc.o
                0x0000000008033ab0                SDMMC_CmdSetRelAdd
 *fill*         0x0000000008033ae2        0x2 
 .text.SDMMC_GetCmdResp7
                0x0000000008033ae4       0x64 build/stm32h7xx_ll_sdmmc.o
                0x0000000008033ae4                SDMMC_GetCmdResp7
 .text.SDMMC_CmdOperCond
                0x0000000008033b48       0x30 build/stm32h7xx_ll_sdmmc.o
                0x0000000008033b48                SDMMC_CmdOperCond
 .text.USB_CoreReset
                0x0000000008033b78       0x4c build/stm32h7xx_ll_usb.o
 .text.USB_CoreInit
                0x0000000008033bc4       0x9c build/stm32h7xx_ll_usb.o
                0x0000000008033bc4                USB_CoreInit
 .text.USB_SetTurnaroundTime
                0x0000000008033c60       0xe4 build/stm32h7xx_ll_usb.o
                0x0000000008033c60                USB_SetTurnaroundTime
 .text.USB_EnableGlobalInt
                0x0000000008033d44        0xc build/stm32h7xx_ll_usb.o
                0x0000000008033d44                USB_EnableGlobalInt
 .text.USB_DisableGlobalInt
                0x0000000008033d50        0xc build/stm32h7xx_ll_usb.o
                0x0000000008033d50                USB_DisableGlobalInt
 .text.USB_FlushTxFifo
                0x0000000008033d5c       0x4c build/stm32h7xx_ll_usb.o
                0x0000000008033d5c                USB_FlushTxFifo