Archive member included to satisfy reference by file (symbol)

/usr/local/arm-none-eabi-gcc/gcc-arm-none-eabi-10-2020-q4-major/bin/../lib/gcc/arm-none-eabi/10.2.1/../../../../arm-none-eabi/lib/thumb/v7e-m+dp/hard/libc_nano.a(lib_a-exit.o)
                              /usr/local/arm-none-eabi-gcc/gcc-arm-none-eabi-10-2020-q4-major/bin/../lib/gcc/arm-none-eabi/10.2.1/../../../../arm-none-eabi/lib/thumb/v7e-m+dp/hard/crt0.o (exit)
/usr/local/arm-none-eabi-gcc/gcc-arm-none-eabi-10-2020-q4-major/bin/../lib/gcc/arm-none-eabi/10.2.1/../../../../arm-none-eabi/lib/thumb/v7e-m+dp/hard/libc_nano.a(lib_a-impure.o)
                              /usr/local/arm-none-eabi-gcc/gcc-arm-none-eabi-10-2020-q4-major/bin/../lib/gcc/arm-none-eabi/10.2.1/../../../../arm-none-eabi/lib/thumb/v7e-m+dp/hard/libc_nano.a(lib_a-exit.o) (_global_impure_ptr)
/usr/local/arm-none-eabi-gcc/gcc-arm-none-eabi-10-2020-q4-major/bin/../lib/gcc/arm-none-eabi/10.2.1/../../../../arm-none-eabi/lib/thumb/v7e-m+dp/hard/libc_nano.a(lib_a-init.o)
                              /usr/local/arm-none-eabi-gcc/gcc-arm-none-eabi-10-2020-q4-major/bin/../lib/gcc/arm-none-eabi/10.2.1/../../../../arm-none-eabi/lib/thumb/v7e-m+dp/hard/crt0.o (__libc_init_array)
/usr/local/arm-none-eabi-gcc/gcc-arm-none-eabi-10-2020-q4-major/bin/../lib/gcc/arm-none-eabi/10.2.1/../../../../arm-none-eabi/lib/thumb/v7e-m+dp/hard/libc_nano.a(lib_a-memcpy-stub.o)
                              build/Bsp_SPI.o (memcpy)
/usr/local/arm-none-eabi-gcc/gcc-arm-none-eabi-10-2020-q4-major/bin/../lib/gcc/arm-none-eabi/10.2.1/../../../../arm-none-eabi/lib/thumb/v7e-m+dp/hard/libc_nano.a(lib_a-memset.o)
                              /usr/local/arm-none-eabi-gcc/gcc-arm-none-eabi-10-2020-q4-major/bin/../lib/gcc/arm-none-eabi/10.2.1/../../../../arm-none-eabi/lib/thumb/v7e-m+dp/hard/crt0.o (memset)
/usr/local/arm-none-eabi-gcc/gcc-arm-none-eabi-10-2020-q4-major/bin/../lib/gcc/arm-none-eabi/10.2.1/../../../../arm-none-eabi/lib/thumb/v7e-m+dp/hard/libnosys.a(_exit.o)
                              /usr/local/arm-none-eabi-gcc/gcc-arm-none-eabi-10-2020-q4-major/bin/../lib/gcc/arm-none-eabi/10.2.1/../../../../arm-none-eabi/lib/thumb/v7e-m+dp/hard/libc_nano.a(lib_a-exit.o) (_exit)
/usr/local/arm-none-eabi-gcc/gcc-arm-none-eabi-10-2020-q4-major/bin/../lib/gcc/arm-none-eabi/10.2.1/thumb/v7e-m+dp/hard/libgcc.a(_arm_addsubsf3.o)
                              build/scheduler.o (__aeabi_ul2f)
/usr/local/arm-none-eabi-gcc/gcc-arm-none-eabi-10-2020-q4-major/bin/../lib/gcc/arm-none-eabi/10.2.1/thumb/v7e-m+dp/hard/libgcc.a(_aeabi_uldivmod.o)
                              build/main.o (__aeabi_uldivmod)
/usr/local/arm-none-eabi-gcc/gcc-arm-none-eabi-10-2020-q4-major/bin/../lib/gcc/arm-none-eabi/10.2.1/thumb/v7e-m+dp/hard/libgcc.a(_udivmoddi4.o)
                              /usr/local/arm-none-eabi-gcc/gcc-arm-none-eabi-10-2020-q4-major/bin/../lib/gcc/arm-none-eabi/10.2.1/thumb/v7e-m+dp/hard/libgcc.a(_aeabi_uldivmod.o) (__udivmoddi4)
/usr/local/arm-none-eabi-gcc/gcc-arm-none-eabi-10-2020-q4-major/bin/../lib/gcc/arm-none-eabi/10.2.1/thumb/v7e-m+dp/hard/libgcc.a(_dvmd_tls.o)
                              /usr/local/arm-none-eabi-gcc/gcc-arm-none-eabi-10-2020-q4-major/bin/../lib/gcc/arm-none-eabi/10.2.1/thumb/v7e-m+dp/hard/libgcc.a(_aeabi_uldivmod.o) (__aeabi_ldiv0)

Discarded input sections

 .text          0x0000000000000000        0x0 /usr/local/arm-none-eabi-gcc/gcc-arm-none-eabi-10-2020-q4-major/bin/../lib/gcc/arm-none-eabi/10.2.1/thumb/v7e-m+dp/hard/crti.o
 .data          0x0000000000000000        0x0 /usr/local/arm-none-eabi-gcc/gcc-arm-none-eabi-10-2020-q4-major/bin/../lib/gcc/arm-none-eabi/10.2.1/thumb/v7e-m+dp/hard/crti.o
 .bss           0x0000000000000000        0x0 /usr/local/arm-none-eabi-gcc/gcc-arm-none-eabi-10-2020-q4-major/bin/../lib/gcc/arm-none-eabi/10.2.1/thumb/v7e-m+dp/hard/crti.o
 .data          0x0000000000000000        0x4 /usr/local/arm-none-eabi-gcc/gcc-arm-none-eabi-10-2020-q4-major/bin/../lib/gcc/arm-none-eabi/10.2.1/thumb/v7e-m+dp/hard/crtbegin.o
 .rodata        0x0000000000000000       0x24 /usr/local/arm-none-eabi-gcc/gcc-arm-none-eabi-10-2020-q4-major/bin/../lib/gcc/arm-none-eabi/10.2.1/thumb/v7e-m+dp/hard/crtbegin.o
 .text          0x0000000000000000       0x7c /usr/local/arm-none-eabi-gcc/gcc-arm-none-eabi-10-2020-q4-major/bin/../lib/gcc/arm-none-eabi/10.2.1/../../../../arm-none-eabi/lib/thumb/v7e-m+dp/hard/crt0.o
 .data          0x0000000000000000        0x0 /usr/local/arm-none-eabi-gcc/gcc-arm-none-eabi-10-2020-q4-major/bin/../lib/gcc/arm-none-eabi/10.2.1/../../../../arm-none-eabi/lib/thumb/v7e-m+dp/hard/crt0.o
 .bss           0x0000000000000000        0x0 /usr/local/arm-none-eabi-gcc/gcc-arm-none-eabi-10-2020-q4-major/bin/../lib/gcc/arm-none-eabi/10.2.1/../../../../arm-none-eabi/lib/thumb/v7e-m+dp/hard/crt0.o
[...]
Memory Configuration

Name             Origin             Length             Attributes
DTCMRAM          0x0000000020000000 0x0000000000020000 xrw
RAM_D1           0x0000000024000000 0x0000000000080000 xrw
RAM_D2           0x0000000030000000 0x0000000000048000 xrw
RAM_D3           0x0000000038000000 0x0000000000010000 xrw
ITCMRAM          0x0000000000000000 0x0000000000010000 xrw
FLASH            0x0000000008000000 0x0000000000200000 xr
*default*        0x0000000000000000 0xffffffffffffffff

Linker script and memory map

LOAD /usr/local/arm-none-eabi-gcc/gcc-arm-none-eabi-10-2020-q4-major/bin/../lib/gcc/arm-none-eabi/10.2.1/thumb/v7e-m+dp/hard/crti.o
LOAD /usr/local/arm-none-eabi-gcc/gcc-arm-none-eabi-10-2020-q4-major/bin/../lib/gcc/arm-none-eabi/10.2.1/thumb/v7e-m+dp/hard/crtbegin.o
LOAD /usr/local/arm-none-eabi-gcc/gcc-arm-none-eabi-10-2020-q4-major/bin/../lib/gcc/arm-none-eabi/10.2.1/../../../../arm-none-eabi/lib/thumb/v7e-m+dp/hard/crt0.o
LOAD build/main.o
LOAD build/debug_util.o
LOAD build/Bsp_GPIO.o
LOAD build/Bsp_SPI.o
LOAD build/Dev_Led.o
LOAD build/Dev_W25Qxx.o
LOAD build/queue.o
LOAD build/linked_list.o
LOAD build/mmu.o
LOAD build/scheduler.o
LOAD build/kernel.o
LOAD build/runtime.o
LOAD build/storage.o
LOAD build/stm32h7xx_it.o
LOAD build/system_stm32h7xx.o
LOAD build/stm32h7xx_hal.o
LOAD build/stm32h7xx_hal_cortex.o
LOAD build/stm32h7xx_hal_rcc.o
LOAD build/stm32h7xx_hal_tim.o
LOAD build/stm32h7xx_hal_tim_ex.o
LOAD build/stm32h7xx_hal_rcc_ex.o
LOAD build/stm32h7xx_hal_flash.o
LOAD build/stm32h7xx_hal_flash_ex.o
LOAD build/stm32h7xx_hal_gpio.o
LOAD build/stm32h7xx_hal_hsem.o
LOAD build/stm32h7xx_hal_dma.o
LOAD build/stm32h7xx_hal_dma_ex.o
LOAD build/stm32h7xx_hal_mdma.o
LOAD build/stm32h7xx_hal_pwr.o
LOAD build/stm32h7xx_hal_pwr_ex.o
LOAD build/stm32h7xx_hal_i2c.o
LOAD build/stm32h7xx_hal_i2c_ex.o
LOAD build/stm32h7xx_hal_exti.o
LOAD build/stm32h7xx_hal_spi.o
LOAD build/startup_stm32h743xx.o
LOAD /usr/local/arm-none-eabi-gcc/gcc-arm-none-eabi-10-2020-q4-major/bin/../lib/gcc/arm-none-eabi/10.2.1/../../../../arm-none-eabi/lib/thumb/v7e-m+dp/hard/libc_nano.a
LOAD /usr/local/arm-none-eabi-gcc/gcc-arm-none-eabi-10-2020-q4-major/bin/../lib/gcc/arm-none-eabi/10.2.1/../../../../arm-none-eabi/lib/thumb/v7e-m+dp/hard/libm.a
LOAD /usr/local/arm-none-eabi-gcc/gcc-arm-none-eabi-10-2020-q4-major/bin/../lib/gcc/arm-none-eabi/10.2.1/../../../../arm-none-eabi/lib/thumb/v7e-m+dp/hard/libnosys.a
START GROUP
LOAD /usr/local/arm-none-eabi-gcc/gcc-arm-none-eabi-10-2020-q4-major/bin/../lib/gcc/arm-none-eabi/10.2.1/thumb/v7e-m+dp/hard/libgcc.a
LOAD /usr/local/arm-none-eabi-gcc/gcc-arm-none-eabi-10-2020-q4-major/bin/../lib/gcc/arm-none-eabi/10.2.1/../../../../arm-none-eabi/lib/thumb/v7e-m+dp/hard/libc_nano.a
END GROUP
START GROUP
LOAD /usr/local/arm-none-eabi-gcc/gcc-arm-none-eabi-10-2020-q4-major/bin/../lib/gcc/arm-none-eabi/10.2.1/thumb/v7e-m+dp/hard/libgcc.a
LOAD /usr/local/arm-none-eabi-gcc/gcc-arm-none-eabi-10-2020-q4-major/bin/../lib/gcc/arm-none-eabi/10.2.1/../../../../arm-none-eabi/lib/thumb/v7e-m+dp/hard/libc_nano.a
END GROUP
LOAD /usr/local/arm-none-eabi-gcc/gcc-arm-none-eabi-10-2020-q4-major/bin/../lib/gcc/arm-none-eabi/10.2.1/thumb/v7e-m+dp/hard/crtend.o
LOAD /usr/local/arm-none-eabi-gcc/gcc-arm-none-eabi-10-2020-q4-major/bin/../lib/gcc/arm-none-eabi/10.2.1/thumb/v7e-m+dp/hard/crtn.o
                0x0000000020020000                _estack = 0x20020000
                0x0000000000000800                _Min_Heap_Size = 0x800
                0x0000000000000800                _Min_Stack_Size = 0x800

.isr_vector     0x0000000008000000      0x298
                0x0000000008000000                . = ALIGN (0x4)
 *(.isr_vector)
 .isr_vector    0x0000000008000000      0x298 build/startup_stm32h743xx.o
                0x0000000008000000                g_pfnVectors
                0x0000000008000298                . = ALIGN (0x4)

.kernel_stack_section
                0x0000000030000000     0x8000 load address 0x0000000008000298
                0x0000000030000000                . = ALIGN (0x4)
                0x0000000030000000                kernel_section_s = .
 *(.kernel_stack_section)
 .kernel_stack_section
                0x0000000030000000     0x8000 build/kernel.o
 *(.kernel_stack_section*)
                0x0000000030008000                . = ALIGN (0x4)
                0x0000000030008000                kernel_section_e = .
                0x0000000000000000                tcm_code = LOADADDR (.tcm_code)

.tcm_code       0x0000000000000000        0x0
                0x0000000000000000                . = ALIGN (0x4)
                0x0000000000000000                tcm_code_start = .
 *(.tcm_code)
 *(.tcm_code*)
                0x0000000000000000                . = ALIGN (0x4)
                0x0000000000000000                tcm_code_end = .

.text           0x0000000008008298     0x28a0
                0x0000000008008298                . = ALIGN (0x4)
 *(.text)
 .text          0x0000000008008298       0x40 /usr/local/arm-none-eabi-gcc/gcc-arm-none-eabi-10-2020-q4-major/bin/../lib/gcc/arm-none-eabi/10.2.1/thumb/v7e-m+dp/hard/crtbegin.o
 .text          0x00000000080082d8       0x30 /usr/local/arm-none-eabi-gcc/gcc-arm-none-eabi-10-2020-q4-major/bin/../lib/gcc/arm-none-eabi/10.2.1/thumb/v7e-m+dp/hard/libgcc.a(_aeabi_uldivmod.o)
                0x00000000080082d8                __aeabi_uldivmod
 .text          0x0000000008008308      0x2d0 /usr/local/arm-none-eabi-gcc/gcc-arm-none-eabi-10-2020-q4-major/bin/../lib/gcc/arm-none-eabi/10.2.1/thumb/v7e-m+dp/hard/libgcc.a(_udivmoddi4.o)
                0x0000000008008308                __udivmoddi4
 .text          0x00000000080085d8        0x4 /usr/local/arm-none-eabi-gcc/gcc-arm-none-eabi-10-2020-q4-major/bin/../lib/gcc/arm-none-eabi/10.2.1/thumb/v7e-m+dp/hard/libgcc.a(_dvmd_tls.o)
                0x00000000080085d8                __aeabi_ldiv0
                0x00000000080085d8                __aeabi_idiv0
 *(.text*)
 .text.main     0x00000000080085dc       0x90 build/main.o
                0x00000000080085dc                main
 .text.DebugPin_Init
                0x000000000800866c       0x6c build/debug_util.o
 .text.DebugPin_Ctl
                0x00000000080086d8       0x28 build/debug_util.o
 .text.BspGPIO_Write
                0x0000000008008700        0x8 build/Bsp_GPIO.o
 .text.BspGPIO_Read
                0x0000000008008708        0xe build/Bsp_GPIO.o
 *fill*         0x0000000008008716        0x2 
 .text.BspGPIO_Init
                0x0000000008008718      0x1fc build/Bsp_GPIO.o
 .text.DevLed_Init
                0x0000000008008914       0x6c build/Dev_Led.o
 .text.DevLed_Ctl
                0x0000000008008980       0x28 build/Dev_Led.o
 .text.KernelClock_Init
                0x00000000080089a8      0x11c build/kernel.o
 .text.Kernel_Init
                0x0000000008008ac4       0xb0 build/kernel.o
                0x0000000008008ac4                Kernel_Init
 .text.Runtime_Config
                0x0000000008008b74       0x9c build/runtime.o
                0x0000000008008b74                Runtime_Config
 .text.Runtime_Start
                0x0000000008008c10       0x20 build/runtime.o
                0x0000000008008c10                Runtime_Start
 .text.Runtime_Tick
                0x0000000008008c30       0x3c build/runtime.o
                0x0000000008008c30                Runtime_Tick
 .text.Get_CurrentRunningMs
                0x0000000008008c6c       0x18 build/runtime.o
                0x0000000008008c6c                Get_CurrentRunningMs
 .text.NMI_Handler
                0x0000000008008c84        0x2 build/stm32h7xx_it.o
                0x0000000008008c84                NMI_Handler
 .text.HardFault_Handler
                0x0000000008008c86        0x2 build/stm32h7xx_it.o
                0x0000000008008c86                HardFault_Handler
 .text.MemManage_Handler
                0x0000000008008c88        0x2 build/stm32h7xx_it.o
                0x0000000008008c88                MemManage_Handler
 .text.BusFault_Handler
                0x0000000008008c8a        0x2 build/stm32h7xx_it.o
                0x0000000008008c8a                BusFault_Handler
 .text.UsageFault_Handler
                0x0000000008008c8c        0x2 build/stm32h7xx_it.o
                0x0000000008008c8c                UsageFault_Handler
 *fill*         0x0000000008008c8e        0x2 
 .text.SVC_Handler
                0x0000000008008c90       0x10 build/stm32h7xx_it.o
                0x0000000008008c90                SVC_Handler
 .text.DebugMon_Handler
                0x0000000008008ca0        0x2 build/stm32h7xx_it.o
                0x0000000008008ca0                DebugMon_Handler
 .text.PendSV_Handler
                0x0000000008008ca2        0x2 build/stm32h7xx_it.o
                0x0000000008008ca2                PendSV_Handler
 .text.SysTick_Handler
                0x0000000008008ca4        0x8 build/stm32h7xx_it.o
                0x0000000008008ca4                SysTick_Handler
 .text.SystemInit
                0x0000000008008cac       0xcc build/system_stm32h7xx.o
                0x0000000008008cac                SystemInit
 .text.SystemCoreClockUpdate
                0x0000000008008d78      0x214 build/system_stm32h7xx.o
                0x0000000008008d78                SystemCoreClockUpdate
 .text.HAL_MspInit
                0x0000000008008f8c        0x2 build/stm32h7xx_hal.o
                0x0000000008008f8c                HAL_MspInit
 *fill*         0x0000000008008f8e        0x2 
 .text.HAL_InitTick
                0x0000000008008f90       0x50 build/stm32h7xx_hal.o
                0x0000000008008f90                HAL_InitTick
 .text.HAL_Init
                0x0000000008008fe0       0x5c build/stm32h7xx_hal.o
                0x0000000008008fe0                HAL_Init
 .text.HAL_GetTick
                0x000000000800903c        0xc build/stm32h7xx_hal.o
                0x000000000800903c                HAL_GetTick
 .text.HAL_GetREVID
                0x0000000008009048        0xc build/stm32h7xx_hal.o
                0x0000000008009048                HAL_GetREVID
 .text.HAL_NVIC_SetPriorityGrouping
                0x0000000008009054       0x24 build/stm32h7xx_hal_cortex.o
                0x0000000008009054                HAL_NVIC_SetPriorityGrouping
 .text.HAL_NVIC_SetPriority
                0x0000000008009078       0x6c build/stm32h7xx_hal_cortex.o
                0x0000000008009078                HAL_NVIC_SetPriority
 .text.HAL_SYSTICK_Config
                0x00000000080090e4       0x28 build/stm32h7xx_hal_cortex.o
                0x00000000080090e4                HAL_SYSTICK_Config
 .text.HAL_RCC_OscConfig
                0x000000000800910c      0x674 build/stm32h7xx_hal_rcc.o
                0x000000000800910c                HAL_RCC_OscConfig
 .text.HAL_RCC_GetSysClockFreq
                0x0000000008009780      0x1f4 build/stm32h7xx_hal_rcc.o
                0x0000000008009780                HAL_RCC_GetSysClockFreq
 .text.HAL_RCC_ClockConfig
                0x0000000008009974      0x294 build/stm32h7xx_hal_rcc.o
                0x0000000008009974                HAL_RCC_ClockConfig
 .text.RCCEx_PLL2_Config
                0x0000000008009c08      0x10c build/stm32h7xx_hal_rcc_ex.o
 .text.RCCEx_PLL3_Config
                0x0000000008009d14      0x10c build/stm32h7xx_hal_rcc_ex.o
 .text.HAL_RCCEx_PeriphCLKConfig
                0x0000000008009e20      0x9c4 build/stm32h7xx_hal_rcc_ex.o
                0x0000000008009e20                HAL_RCCEx_PeriphCLKConfig
 .text.HAL_GPIO_Init
                0x000000000800a7e4      0x220 build/stm32h7xx_hal_gpio.o
                0x000000000800a7e4                HAL_GPIO_Init
 .text.HAL_GPIO_ReadPin
                0x000000000800aa04        0xe build/stm32h7xx_hal_gpio.o
                0x000000000800aa04                HAL_GPIO_ReadPin
 .text.HAL_GPIO_WritePin
                0x000000000800aa12        0xc build/stm32h7xx_hal_gpio.o
                0x000000000800aa12                HAL_GPIO_WritePin
 *fill*         0x000000000800aa1e        0x2 
 .text.HAL_PWREx_ConfigSupply
                0x000000000800aa20       0x54 build/stm32h7xx_hal_pwr_ex.o
                0x000000000800aa20                HAL_PWREx_ConfigSupply
 .text.Reset_Handler
                0x000000000800aa74       0x50 build/startup_stm32h743xx.o
                0x000000000800aa74                Reset_Handler
 .text.Default_Handler
                0x000000000800aac4        0x2 build/startup_stm32h743xx.o
                0x000000000800aac4                DMA1_Stream3_IRQHandler
                0x000000000800aac4                EXTI2_IRQHandler
                0x000000000800aac4                TIM8_CC_IRQHandler
                0x000000000800aac4                HRTIM1_Master_IRQHandler
                0x000000000800aac4                UART8_IRQHandler
                0x000000000800aac4                SPI4_IRQHandler
                0x000000000800aac4                TIM1_CC_IRQHandler
                0x000000000800aac4                BDMA_Channel6_IRQHandler
                0x000000000800aac4                DMA2_Stream5_IRQHandler
                0x000000000800aac4                HRTIM1_FLT_IRQHandler
                0x000000000800aac4                JPEG_IRQHandler
                0x000000000800aac4                DMA1_Stream5_IRQHandler
                0x000000000800aac4                BDMA_Channel1_IRQHandler
                0x000000000800aac4                HRTIM1_TIMD_IRQHandler
                0x000000000800aac4                TAMP_STAMP_IRQHandler
                0x000000000800aac4                EXTI3_IRQHandler
                0x000000000800aac4                LPTIM4_IRQHandler
                0x000000000800aac4                TIM8_TRG_COM_TIM14_IRQHandler
                0x000000000800aac4                LPTIM2_IRQHandler
                0x000000000800aac4                DFSDM1_FLT1_IRQHandler
                0x000000000800aac4                DMAMUX2_OVR_IRQHandler
                0x000000000800aac4                TIM8_UP_TIM13_IRQHandler
                0x000000000800aac4                I2C3_ER_IRQHandler
                0x000000000800aac4                DFSDM1_FLT2_IRQHandler
                0x000000000800aac4                MDMA_IRQHandler
                0x000000000800aac4                LPTIM3_IRQHandler
                0x000000000800aac4                HSEM1_IRQHandler
                0x000000000800aac4                EXTI0_IRQHandler
                0x000000000800aac4                I2C2_EV_IRQHandler
                0x000000000800aac4                DMA1_Stream2_IRQHandler
                0x000000000800aac4                FPU_IRQHandler
                0x000000000800aac4                OTG_HS_WKUP_IRQHandler
                0x000000000800aac4                FDCAN1_IT1_IRQHandler
                0x000000000800aac4                LTDC_ER_IRQHandler
                0x000000000800aac4                DMA2_Stream2_IRQHandler
                0x000000000800aac4                HRTIM1_TIME_IRQHandler
                0x000000000800aac4                SPI1_IRQHandler
                0x000000000800aac4                TIM6_DAC_IRQHandler
                0x000000000800aac4                DCMI_IRQHandler
                0x000000000800aac4                HRTIM1_TIMC_IRQHandler
                0x000000000800aac4                DMA2_Stream3_IRQHandler
                0x000000000800aac4                SAI2_IRQHandler
                0x000000000800aac4                DFSDM1_FLT3_IRQHandler
                0x000000000800aac4                USART6_IRQHandler
                0x000000000800aac4                TIM17_IRQHandler
                0x000000000800aac4                USART3_IRQHandler
                0x000000000800aac4                BDMA_Channel7_IRQHandler
                0x000000000800aac4                LPTIM5_IRQHandler
                0x000000000800aac4                UART5_IRQHandler
                0x000000000800aac4                ADC3_IRQHandler
                0x000000000800aac4                DMA2_Stream0_IRQHandler
                0x000000000800aac4                TIM4_IRQHandler
                0x000000000800aac4                BDMA_Channel2_IRQHandler
                0x000000000800aac4                QUADSPI_IRQHandler
                0x000000000800aac4                I2C1_EV_IRQHandler
                0x000000000800aac4                DMA1_Stream6_IRQHandler
                0x000000000800aac4                DMAMUX1_OVR_IRQHandler
                0x000000000800aac4                DMA1_Stream1_IRQHandler
                0x000000000800aac4                TIM16_IRQHandler
                0x000000000800aac4                UART4_IRQHandler
                0x000000000800aac4                BDMA_Channel5_IRQHandler
                0x000000000800aac4                TIM3_IRQHandler
                0x000000000800aac4                RCC_IRQHandler
                0x000000000800aac4                TIM8_BRK_TIM12_IRQHandler
                0x000000000800aac4                TIM1_TRG_COM_IRQHandler
                0x000000000800aac4                Default_Handler
                0x000000000800aac4                ECC_IRQHandler
                0x000000000800aac4                CEC_IRQHandler
                0x000000000800aac4                EXTI15_10_IRQHandler
                0x000000000800aac4                BDMA_Channel0_IRQHandler
                0x000000000800aac4                ADC_IRQHandler
                0x000000000800aac4                DMA1_Stream7_IRQHandler
                0x000000000800aac4                HRTIM1_TIMA_IRQHandler
                0x000000000800aac4                SPI5_IRQHandler
                0x000000000800aac4                TIM7_IRQHandler
                0x000000000800aac4                SDMMC1_IRQHandler
                0x000000000800aac4                TIM5_IRQHandler
                0x000000000800aac4                DMA2_Stream7_IRQHandler
                0x000000000800aac4                TIM15_IRQHandler
                0x000000000800aac4                PVD_AVD_IRQHandler
                0x000000000800aac4                I2C3_EV_IRQHandler
                0x000000000800aac4                EXTI9_5_IRQHandler
                0x000000000800aac4                RTC_WKUP_IRQHandler
                0x000000000800aac4                LTDC_IRQHandler
                0x000000000800aac4                SAI3_IRQHandler
                0x000000000800aac4                ETH_WKUP_IRQHandler
                0x000000000800aac4                SPDIF_RX_IRQHandler
                0x000000000800aac4                SPI2_IRQHandler
                0x000000000800aac4                OTG_HS_EP1_IN_IRQHandler
                0x000000000800aac4                DMA1_Stream0_IRQHandler
                0x000000000800aac4                CRS_IRQHandler
                0x000000000800aac4                EXTI4_IRQHandler
                0x000000000800aac4                RNG_IRQHandler
                0x000000000800aac4                HRTIM1_TIMB_IRQHandler
                0x000000000800aac4                FDCAN2_IT1_IRQHandler
                0x000000000800aac4                ETH_IRQHandler
                0x000000000800aac4                TIM1_UP_IRQHandler
                0x000000000800aac4                BDMA_Channel4_IRQHandler
                0x000000000800aac4                OTG_HS_EP1_OUT_IRQHandler
                0x000000000800aac4                WWDG_IRQHandler
                0x000000000800aac4                SPI6_IRQHandler
                0x000000000800aac4                MDIOS_IRQHandler
                0x000000000800aac4                I2C4_EV_IRQHandler
                0x000000000800aac4                FDCAN2_IT0_IRQHandler
                0x000000000800aac4                LPUART1_IRQHandler
                0x000000000800aac4                FDCAN1_IT0_IRQHandler
                0x000000000800aac4                TIM2_IRQHandler
                0x000000000800aac4                OTG_FS_WKUP_IRQHandler
                0x000000000800aac4                OTG_HS_IRQHandler
                0x000000000800aac4                DMA2D_IRQHandler
                0x000000000800aac4                TIM1_BRK_IRQHandler
                0x000000000800aac4                EXTI1_IRQHandler
                0x000000000800aac4                SDMMC2_IRQHandler
                0x000000000800aac4                OTG_FS_EP1_OUT_IRQHandler
                0x000000000800aac4                BDMA_Channel3_IRQHandler
                0x000000000800aac4                UART7_IRQHandler
                0x000000000800aac4                MDIOS_WKUP_IRQHandler
                0x000000000800aac4                USART2_IRQHandler
                0x000000000800aac4                DFSDM1_FLT0_IRQHandler
                0x000000000800aac4                SAI4_IRQHandler
                0x000000000800aac4                I2C2_ER_IRQHandler
                0x000000000800aac4                DMA2_Stream1_IRQHandler
                0x000000000800aac4                FLASH_IRQHandler
                0x000000000800aac4                DMA2_Stream4_IRQHandler
                0x000000000800aac4                USART1_IRQHandler
                0x000000000800aac4                OTG_FS_IRQHandler
                0x000000000800aac4                SPI3_IRQHandler
                0x000000000800aac4                WAKEUP_PIN_IRQHandler
                0x000000000800aac4                DMA1_Stream4_IRQHandler
                0x000000000800aac4                OTG_FS_EP1_IN_IRQHandler
                0x000000000800aac4                I2C1_ER_IRQHandler
                0x000000000800aac4                FMC_IRQHandler
                0x000000000800aac4                FDCAN_CAL_IRQHandler
                0x000000000800aac4                SWPMI1_IRQHandler
                0x000000000800aac4                COMP1_IRQHandler
                0x000000000800aac4                LPTIM1_IRQHandler
                0x000000000800aac4                I2C4_ER_IRQHandler
                0x000000000800aac4                DMA2_Stream6_IRQHandler
                0x000000000800aac4                SAI1_IRQHandler
                0x000000000800aac4                RTC_Alarm_IRQHandler
 *fill*         0x000000000800aac6        0x2 
 .text.__libc_init_array
                0x000000000800aac8       0x48 /usr/local/arm-none-eabi-gcc/gcc-arm-none-eabi-10-2020-q4-major/bin/../lib/gcc/arm-none-eabi/10.2.1/../../../../arm-none-eabi/lib/thumb/v7e-m+dp/hard/libc_nano.a(lib_a-init.o)
                0x000000000800aac8                __libc_init_array
 .text.memset   0x000000000800ab10       0x10 /usr/local/arm-none-eabi-gcc/gcc-arm-none-eabi-10-2020-q4-major/bin/../lib/gcc/arm-none-eabi/10.2.1/../../../../arm-none-eabi/lib/thumb/v7e-m+dp/hard/libc_nano.a(lib_a-memset.o)
                0x000000000800ab10                memset
 *(.glue_7)
 .glue_7        0x000000000800ab20        0x0 linker stubs
 *(.glue_7t)
 .glue_7t       0x000000000800ab20        0x0 linker stubs
 *(.eh_frame)
 .eh_frame      0x000000000800ab20        0x0 /usr/local/arm-none-eabi-gcc/gcc-arm-none-eabi-10-2020-q4-major/bin/../lib/gcc/arm-none-eabi/10.2.1/thumb/v7e-m+dp/hard/crtbegin.o
 *(.init)
 .init          0x000000000800ab20        0x4 /usr/local/arm-none-eabi-gcc/gcc-arm-none-eabi-10-2020-q4-major/bin/../lib/gcc/arm-none-eabi/10.2.1/thumb/v7e-m+dp/hard/crti.o
                0x000000000800ab20                _init
 .init          0x000000000800ab24        0x8 /usr/local/arm-none-eabi-gcc/gcc-arm-none-eabi-10-2020-q4-major/bin/../lib/gcc/arm-none-eabi/10.2.1/thumb/v7e-m+dp/hard/crtn.o
 *(.fini)
 .fini          0x000000000800ab2c        0x4 /usr/local/arm-none-eabi-gcc/gcc-arm-none-eabi-10-2020-q4-major/bin/../lib/gcc/arm-none-eabi/10.2.1/thumb/v7e-m+dp/hard/crti.o
                0x000000000800ab2c                _fini
 .fini          0x000000000800ab30        0x8 /usr/local/arm-none-eabi-gcc/gcc-arm-none-eabi-10-2020-q4-major/bin/../lib/gcc/arm-none-eabi/10.2.1/thumb/v7e-m+dp/hard/crtn.o
                0x000000000800ab38                . = ALIGN (0x4)
                0x000000000800ab38                _etext = .

.vfp11_veneer   0x000000000800ab38        0x0
 .vfp11_veneer  0x000000000800ab38        0x0 linker stubs

.v4_bx          0x000000000800ab38        0x0
 .v4_bx         0x000000000800ab38        0x0 linker stubs

.iplt           0x000000000800ab38        0x0
 .iplt          0x000000000800ab38        0x0 /usr/local/arm-none-eabi-gcc/gcc-arm-none-eabi-10-2020-q4-major/bin/../lib/gcc/arm-none-eabi/10.2.1/thumb/v7e-m+dp/hard/crtbegin.o

.rodata         0x000000000800ab38       0x10
                0x000000000800ab38                . = ALIGN (0x4)
 *(.rodata)
 *(.rodata*)
 .rodata.D1CorePrescTable
                0x000000000800ab38       0x10 build/system_stm32h7xx.o
                0x000000000800ab38                D1CorePrescTable
                0x000000000800ab48                . = ALIGN (0x4)

.ARM.extab
 *(.ARM.extab* .gnu.linkonce.armextab.*)

.ARM            0x000000000800ab48        0x8
                0x000000000800ab48                __exidx_start = .
 *(.ARM.exidx*)
 .ARM.exidx     0x000000000800ab48        0x8 /usr/local/arm-none-eabi-gcc/gcc-arm-none-eabi-10-2020-q4-major/bin/../lib/gcc/arm-none-eabi/10.2.1/thumb/v7e-m+dp/hard/libgcc.a(_udivmoddi4.o)
                0x000000000800ab50                __exidx_end = .

.rel.dyn        0x000000000800ab50        0x0
 .rel.iplt      0x000000000800ab50        0x0 /usr/local/arm-none-eabi-gcc/gcc-arm-none-eabi-10-2020-q4-major/bin/../lib/gcc/arm-none-eabi/10.2.1/thumb/v7e-m+dp/hard/crtbegin.o

.preinit_array  0x000000000800ab50        0x0
                0x000000000800ab50                PROVIDE (__preinit_array_start = .)
 *(.preinit_array*)
                0x000000000800ab50                PROVIDE (__preinit_array_end = .)

.init_array     0x000000000800ab50        0x4
                0x000000000800ab50                PROVIDE (__init_array_start = .)
 *(SORT_BY_NAME(.init_array.*))
 *(.init_array*)
 .init_array    0x000000000800ab50        0x4 /usr/local/arm-none-eabi-gcc/gcc-arm-none-eabi-10-2020-q4-major/bin/../lib/gcc/arm-none-eabi/10.2.1/thumb/v7e-m+dp/hard/crtbegin.o
                0x000000000800ab54                PROVIDE (__init_array_end = .)

.fini_array     0x000000000800ab54        0x4
                [!provide]                        PROVIDE (__fini_array_start = .)
 *(SORT_BY_NAME(.fini_array.*))
 *(.fini_array*)
 .fini_array    0x000000000800ab54        0x4 /usr/local/arm-none-eabi-gcc/gcc-arm-none-eabi-10-2020-q4-major/bin/../lib/gcc/arm-none-eabi/10.2.1/thumb/v7e-m+dp/hard/crtbegin.o
                [!provide]                        PROVIDE (__fini_array_end = .)
                0x000000000800ab58                _sidata = LOADADDR (.data)

.data           0x0000000020000000       0x3c load address 0x000000000800ab58
                0x0000000020000000                . = ALIGN (0x4)
                0x0000000020000000                _sdata = .
 *(.data)
 *(.data*)
 .data.Debug_PC0
                0x0000000020000000        0x7 build/main.o
                0x0000000020000000                Debug_PC0
 *fill*         0x0000000020000007        0x1 
 .data.Led1     0x0000000020000008        0x8 build/main.o
                0x0000000020000008                Led1
 .data.DebugPin
                0x0000000020000010        0x8 build/debug_util.o
                0x0000000020000010                DebugPin
 .data.BspGPIO  0x0000000020000018        0xc build/Bsp_GPIO.o
                0x0000000020000018                BspGPIO
 .data.DevLED   0x0000000020000024        0x8 build/Dev_Led.o
                0x0000000020000024                DevLED
 .data.SystemCoreClock
                0x000000002000002c        0x4 build/system_stm32h7xx.o
                0x000000002000002c                SystemCoreClock
 .data.SystemD2Clock
                0x0000000020000030        0x4 build/system_stm32h7xx.o
                0x0000000020000030                SystemD2Clock
 .data.uwTickFreq
                0x0000000020000034        0x1 build/stm32h7xx_hal.o
                0x0000000020000034                uwTickFreq
 *fill*         0x0000000020000035        0x3 
 .data.uwTickPrio
                0x0000000020000038        0x4 build/stm32h7xx_hal.o
                0x0000000020000038                uwTickPrio
                0x000000002000003c                . = ALIGN (0x4)
                0x000000002000003c                _edata = .

.igot.plt       0x000000002000003c        0x0 load address 0x000000000800ab94
 .igot.plt      0x000000002000003c        0x0 /usr/local/arm-none-eabi-gcc/gcc-arm-none-eabi-10-2020-q4-major/bin/../lib/gcc/arm-none-eabi/10.2.1/thumb/v7e-m+dp/hard/crtbegin.o
                0x000000002000003c                . = ALIGN (0x4)

.bss            0x0000000020000040       0x4c load address 0x000000000800ab94
                0x0000000020000040                _sbss = .
                0x0000000020000040                __bss_start__ = _sbss
 *(.bss)
 .bss           0x0000000020000040       0x1c /usr/local/arm-none-eabi-gcc/gcc-arm-none-eabi-10-2020-q4-major/bin/../lib/gcc/arm-none-eabi/10.2.1/thumb/v7e-m+dp/hard/crtbegin.o
 *(.bss*)
 *fill*         0x000000002000005c        0x4 
 .bss.RunTime   0x0000000020000060       0x20 build/runtime.o
 .bss.sysclock  0x0000000020000080        0x4 build/runtime.o
 .bss.msp       0x0000000020000084        0x4 build/stm32h7xx_it.o
                0x0000000020000084                msp
 .bss.uwTick    0x0000000020000088        0x4 build/stm32h7xx_hal.o
                0x0000000020000088                uwTick
 *(COMMON)
                0x000000002000008c                . = ALIGN (0x4)
                0x000000002000008c                _ebss = .
                0x000000002000008c                __bss_end__ = _ebss

._user_heap_stack
                0x000000002000008c     0x1004 load address 0x000000000800ab94
                0x0000000020000090                . = ALIGN (0x8)
 *fill*         0x000000002000008c        0x4 
                [!provide]                        PROVIDE (end = .)
                [!provide]                        PROVIDE (_end = .)
                0x0000000020000890                . = (. + _Min_Heap_Size)
 *fill*         0x0000000020000090      0x800 
                0x0000000020001090                . = (. + _Min_Stack_Size)
 *fill*         0x0000000020000890      0x800 
                0x0000000020001090                . = ALIGN (0x8)

/DISCARD/
 libc.a(*)
 libm.a(*)
 libgcc.a(*)

.ARM.attributes
                0x0000000000000000       0x2e
 *(.ARM.attributes)
 .ARM.attributes
                0x0000000000000000       0x1e /usr/local/arm-none-eabi-gcc/gcc-arm-none-eabi-10-2020-q4-major/bin/../lib/gcc/arm-none-eabi/10.2.1/thumb/v7e-m+dp/hard/crti.o
 .ARM.attributes
                0x000000000000001e       0x32 /usr/local/arm-none-eabi-gcc/gcc-arm-none-eabi-10-2020-q4-major/bin/../lib/gcc/arm-none-eabi/10.2.1/thumb/v7e-m+dp/hard/crtbegin.o
 .ARM.attributes
                0x0000000000000050       0x32 build/main.o
 .ARM.attributes
                0x0000000000000082       0x32 build/debug_util.o
 .ARM.attributes
                0x00000000000000b4       0x32 build/Bsp_GPIO.o
 .ARM.attributes
                0x00000000000000e6       0x32 build/Dev_Led.o
 .ARM.attributes
                0x0000000000000118       0x32 build/kernel.o
 .ARM.attributes
                0x000000000000014a       0x32 build/runtime.o
 .ARM.attributes
                0x000000000000017c       0x32 build/stm32h7xx_it.o
 .ARM.attributes
                0x00000000000001ae       0x32 build/system_stm32h7xx.o
 .ARM.attributes
                0x00000000000001e0       0x32 build/stm32h7xx_hal.o
 .ARM.attributes
                0x0000000000000212       0x32 build/stm32h7xx_hal_cortex.o
 .ARM.attributes
                0x0000000000000244       0x32 build/stm32h7xx_hal_rcc.o
 .ARM.attributes
                0x0000000000000276       0x32 build/stm32h7xx_hal_rcc_ex.o
 .ARM.attributes
                0x00000000000002a8       0x32 build/stm32h7xx_hal_gpio.o
 .ARM.attributes
                0x00000000000002da       0x32 build/stm32h7xx_hal_pwr_ex.o
 .ARM.attributes
                0x000000000000030c       0x21 build/startup_stm32h743xx.o
 .ARM.attributes
                0x000000000000032d       0x32 /usr/local/arm-none-eabi-gcc/gcc-arm-none-eabi-10-2020-q4-major/bin/../lib/gcc/arm-none-eabi/10.2.1/../../../../arm-none-eabi/lib/thumb/v7e-m+dp/hard/libc_nano.a(lib_a-init.o)
 .ARM.attributes
                0x000000000000035f       0x32 /usr/local/arm-none-eabi-gcc/gcc-arm-none-eabi-10-2020-q4-major/bin/../lib/gcc/arm-none-eabi/10.2.1/../../../../arm-none-eabi/lib/thumb/v7e-m+dp/hard/libc_nano.a(lib_a-memset.o)
 .ARM.attributes
                0x0000000000000391       0x1e /usr/local/arm-none-eabi-gcc/gcc-arm-none-eabi-10-2020-q4-major/bin/../lib/gcc/arm-none-eabi/10.2.1/thumb/v7e-m+dp/hard/libgcc.a(_aeabi_uldivmod.o)
 .ARM.attributes
                0x00000000000003af       0x32 /usr/local/arm-none-eabi-gcc/gcc-arm-none-eabi-10-2020-q4-major/bin/../lib/gcc/arm-none-eabi/10.2.1/thumb/v7e-m+dp/hard/libgcc.a(_udivmoddi4.o)
 .ARM.attributes
                0x00000000000003e1       0x1e /usr/local/arm-none-eabi-gcc/gcc-arm-none-eabi-10-2020-q4-major/bin/../lib/gcc/arm-none-eabi/10.2.1/thumb/v7e-m+dp/hard/libgcc.a(_dvmd_tls.o)
 .ARM.attributes
                0x00000000000003ff       0x1e /usr/local/arm-none-eabi-gcc/gcc-arm-none-eabi-10-2020-q4-major/bin/../lib/gcc/arm-none-eabi/10.2.1/thumb/v7e-m+dp/hard/crtn.o
OUTPUT(build/H7FC.elf elf32-littlearm)
LOAD linker stubs
LOAD /usr/local/arm-none-eabi-gcc/gcc-arm-none-eabi-10-2020-q4-major/bin/../lib/gcc/arm-none-eabi/10.2.1/../../../../arm-none-eabi/lib/thumb/v7e-m+dp/hard/libc.a
LOAD /usr/local/arm-none-eabi-gcc/gcc-arm-none-eabi-10-2020-q4-major/bin/../lib/gcc/arm-none-eabi/10.2.1/../../../../arm-none-eabi/lib/thumb/v7e-m+dp/hard/libm.a
LOAD /usr/local/arm-none-eabi-gcc/gcc-arm-none-eabi-10-2020-q4-major/bin/../lib/gcc/arm-none-eabi/10.2.1/thumb/v7e-m+dp/hard/libgcc.a

.debug_info     0x0000000000000000     0xcd0d
 .debug_info    0x0000000000000000      0x452 build/main.o
 .debug_info    0x0000000000000452      0x488 build/debug_util.o
 .debug_info    0x00000000000008da      0x9ed build/Bsp_GPIO.o
 .debug_info    0x00000000000012c7      0x45f build/Dev_Led.o
 .debug_info    0x0000000000001726     0x1559 build/kernel.o
 .debug_info    0x0000000000002c7f      0xf9e build/runtime.o
 .debug_info    0x0000000000003c1d      0x18c build/stm32h7xx_it.o
 .debug_info    0x0000000000003da9      0xeb5 build/system_stm32h7xx.o
 .debug_info    0x0000000000004c5e     0x18de build/stm32h7xx_hal.o
 .debug_info    0x000000000000653c     0x1507 build/stm32h7xx_hal_cortex.o
 .debug_info    0x0000000000007a43     0x13ce build/stm32h7xx_hal_rcc.o
 .debug_info    0x0000000000008e11     0x1c06 build/stm32h7xx_hal_rcc_ex.o
 .debug_info    0x000000000000aa17      0xee1 build/stm32h7xx_hal_gpio.o
 .debug_info    0x000000000000b8f8     0x13f3 build/stm32h7xx_hal_pwr_ex.o
 .debug_info    0x000000000000cceb       0x22 build/startup_stm32h743xx.o

.debug_abbrev   0x0000000000000000     0x1e63
 .debug_abbrev  0x0000000000000000      0x1dc build/main.o
 .debug_abbrev  0x00000000000001dc      0x1d0 build/debug_util.o
 .debug_abbrev  0x00000000000003ac      0x20b build/Bsp_GPIO.o
 .debug_abbrev  0x00000000000005b7      0x1b4 build/Dev_Led.o
 .debug_abbrev  0x000000000000076b      0x232 build/kernel.o
 .debug_abbrev  0x000000000000099d      0x2e5 build/runtime.o
 .debug_abbrev  0x0000000000000c82       0xa3 build/stm32h7xx_it.o
 .debug_abbrev  0x0000000000000d25      0x12a build/system_stm32h7xx.o
 .debug_abbrev  0x0000000000000e4f      0x261 build/stm32h7xx_hal.o
 .debug_abbrev  0x00000000000010b0      0x395 build/stm32h7xx_hal_cortex.o
 .debug_abbrev  0x0000000000001445      0x27d build/stm32h7xx_hal_rcc.o
 .debug_abbrev  0x00000000000016c2      0x286 build/stm32h7xx_hal_rcc_ex.o
 .debug_abbrev  0x0000000000001948      0x253 build/stm32h7xx_hal_gpio.o
 .debug_abbrev  0x0000000000001b9b      0x2b6 build/stm32h7xx_hal_pwr_ex.o
 .debug_abbrev  0x0000000000001e51       0x12 build/startup_stm32h743xx.o

.debug_loc      0x0000000000000000     0x4797
 .debug_loc     0x0000000000000000       0x6f build/main.o
 .debug_loc     0x000000000000006f       0xbc build/debug_util.o
 .debug_loc     0x000000000000012b      0x163 build/Bsp_GPIO.o
 .debug_loc     0x000000000000028e       0xbc build/Dev_Led.o
 .debug_loc     0x000000000000034a       0xe8 build/kernel.o
 .debug_loc     0x0000000000000432      0x371 build/runtime.o
 .debug_loc     0x00000000000007a3       0x20 build/stm32h7xx_it.o
 .debug_loc     0x00000000000007c3      0x1d8 build/system_stm32h7xx.o
 .debug_loc     0x000000000000099b      0x526 build/stm32h7xx_hal.o
 .debug_loc     0x0000000000000ec1      0x786 build/stm32h7xx_hal_cortex.o
 .debug_loc     0x0000000000001647      0xa9b build/stm32h7xx_hal_rcc.o
 .debug_loc     0x00000000000020e2     0x1bd8 build/stm32h7xx_hal_rcc_ex.o
 .debug_loc     0x0000000000003cba      0x482 build/stm32h7xx_hal_gpio.o
 .debug_loc     0x000000000000413c      0x65b build/stm32h7xx_hal_pwr_ex.o

.debug_aranges  0x0000000000000000      0x7c0
 .debug_aranges
                0x0000000000000000       0x28 build/main.o
 .debug_aranges
                0x0000000000000028       0x30 build/debug_util.o
 .debug_aranges
                0x0000000000000058       0x30 build/Bsp_GPIO.o
 .debug_aranges
                0x0000000000000088       0x28 build/Dev_Led.o
 .debug_aranges
                0x00000000000000b0       0x48 build/kernel.o
 .debug_aranges
                0x00000000000000f8       0xa0 build/runtime.o
 .debug_aranges
                0x0000000000000198       0x60 build/stm32h7xx_it.o
 .debug_aranges
                0x00000000000001f8       0x28 build/system_stm32h7xx.o
 .debug_aranges
                0x0000000000000220      0x198 build/stm32h7xx_hal.o
 .debug_aranges
                0x00000000000003b8       0xb0 build/stm32h7xx_hal_cortex.o
 .debug_aranges
                0x0000000000000468       0x88 build/stm32h7xx_hal_rcc.o
 .debug_aranges
                0x00000000000004f0       0xf8 build/stm32h7xx_hal_rcc_ex.o
 .debug_aranges
                0x00000000000005e8       0x58 build/stm32h7xx_hal_gpio.o
 .debug_aranges
                0x0000000000000640      0x158 build/stm32h7xx_hal_pwr_ex.o
 .debug_aranges
                0x0000000000000798       0x28 build/startup_stm32h743xx.o

.debug_ranges   0x0000000000000000      0x808
 .debug_ranges  0x0000000000000000       0x18 build/main.o
 .debug_ranges  0x0000000000000018       0x20 build/debug_util.o
 .debug_ranges  0x0000000000000038       0x20 build/Bsp_GPIO.o
 .debug_ranges  0x0000000000000058       0x18 build/Dev_Led.o
 .debug_ranges  0x0000000000000070       0x38 build/kernel.o
 .debug_ranges  0x00000000000000a8       0x90 build/runtime.o
 .debug_ranges  0x0000000000000138       0x50 build/stm32h7xx_it.o
 .debug_ranges  0x0000000000000188       0x18 build/system_stm32h7xx.o
 .debug_ranges  0x00000000000001a0      0x188 build/stm32h7xx_hal.o
 .debug_ranges  0x0000000000000328      0x100 build/stm32h7xx_hal_cortex.o
 .debug_ranges  0x0000000000000428       0xe8 build/stm32h7xx_hal_rcc.o
 .debug_ranges  0x0000000000000510       0xe8 build/stm32h7xx_hal_rcc_ex.o
 .debug_ranges  0x00000000000005f8       0x48 build/stm32h7xx_hal_gpio.o
 .debug_ranges  0x0000000000000640      0x1a8 build/stm32h7xx_hal_pwr_ex.o
 .debug_ranges  0x00000000000007e8       0x20 build/startup_stm32h743xx.o

.debug_line     0x0000000000000000     0x6de0
 .debug_line    0x0000000000000000      0x243 build/main.o
 .debug_line    0x0000000000000243      0x270 build/debug_util.o
 .debug_line    0x00000000000004b3      0x2a7 build/Bsp_GPIO.o
 .debug_line    0x000000000000075a      0x235 build/Dev_Led.o
 .debug_line    0x000000000000098f      0x5a5 build/kernel.o
 .debug_line    0x0000000000000f34      0x569 build/runtime.o
 .debug_line    0x000000000000149d      0x23b build/stm32h7xx_it.o
 .debug_line    0x00000000000016d8      0x471 build/system_stm32h7xx.o
 .debug_line    0x0000000000001b49      0x8db build/stm32h7xx_hal.o
 .debug_line    0x0000000000002424      0x7a6 build/stm32h7xx_hal_cortex.o
 .debug_line    0x0000000000002bca     0x1281 build/stm32h7xx_hal_rcc.o
 .debug_line    0x0000000000003e4b     0x1db7 build/stm32h7xx_hal_rcc_ex.o
 .debug_line    0x0000000000005c02      0x6cd build/stm32h7xx_hal_gpio.o
 .debug_line    0x00000000000062cf      0xa9b build/stm32h7xx_hal_pwr_ex.o
 .debug_line    0x0000000000006d6a       0x76 build/startup_stm32h743xx.o

.debug_str      0x0000000000000000     0x355d
 .debug_str     0x0000000000000000      0x276 build/main.o
                                        0x2e3 (size before relaxing)
 .debug_str     0x0000000000000276       0xe8 build/debug_util.o
                                        0x308 (size before relaxing)
 .debug_str     0x000000000000035e      0x294 build/Bsp_GPIO.o
                                        0x518 (size before relaxing)
 .debug_str     0x00000000000005f2       0x3e build/Dev_Led.o
                                        0x2f3 (size before relaxing)
 .debug_str     0x0000000000000630      0x7ca build/kernel.o
                                        0xb99 (size before relaxing)
 .debug_str     0x0000000000000dfa      0xba3 build/runtime.o
                                        0xf53 (size before relaxing)
 .debug_str     0x000000000000199d       0xb0 build/stm32h7xx_it.o
                                        0x22e (size before relaxing)
 .debug_str     0x0000000000001a4d      0x216 build/system_stm32h7xx.o
                                        0x716 (size before relaxing)
 .debug_str     0x0000000000001c63      0x733 build/stm32h7xx_hal.o
                                       0x148f (size before relaxing)
 .debug_str     0x0000000000002396      0x3fe build/stm32h7xx_hal_cortex.o
                                       0x1027 (size before relaxing)
 .debug_str     0x0000000000002794      0x19f build/stm32h7xx_hal_rcc.o
                                        0x9f9 (size before relaxing)
 .debug_str     0x0000000000002933      0x5da build/stm32h7xx_hal_rcc_ex.o
                                        0xedb (size before relaxing)
 .debug_str     0x0000000000002f0d       0xdb build/stm32h7xx_hal_gpio.o
                                        0x6b3 (size before relaxing)
 .debug_str     0x0000000000002fe8      0x551 build/stm32h7xx_hal_pwr_ex.o
                                        0xa28 (size before relaxing)
 .debug_str     0x0000000000003539       0x24 build/startup_stm32h743xx.o
                                         0x47 (size before relaxing)

.comment        0x0000000000000000       0x4d
 .comment       0x0000000000000000       0x4d build/main.o
                                         0x4e (size before relaxing)
 .comment       0x000000000000004d       0x4e build/debug_util.o
 .comment       0x000000000000004d       0x4e build/Bsp_GPIO.o
 .comment       0x000000000000004d       0x4e build/Dev_Led.o
 .comment       0x000000000000004d       0x4e build/kernel.o
 .comment       0x000000000000004d       0x4e build/runtime.o
 .comment       0x000000000000004d       0x4e build/stm32h7xx_it.o
 .comment       0x000000000000004d       0x4e build/system_stm32h7xx.o
 .comment       0x000000000000004d       0x4e build/stm32h7xx_hal.o
 .comment       0x000000000000004d       0x4e build/stm32h7xx_hal_cortex.o
 .comment       0x000000000000004d       0x4e build/stm32h7xx_hal_rcc.o
 .comment       0x000000000000004d       0x4e build/stm32h7xx_hal_rcc_ex.o
 .comment       0x000000000000004d       0x4e build/stm32h7xx_hal_gpio.o
 .comment       0x000000000000004d       0x4e build/stm32h7xx_hal_pwr_ex.o

.debug_frame    0x0000000000000000     0x1158
 .debug_frame   0x0000000000000000       0x48 build/main.o
 .debug_frame   0x0000000000000048       0x60 build/debug_util.o
 .debug_frame   0x00000000000000a8       0x6c build/Bsp_GPIO.o
 .debug_frame   0x0000000000000114       0x50 build/Dev_Led.o
 .debug_frame   0x0000000000000164       0x88 build/kernel.o
 .debug_frame   0x00000000000001ec      0x164 build/runtime.o
 .debug_frame   0x0000000000000350       0xa8 build/stm32h7xx_it.o
 .debug_frame   0x00000000000003f8       0x3c build/system_stm32h7xx.o
 .debug_frame   0x0000000000000434      0x360 build/stm32h7xx_hal.o
 .debug_frame   0x0000000000000794      0x158 build/stm32h7xx_hal_cortex.o
 .debug_frame   0x00000000000008ec      0x18c build/stm32h7xx_hal_rcc.o
 .debug_frame   0x0000000000000a78      0x26c build/stm32h7xx_hal_rcc_ex.o
 .debug_frame   0x0000000000000ce4       0xd4 build/stm32h7xx_hal_gpio.o
 .debug_frame   0x0000000000000db8      0x2f4 build/stm32h7xx_hal_pwr_ex.o
 .debug_frame   0x00000000000010ac       0x2c /usr/local/arm-none-eabi-gcc/gcc-arm-none-eabi-10-2020-q4-major/bin/../lib/gcc/arm-none-eabi/10.2.1/../../../../arm-none-eabi/lib/thumb/v7e-m+dp/hard/libc_nano.a(lib_a-init.o)
 .debug_frame   0x00000000000010d8       0x20 /usr/local/arm-none-eabi-gcc/gcc-arm-none-eabi-10-2020-q4-major/bin/../lib/gcc/arm-none-eabi/10.2.1/../../../../arm-none-eabi/lib/thumb/v7e-m+dp/hard/libc_nano.a(lib_a-memset.o)
 .debug_frame   0x00000000000010f8       0x2c /usr/local/arm-none-eabi-gcc/gcc-arm-none-eabi-10-2020-q4-major/bin/../lib/gcc/arm-none-eabi/10.2.1/thumb/v7e-m+dp/hard/libgcc.a(_aeabi_uldivmod.o)
 .debug_frame   0x0000000000001124       0x34 /usr/local/arm-none-eabi-gcc/gcc-arm-none-eabi-10-2020-q4-major/bin/../lib/gcc/arm-none-eabi/10.2.1/thumb/v7e-m+dp/hard/libgcc.a(_udivmoddi4.o)

Cross Reference Table

Symbol                                            File
ADC3_IRQHandler                                   build/startup_stm32h743xx.o
ADC_IRQHandler                                    build/startup_stm32h743xx.o
BDMA_Channel0_IRQHandler                          build/startup_stm32h743xx.o
BDMA_Channel1_IRQHandler                          build/startup_stm32h743xx.o
BDMA_Channel2_IRQHandler                          build/startup_stm32h743xx.o
BDMA_Channel3_IRQHandler                          build/startup_stm32h743xx.o
BDMA_Channel4_IRQHandler                          build/startup_stm32h743xx.o
BDMA_Channel5_IRQHandler                          build/startup_stm32h743xx.o
BDMA_Channel6_IRQHandler                          build/startup_stm32h743xx.o
BDMA_Channel7_IRQHandler                          build/startup_stm32h743xx.o
BspGPIO                                           build/Bsp_GPIO.o
                                                  build/Dev_Led.o
                                                  build/debug_util.o
BspSPI                                            build/Bsp_SPI.o
                                                  build/Dev_W25Qxx.o
BusFault_Handler                                  build/stm32h7xx_it.o
CEC_IRQHandler                                    build/startup_stm32h743xx.o
COMP1_IRQHandler                                  build/startup_stm32h743xx.o
CRS_IRQHandler                                    build/startup_stm32h743xx.o
CurTsk_TCB                                        build/scheduler.o
D1CorePrescTable                                  build/system_stm32h7xx.o
                                                  build/stm32h7xx_hal_rcc_ex.o
                                                  build/stm32h7xx_hal_rcc.o
                                                  build/stm32h7xx_hal.o
DCMI_IRQHandler                                   build/startup_stm32h743xx.o
DFSDM1_FLT0_IRQHandler                            build/startup_stm32h743xx.o
DFSDM1_FLT1_IRQHandler                            build/startup_stm32h743xx.o
DFSDM1_FLT2_IRQHandler                            build/startup_stm32h743xx.o
DFSDM1_FLT3_IRQHandler                            build/startup_stm32h743xx.o
DMA1_Stream0_IRQHandler                           build/startup_stm32h743xx.o
DMA1_Stream1_IRQHandler                           build/startup_stm32h743xx.o
DMA1_Stream2_IRQHandler                           build/startup_stm32h743xx.o
DMA1_Stream3_IRQHandler                           build/startup_stm32h743xx.o
DMA1_Stream4_IRQHandler                           build/startup_stm32h743xx.o
DMA1_Stream5_IRQHandler                           build/startup_stm32h743xx.o
DMA1_Stream6_IRQHandler                           build/startup_stm32h743xx.o
DMA1_Stream7_IRQHandler                           build/startup_stm32h743xx.o
DMA2D_IRQHandler                                  build/startup_stm32h743xx.o
DMA2_Stream0_IRQHandler                           build/startup_stm32h743xx.o
DMA2_Stream1_IRQHandler                           build/startup_stm32h743xx.o
DMA2_Stream2_IRQHandler                           build/startup_stm32h743xx.o
DMA2_Stream3_IRQHandler                           build/startup_stm32h743xx.o
DMA2_Stream4_IRQHandler                           build/startup_stm32h743xx.o
DMA2_Stream5_IRQHandler                           build/startup_stm32h743xx.o
DMA2_Stream6_IRQHandler                           build/startup_stm32h743xx.o
DMA2_Stream7_IRQHandler                           build/startup_stm32h743xx.o
DMAMUX1_OVR_IRQHandler                            build/startup_stm32h743xx.o
DMAMUX2_OVR_IRQHandler                            build/startup_stm32h743xx.o
DebugMon_Handler                                  build/stm32h7xx_it.o
DebugPin                                          build/debug_util.o
                                                  build/main.o
Debug_PC0                                         build/main.o
Default_Handler                                   build/startup_stm32h743xx.o
DevLED                                            build/Dev_Led.o
                                                  build/main.o
DevW25Q64                                         build/Dev_W25Qxx.o
ECC_IRQHandler                                    build/startup_stm32h743xx.o
ETH_IRQHandler                                    build/startup_stm32h743xx.o
ETH_WKUP_IRQHandler                               build/startup_stm32h743xx.o
EXTI0_IRQHandler                                  build/startup_stm32h743xx.o
EXTI15_10_IRQHandler                              build/startup_stm32h743xx.o
EXTI1_IRQHandler                                  build/startup_stm32h743xx.o
EXTI2_IRQHandler                                  build/startup_stm32h743xx.o
EXTI3_IRQHandler                                  build/startup_stm32h743xx.o
EXTI4_IRQHandler                                  build/startup_stm32h743xx.o
EXTI9_5_IRQHandler                                build/startup_stm32h743xx.o
ExtStorage_Init                                   build/storage.o
FDCAN1_IT0_IRQHandler                             build/startup_stm32h743xx.o
FDCAN1_IT1_IRQHandler                             build/startup_stm32h743xx.o
FDCAN2_IT0_IRQHandler                             build/startup_stm32h743xx.o
FDCAN2_IT1_IRQHandler                             build/startup_stm32h743xx.o
FDCAN_CAL_IRQHandler                              build/startup_stm32h743xx.o
FLASH_CRC_WaitForLastOperation                    build/stm32h7xx_hal_flash.o
                                                  build/stm32h7xx_hal_flash_ex.o
FLASH_Erase_Sector                                build/stm32h7xx_hal_flash_ex.o
                                                  build/stm32h7xx_hal_flash.o
FLASH_IRQHandler                                  build/startup_stm32h743xx.o
FLASH_OB_WaitForLastOperation                     build/stm32h7xx_hal_flash.o
                                                  build/stm32h7xx_hal_flash_ex.o
FLASH_WaitForLastOperation                        build/stm32h7xx_hal_flash.o
                                                  build/stm32h7xx_hal_flash_ex.o
FMC_IRQHandler                                    build/startup_stm32h743xx.o
FPU_IRQHandler                                    build/startup_stm32h743xx.o
Get_CurrentRunningMs                              build/runtime.o
                                                  build/main.o
Get_CurrentRunningS                               build/runtime.o
                                                  build/scheduler.o
Get_CurrentRunningUs                              build/runtime.o
                                                  build/scheduler.o
Get_RuntimeState                                  build/runtime.o
Get_TargetRunTime                                 build/runtime.o
                                                  build/scheduler.o
Get_TimeDifference                                build/runtime.o
Get_TimeDifference_Between                        build/runtime.o
                                                  build/scheduler.o
HAL_DBGMCU_DisableDBGSleepMode                    build/stm32h7xx_hal.o
HAL_DBGMCU_DisableDBGStandbyMode                  build/stm32h7xx_hal.o
HAL_DBGMCU_DisableDBGStopMode                     build/stm32h7xx_hal.o
HAL_DBGMCU_EnableDBGSleepMode                     build/stm32h7xx_hal.o
HAL_DBGMCU_EnableDBGStandbyMode                   build/stm32h7xx_hal.o
HAL_DBGMCU_EnableDBGStopMode                      build/stm32h7xx_hal.o
HAL_DMAEx_ChangeMemory                            build/stm32h7xx_hal_dma_ex.o
HAL_DMAEx_ConfigMuxRequestGenerator               build/stm32h7xx_hal_dma_ex.o
HAL_DMAEx_ConfigMuxSync                           build/stm32h7xx_hal_dma_ex.o
HAL_DMAEx_DisableMuxRequestGenerator              build/stm32h7xx_hal_dma_ex.o
HAL_DMAEx_EnableMuxRequestGenerator               build/stm32h7xx_hal_dma_ex.o
HAL_DMAEx_MUX_IRQHandler                          build/stm32h7xx_hal_dma_ex.o
HAL_DMAEx_MultiBufferStart                        build/stm32h7xx_hal_dma_ex.o
HAL_DMAEx_MultiBufferStart_IT                     build/stm32h7xx_hal_dma_ex.o
HAL_DMA_Abort                                     build/stm32h7xx_hal_dma.o
                                                  build/stm32h7xx_hal_spi.o
HAL_DMA_Abort_IT                                  build/stm32h7xx_hal_dma.o
                                                  build/stm32h7xx_hal_spi.o
                                                  build/stm32h7xx_hal_i2c.o
                                                  build/stm32h7xx_hal_tim_ex.o
                                                  build/stm32h7xx_hal_tim.o
HAL_DMA_DeInit                                    build/stm32h7xx_hal_dma.o
HAL_DMA_GetError                                  build/stm32h7xx_hal_dma.o
                                                  build/stm32h7xx_hal_spi.o
                                                  build/stm32h7xx_hal_i2c.o
HAL_DMA_GetState                                  build/stm32h7xx_hal_dma.o
                                                  build/stm32h7xx_hal_i2c.o
HAL_DMA_IRQHandler                                build/stm32h7xx_hal_dma.o
HAL_DMA_Init                                      build/stm32h7xx_hal_dma.o
HAL_DMA_PollForTransfer                           build/stm32h7xx_hal_dma.o
HAL_DMA_RegisterCallback                          build/stm32h7xx_hal_dma.o
HAL_DMA_Start                                     build/stm32h7xx_hal_dma.o
HAL_DMA_Start_IT                                  build/stm32h7xx_hal_dma.o
                                                  build/stm32h7xx_hal_spi.o
                                                  build/stm32h7xx_hal_i2c.o
                                                  build/stm32h7xx_hal_tim_ex.o
                                                  build/stm32h7xx_hal_tim.o
HAL_DMA_UnRegisterCallback                        build/stm32h7xx_hal_dma.o
HAL_DeInit                                        build/stm32h7xx_hal.o
HAL_Delay                                         build/stm32h7xx_hal.o
HAL_DisableCompensationCell                       build/stm32h7xx_hal.o
HAL_EXTI_ClearConfigLine                          build/stm32h7xx_hal_exti.o
HAL_EXTI_ClearPending                             build/stm32h7xx_hal_exti.o
HAL_EXTI_D1_ClearFlag                             build/stm32h7xx_hal.o
HAL_EXTI_D1_EventInputConfig                      build/stm32h7xx_hal.o
HAL_EXTI_D3_EventInputConfig                      build/stm32h7xx_hal.o
HAL_EXTI_EdgeConfig                               build/stm32h7xx_hal.o
HAL_EXTI_GenerateSWI                              build/stm32h7xx_hal_exti.o
HAL_EXTI_GenerateSWInterrupt                      build/stm32h7xx_hal.o
HAL_EXTI_GetConfigLine                            build/stm32h7xx_hal_exti.o
HAL_EXTI_GetHandle                                build/stm32h7xx_hal_exti.o
HAL_EXTI_GetPending                               build/stm32h7xx_hal_exti.o
HAL_EXTI_IRQHandler                               build/stm32h7xx_hal_exti.o
HAL_EXTI_RegisterCallback                         build/stm32h7xx_hal_exti.o
HAL_EXTI_SetConfigLine                            build/stm32h7xx_hal_exti.o
HAL_EnableCompensationCell                        build/stm32h7xx_hal.o
HAL_FLASHEx_ComputeCRC                            build/stm32h7xx_hal_flash_ex.o
HAL_FLASHEx_Erase                                 build/stm32h7xx_hal_flash_ex.o
HAL_FLASHEx_Erase_IT                              build/stm32h7xx_hal_flash_ex.o
HAL_FLASHEx_Lock_Bank1                            build/stm32h7xx_hal_flash_ex.o
HAL_FLASHEx_Lock_Bank2                            build/stm32h7xx_hal_flash_ex.o
HAL_FLASHEx_OBGetConfig                           build/stm32h7xx_hal_flash_ex.o
HAL_FLASHEx_OBProgram                             build/stm32h7xx_hal_flash_ex.o
HAL_FLASHEx_Unlock_Bank1                          build/stm32h7xx_hal_flash_ex.o
HAL_FLASHEx_Unlock_Bank2                          build/stm32h7xx_hal_flash_ex.o
HAL_FLASH_EndOfOperationCallback                  build/stm32h7xx_hal_flash.o
HAL_FLASH_GetError                                build/stm32h7xx_hal_flash.o
HAL_FLASH_IRQHandler                              build/stm32h7xx_hal_flash.o
HAL_FLASH_Lock                                    build/stm32h7xx_hal_flash.o
HAL_FLASH_OB_Launch                               build/stm32h7xx_hal_flash.o
HAL_FLASH_OB_Lock                                 build/stm32h7xx_hal_flash.o
HAL_FLASH_OB_Unlock                               build/stm32h7xx_hal_flash.o
HAL_FLASH_OperationErrorCallback                  build/stm32h7xx_hal_flash.o
HAL_FLASH_Program                                 build/stm32h7xx_hal_flash.o
HAL_FLASH_Program_IT                              build/stm32h7xx_hal_flash.o
HAL_FLASH_Unlock                                  build/stm32h7xx_hal_flash.o
HAL_GPIO_DeInit                                   build/stm32h7xx_hal_gpio.o
                                                  build/Bsp_SPI.o
HAL_GPIO_EXTI_Callback                            build/stm32h7xx_hal_gpio.o
HAL_GPIO_EXTI_IRQHandler                          build/stm32h7xx_hal_gpio.o
HAL_GPIO_Init                                     build/stm32h7xx_hal_gpio.o
                                                  build/stm32h7xx_hal_rcc.o
                                                  build/Bsp_SPI.o
                                                  build/Bsp_GPIO.o
HAL_GPIO_LockPin                                  build/stm32h7xx_hal_gpio.o
HAL_GPIO_ReadPin                                  build/stm32h7xx_hal_gpio.o
                                                  build/Bsp_GPIO.o
HAL_GPIO_TogglePin                                build/stm32h7xx_hal_gpio.o
HAL_GPIO_WritePin                                 build/stm32h7xx_hal_gpio.o
                                                  build/Bsp_GPIO.o
HAL_GetCurrentCPUID                               build/stm32h7xx_hal_cortex.o
HAL_GetDEVID                                      build/stm32h7xx_hal.o
HAL_GetFMCMemorySwappingConfig                    build/stm32h7xx_hal.o
HAL_GetHalVersion                                 build/stm32h7xx_hal.o
HAL_GetREVID                                      build/stm32h7xx_hal.o
                                                  build/stm32h7xx_hal_rcc_ex.o
                                                  build/stm32h7xx_hal_rcc.o
HAL_GetTick                                       build/stm32h7xx_hal.o
                                                  build/stm32h7xx_hal_spi.o
                                                  build/stm32h7xx_hal_i2c.o
                                                  build/stm32h7xx_hal_pwr_ex.o
                                                  build/stm32h7xx_hal_mdma.o
                                                  build/stm32h7xx_hal_dma.o
                                                  build/stm32h7xx_hal_flash.o
                                                  build/stm32h7xx_hal_rcc_ex.o
                                                  build/stm32h7xx_hal_rcc.o
HAL_GetTickFreq                                   build/stm32h7xx_hal.o
HAL_GetTickPrio                                   build/stm32h7xx_hal.o
HAL_GetUIDw0                                      build/stm32h7xx_hal.o
HAL_GetUIDw1                                      build/stm32h7xx_hal.o
HAL_GetUIDw2                                      build/stm32h7xx_hal.o
HAL_HSEM_ActivateNotification                     build/stm32h7xx_hal_hsem.o
HAL_HSEM_DeactivateNotification                   build/stm32h7xx_hal_hsem.o
HAL_HSEM_FastTake                                 build/stm32h7xx_hal_hsem.o
HAL_HSEM_FreeCallback                             build/stm32h7xx_hal_hsem.o
HAL_HSEM_GetClearKey                              build/stm32h7xx_hal_hsem.o
HAL_HSEM_IRQHandler                               build/stm32h7xx_hal_hsem.o
HAL_HSEM_IsSemTaken                               build/stm32h7xx_hal_hsem.o
HAL_HSEM_Release                                  build/stm32h7xx_hal_hsem.o
HAL_HSEM_ReleaseAll                               build/stm32h7xx_hal_hsem.o
HAL_HSEM_SetClearKey                              build/stm32h7xx_hal_hsem.o
HAL_HSEM_Take                                     build/stm32h7xx_hal_hsem.o
HAL_I2CEx_ConfigAnalogFilter                      build/stm32h7xx_hal_i2c_ex.o
HAL_I2CEx_ConfigDigitalFilter                     build/stm32h7xx_hal_i2c_ex.o
HAL_I2CEx_DisableFastModePlus                     build/stm32h7xx_hal_i2c_ex.o
HAL_I2CEx_DisableWakeUp                           build/stm32h7xx_hal_i2c_ex.o
HAL_I2CEx_EnableFastModePlus                      build/stm32h7xx_hal_i2c_ex.o
HAL_I2CEx_EnableWakeUp                            build/stm32h7xx_hal_i2c_ex.o
HAL_I2C_AbortCpltCallback                         build/stm32h7xx_hal_i2c.o
HAL_I2C_AddrCallback                              build/stm32h7xx_hal_i2c.o
HAL_I2C_DeInit                                    build/stm32h7xx_hal_i2c.o
HAL_I2C_DisableListen_IT                          build/stm32h7xx_hal_i2c.o
HAL_I2C_ER_IRQHandler                             build/stm32h7xx_hal_i2c.o
HAL_I2C_EV_IRQHandler                             build/stm32h7xx_hal_i2c.o
HAL_I2C_EnableListen_IT                           build/stm32h7xx_hal_i2c.o
HAL_I2C_ErrorCallback                             build/stm32h7xx_hal_i2c.o
HAL_I2C_GetError                                  build/stm32h7xx_hal_i2c.o
HAL_I2C_GetMode                                   build/stm32h7xx_hal_i2c.o
HAL_I2C_GetState                                  build/stm32h7xx_hal_i2c.o
HAL_I2C_Init                                      build/stm32h7xx_hal_i2c.o
HAL_I2C_IsDeviceReady                             build/stm32h7xx_hal_i2c.o
HAL_I2C_ListenCpltCallback                        build/stm32h7xx_hal_i2c.o
HAL_I2C_MasterRxCpltCallback                      build/stm32h7xx_hal_i2c.o
HAL_I2C_MasterTxCpltCallback                      build/stm32h7xx_hal_i2c.o
HAL_I2C_Master_Abort_IT                           build/stm32h7xx_hal_i2c.o
HAL_I2C_Master_Receive                            build/stm32h7xx_hal_i2c.o
HAL_I2C_Master_Receive_DMA                        build/stm32h7xx_hal_i2c.o
HAL_I2C_Master_Receive_IT                         build/stm32h7xx_hal_i2c.o
HAL_I2C_Master_Seq_Receive_DMA                    build/stm32h7xx_hal_i2c.o
HAL_I2C_Master_Seq_Receive_IT                     build/stm32h7xx_hal_i2c.o
HAL_I2C_Master_Seq_Transmit_DMA                   build/stm32h7xx_hal_i2c.o
HAL_I2C_Master_Seq_Transmit_IT                    build/stm32h7xx_hal_i2c.o
HAL_I2C_Master_Transmit                           build/stm32h7xx_hal_i2c.o
HAL_I2C_Master_Transmit_DMA                       build/stm32h7xx_hal_i2c.o
HAL_I2C_Master_Transmit_IT                        build/stm32h7xx_hal_i2c.o
HAL_I2C_MemRxCpltCallback                         build/stm32h7xx_hal_i2c.o
HAL_I2C_MemTxCpltCallback                         build/stm32h7xx_hal_i2c.o
HAL_I2C_Mem_Read                                  build/stm32h7xx_hal_i2c.o
HAL_I2C_Mem_Read_DMA                              build/stm32h7xx_hal_i2c.o
HAL_I2C_Mem_Read_IT                               build/stm32h7xx_hal_i2c.o
HAL_I2C_Mem_Write                                 build/stm32h7xx_hal_i2c.o
HAL_I2C_Mem_Write_DMA                             build/stm32h7xx_hal_i2c.o
HAL_I2C_Mem_Write_IT                              build/stm32h7xx_hal_i2c.o
HAL_I2C_MspDeInit                                 build/stm32h7xx_hal_i2c.o
HAL_I2C_MspInit                                   build/stm32h7xx_hal_i2c.o
HAL_I2C_SlaveRxCpltCallback                       build/stm32h7xx_hal_i2c.o
HAL_I2C_SlaveTxCpltCallback                       build/stm32h7xx_hal_i2c.o
HAL_I2C_Slave_Receive                             build/stm32h7xx_hal_i2c.o
HAL_I2C_Slave_Receive_DMA                         build/stm32h7xx_hal_i2c.o
HAL_I2C_Slave_Receive_IT                          build/stm32h7xx_hal_i2c.o
HAL_I2C_Slave_Seq_Receive_DMA                     build/stm32h7xx_hal_i2c.o
HAL_I2C_Slave_Seq_Receive_IT                      build/stm32h7xx_hal_i2c.o
HAL_I2C_Slave_Seq_Transmit_DMA                    build/stm32h7xx_hal_i2c.o
HAL_I2C_Slave_Seq_Transmit_IT                     build/stm32h7xx_hal_i2c.o
HAL_I2C_Slave_Transmit                            build/stm32h7xx_hal_i2c.o
HAL_I2C_Slave_Transmit_DMA                        build/stm32h7xx_hal_i2c.o
HAL_I2C_Slave_Transmit_IT                         build/stm32h7xx_hal_i2c.o
HAL_IncTick                                       build/stm32h7xx_hal.o
HAL_Init                                          build/stm32h7xx_hal.o
                                                  build/kernel.o
HAL_InitTick                                      build/stm32h7xx_hal.o
                                                  build/stm32h7xx_hal_rcc.o
HAL_MDMA_Abort                                    build/stm32h7xx_hal_mdma.o
HAL_MDMA_Abort_IT                                 build/stm32h7xx_hal_mdma.o
HAL_MDMA_ConfigPostRequestMask                    build/stm32h7xx_hal_mdma.o
HAL_MDMA_DeInit                                   build/stm32h7xx_hal_mdma.o
HAL_MDMA_GenerateSWRequest                        build/stm32h7xx_hal_mdma.o
HAL_MDMA_GetError                                 build/stm32h7xx_hal_mdma.o
HAL_MDMA_GetState                                 build/stm32h7xx_hal_mdma.o
HAL_MDMA_IRQHandler                               build/stm32h7xx_hal_mdma.o
HAL_MDMA_Init                                     build/stm32h7xx_hal_mdma.o
HAL_MDMA_LinkedList_AddNode                       build/stm32h7xx_hal_mdma.o
HAL_MDMA_LinkedList_CreateNode                    build/stm32h7xx_hal_mdma.o
HAL_MDMA_LinkedList_DisableCircularMode           build/stm32h7xx_hal_mdma.o
HAL_MDMA_LinkedList_EnableCircularMode            build/stm32h7xx_hal_mdma.o
HAL_MDMA_LinkedList_RemoveNode                    build/stm32h7xx_hal_mdma.o
HAL_MDMA_PollForTransfer                          build/stm32h7xx_hal_mdma.o
HAL_MDMA_RegisterCallback                         build/stm32h7xx_hal_mdma.o
HAL_MDMA_Start                                    build/stm32h7xx_hal_mdma.o
HAL_MDMA_Start_IT                                 build/stm32h7xx_hal_mdma.o
HAL_MDMA_UnRegisterCallback                       build/stm32h7xx_hal_mdma.o
HAL_MPU_ConfigRegion                              build/stm32h7xx_hal_cortex.o
HAL_MPU_Disable                                   build/stm32h7xx_hal_cortex.o
HAL_MPU_Enable                                    build/stm32h7xx_hal_cortex.o
HAL_MspDeInit                                     build/stm32h7xx_hal.o
HAL_MspInit                                       build/stm32h7xx_hal.o
HAL_NVIC_ClearPendingIRQ                          build/stm32h7xx_hal_cortex.o
HAL_NVIC_DisableIRQ                               build/stm32h7xx_hal_cortex.o
HAL_NVIC_EnableIRQ                                build/stm32h7xx_hal_cortex.o
HAL_NVIC_GetActive                                build/stm32h7xx_hal_cortex.o
HAL_NVIC_GetPendingIRQ                            build/stm32h7xx_hal_cortex.o
HAL_NVIC_GetPriority                              build/stm32h7xx_hal_cortex.o
HAL_NVIC_GetPriorityGrouping                      build/stm32h7xx_hal_cortex.o
HAL_NVIC_SetPendingIRQ                            build/stm32h7xx_hal_cortex.o
HAL_NVIC_SetPriority                              build/stm32h7xx_hal_cortex.o
                                                  build/stm32h7xx_hal.o
HAL_NVIC_SetPriorityGrouping                      build/stm32h7xx_hal_cortex.o
                                                  build/stm32h7xx_hal.o
HAL_NVIC_SystemReset                              build/stm32h7xx_hal_cortex.o
HAL_PWREx_AVDCallback                             build/stm32h7xx_hal_pwr_ex.o
HAL_PWREx_ClearPendingEvent                       build/stm32h7xx_hal_pwr_ex.o
HAL_PWREx_ClearWakeupFlag                         build/stm32h7xx_hal_pwr_ex.o
HAL_PWREx_ConfigAVD                               build/stm32h7xx_hal_pwr_ex.o
HAL_PWREx_ConfigD3Domain                          build/stm32h7xx_hal_pwr_ex.o
HAL_PWREx_ConfigSupply                            build/stm32h7xx_hal_pwr_ex.o
                                                  build/kernel.o
HAL_PWREx_ControlStopModeVoltageScaling           build/stm32h7xx_hal_pwr_ex.o
HAL_PWREx_ControlVoltageScaling                   build/stm32h7xx_hal_pwr_ex.o
HAL_PWREx_DisableAVD                              build/stm32h7xx_hal_pwr_ex.o
HAL_PWREx_DisableBatteryCharging                  build/stm32h7xx_hal_pwr_ex.o
HAL_PWREx_DisableBkUpReg                          build/stm32h7xx_hal_pwr_ex.o
HAL_PWREx_DisableFlashPowerDown                   build/stm32h7xx_hal_pwr_ex.o
HAL_PWREx_DisableMonitoring                       build/stm32h7xx_hal_pwr_ex.o
HAL_PWREx_DisableUSBReg                           build/stm32h7xx_hal_pwr_ex.o
HAL_PWREx_DisableUSBVoltageDetector               build/stm32h7xx_hal_pwr_ex.o
HAL_PWREx_DisableWakeUpPin                        build/stm32h7xx_hal_pwr_ex.o
HAL_PWREx_EnableAVD                               build/stm32h7xx_hal_pwr_ex.o
HAL_PWREx_EnableBatteryCharging                   build/stm32h7xx_hal_pwr_ex.o
HAL_PWREx_EnableBkUpReg                           build/stm32h7xx_hal_pwr_ex.o
HAL_PWREx_EnableFlashPowerDown                    build/stm32h7xx_hal_pwr_ex.o
HAL_PWREx_EnableMonitoring                        build/stm32h7xx_hal_pwr_ex.o
HAL_PWREx_EnableUSBReg                            build/stm32h7xx_hal_pwr_ex.o
HAL_PWREx_EnableUSBVoltageDetector                build/stm32h7xx_hal_pwr_ex.o
HAL_PWREx_EnableWakeUpPin                         build/stm32h7xx_hal_pwr_ex.o
HAL_PWREx_EnterSTANDBYMode                        build/stm32h7xx_hal_pwr_ex.o
HAL_PWREx_EnterSTOPMode                           build/stm32h7xx_hal_pwr_ex.o
HAL_PWREx_GetStopModeVoltageRange                 build/stm32h7xx_hal_pwr_ex.o
HAL_PWREx_GetSupplyConfig                         build/stm32h7xx_hal_pwr_ex.o
HAL_PWREx_GetTemperatureLevel                     build/stm32h7xx_hal_pwr_ex.o
HAL_PWREx_GetVBATLevel                            build/stm32h7xx_hal_pwr_ex.o
HAL_PWREx_GetVoltageRange                         build/stm32h7xx_hal_pwr_ex.o
HAL_PWREx_GetWakeupFlag                           build/stm32h7xx_hal_pwr_ex.o
HAL_PWREx_PVD_AVD_IRQHandler                      build/stm32h7xx_hal_pwr_ex.o
HAL_PWREx_WAKEUP_PIN_IRQHandler                   build/stm32h7xx_hal_pwr_ex.o
HAL_PWREx_WKUP1_Callback                          build/stm32h7xx_hal_pwr_ex.o
HAL_PWREx_WKUP2_Callback                          build/stm32h7xx_hal_pwr_ex.o
HAL_PWREx_WKUP3_Callback                          build/stm32h7xx_hal_pwr_ex.o
HAL_PWREx_WKUP4_Callback                          build/stm32h7xx_hal_pwr_ex.o
HAL_PWREx_WKUP5_Callback                          build/stm32h7xx_hal_pwr_ex.o
HAL_PWREx_WKUP6_Callback                          build/stm32h7xx_hal_pwr_ex.o
HAL_PWR_ConfigPVD                                 build/stm32h7xx_hal_pwr.o
HAL_PWR_DeInit                                    build/stm32h7xx_hal_pwr.o
HAL_PWR_DisableBkUpAccess                         build/stm32h7xx_hal_pwr.o
HAL_PWR_DisablePVD                                build/stm32h7xx_hal_pwr.o
HAL_PWR_DisableSEVOnPend                          build/stm32h7xx_hal_pwr.o
HAL_PWR_DisableSleepOnExit                        build/stm32h7xx_hal_pwr.o
HAL_PWR_DisableWakeUpPin                          build/stm32h7xx_hal_pwr.o
HAL_PWR_EnableBkUpAccess                          build/stm32h7xx_hal_pwr.o
HAL_PWR_EnablePVD                                 build/stm32h7xx_hal_pwr.o
HAL_PWR_EnableSEVOnPend                           build/stm32h7xx_hal_pwr.o
HAL_PWR_EnableSleepOnExit                         build/stm32h7xx_hal_pwr.o
HAL_PWR_EnableWakeUpPin                           build/stm32h7xx_hal_pwr.o
HAL_PWR_EnterSLEEPMode                            build/stm32h7xx_hal_pwr.o
HAL_PWR_EnterSTANDBYMode                          build/stm32h7xx_hal_pwr.o
HAL_PWR_EnterSTOPMode                             build/stm32h7xx_hal_pwr.o
HAL_PWR_PVDCallback                               build/stm32h7xx_hal_pwr.o
                                                  build/stm32h7xx_hal_pwr_ex.o
HAL_PWR_PVD_IRQHandler                            build/stm32h7xx_hal_pwr.o
HAL_RCCEx_CRSConfig                               build/stm32h7xx_hal_rcc_ex.o
HAL_RCCEx_CRSGetSynchronizationInfo               build/stm32h7xx_hal_rcc_ex.o
HAL_RCCEx_CRSSoftwareSynchronizationGenerate      build/stm32h7xx_hal_rcc_ex.o
HAL_RCCEx_CRSWaitSynchronization                  build/stm32h7xx_hal_rcc_ex.o
HAL_RCCEx_CRS_ErrorCallback                       build/stm32h7xx_hal_rcc_ex.o
HAL_RCCEx_CRS_ExpectedSyncCallback                build/stm32h7xx_hal_rcc_ex.o
HAL_RCCEx_CRS_IRQHandler                          build/stm32h7xx_hal_rcc_ex.o
HAL_RCCEx_CRS_SyncOkCallback                      build/stm32h7xx_hal_rcc_ex.o
HAL_RCCEx_CRS_SyncWarnCallback                    build/stm32h7xx_hal_rcc_ex.o
HAL_RCCEx_DisableLSECSS                           build/stm32h7xx_hal_rcc_ex.o
HAL_RCCEx_EnableLSECSS                            build/stm32h7xx_hal_rcc_ex.o
HAL_RCCEx_EnableLSECSS_IT                         build/stm32h7xx_hal_rcc_ex.o
HAL_RCCEx_GetD1PCLK1Freq                          build/stm32h7xx_hal_rcc_ex.o
HAL_RCCEx_GetD1SysClockFreq                       build/stm32h7xx_hal_rcc_ex.o
HAL_RCCEx_GetD3PCLK1Freq                          build/stm32h7xx_hal_rcc_ex.o
HAL_RCCEx_GetPLL1ClockFreq                        build/stm32h7xx_hal_rcc_ex.o
HAL_RCCEx_GetPLL2ClockFreq                        build/stm32h7xx_hal_rcc_ex.o
HAL_RCCEx_GetPLL3ClockFreq                        build/stm32h7xx_hal_rcc_ex.o
HAL_RCCEx_GetPeriphCLKConfig                      build/stm32h7xx_hal_rcc_ex.o
HAL_RCCEx_GetPeriphCLKFreq                        build/stm32h7xx_hal_rcc_ex.o
HAL_RCCEx_KerWakeUpStopCLKConfig                  build/stm32h7xx_hal_rcc_ex.o
HAL_RCCEx_LSECSS_Callback                         build/stm32h7xx_hal_rcc_ex.o
HAL_RCCEx_LSECSS_IRQHandler                       build/stm32h7xx_hal_rcc_ex.o
HAL_RCCEx_PeriphCLKConfig                         build/stm32h7xx_hal_rcc_ex.o
                                                  build/kernel.o
HAL_RCCEx_WWDGxSysResetConfig                     build/stm32h7xx_hal_rcc_ex.o
HAL_RCCEx_WakeUpStopCLKConfig                     build/stm32h7xx_hal_rcc_ex.o
HAL_RCC_CSSCallback                               build/stm32h7xx_hal_rcc.o
HAL_RCC_ClockConfig                               build/stm32h7xx_hal_rcc.o
                                                  build/kernel.o
HAL_RCC_DeInit                                    build/stm32h7xx_hal_rcc.o
HAL_RCC_DisableCSS                                build/stm32h7xx_hal_rcc.o
HAL_RCC_EnableCSS                                 build/stm32h7xx_hal_rcc.o
HAL_RCC_GetClockConfig                            build/stm32h7xx_hal_rcc.o
HAL_RCC_GetHCLKFreq                               build/stm32h7xx_hal_rcc.o
                                                  build/stm32h7xx_hal_rcc_ex.o
HAL_RCC_GetOscConfig                              build/stm32h7xx_hal_rcc.o
HAL_RCC_GetPCLK1Freq                              build/stm32h7xx_hal_rcc.o
HAL_RCC_GetPCLK2Freq                              build/stm32h7xx_hal_rcc.o
HAL_RCC_GetSysClockFreq                           build/stm32h7xx_hal_rcc.o
                                                  build/stm32h7xx_hal_rcc_ex.o
                                                  build/stm32h7xx_hal.o
                                                  build/runtime.o
HAL_RCC_MCOConfig                                 build/stm32h7xx_hal_rcc.o
HAL_RCC_NMI_IRQHandler                            build/stm32h7xx_hal_rcc.o
HAL_RCC_OscConfig                                 build/stm32h7xx_hal_rcc.o
                                                  build/kernel.o
HAL_ResumeTick                                    build/stm32h7xx_hal.o
HAL_SPI_Abort                                     build/stm32h7xx_hal_spi.o
HAL_SPI_AbortCpltCallback                         build/stm32h7xx_hal_spi.o
HAL_SPI_Abort_IT                                  build/stm32h7xx_hal_spi.o
HAL_SPI_DMAPause                                  build/stm32h7xx_hal_spi.o
HAL_SPI_DMAResume                                 build/stm32h7xx_hal_spi.o
HAL_SPI_DMAStop                                   build/stm32h7xx_hal_spi.o
HAL_SPI_DeInit                                    build/stm32h7xx_hal_spi.o
HAL_SPI_ErrorCallback                             build/stm32h7xx_hal_spi.o
HAL_SPI_GetError                                  build/stm32h7xx_hal_spi.o
HAL_SPI_GetState                                  build/stm32h7xx_hal_spi.o
HAL_SPI_IRQHandler                                build/stm32h7xx_hal_spi.o
HAL_SPI_Init                                      build/stm32h7xx_hal_spi.o
                                                  build/Bsp_SPI.o
HAL_SPI_MspDeInit                                 build/stm32h7xx_hal_spi.o
HAL_SPI_MspInit                                   build/stm32h7xx_hal_spi.o
HAL_SPI_Receive                                   build/stm32h7xx_hal_spi.o
                                                  build/Bsp_SPI.o
HAL_SPI_Receive_DMA                               build/stm32h7xx_hal_spi.o
HAL_SPI_Receive_IT                                build/stm32h7xx_hal_spi.o
HAL_SPI_RxCpltCallback                            build/stm32h7xx_hal_spi.o
HAL_SPI_RxHalfCpltCallback                        build/stm32h7xx_hal_spi.o
HAL_SPI_Transmit                                  build/stm32h7xx_hal_spi.o
                                                  build/Bsp_SPI.o
HAL_SPI_TransmitReceive                           build/stm32h7xx_hal_spi.o
                                                  build/Bsp_SPI.o
HAL_SPI_TransmitReceive_DMA                       build/stm32h7xx_hal_spi.o
HAL_SPI_TransmitReceive_IT                        build/stm32h7xx_hal_spi.o
HAL_SPI_Transmit_DMA                              build/stm32h7xx_hal_spi.o
HAL_SPI_Transmit_IT                               build/stm32h7xx_hal_spi.o
HAL_SPI_TxCpltCallback                            build/stm32h7xx_hal_spi.o
HAL_SPI_TxHalfCpltCallback                        build/stm32h7xx_hal_spi.o
HAL_SPI_TxRxCpltCallback                          build/stm32h7xx_hal_spi.o
HAL_SPI_TxRxHalfCpltCallback                      build/stm32h7xx_hal_spi.o
HAL_SYSCFG_AnalogSwitchConfig                     build/stm32h7xx_hal.o
HAL_SYSCFG_CM7BootAddConfig                       build/stm32h7xx_hal.o
HAL_SYSCFG_CompensationCodeConfig                 build/stm32h7xx_hal.o
HAL_SYSCFG_CompensationCodeSelect                 build/stm32h7xx_hal.o
HAL_SYSCFG_DisableBOOST                           build/stm32h7xx_hal.o
HAL_SYSCFG_DisableIOSpeedOptimize                 build/stm32h7xx_hal.o
HAL_SYSCFG_DisableVREFBUF                         build/stm32h7xx_hal.o
HAL_SYSCFG_ETHInterfaceSelect                     build/stm32h7xx_hal.o
HAL_SYSCFG_EnableBOOST                            build/stm32h7xx_hal.o
HAL_SYSCFG_EnableIOSpeedOptimize                  build/stm32h7xx_hal.o
HAL_SYSCFG_EnableVREFBUF                          build/stm32h7xx_hal.o
HAL_SYSCFG_VREFBUF_HighImpedanceConfig            build/stm32h7xx_hal.o
HAL_SYSCFG_VREFBUF_TrimmingConfig                 build/stm32h7xx_hal.o
HAL_SYSCFG_VREFBUF_VoltageScalingConfig           build/stm32h7xx_hal.o
HAL_SYSTICK_CLKSourceConfig                       build/stm32h7xx_hal_cortex.o
HAL_SYSTICK_Callback                              build/stm32h7xx_hal_cortex.o
HAL_SYSTICK_Config                                build/stm32h7xx_hal_cortex.o
                                                  build/stm32h7xx_hal.o
HAL_SYSTICK_IRQHandler                            build/stm32h7xx_hal_cortex.o
HAL_SetFMCMemorySwappingConfig                    build/stm32h7xx_hal.o
HAL_SetTickFreq                                   build/stm32h7xx_hal.o
HAL_SuspendTick                                   build/stm32h7xx_hal.o
HAL_TIMEx_Break2Callback                          build/stm32h7xx_hal_tim_ex.o
                                                  build/stm32h7xx_hal_tim.o
HAL_TIMEx_BreakCallback                           build/stm32h7xx_hal_tim_ex.o
                                                  build/stm32h7xx_hal_tim.o
HAL_TIMEx_CommutCallback                          build/stm32h7xx_hal_tim_ex.o
                                                  build/stm32h7xx_hal_tim.o
HAL_TIMEx_CommutHalfCpltCallback                  build/stm32h7xx_hal_tim_ex.o
HAL_TIMEx_ConfigBreakDeadTime                     build/stm32h7xx_hal_tim_ex.o
HAL_TIMEx_ConfigBreakInput                        build/stm32h7xx_hal_tim_ex.o
HAL_TIMEx_ConfigCommutEvent                       build/stm32h7xx_hal_tim_ex.o
HAL_TIMEx_ConfigCommutEvent_DMA                   build/stm32h7xx_hal_tim_ex.o
HAL_TIMEx_ConfigCommutEvent_IT                    build/stm32h7xx_hal_tim_ex.o
HAL_TIMEx_GetChannelNState                        build/stm32h7xx_hal_tim_ex.o
HAL_TIMEx_GroupChannel5                           build/stm32h7xx_hal_tim_ex.o
HAL_TIMEx_HallSensor_DeInit                       build/stm32h7xx_hal_tim_ex.o
HAL_TIMEx_HallSensor_GetState                     build/stm32h7xx_hal_tim_ex.o
HAL_TIMEx_HallSensor_Init                         build/stm32h7xx_hal_tim_ex.o
HAL_TIMEx_HallSensor_MspDeInit                    build/stm32h7xx_hal_tim_ex.o
HAL_TIMEx_HallSensor_MspInit                      build/stm32h7xx_hal_tim_ex.o
HAL_TIMEx_HallSensor_Start                        build/stm32h7xx_hal_tim_ex.o
HAL_TIMEx_HallSensor_Start_DMA                    build/stm32h7xx_hal_tim_ex.o
HAL_TIMEx_HallSensor_Start_IT                     build/stm32h7xx_hal_tim_ex.o
HAL_TIMEx_HallSensor_Stop                         build/stm32h7xx_hal_tim_ex.o
HAL_TIMEx_HallSensor_Stop_DMA                     build/stm32h7xx_hal_tim_ex.o
HAL_TIMEx_HallSensor_Stop_IT                      build/stm32h7xx_hal_tim_ex.o
HAL_TIMEx_MasterConfigSynchronization             build/stm32h7xx_hal_tim_ex.o
HAL_TIMEx_OCN_Start                               build/stm32h7xx_hal_tim_ex.o
HAL_TIMEx_OCN_Start_DMA                           build/stm32h7xx_hal_tim_ex.o
HAL_TIMEx_OCN_Start_IT                            build/stm32h7xx_hal_tim_ex.o
HAL_TIMEx_OCN_Stop                                build/stm32h7xx_hal_tim_ex.o
HAL_TIMEx_OCN_Stop_DMA                            build/stm32h7xx_hal_tim_ex.o
HAL_TIMEx_OCN_Stop_IT                             build/stm32h7xx_hal_tim_ex.o
HAL_TIMEx_OnePulseN_Start                         build/stm32h7xx_hal_tim_ex.o
HAL_TIMEx_OnePulseN_Start_IT                      build/stm32h7xx_hal_tim_ex.o
HAL_TIMEx_OnePulseN_Stop                          build/stm32h7xx_hal_tim_ex.o
HAL_TIMEx_OnePulseN_Stop_IT                       build/stm32h7xx_hal_tim_ex.o
HAL_TIMEx_PWMN_Start                              build/stm32h7xx_hal_tim_ex.o
HAL_TIMEx_PWMN_Start_DMA                          build/stm32h7xx_hal_tim_ex.o
HAL_TIMEx_PWMN_Start_IT                           build/stm32h7xx_hal_tim_ex.o
HAL_TIMEx_PWMN_Stop                               build/stm32h7xx_hal_tim_ex.o
HAL_TIMEx_PWMN_Stop_DMA                           build/stm32h7xx_hal_tim_ex.o
HAL_TIMEx_PWMN_Stop_IT                            build/stm32h7xx_hal_tim_ex.o
HAL_TIMEx_RemapConfig                             build/stm32h7xx_hal_tim_ex.o
HAL_TIMEx_TISelection                             build/stm32h7xx_hal_tim_ex.o
HAL_TIM_Base_DeInit                               build/stm32h7xx_hal_tim.o
HAL_TIM_Base_GetState                             build/stm32h7xx_hal_tim.o
HAL_TIM_Base_Init                                 build/stm32h7xx_hal_tim.o
HAL_TIM_Base_MspDeInit                            build/stm32h7xx_hal_tim.o
HAL_TIM_Base_MspInit                              build/stm32h7xx_hal_tim.o
HAL_TIM_Base_Start                                build/stm32h7xx_hal_tim.o
HAL_TIM_Base_Start_DMA                            build/stm32h7xx_hal_tim.o
HAL_TIM_Base_Start_IT                             build/stm32h7xx_hal_tim.o
HAL_TIM_Base_Stop                                 build/stm32h7xx_hal_tim.o
HAL_TIM_Base_Stop_DMA                             build/stm32h7xx_hal_tim.o
HAL_TIM_Base_Stop_IT                              build/stm32h7xx_hal_tim.o
HAL_TIM_ConfigClockSource                         build/stm32h7xx_hal_tim.o
HAL_TIM_ConfigOCrefClear                          build/stm32h7xx_hal_tim.o
HAL_TIM_ConfigTI1Input                            build/stm32h7xx_hal_tim.o
HAL_TIM_DMABurstState                             build/stm32h7xx_hal_tim.o
HAL_TIM_DMABurst_MultiReadStart                   build/stm32h7xx_hal_tim.o
HAL_TIM_DMABurst_MultiWriteStart                  build/stm32h7xx_hal_tim.o
HAL_TIM_DMABurst_ReadStart                        build/stm32h7xx_hal_tim.o
HAL_TIM_DMABurst_ReadStop                         build/stm32h7xx_hal_tim.o
HAL_TIM_DMABurst_WriteStart                       build/stm32h7xx_hal_tim.o
HAL_TIM_DMABurst_WriteStop                        build/stm32h7xx_hal_tim.o
HAL_TIM_Encoder_DeInit                            build/stm32h7xx_hal_tim.o
HAL_TIM_Encoder_GetState                          build/stm32h7xx_hal_tim.o
HAL_TIM_Encoder_Init                              build/stm32h7xx_hal_tim.o
HAL_TIM_Encoder_MspDeInit                         build/stm32h7xx_hal_tim.o
HAL_TIM_Encoder_MspInit                           build/stm32h7xx_hal_tim.o
HAL_TIM_Encoder_Start                             build/stm32h7xx_hal_tim.o
HAL_TIM_Encoder_Start_DMA                         build/stm32h7xx_hal_tim.o
HAL_TIM_Encoder_Start_IT                          build/stm32h7xx_hal_tim.o
HAL_TIM_Encoder_Stop                              build/stm32h7xx_hal_tim.o
HAL_TIM_Encoder_Stop_DMA                          build/stm32h7xx_hal_tim.o
HAL_TIM_Encoder_Stop_IT                           build/stm32h7xx_hal_tim.o
HAL_TIM_ErrorCallback                             build/stm32h7xx_hal_tim.o
                                                  build/stm32h7xx_hal_tim_ex.o
HAL_TIM_GenerateEvent                             build/stm32h7xx_hal_tim.o
HAL_TIM_GetActiveChannel                          build/stm32h7xx_hal_tim.o
HAL_TIM_GetChannelState                           build/stm32h7xx_hal_tim.o
HAL_TIM_IC_CaptureCallback                        build/stm32h7xx_hal_tim.o
HAL_TIM_IC_CaptureHalfCpltCallback                build/stm32h7xx_hal_tim.o
HAL_TIM_IC_ConfigChannel                          build/stm32h7xx_hal_tim.o
HAL_TIM_IC_DeInit                                 build/stm32h7xx_hal_tim.o
HAL_TIM_IC_GetState                               build/stm32h7xx_hal_tim.o
HAL_TIM_IC_Init                                   build/stm32h7xx_hal_tim.o
HAL_TIM_IC_MspDeInit                              build/stm32h7xx_hal_tim.o
HAL_TIM_IC_MspInit                                build/stm32h7xx_hal_tim.o
HAL_TIM_IC_Start                                  build/stm32h7xx_hal_tim.o
HAL_TIM_IC_Start_DMA                              build/stm32h7xx_hal_tim.o
HAL_TIM_IC_Start_IT                               build/stm32h7xx_hal_tim.o
HAL_TIM_IC_Stop                                   build/stm32h7xx_hal_tim.o
HAL_TIM_IC_Stop_DMA                               build/stm32h7xx_hal_tim.o
HAL_TIM_IC_Stop_IT                                build/stm32h7xx_hal_tim.o
HAL_TIM_IRQHandler                                build/stm32h7xx_hal_tim.o
HAL_TIM_OC_ConfigChannel                          build/stm32h7xx_hal_tim.o
HAL_TIM_OC_DeInit                                 build/stm32h7xx_hal_tim.o
HAL_TIM_OC_DelayElapsedCallback                   build/stm32h7xx_hal_tim.o
HAL_TIM_OC_GetState                               build/stm32h7xx_hal_tim.o
HAL_TIM_OC_Init                                   build/stm32h7xx_hal_tim.o
HAL_TIM_OC_MspDeInit                              build/stm32h7xx_hal_tim.o
HAL_TIM_OC_MspInit                                build/stm32h7xx_hal_tim.o
HAL_TIM_OC_Start                                  build/stm32h7xx_hal_tim.o
HAL_TIM_OC_Start_DMA                              build/stm32h7xx_hal_tim.o
HAL_TIM_OC_Start_IT                               build/stm32h7xx_hal_tim.o
HAL_TIM_OC_Stop                                   build/stm32h7xx_hal_tim.o
HAL_TIM_OC_Stop_DMA                               build/stm32h7xx_hal_tim.o
HAL_TIM_OC_Stop_IT                                build/stm32h7xx_hal_tim.o
HAL_TIM_OnePulse_ConfigChannel                    build/stm32h7xx_hal_tim.o
HAL_TIM_OnePulse_DeInit                           build/stm32h7xx_hal_tim.o
HAL_TIM_OnePulse_GetState                         build/stm32h7xx_hal_tim.o
HAL_TIM_OnePulse_Init                             build/stm32h7xx_hal_tim.o
HAL_TIM_OnePulse_MspDeInit                        build/stm32h7xx_hal_tim.o
HAL_TIM_OnePulse_MspInit                          build/stm32h7xx_hal_tim.o
HAL_TIM_OnePulse_Start                            build/stm32h7xx_hal_tim.o
HAL_TIM_OnePulse_Start_IT                         build/stm32h7xx_hal_tim.o
HAL_TIM_OnePulse_Stop                             build/stm32h7xx_hal_tim.o
HAL_TIM_OnePulse_Stop_IT                          build/stm32h7xx_hal_tim.o
HAL_TIM_PWM_ConfigChannel                         build/stm32h7xx_hal_tim.o
HAL_TIM_PWM_DeInit                                build/stm32h7xx_hal_tim.o
HAL_TIM_PWM_GetState                              build/stm32h7xx_hal_tim.o
HAL_TIM_PWM_Init                                  build/stm32h7xx_hal_tim.o
HAL_TIM_PWM_MspDeInit                             build/stm32h7xx_hal_tim.o
HAL_TIM_PWM_MspInit                               build/stm32h7xx_hal_tim.o
HAL_TIM_PWM_PulseFinishedCallback                 build/stm32h7xx_hal_tim.o
                                                  build/stm32h7xx_hal_tim_ex.o
HAL_TIM_PWM_PulseFinishedHalfCpltCallback         build/stm32h7xx_hal_tim.o
HAL_TIM_PWM_Start                                 build/stm32h7xx_hal_tim.o
HAL_TIM_PWM_Start_DMA                             build/stm32h7xx_hal_tim.o
HAL_TIM_PWM_Start_IT                              build/stm32h7xx_hal_tim.o
HAL_TIM_PWM_Stop                                  build/stm32h7xx_hal_tim.o
HAL_TIM_PWM_Stop_DMA                              build/stm32h7xx_hal_tim.o
HAL_TIM_PWM_Stop_IT                               build/stm32h7xx_hal_tim.o
HAL_TIM_PeriodElapsedCallback                     build/stm32h7xx_hal_tim.o
HAL_TIM_PeriodElapsedHalfCpltCallback             build/stm32h7xx_hal_tim.o
HAL_TIM_ReadCapturedValue                         build/stm32h7xx_hal_tim.o
HAL_TIM_SlaveConfigSynchro                        build/stm32h7xx_hal_tim.o
HAL_TIM_SlaveConfigSynchro_IT                     build/stm32h7xx_hal_tim.o
HAL_TIM_TriggerCallback                           build/stm32h7xx_hal_tim.o
HAL_TIM_TriggerHalfCpltCallback                   build/stm32h7xx_hal_tim.o
HRTIM1_FLT_IRQHandler                             build/startup_stm32h743xx.o
HRTIM1_Master_IRQHandler                          build/startup_stm32h743xx.o
HRTIM1_TIMA_IRQHandler                            build/startup_stm32h743xx.o
HRTIM1_TIMB_IRQHandler                            build/startup_stm32h743xx.o
HRTIM1_TIMC_IRQHandler                            build/startup_stm32h743xx.o
HRTIM1_TIMD_IRQHandler                            build/startup_stm32h743xx.o
HRTIM1_TIME_IRQHandler                            build/startup_stm32h743xx.o
HSEM1_IRQHandler                                  build/startup_stm32h743xx.o
HardFault_Handler                                 build/stm32h7xx_it.o
I2C1_ER_IRQHandler                                build/startup_stm32h743xx.o
I2C1_EV_IRQHandler                                build/startup_stm32h743xx.o
I2C2_ER_IRQHandler                                build/startup_stm32h743xx.o
I2C2_EV_IRQHandler                                build/startup_stm32h743xx.o
I2C3_ER_IRQHandler                                build/startup_stm32h743xx.o
I2C3_EV_IRQHandler                                build/startup_stm32h743xx.o
I2C4_ER_IRQHandler                                build/startup_stm32h743xx.o
I2C4_EV_IRQHandler                                build/startup_stm32h743xx.o
IntStorage_Init                                   build/storage.o
JPEG_IRQHandler                                   build/startup_stm32h743xx.o
Kernel_CallSVC                                    build/kernel.o
Kernel_Init                                       build/kernel.o
                                                  build/scheduler.o
                                                  build/main.o
Kernel_SetPendSV                                  build/kernel.o
                                                  build/scheduler.o
Kernel_StkReg_Init                                build/kernel.o
Kernel_TriggerPendSV                              build/kernel.o
                                                  build/scheduler.o
LPTIM1_IRQHandler                                 build/startup_stm32h743xx.o