Archive member included to satisfy reference by file (symbol)

c:/program files (x86)/gnu arm embedded toolchain/10 2020-q4-major/bin/../lib/gcc/arm-none-eabi/10.2.1/../../../../arm-none-eabi/lib/thumb/v7e-m+dp/hard\libc_nano.a(lib_a-exit.o)
                              c:/program files (x86)/gnu arm embedded toolchain/10 2020-q4-major/bin/../lib/gcc/arm-none-eabi/10.2.1/../../../../arm-none-eabi/lib/thumb/v7e-m+dp/hard/crt0.o (exit)
c:/program files (x86)/gnu arm embedded toolchain/10 2020-q4-major/bin/../lib/gcc/arm-none-eabi/10.2.1/../../../../arm-none-eabi/lib/thumb/v7e-m+dp/hard\libc_nano.a(lib_a-impure.o)
                              c:/program files (x86)/gnu arm embedded toolchain/10 2020-q4-major/bin/../lib/gcc/arm-none-eabi/10.2.1/../../../../arm-none-eabi/lib/thumb/v7e-m+dp/hard\libc_nano.a(lib_a-exit.o) (_global_impure_ptr)
c:/program files (x86)/gnu arm embedded toolchain/10 2020-q4-major/bin/../lib/gcc/arm-none-eabi/10.2.1/../../../../arm-none-eabi/lib/thumb/v7e-m+dp/hard\libc_nano.a(lib_a-init.o)
                              c:/program files (x86)/gnu arm embedded toolchain/10 2020-q4-major/bin/../lib/gcc/arm-none-eabi/10.2.1/../../../../arm-none-eabi/lib/thumb/v7e-m+dp/hard/crt0.o (__libc_init_array)
c:/program files (x86)/gnu arm embedded toolchain/10 2020-q4-major/bin/../lib/gcc/arm-none-eabi/10.2.1/../../../../arm-none-eabi/lib/thumb/v7e-m+dp/hard\libc_nano.a(lib_a-memcpy-stub.o)
                              build/Bsp_SPI.o (memcpy)
c:/program files (x86)/gnu arm embedded toolchain/10 2020-q4-major/bin/../lib/gcc/arm-none-eabi/10.2.1/../../../../arm-none-eabi/lib/thumb/v7e-m+dp/hard\libc_nano.a(lib_a-memset.o)
                              c:/program files (x86)/gnu arm embedded toolchain/10 2020-q4-major/bin/../lib/gcc/arm-none-eabi/10.2.1/../../../../arm-none-eabi/lib/thumb/v7e-m+dp/hard/crt0.o (memset)
c:/program files (x86)/gnu arm embedded toolchain/10 2020-q4-major/bin/../lib/gcc/arm-none-eabi/10.2.1/../../../../arm-none-eabi/lib/thumb/v7e-m+dp/hard\libc_nano.a(lib_a-strcmp.o)
                              build/shell.o (strcmp)
c:/program files (x86)/gnu arm embedded toolchain/10 2020-q4-major/bin/../lib/gcc/arm-none-eabi/10.2.1/../../../../arm-none-eabi/lib/thumb/v7e-m+dp/hard\libc_nano.a(lib_a-strlen.o)
                              build/shell.o (strlen)
c:/program files (x86)/gnu arm embedded toolchain/10 2020-q4-major/bin/../lib/gcc/arm-none-eabi/10.2.1/../../../../arm-none-eabi/lib/thumb/v7e-m+dp/hard\libc_nano.a(lib_a-strncmp.o)
                              build/shell.o (strncmp)
c:/program files (x86)/gnu arm embedded toolchain/10 2020-q4-major/bin/../lib/gcc/arm-none-eabi/10.2.1/../../../../arm-none-eabi/lib/thumb/v7e-m+dp/hard\libc_nano.a(lib_a-vsnprintf.o)
                              build/shell.o (vsnprintf)
c:/program files (x86)/gnu arm embedded toolchain/10 2020-q4-major/bin/../lib/gcc/arm-none-eabi/10.2.1/../../../../arm-none-eabi/lib/thumb/v7e-m+dp/hard\libc_nano.a(lib_a-vsscanf.o)
                              build/shell.o (vsscanf)
c:/program files (x86)/gnu arm embedded toolchain/10 2020-q4-major/bin/../lib/gcc/arm-none-eabi/10.2.1/../../../../arm-none-eabi/lib/thumb/v7e-m+dp/hard\libc_nano.a(lib_a-nano-svfprintf.o)
                              c:/program files (x86)/gnu arm embedded toolchain/10 2020-q4-major/bin/../lib/gcc/arm-none-eabi/10.2.1/../../../../arm-none-eabi/lib/thumb/v7e-m+dp/hard\libc_nano.a(lib_a-vsnprintf.o) (_svfprintf_r)
c:/program files (x86)/gnu arm embedded toolchain/10 2020-q4-major/bin/../lib/gcc/arm-none-eabi/10.2.1/../../../../arm-none-eabi/lib/thumb/v7e-m+dp/hard\libc_nano.a(lib_a-nano-svfscanf.o)
                              c:/program files (x86)/gnu arm embedded toolchain/10 2020-q4-major/bin/../lib/gcc/arm-none-eabi/10.2.1/../../../../arm-none-eabi/lib/thumb/v7e-m+dp/hard\libc_nano.a(lib_a-vsscanf.o) (__ssvfscanf_r)
c:/program files (x86)/gnu arm embedded toolchain/10 2020-q4-major/bin/../lib/gcc/arm-none-eabi/10.2.1/../../../../arm-none-eabi/lib/thumb/v7e-m+dp/hard\libc_nano.a(lib_a-nano-vfprintf_i.o)
                              c:/program files (x86)/gnu arm embedded toolchain/10 2020-q4-major/bin/../lib/gcc/arm-none-eabi/10.2.1/../../../../arm-none-eabi/lib/thumb/v7e-m+dp/hard\libc_nano.a(lib_a-nano-svfprintf.o) (_printf_i)
c:/program files (x86)/gnu arm embedded toolchain/10 2020-q4-major/bin/../lib/gcc/arm-none-eabi/10.2.1/../../../../arm-none-eabi/lib/thumb/v7e-m+dp/hard\libc_nano.a(lib_a-nano-vfscanf_i.o)
                              c:/program files (x86)/gnu arm embedded toolchain/10 2020-q4-major/bin/../lib/gcc/arm-none-eabi/10.2.1/../../../../arm-none-eabi/lib/thumb/v7e-m+dp/hard\libc_nano.a(lib_a-nano-svfscanf.o) (_scanf_chars)
c:/program files (x86)/gnu arm embedded toolchain/10 2020-q4-major/bin/../lib/gcc/arm-none-eabi/10.2.1/../../../../arm-none-eabi/lib/thumb/v7e-m+dp/hard\libc_nano.a(lib_a-sccl.o)
[...]
Memory Configuration

Name             Origin             Length             Attributes
DTCMRAM          0x20000000         0x00020000         xrw
RAM_D1           0x24000000         0x00080000         xrw
RAM_D2           0x30000000         0x00048000         xrw
RAM_D3           0x38000000         0x00010000         xrw
ITCMRAM          0x00000000         0x00010000         xrw
FLASH            0x08000000         0x00200000         xr
*default*        0x00000000         0xffffffff

Linker script and memory map

LOAD c:/program files (x86)/gnu arm embedded toolchain/10 2020-q4-major/bin/../lib/gcc/arm-none-eabi/10.2.1/thumb/v7e-m+dp/hard/crti.o
LOAD c:/program files (x86)/gnu arm embedded toolchain/10 2020-q4-major/bin/../lib/gcc/arm-none-eabi/10.2.1/thumb/v7e-m+dp/hard/crtbegin.o
LOAD c:/program files (x86)/gnu arm embedded toolchain/10 2020-q4-major/bin/../lib/gcc/arm-none-eabi/10.2.1/../../../../arm-none-eabi/lib/thumb/v7e-m+dp/hard/crt0.o
LOAD build/main.o
LOAD build/debug_util.o
LOAD build/Task_Protocol.o
LOAD build/Task_Manager.o
LOAD build/Bsp_GPIO.o
LOAD build/Bsp_SPI.o
LOAD build/Dev_MPU6000.o
LOAD build/Dev_Led.o
LOAD build/Dev_W25Qxx.o
LOAD build/SrvMPU_Sample.o
LOAD build/queue.o
LOAD build/linked_list.o
LOAD build/reboot.o
LOAD build/mmu.o
LOAD build/scheduler.o
LOAD build/kernel.o
LOAD build/runtime.o
LOAD build/storage.o
LOAD build/shell_cmd_list.o
LOAD build/shell_companion.o
LOAD build/shell_ext.o
LOAD build/shell_port.o
LOAD build/shell.o
LOAD build/usb_device.o
LOAD build/usbd_desc.o
LOAD build/usbd_cdc_if.o
LOAD build/usbd_conf.o
LOAD build/usbd_core.o
LOAD build/usbd_ctlreq.o
LOAD build/usbd_ioreq.o
LOAD build/usbd_cdc.o
LOAD build/stm32h7xx_it.o
LOAD build/system_stm32h7xx.o
LOAD build/stm32h7xx_hal.o
LOAD build/stm32h7xx_hal_cortex.o
LOAD build/stm32h7xx_hal_rcc.o
LOAD build/stm32h7xx_hal_tim.o
LOAD build/stm32h7xx_hal_tim_ex.o
LOAD build/stm32h7xx_hal_rcc_ex.o
LOAD build/stm32h7xx_hal_flash.o
LOAD build/stm32h7xx_hal_flash_ex.o
LOAD build/stm32h7xx_hal_gpio.o
LOAD build/stm32h7xx_hal_hsem.o
LOAD build/stm32h7xx_hal_dma.o
LOAD build/stm32h7xx_hal_dma_ex.o
LOAD build/stm32h7xx_hal_mdma.o
LOAD build/stm32h7xx_hal_pwr.o
LOAD build/stm32h7xx_hal_pwr_ex.o
LOAD build/stm32h7xx_hal_i2c.o
LOAD build/stm32h7xx_hal_i2c_ex.o
LOAD build/stm32h7xx_hal_exti.o
LOAD build/stm32h7xx_hal_spi.o
LOAD build/stm32h7xx_hal_pcd.o
LOAD build/stm32h7xx_hal_pcd_ex.o
LOAD build/stm32h7xx_ll_usb.o
LOAD build/startup_stm32h743xx.o
LOAD c:/program files (x86)/gnu arm embedded toolchain/10 2020-q4-major/bin/../lib/gcc/arm-none-eabi/10.2.1/../../../../arm-none-eabi/lib/thumb/v7e-m+dp/hard\libc_nano.a
LOAD c:/program files (x86)/gnu arm embedded toolchain/10 2020-q4-major/bin/../lib/gcc/arm-none-eabi/10.2.1/../../../../arm-none-eabi/lib/thumb/v7e-m+dp/hard\libm.a
LOAD c:/program files (x86)/gnu arm embedded toolchain/10 2020-q4-major/bin/../lib/gcc/arm-none-eabi/10.2.1/../../../../arm-none-eabi/lib/thumb/v7e-m+dp/hard\libnosys.a
START GROUP
LOAD c:/program files (x86)/gnu arm embedded toolchain/10 2020-q4-major/bin/../lib/gcc/arm-none-eabi/10.2.1/thumb/v7e-m+dp/hard\libgcc.a
LOAD c:/program files (x86)/gnu arm embedded toolchain/10 2020-q4-major/bin/../lib/gcc/arm-none-eabi/10.2.1/../../../../arm-none-eabi/lib/thumb/v7e-m+dp/hard\libc_nano.a
END GROUP
START GROUP
LOAD c:/program files (x86)/gnu arm embedded toolchain/10 2020-q4-major/bin/../lib/gcc/arm-none-eabi/10.2.1/thumb/v7e-m+dp/hard\libgcc.a
LOAD c:/program files (x86)/gnu arm embedded toolchain/10 2020-q4-major/bin/../lib/gcc/arm-none-eabi/10.2.1/../../../../arm-none-eabi/lib/thumb/v7e-m+dp/hard\libc_nano.a
END GROUP
LOAD c:/program files (x86)/gnu arm embedded toolchain/10 2020-q4-major/bin/../lib/gcc/arm-none-eabi/10.2.1/thumb/v7e-m+dp/hard/crtend.o
LOAD c:/program files (x86)/gnu arm embedded toolchain/10 2020-q4-major/bin/../lib/gcc/arm-none-eabi/10.2.1/thumb/v7e-m+dp/hard/crtn.o
                0x20020000                _estack = 0x20020000
                0x00001000                _Min_Heap_Size = 0x1000
                0x00000800                _Min_Stack_Size = 0x800

.isr_vector     0x08000000      0x298
                0x08000000                . = ALIGN (0x4)
 *(.isr_vector)
 .isr_vector    0x08000000      0x298 build/startup_stm32h743xx.o
                0x08000000                g_pfnVectors
                0x08000298                . = ALIGN (0x4)

.MMU_Section    0x24000000    0x10000 load address 0x08000298
                0x24000000                . = ALIGN (0x4)
                0x24000000                MMU_s = .
 *(.MMU_Section)
 .MMU_Section   0x24000000    0x10000 build/mmu.o
                0x24000000                Mem_Buff
 *(.MMU_Section*)
                0x24010000                . = ALIGN (0x4)
                0x24010000                MMU_e = .

.text           0x080102a0     0x98d0
                0x080102a0                . = ALIGN (0x4)
 *(.text)
 .text          0x080102a0       0x40 c:/program files (x86)/gnu arm embedded toolchain/10 2020-q4-major/bin/../lib/gcc/arm-none-eabi/10.2.1/thumb/v7e-m+dp/hard/crtbegin.o
 .text          0x080102e0       0x14 c:/program files (x86)/gnu arm embedded toolchain/10 2020-q4-major/bin/../lib/gcc/arm-none-eabi/10.2.1/../../../../arm-none-eabi/lib/thumb/v7e-m+dp/hard\libc_nano.a(lib_a-strcmp.o)
                0x080102e0                strcmp
 .text          0x080102f4       0x10 c:/program files (x86)/gnu arm embedded toolchain/10 2020-q4-major/bin/../lib/gcc/arm-none-eabi/10.2.1/../../../../arm-none-eabi/lib/thumb/v7e-m+dp/hard\libc_nano.a(lib_a-strlen.o)
                0x080102f4                strlen
 *fill*         0x08010304        0xc 
 .text          0x08010310       0xa0 c:/program files (x86)/gnu arm embedded toolchain/10 2020-q4-major/bin/../lib/gcc/arm-none-eabi/10.2.1/../../../../arm-none-eabi/lib/thumb/v7e-m+dp/hard\libc_nano.a(lib_a-memchr.o)
                0x08010310                memchr
 .text          0x080103b0      0x21c c:/program files (x86)/gnu arm embedded toolchain/10 2020-q4-major/bin/../lib/gcc/arm-none-eabi/10.2.1/thumb/v7e-m+dp/hard\libgcc.a(_arm_addsubsf3.o)
                0x080103b0                __aeabi_frsub
                0x080103b8                __subsf3
                0x080103b8                __aeabi_fsub
                0x080103bc                __aeabi_fadd
                0x080103bc                __addsf3
                0x0801051c                __aeabi_ui2f
                0x0801051c                __floatunsisf
                0x08010524                __aeabi_i2f
                0x08010524                __floatsisf
                0x08010540                __aeabi_ul2f
                0x08010540                __floatundisf
                0x08010550                __aeabi_l2f
                0x08010550                __floatdisf
 .text          0x080105cc       0x30 c:/program files (x86)/gnu arm embedded toolchain/10 2020-q4-major/bin/../lib/gcc/arm-none-eabi/10.2.1/thumb/v7e-m+dp/hard\libgcc.a(_aeabi_uldivmod.o)
                0x080105cc                __aeabi_uldivmod
 .text          0x080105fc      0x2d0 c:/program files (x86)/gnu arm embedded toolchain/10 2020-q4-major/bin/../lib/gcc/arm-none-eabi/10.2.1/thumb/v7e-m+dp/hard\libgcc.a(_udivmoddi4.o)
                0x080105fc                __udivmoddi4
 .text          0x080108cc        0x4 c:/program files (x86)/gnu arm embedded toolchain/10 2020-q4-major/bin/../lib/gcc/arm-none-eabi/10.2.1/thumb/v7e-m+dp/hard\libgcc.a(_dvmd_tls.o)
                0x080108cc                __aeabi_idiv0
                0x080108cc                __aeabi_ldiv0
 *(.text*)
 .text.main     0x080108d0       0x18 build/main.o
                0x080108d0                main
 .text.DebugPin_Init
                0x080108e8       0x28 build/debug_util.o
 .text.DebugPin_Ctl
                0x08010910       0x28 build/debug_util.o
 .text.assert   0x08010938        0x6 build/debug_util.o
                0x08010938                assert
 *fill*         0x0801093e        0x2 
 .text.shell_test
                0x08010940       0x10 build/Task_Protocol.o
 .text.TaskProtocol_TransBuff
                0x08010950       0x10 build/Task_Protocol.o
 .text.TaskProtocol_Rec
                0x08010960        0x8 build/Task_Protocol.o
 .text.TaskProtocol_GetSrvMPU_InitState
                0x08010968        0xc build/Task_Protocol.o
                0x08010968                TaskProtocol_GetSrvMPU_InitState
 .text.TaskProtocol_Init
                0x08010974       0x54 build/Task_Protocol.o
                0x08010974                TaskProtocol_Init
 .text.TaskProtocol_Core
                0x080109c8       0x68 build/Task_Protocol.o
                0x080109c8                TaskProtocol_Core
 .text.Test     0x08010a30       0x5c build/Task_Manager.o
                0x08010a30                Test
 .text.test_PC1_ctl
                0x08010a8c       0x24 build/Task_Manager.o
                0x08010a8c                test_PC1_ctl
 .text.Run      0x08010ab0       0x74 build/Task_Manager.o
                0x08010ab0                Run
 .text.test_PC2_ctl
                0x08010b24       0x24 build/Task_Manager.o
                0x08010b24                test_PC2_ctl
 .text.Test2    0x08010b48       0x84 build/Task_Manager.o
                0x08010b48                Test2
 .text.Task_Manager_Init
                0x08010bcc       0x80 build/Task_Manager.o
                0x08010bcc                Task_Manager_Init
 .text.Task_Manager_CreateTask
                0x08010c4c       0xa0 build/Task_Manager.o
                0x08010c4c                Task_Manager_CreateTask
 .text.BspGPIO_GetEXTI_Index
                0x08010cec       0x16 build/Bsp_GPIO.o
 *fill*         0x08010d02        0x2 
 .text.BspGPIO_CLK_Enable
                0x08010d04      0x1c4 build/Bsp_GPIO.o
 .text.BspGPIO_Write
                0x08010ec8        0x8 build/Bsp_GPIO.o
 .text.BspGPIO_Read
                0x08010ed0        0xe build/Bsp_GPIO.o
 .text.BspGPIO_Output_Init
                0x08010ede       0x40 build/Bsp_GPIO.o
 .text.BspGPIO_GetExti_IRQnID
                0x08010f1e       0xcc build/Bsp_GPIO.o
 *fill*         0x08010fea        0x2 
 .text.BspGPIO_ExtiInit
                0x08010fec       0x7c build/Bsp_GPIO.o
 .text.HAL_GPIO_EXTI_Callback
                0x08011068       0x18 build/Bsp_GPIO.o
                0x08011068                HAL_GPIO_EXTI_Callback
 .text.BspSPI_PinCLK_Enable
                0x08011080      0x1c4 build/Bsp_SPI.o
 .text.BspSPI_Set_CLKSpeed
                0x08011244        0xc build/Bsp_SPI.o
 .text.BspSPI_TransReceive
                0x08011250       0x1a build/Bsp_SPI.o
 .text.BspSPI_Receive
                0x0801126a       0x10 build/Bsp_SPI.o
 .text.BspSPI_Trans
                0x0801127a       0x10 build/Bsp_SPI.o
 *fill*         0x0801128a        0x2 
 .text.BspSPI_DeInit
                0x0801128c       0xd4 build/Bsp_SPI.o
 .text.BspSPI_PinInit
                0x08011360       0x74 build/Bsp_SPI.o
 .text.BspSPI_NormalMode_Init
                0x080113d4      0x174 build/Bsp_SPI.o
 .text.DevMPU6000_Reg_Read
                0x08011548       0x54 build/Dev_MPU6000.o
 .text.DevMPU6000_Reg_Write
                0x0801159c       0x4c build/Dev_MPU6000.o
 .text.DevMPU6000_PreInit
                0x080115e8        0x8 build/Dev_MPU6000.o
 .text.DevMPU6000_Init
                0x080115f0       0x52 build/Dev_MPU6000.o
 .text.DevMPU6000_Get_InitError
                0x08011642        0x6 build/Dev_MPU6000.o
 .text.DevMPU6000_SetDRDY
                0x08011648        0x6 build/Dev_MPU6000.o
 .text.DevMPU6000_GetReady
                0x0801164e        0x4 build/Dev_MPU6000.o
 .text.DevMPU6000_SwReset
                0x08011652        0x4 build/Dev_MPU6000.o
 .text.DevMPU6000_Sample
                0x08011656       0x1a build/Dev_MPU6000.o
 .text.DevMPU6000_Get_Data
                0x08011670       0x40 build/Dev_MPU6000.o
                0x08011670                DevMPU6000_Get_Data
 .text.DevLed_Init
                0x080116b0       0x28 build/Dev_Led.o
 .text.DevLed_Ctl
                0x080116d8       0x28 build/Dev_Led.o
 .text.SrvIMU_PriIMU_CS_Ctl
                0x08011700       0x1c build/SrvMPU_Sample.o
 .text.SrvIMU_PriIMU_BusTrans_Rec
                0x0801171c       0x24 build/SrvMPU_Sample.o
 .text.SrvIMU_PriIMU_ExtiCallback
                0x08011740        0x2 build/SrvMPU_Sample.o
 *fill*         0x08011742        0x2 
 .text.SrvIMU_Init
                0x08011744       0xc8 build/SrvMPU_Sample.o
                0x08011744                SrvIMU_Init
 .text.SrvIMU_GetPri_InitError
                0x0801180c       0x18 build/SrvMPU_Sample.o
                0x0801180c                SrvIMU_GetPri_InitError
 .text.Item_SwapLRData
                0x08011824        0xa build/linked_list.o
 .text.List_Init
                0x0801182e       0x28 build/linked_list.o
                0x0801182e                List_Init
 .text.List_ItemClear
                0x08011856       0x14 build/linked_list.o
                0x08011856                List_ItemClear
 .text.List_ItemInit
                0x0801186a       0x10 build/linked_list.o
                0x0801186a                List_ItemInit
 .text.List_InsertToPrv
                0x0801187a       0x14 build/linked_list.o
                0x0801187a                List_InsertToPrv
 .text.List_InsertByOrder
                0x0801188e       0x14 build/linked_list.o
                0x0801188e                List_InsertByOrder
 .text.List_InsertByCondition
                0x080118a2       0x3c build/linked_list.o
                0x080118a2                List_InsertByCondition
 .text.List_Insert_Item
                0x080118de       0x32 build/linked_list.o
                0x080118de                List_Insert_Item
 .text.List_traverse
                0x08011910       0x5a build/linked_list.o
                0x08011910                List_traverse
 *fill*         0x0801196a        0x2 
 .text.ReBoot   0x0801196c       0x28 build/reboot.o
                0x0801196c                ReBoot
 .text.MMU_InsertFreeBlock
                0x08011994       0x70 build/mmu.o
 .text.MMU_Init
                0x08011a04       0x54 build/mmu.o
 .text.MMU_Malloc
                0x08011a58       0xc0 build/mmu.o
                0x08011a58                MMU_Malloc
 .text.Os_Set_TaskReady
                0x08011b18       0x38 build/scheduler.o
 .text.Os_Set_TaskBlock
                0x08011b50       0x40 build/scheduler.o
 .text.Os_Clr_TaskReady
                0x08011b90       0x40 build/scheduler.o
 .text.Os_Clr_TaskPending
                0x08011bd0       0x40 build/scheduler.o
 .text.Os_TaskExit
                0x08011c10        0x2 build/scheduler.o
 *fill*         0x08011c12        0x2 
 .text.Os_Get_HighestRank_RdyTask
                0x08011c14       0x60 build/scheduler.o
 .text.Os_Get_HighestRank_PndTask
                0x08011c74       0x60 build/scheduler.o
 .text.Os_TaskPri_Compare
                0x08011cd4      0x168 build/scheduler.o
 .text.Os_ResetTask_Data
                0x08011e3c       0x26 build/scheduler.o
 *fill*         0x08011e62        0x2 
 .text.Os_TaskCrtList_TraverseCallback
                0x08011e64       0x40 build/scheduler.o
 .text.Os_Idle  0x08011ea4       0x4c build/scheduler.o
 .text.Os_Set_TaskStk
                0x08011ef0       0x58 build/scheduler.o
 .text.Os_CreateIdle
                0x08011f48       0x50 build/scheduler.o
 .text.Os_TaskExec
                0x08011f98       0xf8 build/scheduler.o
 .text.Os_LoadFirstTask
                0x08012090       0x24 build/scheduler.o
                0x08012090                Os_LoadFirstTask
 *fill*         0x080120b4        0xc 
 .text.Os_SwitchContext
                0x080120c0       0x60 build/scheduler.o
                0x080120c0                Os_SwitchContext
 .text.Os_SwitchTaskStack
                0x08012120       0x28 build/scheduler.o
                0x08012120                Os_SwitchTaskStack
 .text.Os_Init  0x08012148       0x8c build/scheduler.o
                0x08012148                Os_Init
 .text.Os_Start
                0x080121d4       0x58 build/scheduler.o
                0x080121d4                Os_Start
 .text.Os_CreateTask
                0x0801222c      0x180 build/scheduler.o
                0x0801222c                Os_CreateTask
 .text.Os_Set_TaskPending
                0x080123ac       0x3c build/scheduler.o
                0x080123ac                Os_Set_TaskPending
 .text.Os_SchedulerRun
                0x080123e8       0xe0 build/scheduler.o
 .text.Os_TaskCaller
                0x080124c8       0x38 build/scheduler.o
 .text.Os_TaskDelay_Ms
                0x08012500       0x68 build/scheduler.o
                0x08012500                Os_TaskDelay_Ms
 .text.KernelClock_Init
                0x08012568      0x144 build/kernel.o
 .text.Kernel_Init
                0x080126ac        0xe build/kernel.o
                0x080126ac                Kernel_Init
 *fill*         0x080126ba        0x2 
 .text.Kernel_LoadProcess
                0x080126bc       0x20 build/kernel.o
                0x080126bc                Kernel_LoadProcess
 .text.Kernel_EnablePendSV
                0x080126dc       0x10 build/kernel.o
                0x080126dc                Kernel_EnablePendSV
 .text.Kernel_TriggerPendSV
                0x080126ec       0x10 build/kernel.o
                0x080126ec                Kernel_TriggerPendSV
 .text.Runtime_SetCallback
                0x080126fc       0x2c build/runtime.o
                0x080126fc                Runtime_SetCallback
 .text.Runtime_GetTickBase
                0x08012728        0xc build/runtime.o
                0x08012728                Runtime_GetTickBase
 .text.Runtime_Config
                0x08012734       0x9c build/runtime.o
                0x08012734                Runtime_Config
 .text.Runtime_Start
                0x080127d0       0x20 build/runtime.o
                0x080127d0                Runtime_Start
 .text.RuntimeObj_Reset
                0x080127f0        0xa build/runtime.o
                0x080127f0                RuntimeObj_Reset
 .text.Get_TimeDifference_Between
                0x080127fa       0x18 build/runtime.o
                0x080127fa                Get_TimeDifference_Between
 *fill*         0x08012812        0x2 
 .text.Runtime_Tick
                0x08012814       0x74 build/runtime.o
                0x08012814                Runtime_Tick
 .text.Get_CurrentRunningUs
                0x08012888        0xc build/runtime.o
                0x08012888                Get_CurrentRunningUs
 .text.Get_CurrentRunningMs
                0x08012894       0x18 build/runtime.o
                0x08012894                Get_CurrentRunningMs
 .text.Get_CurrentRunningS
                0x080128ac       0x12 build/runtime.o
                0x080128ac                Get_CurrentRunningS
 *fill*         0x080128be        0x2 
 .text.Get_TargetRunTime
                0x080128c0       0x14 build/runtime.o
                0x080128c0                Get_TargetRunTime
 .text.RuntimeObj_CompareWithCurrent
                0x080128d4       0x18 build/runtime.o
                0x080128d4                RuntimeObj_CompareWithCurrent
 .text.Runtime_DelayMs
                0x080128ec       0x2c build/runtime.o
                0x080128ec                Runtime_DelayMs
 .text.shellExtNumType
                0x08012918       0x50 build/shell_ext.o
 .text.shellExtToNum
                0x08012968       0x2e build/shell_ext.o
 *fill*         0x08012996        0x2 
 .text.shellExtParseChar
                0x08012998       0x88 build/shell_ext.o
 .text.shellExtParseString
                0x08012a20       0x40 build/shell_ext.o
 .text.shellExtParseNumber
                0x08012a60       0xbe build/shell_ext.o
 .text.shellExtParseVar
                0x08012b1e       0x1e build/shell_ext.o
 .text.shellExtParsePara
                0x08012b3c       0x4a build/shell_ext.o
                0x08012b3c                shellExtParsePara
 .text.shellExtRun
                0x08012b86       0xee build/shell_ext.o
                0x08012b86                shellExtRun
 .text.Shell_Init
                0x08012c74       0x1c build/shell_port.o
                0x08012c74                Shell_Init
 .text.shellAdd
                0x08012c90       0x24 build/shell.o
 .text.shellStringCopy
                0x08012cb4       0x16 build/shell.o
 .text.shellStringCompare
                0x08012cca       0x2e build/shell.o
 .text.shellGetCommandDesc
                0x08012cf8       0x22 build/shell.o
 .text.shellParserParam
                0x08012d1a       0x90 build/shell.o
 .text.shellHistoryAdd
                0x08012daa       0x70 build/shell.o
 .text.shellRemoveParamQuotes
                0x08012e1a       0x54 build/shell.o
 *fill*         0x08012e6e        0x2 
 .text.shellGetCurrent
                0x08012e70       0x2c build/shell.o
                0x08012e70                shellGetCurrent
 .text.shellWriteByte
                0x08012e9c       0x18 build/shell.o
                0x08012e9c                shellWriteByte
 .text.shellRight
                0x08012eb4       0x1a build/shell.o
                0x08012eb4                shellRight
 .text.shellLeft
                0x08012ece       0x18 build/shell.o
                0x08012ece                shellLeft
 .text.shellWriteString
                0x08012ee6       0x18 build/shell.o
                0x08012ee6                shellWriteString
 *fill*         0x08012efe        0x2 
 .text.shellSetUser
                0x08012f00       0x60 build/shell.o
 .text.shellWriteCommandLine
                0x08012f60       0x60 build/shell.o
 .text.shellCheckPassword
                0x08012fc0       0x40 build/shell.o
 .text.shellClear
                0x08013000       0x14 build/shell.o
                0x08013000                shellClear
 .text.shellCheckPermission
                0x08013014       0x3c build/shell.o
                0x08013014                shellCheckPermission
 .text.shellToHex
                0x08013050       0x28 build/shell.o
                0x08013050                shellToHex
 .text.shellGetCommandName
                0x08013078       0x44 build/shell.o
 .text.shellToDec
                0x080130bc       0x60 build/shell.o
                0x080130bc                shellToDec
 .text.shellWriteReturnValue
                0x0801311c       0x7c build/shell.o
 .text.shellListItem
                0x08013198       0x90 build/shell.o
                0x08013198                shellListItem
 .text.shellListCommand
                0x08013228       0x48 build/shell.o
                0x08013228                shellListCommand
 .text.shellCmds
                0x08013270        0xe build/shell.o
                0x08013270                shellCmds
 *fill*         0x0801327e        0x2 
 .text.shellListVar
                0x08013280       0x4c build/shell.o
                0x08013280                shellListVar
 .text.shellVars
                0x080132cc        0xe build/shell.o
                0x080132cc                shellVars
 *fill*         0x080132da        0x2 
 .text.shellListUser
                0x080132dc       0x48 build/shell.o
                0x080132dc                shellListUser
 .text.shellUsers
                0x08013324        0xe build/shell.o
                0x08013324                shellUsers
 *fill*         0x08013332        0x2 
 .text.shellListKey
                0x08013334       0x48 build/shell.o
                0x08013334                shellListKey
 .text.shellKeys
                0x0801337c        0xe build/shell.o
                0x0801337c                shellKeys
 .text.shellListAll
                0x0801338a        0x8 build/shell.o
                0x0801338a                shellListAll
 *fill*         0x08013392        0x2 
 .text.shellDeleteCommandLine
                0x08013394       0x20 build/shell.o
                0x08013394                shellDeleteCommandLine
 .text.shellClearCommandLine
                0x080133b4       0x28 build/shell.o
                0x080133b4                shellClearCommandLine
 .text.shellHistory
                0x080133dc       0x98 build/shell.o
 .text.shellUp  0x08013474        0xa build/shell.o
                0x08013474                shellUp
 .text.shellDown
                0x0801347e        0xc build/shell.o
                0x0801347e                shellDown
 *fill*         0x0801348a        0x2 
 .text.shellTab
                0x0801348c      0x114 build/shell.o
                0x0801348c                shellTab
 .text.shellDeleteByte
                0x080135a0       0xc4 build/shell.o
                0x080135a0                shellDeleteByte
 .text.shellBackspace
                0x08013664        0xa build/shell.o
                0x08013664                shellBackspace
 .text.shellDelete
                0x0801366e        0xc build/shell.o
                0x0801366e                shellDelete
 .text.shellSeekCommand
                0x0801367a       0x72 build/shell.o
                0x0801367a                shellSeekCommand
 .text.shellInit
                0x080136ec       0x90 build/shell.o
                0x080136ec                shellInit
 .text.shellHelp
                0x0801377c       0x7c build/shell.o
                0x0801377c                shellHelp
 .text.shellGetVarValue
                0x080137f8       0x44 build/shell.o
                0x080137f8                shellGetVarValue
 .text.shellShowVar
                0x0801383c       0xbc build/shell.o
 .text.shellSetVarValue
                0x080138f8       0x78 build/shell.o
                0x080138f8                shellSetVarValue
 .text.shellSetVar
                0x08013970       0x64 build/shell.o
                0x08013970                shellSetVar
 .text.shellRunCommand
                0x080139d4       0x94 build/shell.o
                0x080139d4                shellRunCommand
 .text.shellExec
                0x08013a68       0x68 build/shell.o
                0x08013a68                shellExec
 .text.shellEnter
                0x08013ad0       0x12 build/shell.o
                0x08013ad0                shellEnter
 *fill*         0x08013ae2        0x2 
 .text.USB_DEVICE_Init
                0x08013ae4       0x54 build/usb_device.o
                0x08013ae4                USB_DEVICE_Init
 .text.USBD_FS_DeviceDescriptor
                0x08013b38        0xc build/usbd_desc.o
                0x08013b38                USBD_FS_DeviceDescriptor
 .text.USBD_FS_LangIDStrDescriptor
                0x08013b44        0xc build/usbd_desc.o
                0x08013b44                USBD_FS_LangIDStrDescriptor
 .text.IntToUnicode
                0x08013b50       0x46 build/usbd_desc.o
 *fill*         0x08013b96        0x2 
 .text.Get_SerialNum
                0x08013b98       0x38 build/usbd_desc.o
 .text.USBD_FS_SerialStrDescriptor
                0x08013bd0       0x14 build/usbd_desc.o
                0x08013bd0                USBD_FS_SerialStrDescriptor
 .text.USBD_FS_ProductStrDescriptor
                0x08013be4       0x24 build/usbd_desc.o
                0x08013be4                USBD_FS_ProductStrDescriptor
 .text.USBD_FS_ManufacturerStrDescriptor
                0x08013c08       0x1c build/usbd_desc.o
                0x08013c08                USBD_FS_ManufacturerStrDescriptor
 .text.USBD_FS_ConfigStrDescriptor
                0x08013c24       0x24 build/usbd_desc.o
                0x08013c24                USBD_FS_ConfigStrDescriptor
 .text.USBD_FS_InterfaceStrDescriptor
                0x08013c48       0x24 build/usbd_desc.o
                0x08013c48                USBD_FS_InterfaceStrDescriptor
 .text.CDC_DeInit_FS
                0x08013c6c        0x4 build/usbd_cdc_if.o
 .text.CDC_Control_FS
                0x08013c70        0x4 build/usbd_cdc_if.o
 .text.CDC_TransmitCplt_FS
                0x08013c74        0x4 build/usbd_cdc_if.o
 .text.CDC_Receive_FS
                0x08013c78       0x2c build/usbd_cdc_if.o
 .text.CDC_Init_FS
                0x08013ca4       0x28 build/usbd_cdc_if.o
 .text.CDC_Transmit_FS
                0x08013ccc       0x2c build/usbd_cdc_if.o
                0x08013ccc                CDC_Transmit_FS
 .text.usb_printf
                0x08013cf8       0x30 build/usbd_cdc_if.o
                0x08013cf8                usb_printf
 .text.usb_setrec_callback
                0x08013d28        0xc build/usbd_cdc_if.o
                0x08013d28                usb_setrec_callback
 .text.HAL_PCD_MspInit
                0x08013d34       0xac build/usbd_conf.o
                0x08013d34                HAL_PCD_MspInit
 .text.HAL_PCD_SetupStageCallback
                0x08013de0       0x10 build/usbd_conf.o
                0x08013de0                HAL_PCD_SetupStageCallback
 .text.HAL_PCD_DataOutStageCallback
                0x08013df0       0x18 build/usbd_conf.o
                0x08013df0                HAL_PCD_DataOutStageCallback
 .text.HAL_PCD_DataInStageCallback
                0x08013e08       0x16 build/usbd_conf.o
                0x08013e08                HAL_PCD_DataInStageCallback
 .text.HAL_PCD_SOFCallback
                0x08013e1e        0xc build/usbd_conf.o
                0x08013e1e                HAL_PCD_SOFCallback
 .text.HAL_PCD_ResetCallback
                0x08013e2a       0x24 build/usbd_conf.o
                0x08013e2a                HAL_PCD_ResetCallback
 *fill*         0x08013e4e        0x2 
 .text.HAL_PCD_SuspendCallback
                0x08013e50       0x30 build/usbd_conf.o
                0x08013e50                HAL_PCD_SuspendCallback
 .text.HAL_PCD_ResumeCallback
                0x08013e80        0xc build/usbd_conf.o
                0x08013e80                HAL_PCD_ResumeCallback
 .text.HAL_PCD_ISOOUTIncompleteCallback
                0x08013e8c        0xc build/usbd_conf.o
                0x08013e8c                HAL_PCD_ISOOUTIncompleteCallback
 .text.HAL_PCD_ISOINIncompleteCallback
                0x08013e98        0xc build/usbd_conf.o
                0x08013e98                HAL_PCD_ISOINIncompleteCallback
 .text.HAL_PCD_ConnectCallback
                0x08013ea4        0xc build/usbd_conf.o
                0x08013ea4                HAL_PCD_ConnectCallback
 .text.HAL_PCD_DisconnectCallback
                0x08013eb0        0xc build/usbd_conf.o
                0x08013eb0                HAL_PCD_DisconnectCallback
 .text.USBD_LL_Init
                0x08013ebc       0x68 build/usbd_conf.o
                0x08013ebc                USBD_LL_Init
 .text.USBD_LL_IsStallEP
                0x08013f24       0x2e build/usbd_conf.o
                0x08013f24                USBD_LL_IsStallEP
 .text.USBD_LL_GetRxDataSize
                0x08013f52        0xc build/usbd_conf.o
                0x08013f52                USBD_LL_GetRxDataSize
 *fill*         0x08013f5e        0x2 
 .text.USBD_static_malloc
                0x08013f60        0x8 build/usbd_conf.o
                0x08013f60                USBD_static_malloc
 .text.USBD_static_free
                0x08013f68        0x2 build/usbd_conf.o
                0x08013f68                USBD_static_free
 .text.USBD_Get_USB_Status
                0x08013f6a       0x14 build/usbd_conf.o
                0x08013f6a                USBD_Get_USB_Status
 .text.USBD_LL_Start
                0x08013f7e       0x10 build/usbd_conf.o
                0x08013f7e                USBD_LL_Start
 .text.USBD_LL_OpenEP
                0x08013f8e       0x16 build/usbd_conf.o
                0x08013f8e                USBD_LL_OpenEP
 .text.USBD_LL_CloseEP
                0x08013fa4       0x10 build/usbd_conf.o
                0x08013fa4                USBD_LL_CloseEP
 .text.USBD_LL_StallEP
                0x08013fb4       0x10 build/usbd_conf.o
                0x08013fb4                USBD_LL_StallEP
 .text.USBD_LL_ClearStallEP
                0x08013fc4       0x10 build/usbd_conf.o
                0x08013fc4                USBD_LL_ClearStallEP
 .text.USBD_LL_SetUSBAddress
                0x08013fd4       0x10 build/usbd_conf.o
                0x08013fd4                USBD_LL_SetUSBAddress
 .text.USBD_LL_Transmit
                0x08013fe4       0x10 build/usbd_conf.o
                0x08013fe4                USBD_LL_Transmit
 .text.USBD_LL_PrepareReceive
                0x08013ff4       0x10 build/usbd_conf.o
                0x08013ff4                USBD_LL_PrepareReceive
 .text.USBD_Init
                0x08014004       0x38 build/usbd_core.o
                0x08014004                USBD_Init
 .text.USBD_RegisterClass
                0x0801403c       0x28 build/usbd_core.o
                0x0801403c                USBD_RegisterClass
 .text.USBD_Start
                0x08014064        0x8 build/usbd_core.o
                0x08014064                USBD_Start
 .text.USBD_SetClassConfig
                0x0801406c       0x12 build/usbd_core.o
                0x0801406c                USBD_SetClassConfig
 .text.USBD_ClrClassConfig
                0x0801407e       0x10 build/usbd_core.o
                0x0801407e                USBD_ClrClassConfig
 .text.USBD_LL_SetupStage
                0x0801408e       0x58 build/usbd_core.o
                0x0801408e                USBD_LL_SetupStage
 .text.USBD_LL_DataOutStage
                0x080140e6       0x72 build/usbd_core.o
                0x080140e6                USBD_LL_DataOutStage
 .text.USBD_LL_DataInStage
                0x08014158       0xb8 build/usbd_core.o
                0x08014158                USBD_LL_DataInStage
 .text.USBD_LL_Reset
                0x08014210       0x52 build/usbd_core.o
                0x08014210                USBD_LL_Reset
 .text.USBD_LL_SetSpeed
                0x08014262        0x6 build/usbd_core.o
                0x08014262                USBD_LL_SetSpeed
 .text.USBD_LL_Suspend
                0x08014268       0x12 build/usbd_core.o
                0x08014268                USBD_LL_Suspend
 .text.USBD_LL_Resume
                0x0801427a       0x16 build/usbd_core.o
                0x0801427a                USBD_LL_Resume
 .text.USBD_LL_SOF
                0x08014290       0x1c build/usbd_core.o
                0x08014290                USBD_LL_SOF
 .text.USBD_LL_IsoINIncomplete
                0x080142ac        0x4 build/usbd_core.o
                0x080142ac                USBD_LL_IsoINIncomplete
 .text.USBD_LL_IsoOUTIncomplete
                0x080142b0        0x4 build/usbd_core.o
                0x080142b0                USBD_LL_IsoOUTIncomplete
 .text.USBD_LL_DevConnected
                0x080142b4        0x4 build/usbd_core.o
                0x080142b4                USBD_LL_DevConnected
 .text.USBD_LL_DevDisconnected
                0x080142b8       0x18 build/usbd_core.o
                0x080142b8                USBD_LL_DevDisconnected
 .text.USBD_GetLen
                0x080142d0       0x14 build/usbd_ctlreq.o
 .text.USBD_SetFeature
                0x080142e4       0x14 build/usbd_ctlreq.o
 .text.USBD_ParseSetupRequest
                0x080142f8       0x28 build/usbd_ctlreq.o
                0x080142f8                USBD_ParseSetupRequest
 .text.USBD_CtlError
                0x08014320       0x14 build/usbd_ctlreq.o
                0x08014320                USBD_CtlError
 .text.USBD_GetDescriptor
                0x08014334      0x18a build/usbd_ctlreq.o
 .text.USBD_SetAddress
                0x080144be       0x4e build/usbd_ctlreq.o
 .text.USBD_SetConfig
                0x0801450c       0xc4 build/usbd_ctlreq.o
 .text.USBD_GetConfig
                0x080145d0       0x3e build/usbd_ctlreq.o
 .text.USBD_GetStatus
                0x0801460e       0x38 build/usbd_ctlreq.o
 .text.USBD_ClrFeature
                0x08014646       0x26 build/usbd_ctlreq.o
 .text.USBD_StdDevReq
                0x0801466c       0x70 build/usbd_ctlreq.o
                0x0801466c                USBD_StdDevReq
 .text.USBD_StdItfReq
                0x080146dc       0x68 build/usbd_ctlreq.o
                0x080146dc                USBD_StdItfReq
 .text.USBD_StdEPReq
                0x08014744      0x1ea build/usbd_ctlreq.o
                0x08014744                USBD_StdEPReq
 .text.USBD_GetString
                0x0801492e       0x3a build/usbd_ctlreq.o
                0x0801492e                USBD_GetString
 .text.USBD_CtlSendData
                0x08014968       0x1a build/usbd_ioreq.o
                0x08014968                USBD_CtlSendData
 .text.USBD_CtlContinueSendData
                0x08014982       0x10 build/usbd_ioreq.o
                0x08014982                USBD_CtlContinueSendData
 .text.USBD_CtlPrepareRx
                0x08014992       0x1e build/usbd_ioreq.o
                0x08014992                USBD_CtlPrepareRx
 .text.USBD_CtlContinueRx
                0x080149b0       0x10 build/usbd_ioreq.o
                0x080149b0                USBD_CtlContinueRx
 .text.USBD_CtlSendStatus
                0x080149c0       0x16 build/usbd_ioreq.o
                0x080149c0                USBD_CtlSendStatus
 .text.USBD_CtlReceiveStatus
                0x080149d6       0x16 build/usbd_ioreq.o
                0x080149d6                USBD_CtlReceiveStatus
 .text.USBD_CDC_EP0_RxReady
                0x080149ec       0x28 build/usbd_cdc.o
 .text.USBD_CDC_GetFSCfgDesc
                0x08014a14        0xc build/usbd_cdc.o
 .text.USBD_CDC_GetHSCfgDesc
                0x08014a20        0xc build/usbd_cdc.o
 .text.USBD_CDC_GetOtherSpeedCfgDesc
                0x08014a2c        0xc build/usbd_cdc.o
 .text.USBD_CDC_GetDeviceQualifierDescriptor
                0x08014a38        0xc build/usbd_cdc.o
                0x08014a38                USBD_CDC_GetDeviceQualifierDescriptor
 .text.USBD_CDC_DataOut
                0x08014a44       0x2a build/usbd_cdc.o
 .text.USBD_CDC_DataIn
                0x08014a6e       0x64 build/usbd_cdc.o
 .text.USBD_CDC_Setup
                0x08014ad2       0xe0 build/usbd_cdc.o
 .text.USBD_CDC_DeInit
                0x08014bb2       0x48 build/usbd_cdc.o
 .text.USBD_CDC_Init
                0x08014bfa       0xc2 build/usbd_cdc.o
 .text.USBD_CDC_RegisterInterface
                0x08014cbc        0xe build/usbd_cdc.o
                0x08014cbc                USBD_CDC_RegisterInterface
 .text.USBD_CDC_SetTxBuffer
                0x08014cca       0x10 build/usbd_cdc.o
                0x08014cca                USBD_CDC_SetTxBuffer
 .text.USBD_CDC_SetRxBuffer
                0x08014cda        0xc build/usbd_cdc.o
                0x08014cda                USBD_CDC_SetRxBuffer
 .text.USBD_CDC_TransmitPacket
                0x08014ce6       0x34 build/usbd_cdc.o
                0x08014ce6                USBD_CDC_TransmitPacket
 .text.USBD_CDC_ReceivePacket
                0x08014d1a       0x32 build/usbd_cdc.o
                0x08014d1a                USBD_CDC_ReceivePacket
 .text.NMI_Handler
                0x08014d4c        0x2 build/stm32h7xx_it.o
                0x08014d4c                NMI_Handler
 .text.HardFault_Handler
                0x08014d4e        0x2 build/stm32h7xx_it.o
                0x08014d4e                HardFault_Handler
 .text.MemManage_Handler
                0x08014d50        0x2 build/stm32h7xx_it.o
                0x08014d50                MemManage_Handler
 .text.BusFault_Handler
                0x08014d52        0x2 build/stm32h7xx_it.o
                0x08014d52                BusFault_Handler
 .text.UsageFault_Handler
                0x08014d54        0x2 build/stm32h7xx_it.o
                0x08014d54                UsageFault_Handler
 .text.SVC_Handler
                0x08014d56        0x8 build/stm32h7xx_it.o
                0x08014d56                SVC_Handler
 .text.DebugMon_Handler
                0x08014d5e        0x2 build/stm32h7xx_it.o
                0x08014d5e                DebugMon_Handler
 .text.PendSV_Handler
                0x08014d60        0x8 build/stm32h7xx_it.o
                0x08014d60                PendSV_Handler
 .text.SysTick_Handler
                0x08014d68       0x30 build/stm32h7xx_it.o
                0x08014d68                SysTick_Handler
 .text.OTG_FS_IRQHandler
                0x08014d98       0x10 build/stm32h7xx_it.o
                0x08014d98                OTG_FS_IRQHandler
 .text.EXTI0_IRQHandler
                0x08014da8        0xa build/stm32h7xx_it.o
                0x08014da8                EXTI0_IRQHandler
 .text.EXTI1_IRQHandler
                0x08014db2        0xa build/stm32h7xx_it.o
                0x08014db2                EXTI1_IRQHandler
 .text.EXTI2_IRQHandler
                0x08014dbc        0xa build/stm32h7xx_it.o
                0x08014dbc                EXTI2_IRQHandler
 .text.EXTI3_IRQHandler
                0x08014dc6        0xa build/stm32h7xx_it.o
                0x08014dc6                EXTI3_IRQHandler
 .text.EXTI4_IRQHandler
                0x08014dd0        0xa build/stm32h7xx_it.o
                0x08014dd0                EXTI4_IRQHandler
 .text.EXTI9_5_IRQHandler
                0x08014dda       0x26 build/stm32h7xx_it.o
                0x08014dda                EXTI9_5_IRQHandler
 .text.EXTI15_10_IRQHandler
                0x08014e00       0x34 build/stm32h7xx_it.o
                0x08014e00                EXTI15_10_IRQHandler
 .text.SystemInit
                0x08014e34       0xcc build/system_stm32h7xx.o
                0x08014e34                SystemInit
 .text.SystemCoreClockUpdate
                0x08014f00      0x214 build/system_stm32h7xx.o
                0x08014f00                SystemCoreClockUpdate
 .text.HAL_MspInit
                0x08015114        0x2 build/stm32h7xx_hal.o
                0x08015114                HAL_MspInit
 *fill*         0x08015116        0x2 
 .text.HAL_InitTick
                0x08015118       0x50 build/stm32h7xx_hal.o
                0x08015118                HAL_InitTick
 .text.HAL_Init
                0x08015168       0x5c build/stm32h7xx_hal.o
                0x08015168                HAL_Init
 .text.HAL_IncTick
                0x080151c4       0x18 build/stm32h7xx_hal.o
                0x080151c4                HAL_IncTick
 .text.HAL_GetTick
                0x080151dc        0xc build/stm32h7xx_hal.o
                0x080151dc                HAL_GetTick
 .text.HAL_Delay
                0x080151e8       0x28 build/stm32h7xx_hal.o
                0x080151e8                HAL_Delay
 .text.HAL_GetREVID
                0x08015210        0xc build/stm32h7xx_hal.o
                0x08015210                HAL_GetREVID
 .text.HAL_NVIC_SetPriorityGrouping
                0x0801521c       0x24 build/stm32h7xx_hal_cortex.o
                0x0801521c                HAL_NVIC_SetPriorityGrouping
 .text.HAL_NVIC_SetPriority
                0x08015240       0x6c build/stm32h7xx_hal_cortex.o
                0x08015240                HAL_NVIC_SetPriority
 .text.HAL_NVIC_EnableIRQ
                0x080152ac       0x1c build/stm32h7xx_hal_cortex.o
                0x080152ac                HAL_NVIC_EnableIRQ
 .text.HAL_SYSTICK_Config
                0x080152c8       0x28 build/stm32h7xx_hal_cortex.o
                0x080152c8                HAL_SYSTICK_Config
 .text.HAL_RCC_OscConfig
                0x080152f0      0x674 build/stm32h7xx_hal_rcc.o
                0x080152f0                HAL_RCC_OscConfig
 .text.HAL_RCC_GetSysClockFreq
                0x08015964      0x1f4 build/stm32h7xx_hal_rcc.o
                0x08015964                HAL_RCC_GetSysClockFreq
 .text.HAL_RCC_ClockConfig
                0x08015b58      0x294 build/stm32h7xx_hal_rcc.o
                0x08015b58                HAL_RCC_ClockConfig
 .text.HAL_RCC_GetHCLKFreq
                0x08015dec       0x44 build/stm32h7xx_hal_rcc.o
                0x08015dec                HAL_RCC_GetHCLKFreq
 .text.RCCEx_PLL2_Config
                0x08015e30      0x10c build/stm32h7xx_hal_rcc_ex.o
 .text.RCCEx_PLL3_Config
                0x08015f3c      0x10c build/stm32h7xx_hal_rcc_ex.o
 .text.HAL_RCCEx_PeriphCLKConfig
                0x08016048      0x9c4 build/stm32h7xx_hal_rcc_ex.o
                0x08016048                HAL_RCCEx_PeriphCLKConfig
 .text.HAL_GPIO_Init
                0x08016a0c      0x220 build/stm32h7xx_hal_gpio.o
                0x08016a0c                HAL_GPIO_Init
 .text.HAL_GPIO_DeInit
                0x08016c2c      0x150 build/stm32h7xx_hal_gpio.o
                0x08016c2c                HAL_GPIO_DeInit
 .text.HAL_GPIO_ReadPin
                0x08016d7c        0xe build/stm32h7xx_hal_gpio.o
                0x08016d7c                HAL_GPIO_ReadPin
 .text.HAL_GPIO_WritePin
                0x08016d8a        0xc build/stm32h7xx_hal_gpio.o
                0x08016d8a                HAL_GPIO_WritePin
 .text.HAL_GPIO_EXTI_IRQHandler
                0x08016d96       0x1e build/stm32h7xx_hal_gpio.o
                0x08016d96                HAL_GPIO_EXTI_IRQHandler
 .text.HAL_PWREx_ConfigSupply
                0x08016db4       0x54 build/stm32h7xx_hal_pwr_ex.o
                0x08016db4                HAL_PWREx_ConfigSupply
 .text.HAL_PWREx_EnableUSBVoltageDetector
                0x08016e08       0x10 build/stm32h7xx_hal_pwr_ex.o
                0x08016e08                HAL_PWREx_EnableUSBVoltageDetector
 .text.SPI_CloseTransfer
                0x08016e18       0xd0 build/stm32h7xx_hal_spi.o
 .text.SPI_GetPacketSize
                0x08016ee8       0x10 build/stm32h7xx_hal_spi.o
 .text.SPI_WaitOnFlagUntilTimeout
                0x08016ef8       0x48 build/stm32h7xx_hal_spi.o
 .text.HAL_SPI_MspInit
                0x08016f40        0x2 build/stm32h7xx_hal_spi.o
                0x08016f40                HAL_SPI_MspInit
 *fill*         0x08016f42        0x2 
 .text.HAL_SPI_Init
                0x08016f44      0x168 build/stm32h7xx_hal_spi.o
                0x08016f44                HAL_SPI_Init
 .text.HAL_SPI_Transmit
                0x080170ac      0x2c4 build/stm32h7xx_hal_spi.o
                0x080170ac                HAL_SPI_Transmit
 .text.HAL_SPI_TransmitReceive
                0x08017370      0x420 build/stm32h7xx_hal_spi.o
                0x08017370                HAL_SPI_TransmitReceive
 .text.HAL_SPI_Receive
                0x08017790      0x2b8 build/stm32h7xx_hal_spi.o
                0x08017790                HAL_SPI_Receive
 .text.PCD_WriteEmptyTxFifo
                0x08017a48       0xd0 build/stm32h7xx_hal_pcd.o
 .text.HAL_PCD_Init
                0x08017b18      0x13c build/stm32h7xx_hal_pcd.o
                0x08017b18                HAL_PCD_Init
 .text.HAL_PCD_Start
                0x08017c54       0x42 build/stm32h7xx_hal_pcd.o
                0x08017c54                HAL_PCD_Start
 *fill*         0x08017c96        0x2 
 .text.PCD_EP_OutXfrComplete_int
                0x08017c98       0xf4 build/stm32h7xx_hal_pcd.o
 .text.PCD_EP_OutSetupPacket_int
                0x08017d8c       0x50 build/stm32h7xx_hal_pcd.o
 .text.HAL_PCD_IRQHandler
                0x08017ddc      0x4b6 build/stm32h7xx_hal_pcd.o
                0x08017ddc                HAL_PCD_IRQHandler
 .text.HAL_PCD_SetAddress
                0x08018292       0x28 build/stm32h7xx_hal_pcd.o
                0x08018292                HAL_PCD_SetAddress
 .text.HAL_PCD_EP_Open
                0x080182ba       0x8a build/stm32h7xx_hal_pcd.o
                0x080182ba                HAL_PCD_EP_Open
 .text.HAL_PCD_EP_Close
                0x08018344       0x72 build/stm32h7xx_hal_pcd.o
                0x08018344                HAL_PCD_EP_Close
 .text.HAL_PCD_EP_Receive
                0x080183b6       0x5e build/stm32h7xx_hal_pcd.o
                0x080183b6                HAL_PCD_EP_Receive
 .text.HAL_PCD_EP_GetRxCount
                0x08018414       0x12 build/stm32h7xx_hal_pcd.o
                0x08018414                HAL_PCD_EP_GetRxCount
 .text.HAL_PCD_EP_Transmit
                0x08018426       0x5e build/stm32h7xx_hal_pcd.o
                0x08018426                HAL_PCD_EP_Transmit
 .text.HAL_PCD_EP_SetStall
                0x08018484       0x88 build/stm32h7xx_hal_pcd.o
                0x08018484                HAL_PCD_EP_SetStall
 .text.HAL_PCD_EP_ClrStall
                0x0801850c       0x76 build/stm32h7xx_hal_pcd.o
                0x0801850c                HAL_PCD_EP_ClrStall
 .text.HAL_PCDEx_SetTxFiFo
                0x08018582       0x4c build/stm32h7xx_hal_pcd_ex.o
                0x08018582                HAL_PCDEx_SetTxFiFo
 .text.HAL_PCDEx_SetRxFiFo
                0x080185ce        0x8 build/stm32h7xx_hal_pcd_ex.o
                0x080185ce                HAL_PCDEx_SetRxFiFo
 *fill*         0x080185d6        0x2 
 .text.HAL_PCDEx_ActivateLPM
                0x080185d8       0x28 build/stm32h7xx_hal_pcd_ex.o
                0x080185d8                HAL_PCDEx_ActivateLPM
 .text.HAL_PCDEx_LPM_Callback
                0x08018600        0x2 build/stm32h7xx_hal_pcd_ex.o
                0x08018600                HAL_PCDEx_LPM_Callback
 *fill*         0x08018602        0x2 
 .text.USB_CoreReset
                0x08018604       0x4c build/stm32h7xx_ll_usb.o
 .text.USB_CoreInit
                0x08018650       0x9c build/stm32h7xx_ll_usb.o
                0x08018650                USB_CoreInit
 .text.USB_SetTurnaroundTime
                0x080186ec       0xe4 build/stm32h7xx_ll_usb.o
                0x080186ec                USB_SetTurnaroundTime
 .text.USB_EnableGlobalInt
                0x080187d0        0xc build/stm32h7xx_ll_usb.o
                0x080187d0                USB_EnableGlobalInt
 .text.USB_DisableGlobalInt
                0x080187dc        0xc build/stm32h7xx_ll_usb.o
                0x080187dc                USB_DisableGlobalInt
 .text.USB_FlushTxFifo
                0x080187e8       0x4c build/stm32h7xx_ll_usb.o
                0x080187e8                USB_FlushTxFifo
 .text.USB_FlushRxFifo
                0x08018834       0x48 build/stm32h7xx_ll_usb.o
                0x08018834                USB_FlushRxFifo
 .text.USB_SetDevSpeed
                0x0801887c        0xe build/stm32h7xx_ll_usb.o
                0x0801887c                USB_SetDevSpeed
 *fill*         0x0801888a        0x2 
 .text.USB_DevInit
                0x0801888c      0x188 build/stm32h7xx_ll_usb.o
                0x0801888c                USB_DevInit
 .text.USB_GetDevSpeed
                0x08018a14       0x1e build/stm32h7xx_ll_usb.o
                0x08018a14                USB_GetDevSpeed
 *fill*         0x08018a32        0x2 
 .text.USB_ActivateEndpoint
                0x08018a34       0x9c build/stm32h7xx_ll_usb.o
                0x08018a34                USB_ActivateEndpoint
 .text.USB_DeactivateEndpoint
                0x08018ad0       0xe0 build/stm32h7xx_ll_usb.o
                0x08018ad0                USB_DeactivateEndpoint
 .text.USB_EP0StartXfer
                0x08018bb0      0x11c build/stm32h7xx_ll_usb.o
                0x08018bb0                USB_EP0StartXfer
 .text.USB_WritePacket
                0x08018ccc       0x2e build/stm32h7xx_ll_usb.o
                0x08018ccc                USB_WritePacket
 *fill*         0x08018cfa        0x2 
 .text.USB_EPStartXfer
                0x08018cfc      0x234 build/stm32h7xx_ll_usb.o
                0x08018cfc                USB_EPStartXfer
 .text.USB_ReadPacket
                0x08018f30       0x54 build/stm32h7xx_ll_usb.o
                0x08018f30                USB_ReadPacket
 .text.USB_EPSetStall
                0x08018f84       0x5a build/stm32h7xx_ll_usb.o
                0x08018f84                USB_EPSetStall
 .text.USB_EPClearStall
                0x08018fde       0x5c build/stm32h7xx_ll_usb.o
                0x08018fde                USB_EPClearStall
 .text.USB_SetDevAddress
                0x0801903a       0x20 build/stm32h7xx_ll_usb.o
                0x0801903a                USB_SetDevAddress
 .text.USB_DevConnect
                0x0801905a       0x1c build/stm32h7xx_ll_usb.o
                0x0801905a                USB_DevConnect
 .text.USB_DevDisconnect
                0x08019076       0x1c build/stm32h7xx_ll_usb.o
                0x08019076                USB_DevDisconnect
 .text.USB_ReadInterrupts
                0x08019092        0x8 build/stm32h7xx_ll_usb.o
                0x08019092                USB_ReadInterrupts
 .text.USB_ReadDevAllOutEpInterrupt
                0x0801909a       0x10 build/stm32h7xx_ll_usb.o
                0x0801909a                USB_ReadDevAllOutEpInterrupt
 .text.USB_ReadDevAllInEpInterrupt
                0x080190aa       0x10 build/stm32h7xx_ll_usb.o
                0x080190aa                USB_ReadDevAllInEpInterrupt
 .text.USB_ReadDevOutEPInterrupt
                0x080190ba       0x12 build/stm32h7xx_ll_usb.o
                0x080190ba                USB_ReadDevOutEPInterrupt
 .text.USB_ReadDevInEPInterrupt
                0x080190cc       0x28 build/stm32h7xx_ll_usb.o
                0x080190cc                USB_ReadDevInEPInterrupt
 .text.USB_GetMode
                0x080190f4        0x8 build/stm32h7xx_ll_usb.o
                0x080190f4                USB_GetMode
 .text.USB_SetCurrentMode
                0x080190fc       0x62 build/stm32h7xx_ll_usb.o
                0x080190fc                USB_SetCurrentMode
 *fill*         0x0801915e        0x2 
 .text.USB_ActivateSetup
                0x08019160       0x20 build/stm32h7xx_ll_usb.o
                0x08019160                USB_ActivateSetup
 .text.USB_EP0_OutStart
                0x08019180       0x60 build/stm32h7xx_ll_usb.o
                0x08019180                USB_EP0_OutStart
 .text.Reset_Handler
                0x080191e0       0x50 build/startup_stm32h743xx.o
                0x080191e0                Reset_Handler
 .text.Default_Handler
                0x08019230        0x2 build/startup_stm32h743xx.o
                0x08019230                RTC_Alarm_IRQHandler
                0x08019230                TIM8_CC_IRQHandler
                0x08019230                HRTIM1_Master_IRQHandler
                0x08019230                UART8_IRQHandler
                0x08019230                SPI4_IRQHandler
                0x08019230                TIM1_CC_IRQHandler
                0x08019230                BDMA_Channel6_IRQHandler
                0x08019230                DMA2_Stream5_IRQHandler
                0x08019230                HRTIM1_FLT_IRQHandler
                0x08019230                JPEG_IRQHandler
                0x08019230                DMA1_Stream5_IRQHandler
                0x08019230                BDMA_Channel1_IRQHandler
                0x08019230                HRTIM1_TIMD_IRQHandler
                0x08019230                TAMP_STAMP_IRQHandler
                0x08019230                LPTIM4_IRQHandler
                0x08019230                TIM8_TRG_COM_TIM14_IRQHandler
                0x08019230                LPTIM2_IRQHandler
                0x08019230                DFSDM1_FLT1_IRQHandler
                0x08019230                DMAMUX2_OVR_IRQHandler
                0x08019230                TIM8_UP_TIM13_IRQHandler
                0x08019230                I2C3_ER_IRQHandler
                0x08019230                DFSDM1_FLT2_IRQHandler
                0x08019230                MDMA_IRQHandler
                0x08019230                LPTIM3_IRQHandler
                0x08019230                HSEM1_IRQHandler
                0x08019230                I2C2_EV_IRQHandler
                0x08019230                DMA1_Stream2_IRQHandler
                0x08019230                FPU_IRQHandler
                0x08019230                OTG_HS_WKUP_IRQHandler
                0x08019230                FDCAN1_IT1_IRQHandler
                0x08019230                LTDC_ER_IRQHandler
                0x08019230                DMA2_Stream2_IRQHandler
                0x08019230                HRTIM1_TIME_IRQHandler
                0x08019230                SPI1_IRQHandler
                0x08019230                TIM6_DAC_IRQHandler
                0x08019230                DCMI_IRQHandler
                0x08019230                HRTIM1_TIMC_IRQHandler
                0x08019230                DMA2_Stream3_IRQHandler
                0x08019230                SAI2_IRQHandler
                0x08019230                DFSDM1_FLT3_IRQHandler
                0x08019230                USART6_IRQHandler
                0x08019230                TIM17_IRQHandler
                0x08019230                USART3_IRQHandler
                0x08019230                BDMA_Channel7_IRQHandler
                0x08019230                LPTIM5_IRQHandler
                0x08019230                UART5_IRQHandler
                0x08019230                ADC3_IRQHandler
                0x08019230                DMA2_Stream0_IRQHandler
                0x08019230                TIM4_IRQHandler
                0x08019230                BDMA_Channel2_IRQHandler
                0x08019230                QUADSPI_IRQHandler
                0x08019230                I2C1_EV_IRQHandler
                0x08019230                DMA1_Stream6_IRQHandler
                0x08019230                DMAMUX1_OVR_IRQHandler
                0x08019230                DMA1_Stream1_IRQHandler
                0x08019230                TIM16_IRQHandler
                0x08019230                UART4_IRQHandler
                0x08019230                BDMA_Channel5_IRQHandler
                0x08019230                TIM3_IRQHandler
                0x08019230                RCC_IRQHandler
                0x08019230                TIM8_BRK_TIM12_IRQHandler
                0x08019230                TIM1_TRG_COM_IRQHandler
                0x08019230                Default_Handler
                0x08019230                ECC_IRQHandler
                0x08019230                CEC_IRQHandler
                0x08019230                BDMA_Channel0_IRQHandler
                0x08019230                ADC_IRQHandler
                0x08019230                DMA1_Stream7_IRQHandler
                0x08019230                HRTIM1_TIMA_IRQHandler
                0x08019230                SPI5_IRQHandler
                0x08019230                TIM7_IRQHandler
                0x08019230                SDMMC1_IRQHandler
                0x08019230                TIM5_IRQHandler
                0x08019230                DMA2_Stream7_IRQHandler
                0x08019230                TIM15_IRQHandler
                0x08019230                PVD_AVD_IRQHandler
                0x08019230                I2C3_EV_IRQHandler
                0x08019230                RTC_WKUP_IRQHandler
                0x08019230                LTDC_IRQHandler
                0x08019230                SAI3_IRQHandler
                0x08019230                ETH_WKUP_IRQHandler
                0x08019230                SPDIF_RX_IRQHandler
                0x08019230                SPI2_IRQHandler
                0x08019230                OTG_HS_EP1_IN_IRQHandler
                0x08019230                DMA1_Stream0_IRQHandler
                0x08019230                CRS_IRQHandler
                0x08019230                RNG_IRQHandler
                0x08019230                HRTIM1_TIMB_IRQHandler
                0x08019230                FDCAN2_IT1_IRQHandler
                0x08019230                ETH_IRQHandler
                0x08019230                TIM1_UP_IRQHandler
                0x08019230                BDMA_Channel4_IRQHandler
                0x08019230                OTG_HS_EP1_OUT_IRQHandler
                0x08019230                WWDG_IRQHandler
                0x08019230                SPI6_IRQHandler
                0x08019230                MDIOS_IRQHandler
                0x08019230                I2C4_EV_IRQHandler
                0x08019230                FDCAN2_IT0_IRQHandler
                0x08019230                LPUART1_IRQHandler
                0x08019230                FDCAN1_IT0_IRQHandler
                0x08019230                TIM2_IRQHandler
                0x08019230                OTG_FS_WKUP_IRQHandler
                0x08019230                OTG_HS_IRQHandler
                0x08019230                DMA2D_IRQHandler
                0x08019230                TIM1_BRK_IRQHandler
                0x08019230                SDMMC2_IRQHandler
                0x08019230                OTG_FS_EP1_OUT_IRQHandler
                0x08019230                BDMA_Channel3_IRQHandler
                0x08019230                UART7_IRQHandler
                0x08019230                MDIOS_WKUP_IRQHandler
                0x08019230                USART2_IRQHandler
                0x08019230                DFSDM1_FLT0_IRQHandler
                0x08019230                SAI4_IRQHandler
                0x08019230                I2C2_ER_IRQHandler
                0x08019230                DMA2_Stream1_IRQHandler
                0x08019230                FLASH_IRQHandler
                0x08019230                DMA2_Stream4_IRQHandler
                0x08019230                USART1_IRQHandler
                0x08019230                SPI3_IRQHandler
                0x08019230                WAKEUP_PIN_IRQHandler
                0x08019230                DMA1_Stream4_IRQHandler
                0x08019230                OTG_FS_EP1_IN_IRQHandler
                0x08019230                I2C1_ER_IRQHandler
                0x08019230                FMC_IRQHandler
                0x08019230                FDCAN_CAL_IRQHandler
                0x08019230                SWPMI1_IRQHandler
                0x08019230                COMP1_IRQHandler
                0x08019230                LPTIM1_IRQHandler
                0x08019230                I2C4_ER_IRQHandler
                0x08019230                DMA2_Stream6_IRQHandler
                0x08019230                SAI1_IRQHandler
                0x08019230                DMA1_Stream3_IRQHandler
 *fill*         0x08019232        0x2 
 .text.__libc_init_array
                0x08019234       0x48 c:/program files (x86)/gnu arm embedded toolchain/10 2020-q4-major/bin/../lib/gcc/arm-none-eabi/10.2.1/../../../../arm-none-eabi/lib/thumb/v7e-m+dp/hard\libc_nano.a(lib_a-init.o)
                0x08019234                __libc_init_array
 .text.memcpy   0x0801927c       0x1c c:/program files (x86)/gnu arm embedded toolchain/10 2020-q4-major/bin/../lib/gcc/arm-none-eabi/10.2.1/../../../../arm-none-eabi/lib/thumb/v7e-m+dp/hard\libc_nano.a(lib_a-memcpy-stub.o)
                0x0801927c                memcpy
 .text.memset   0x08019298       0x10 c:/program files (x86)/gnu arm embedded toolchain/10 2020-q4-major/bin/../lib/gcc/arm-none-eabi/10.2.1/../../../../arm-none-eabi/lib/thumb/v7e-m+dp/hard\libc_nano.a(lib_a-memset.o)
                0x08019298                memset
 .text.strncmp  0x080192a8       0x28 c:/program files (x86)/gnu arm embedded toolchain/10 2020-q4-major/bin/../lib/gcc/arm-none-eabi/10.2.1/../../../../arm-none-eabi/lib/thumb/v7e-m+dp/hard\libc_nano.a(lib_a-strncmp.o)
                0x080192a8                strncmp
 .text._vsnprintf_r
                0x080192d0       0x56 c:/program files (x86)/gnu arm embedded toolchain/10 2020-q4-major/bin/../lib/gcc/arm-none-eabi/10.2.1/../../../../arm-none-eabi/lib/thumb/v7e-m+dp/hard\libc_nano.a(lib_a-vsnprintf.o)
                0x080192d0                _vsniprintf_r
                0x080192d0                _vsnprintf_r
 *fill*         0x08019326        0x2 
 .text.vsnprintf
                0x08019328       0x1c c:/program files (x86)/gnu arm embedded toolchain/10 2020-q4-major/bin/../lib/gcc/arm-none-eabi/10.2.1/../../../../arm-none-eabi/lib/thumb/v7e-m+dp/hard\libc_nano.a(lib_a-vsnprintf.o)
                0x08019328                vsniprintf
                0x08019328                vsnprintf
 .text.__ssputs_r
                0x08019344       0xb6 c:/program files (x86)/gnu arm embedded toolchain/10 2020-q4-major/bin/../lib/gcc/arm-none-eabi/10.2.1/../../../../arm-none-eabi/lib/thumb/v7e-m+dp/hard\libc_nano.a(lib_a-nano-svfprintf.o)
                0x08019344                __ssputs_r
 *fill*         0x080193fa        0x2 
 .text._svfprintf_r
                0x080193fc      0x200 c:/program files (x86)/gnu arm embedded toolchain/10 2020-q4-major/bin/../lib/gcc/arm-none-eabi/10.2.1/../../../../arm-none-eabi/lib/thumb/v7e-m+dp/hard\libc_nano.a(lib_a-nano-svfprintf.o)
                0x080193fc                _svfiprintf_r
                0x080193fc                _svfprintf_r
 .text._printf_common
                0x080195fc       0xda c:/program files (x86)/gnu arm embedded toolchain/10 2020-q4-major/bin/../lib/gcc/arm-none-eabi/10.2.1/../../../../arm-none-eabi/lib/thumb/v7e-m+dp/hard\libc_nano.a(lib_a-nano-vfprintf_i.o)
                0x080195fc                _printf_common
 *fill*         0x080196d6        0x2 
 .text._printf_i
                0x080196d8      0x24c c:/program files (x86)/gnu arm embedded toolchain/10 2020-q4-major/bin/../lib/gcc/arm-none-eabi/10.2.1/../../../../arm-none-eabi/lib/thumb/v7e-m+dp/hard\libc_nano.a(lib_a-nano-vfprintf_i.o)
                0x080196d8                _printf_i
 .text.__retarget_lock_acquire_recursive
                0x08019924        0x2 c:/program files (x86)/gnu arm embedded toolchain/10 2020-q4-major/bin/../lib/gcc/arm-none-eabi/10.2.1/../../../../arm-none-eabi/lib/thumb/v7e-m+dp/hard\libc_nano.a(lib_a-lock.o)
                0x08019924                __retarget_lock_acquire_recursive
 .text.__retarget_lock_release_recursive
                0x08019926        0x2 c:/program files (x86)/gnu arm embedded toolchain/10 2020-q4-major/bin/../lib/gcc/arm-none-eabi/10.2.1/../../../../arm-none-eabi/lib/thumb/v7e-m+dp/hard\libc_nano.a(lib_a-lock.o)
                0x08019926                __retarget_lock_release_recursive
 .text.memmove  0x08019928       0x34 c:/program files (x86)/gnu arm embedded toolchain/10 2020-q4-major/bin/../lib/gcc/arm-none-eabi/10.2.1/../../../../arm-none-eabi/lib/thumb/v7e-m+dp/hard\libc_nano.a(lib_a-memmove.o)
                0x08019928                memmove
 .text._free_r  0x0801995c       0x98 c:/program files (x86)/gnu arm embedded toolchain/10 2020-q4-major/bin/../lib/gcc/arm-none-eabi/10.2.1/../../../../arm-none-eabi/lib/thumb/v7e-m+dp/hard\libc_nano.a(lib_a-nano-freer.o)
                0x0801995c                _free_r
 .text._malloc_r
                0x080199f4       0xb4 c:/program files (x86)/gnu arm embedded toolchain/10 2020-q4-major/bin/../lib/gcc/arm-none-eabi/10.2.1/../../../../arm-none-eabi/lib/thumb/v7e-m+dp/hard\libc_nano.a(lib_a-nano-mallocr.o)
                0x080199f4                _malloc_r
 .text._realloc_r
                0x08019aa8       0x4c c:/program files (x86)/gnu arm embedded toolchain/10 2020-q4-major/bin/../lib/gcc/arm-none-eabi/10.2.1/../../../../arm-none-eabi/lib/thumb/v7e-m+dp/hard\libc_nano.a(lib_a-nano-reallocr.o)
                0x08019aa8                _realloc_r
 .text._sbrk_r  0x08019af4       0x20 c:/program files (x86)/gnu arm embedded toolchain/10 2020-q4-major/bin/../lib/gcc/arm-none-eabi/10.2.1/../../../../arm-none-eabi/lib/thumb/v7e-m+dp/hard\libc_nano.a(lib_a-sbrkr.o)
                0x08019af4                _sbrk_r
 .text.__malloc_lock
                0x08019b14        0xc c:/program files (x86)/gnu arm embedded toolchain/10 2020-q4-major/bin/../lib/gcc/arm-none-eabi/10.2.1/../../../../arm-none-eabi/lib/thumb/v7e-m+dp/hard\libc_nano.a(lib_a-mlock.o)
                0x08019b14                __malloc_lock
 .text.__malloc_unlock
                0x08019b20        0xc c:/program files (x86)/gnu arm embedded toolchain/10 2020-q4-major/bin/../lib/gcc/arm-none-eabi/10.2.1/../../../../arm-none-eabi/lib/thumb/v7e-m+dp/hard\libc_nano.a(lib_a-mlock.o)
                0x08019b20                __malloc_unlock
 .text._malloc_usable_size_r
                0x08019b2c       0x10 c:/program files (x86)/gnu arm embedded toolchain/10 2020-q4-major/bin/../lib/gcc/arm-none-eabi/10.2.1/../../../../arm-none-eabi/lib/thumb/v7e-m+dp/hard\libc_nano.a(lib_a-nano-msizer.o)
                0x08019b2c                _malloc_usable_size_r
 .text._sbrk    0x08019b3c       0x1c c:/program files (x86)/gnu arm embedded toolchain/10 2020-q4-major/bin/../lib/gcc/arm-none-eabi/10.2.1/../../../../arm-none-eabi/lib/thumb/v7e-m+dp/hard\libnosys.a(sbrk.o)
                0x08019b3c                _sbrk
 *(.glue_7)
 .glue_7        0x08019b58        0x0 linker stubs
 *(.glue_7t)
 .glue_7t       0x08019b58        0x0 linker stubs
 *(.eh_frame)
 .eh_frame      0x08019b58        0x0 c:/program files (x86)/gnu arm embedded toolchain/10 2020-q4-major/bin/../lib/gcc/arm-none-eabi/10.2.1/thumb/v7e-m+dp/hard/crtbegin.o
 *(.init)
 .init          0x08019b58        0x4 c:/program files (x86)/gnu arm embedded toolchain/10 2020-q4-major/bin/../lib/gcc/arm-none-eabi/10.2.1/thumb/v7e-m+dp/hard/crti.o
                0x08019b58                _init
 .init          0x08019b5c        0x8 c:/program files (x86)/gnu arm embedded toolchain/10 2020-q4-major/bin/../lib/gcc/arm-none-eabi/10.2.1/thumb/v7e-m+dp/hard/crtn.o
 *(.fini)
 .fini          0x08019b64        0x4 c:/program files (x86)/gnu arm embedded toolchain/10 2020-q4-major/bin/../lib/gcc/arm-none-eabi/10.2.1/thumb/v7e-m+dp/hard/crti.o
                0x08019b64                _fini
 .fini          0x08019b68        0x8 c:/program files (x86)/gnu arm embedded toolchain/10 2020-q4-major/bin/../lib/gcc/arm-none-eabi/10.2.1/thumb/v7e-m+dp/hard/crtn.o
                0x08019b70                . = ALIGN (0x4)
                0x08019b70                _etext = .

.vfp11_veneer   0x08019b70        0x0
 .vfp11_veneer  0x08019b70        0x0 linker stubs

.v4_bx          0x08019b70        0x0
 .v4_bx         0x08019b70        0x0 linker stubs

.iplt           0x08019b70        0x0
 .iplt          0x08019b70        0x0 c:/program files (x86)/gnu arm embedded toolchain/10 2020-q4-major/bin/../lib/gcc/arm-none-eabi/10.2.1/thumb/v7e-m+dp/hard/crtbegin.o

.rodata         0x08019b70      0x728
                0x08019b70                . = ALIGN (0x4)
 *(.rodata)
                0x08019b70                _shell_command_start = .
 *(shellCommand)
 shellCommand   0x08019b70       0x10 build/Task_Protocol.o
                0x08019b70                shellCommandtest
 shellCommand   0x08019b80       0x10 build/reboot.o
                0x08019b80                shellCommandReBoot
 shellCommand   0x08019b90      0x120 build/shell.o
                0x08019b90                shellCommandclear
                0x08019ba0                shellCommandkeys
                0x08019bb0                shellCommandvars
                0x08019bc0                shellCommandcmds
                0x08019bd0                shellCommandusers
                0x08019be0                shellCommandhelp
                0x08019bf0                shellKey0x0D000000
                0x08019c00                shellKey0x0A000000
                0x08019c10                shellKey0x1B5B337E
                0x08019c20                shellKey0x7F000000
                0x08019c30                shellKey0x08000000
                0x08019c40                shellKey0x09000000
                0x08019c50                shellKey0x1B5B4400
                0x08019c60                shellKey0x1B5B4300
                0x08019c70                shellKey0x1B5B4200
                0x08019c80                shellKey0x1B5B4100
                0x08019c90                shellCommandsetVar
                0x08019ca0                shellUserDefault
                0x08019cb0                _shell_command_end = .
 *(.rodata*)
 .rodata.shell_test.str1.4
                0x08019cb0       0x14 build/Task_Protocol.o
 .rodata.TaskProtocol_Init.str1.4
                0x08019cc4       0x12 build/Task_Protocol.o
 *fill*         0x08019cd6        0x2 
 .rodata.TaskProtocol_Core.str1.4
                0x08019cd8       0x30 build/Task_Protocol.o
 .rodata.shellCmdtest
                0x08019d08        0x5 build/Task_Protocol.o
                0x08019d08                shellCmdtest
 *fill*         0x08019d0d        0x3 
 .rodata.shellDesctest
                0x08019d10        0xb build/Task_Protocol.o
                0x08019d10                shellDesctest
 *fill*         0x08019d1b        0x1 
 .rodata.Task_Manager_CreateTask.str1.4
                0x08019d1c       0x24 build/Task_Manager.o
 .rodata.BspSPI_Pin_Cfg
                0x08019d40       0x14 build/Bsp_SPI.o
 .rodata.MPU6000_BusPin
                0x08019d54       0x1c build/SrvMPU_Sample.o
 .rodata.MPU6000_CSPin
                0x08019d70        0x7 build/SrvMPU_Sample.o
 *fill*         0x08019d77        0x1 
 .rodata.MPU6000_INTPin
                0x08019d78        0x7 build/SrvMPU_Sample.o
 *fill*         0x08019d7f        0x1 
 .rodata.shellCmdReBoot
                0x08019d80        0x7 build/reboot.o
                0x08019d80                shellCmdReBoot
 *fill*         0x08019d87        0x1 
 .rodata.shellDescReBoot
                0x08019d88        0xe build/reboot.o
                0x08019d88                shellDescReBoot
 *fill*         0x08019d96        0x2 
 .rodata.Os_CreateIdle.str1.4
                0x08019d98        0x5 build/scheduler.o
 *fill*         0x08019d9d        0x3 
 .rodata.Task_Priority_List
                0x08019da0      0x100 build/scheduler.o
 .rodata.shellSetUser.str1.4
                0x08019ea0       0xae build/shell.o
 *fill*         0x08019f4e        0x2 
 .rodata.shellWriteCommandLine.str1.4
                0x08019f50       0x25 build/shell.o
                                 0x29 (size before relaxing)
 *fill*         0x08019f75        0x3 
 .rodata.shellCheckPassword.str1.4
                0x08019f78       0x13 build/shell.o
 *fill*         0x08019f8b        0x1 
 .rodata.shellWriteReturnValue.str1.4
                0x08019f8c       0x20 build/shell.o
 .rodata.shellListItem.str1.4
                0x08019fac       0x1d build/shell.o
 *fill*         0x08019fc9        0x3 
 .rodata.shellListCommand.str1.4
                0x08019fcc       0x12 build/shell.o
 *fill*         0x08019fde        0x2 
 .rodata.shellListVar.str1.4
                0x08019fe0        0xe build/shell.o
 *fill*         0x08019fee        0x2 
 .rodata.shellListUser.str1.4
                0x08019ff0        0xf build/shell.o
 *fill*         0x08019fff        0x1 
 .rodata.shellListKey.str1.4
                0x0801a000        0xe build/shell.o
 *fill*         0x0801a00e        0x2 
 .rodata.shellDeleteCommandLine.str1.4
                0x0801a010        0x4 build/shell.o
 .rodata.shellInit.str1.4
                0x0801a014        0xf build/shell.o
 *fill*         0x0801a023        0x1 
 .rodata.shellHelp.str1.4
                0x0801a024       0x28 build/shell.o
 .rodata.shellShowVar.str1.4
                0x0801a04c        0x6 build/shell.o
 *fill*         0x0801a052        0x2 
 .rodata.shellSetVarValue.str1.4
                0x0801a054       0x30 build/shell.o
 .rodata.shellSetVar.str1.4
                0x0801a084       0x20 build/shell.o
 .rodata.shellCmdDefaultUser
                0x0801a0a4        0xf build/shell.o
                0x0801a0a4                shellCmdDefaultUser
 *fill*         0x0801a0b3        0x1 
 .rodata.shellCmdclear
                0x0801a0b4        0x6 build/shell.o
                0x0801a0b4                shellCmdclear
 *fill*         0x0801a0ba        0x2 
 .rodata.shellCmdcmds
                0x0801a0bc        0x5 build/shell.o
                0x0801a0bc                shellCmdcmds
 *fill*         0x0801a0c1        0x3 
 .rodata.shellCmdhelp
                0x0801a0c4        0x5 build/shell.o
                0x0801a0c4                shellCmdhelp
 *fill*         0x0801a0c9        0x3 
 .rodata.shellCmdkeys
                0x0801a0cc        0x5 build/shell.o
                0x0801a0cc                shellCmdkeys
 *fill*         0x0801a0d1        0x3 
 .rodata.shellCmdsetVar
                0x0801a0d4        0x7 build/shell.o
                0x0801a0d4                shellCmdsetVar
 *fill*         0x0801a0db        0x1 
 .rodata.shellCmdusers
                0x0801a0dc        0x6 build/shell.o
                0x0801a0dc                shellCmdusers
 *fill*         0x0801a0e2        0x2 
 .rodata.shellCmdvars
                0x0801a0e4        0x5 build/shell.o
                0x0801a0e4                shellCmdvars
 *fill*         0x0801a0e9        0x3 
 .rodata.shellDesDefaultUser
                0x0801a0ec        0xd build/shell.o
                0x0801a0ec                shellDesDefaultUser
 *fill*         0x0801a0f9        0x3 
 .rodata.shellDesc0x08000000
                0x0801a0fc        0xa build/shell.o
                0x0801a0fc                shellDesc0x08000000
 *fill*         0x0801a106        0x2 
 .rodata.shellDesc0x09000000
                0x0801a108        0x4 build/shell.o
                0x0801a108                shellDesc0x09000000
 .rodata.shellDesc0x0A000000
                0x0801a10c        0x6 build/shell.o
                0x0801a10c                shellDesc0x0A000000
 *fill*         0x0801a112        0x2 
 .rodata.shellDesc0x0D000000
                0x0801a114        0x6 build/shell.o
                0x0801a114                shellDesc0x0D000000
 *fill*         0x0801a11a        0x2 
 .rodata.shellDesc0x1B5B337E
                0x0801a11c        0x7 build/shell.o
                0x0801a11c                shellDesc0x1B5B337E
 *fill*         0x0801a123        0x1 
 .rodata.shellDesc0x1B5B4100
                0x0801a124        0x3 build/shell.o
                0x0801a124                shellDesc0x1B5B4100
 *fill*         0x0801a127        0x1 
 .rodata.shellDesc0x1B5B4200
                0x0801a128        0x5 build/shell.o
                0x0801a128                shellDesc0x1B5B4200
 *fill*         0x0801a12d        0x3 
 .rodata.shellDesc0x1B5B4300
                0x0801a130        0x6 build/shell.o
                0x0801a130                shellDesc0x1B5B4300
 *fill*         0x0801a136        0x2 
 .rodata.shellDesc0x1B5B4400
                0x0801a138        0x5 build/shell.o
                0x0801a138                shellDesc0x1B5B4400
 *fill*         0x0801a13d        0x3 
 .rodata.shellDesc0x7F000000
                0x0801a140        0xa build/shell.o
                0x0801a140                shellDesc0x7F000000
 *fill*         0x0801a14a        0x2 
 .rodata.shellDescclear
                0x0801a14c        0xe build/shell.o
                0x0801a14c                shellDescclear
 *fill*         0x0801a15a        0x2 
 .rodata.shellDesccmds
                0x0801a15c        0xd build/shell.o
                0x0801a15c                shellDesccmds
 *fill*         0x0801a169        0x3 
 .rodata.shellDeschelp
                0x0801a16c       0x1d build/shell.o
                0x0801a16c                shellDeschelp
 *fill*         0x0801a189        0x3 
 .rodata.shellDesckeys
                0x0801a18c        0xd build/shell.o
                0x0801a18c                shellDesckeys
 *fill*         0x0801a199        0x3 
 .rodata.shellDescsetVar
                0x0801a19c        0x8 build/shell.o
                0x0801a19c                shellDescsetVar
 .rodata.shellDescusers
                0x0801a1a4        0xe build/shell.o
                0x0801a1a4                shellDescusers
 *fill*         0x0801a1b2        0x2 
 .rodata.shellDescvars
                0x0801a1b4        0xd build/shell.o
                0x0801a1b4                shellDescvars
 *fill*         0x0801a1c1        0x3 
 .rodata.shellPasswordDefaultUser
                0x0801a1c4        0x1 build/shell.o
                0x0801a1c4                shellPasswordDefaultUser
 *fill*         0x0801a1c5        0x3 
 .rodata.USBD_FS_ProductStrDescriptor.str1.4
                0x0801a1c8        0x5 build/usbd_desc.o
 *fill*         0x0801a1cd        0x3 
 .rodata.USBD_FS_ManufacturerStrDescriptor.str1.4
                0x0801a1d0        0x7 build/usbd_desc.o
 *fill*         0x0801a1d7        0x1 
 .rodata.USBD_FS_ConfigStrDescriptor.str1.4
                0x0801a1d8        0xb build/usbd_desc.o
 *fill*         0x0801a1e3        0x1 
 .rodata.USBD_FS_InterfaceStrDescriptor.str1.4
                0x0801a1e4        0xe build/usbd_desc.o
 *fill*         0x0801a1f2        0x2 
 .rodata.D1CorePrescTable
                0x0801a1f4       0x10 build/system_stm32h7xx.o
                0x0801a1f4                D1CorePrescTable
 .rodata._svfprintf_r.str1.1
                0x0801a204       0x11 c:/program files (x86)/gnu arm embedded toolchain/10 2020-q4-major/bin/../lib/gcc/arm-none-eabi/10.2.1/../../../../arm-none-eabi/lib/thumb/v7e-m+dp/hard\libc_nano.a(lib_a-nano-svfprintf.o)
 .rodata._printf_i.str1.1
                0x0801a215       0x22 c:/program files (x86)/gnu arm embedded toolchain/10 2020-q4-major/bin/../lib/gcc/arm-none-eabi/10.2.1/../../../../arm-none-eabi/lib/thumb/v7e-m+dp/hard\libc_nano.a(lib_a-nano-vfprintf_i.o)
 *fill*         0x0801a237        0x1 
 .rodata.__sf_fake_stderr
                0x0801a238       0x20 c:/program files (x86)/gnu arm embedded toolchain/10 2020-q4-major/bin/../lib/gcc/arm-none-eabi/10.2.1/../../../../arm-none-eabi/lib/thumb/v7e-m+dp/hard\libc_nano.a(lib_a-findfp.o)
                0x0801a238                __sf_fake_stderr
 .rodata.__sf_fake_stdin
                0x0801a258       0x20 c:/program files (x86)/gnu arm embedded toolchain/10 2020-q4-major/bin/../lib/gcc/arm-none-eabi/10.2.1/../../../../arm-none-eabi/lib/thumb/v7e-m+dp/hard\libc_nano.a(lib_a-findfp.o)
                0x0801a258                __sf_fake_stdin
 .rodata.__sf_fake_stdout
                0x0801a278       0x20 c:/program files (x86)/gnu arm embedded toolchain/10 2020-q4-major/bin/../lib/gcc/arm-none-eabi/10.2.1/../../../../arm-none-eabi/lib/thumb/v7e-m+dp/hard\libc_nano.a(lib_a-findfp.o)
                0x0801a278                __sf_fake_stdout
                0x0801a298                . = ALIGN (0x4)

.ARM.extab
 *(.ARM.extab* .gnu.linkonce.armextab.*)

.ARM            0x0801a298        0x8
                0x0801a298                __exidx_start = .
 *(.ARM.exidx*)
 .ARM.exidx     0x0801a298        0x8 c:/program files (x86)/gnu arm embedded toolchain/10 2020-q4-major/bin/../lib/gcc/arm-none-eabi/10.2.1/thumb/v7e-m+dp/hard\libgcc.a(_udivmoddi4.o)
                0x0801a2a0                __exidx_end = .

.rel.dyn        0x0801a2a0        0x0
 .rel.iplt      0x0801a2a0        0x0 c:/program files (x86)/gnu arm embedded toolchain/10 2020-q4-major/bin/../lib/gcc/arm-none-eabi/10.2.1/thumb/v7e-m+dp/hard/crtbegin.o

.preinit_array  0x0801a2a0        0x0
                0x0801a2a0                PROVIDE (__preinit_array_start = .)
 *(.preinit_array*)
                0x0801a2a0                PROVIDE (__preinit_array_end = .)

.init_array     0x0801a2a0        0x4
                0x0801a2a0                PROVIDE (__init_array_start = .)
 *(SORT_BY_NAME(.init_array.*))
 *(.init_array*)
 .init_array    0x0801a2a0        0x4 c:/program files (x86)/gnu arm embedded toolchain/10 2020-q4-major/bin/../lib/gcc/arm-none-eabi/10.2.1/thumb/v7e-m+dp/hard/crtbegin.o
                0x0801a2a4                PROVIDE (__init_array_end = .)

.fini_array     0x0801a2a4        0x4
                [!provide]                PROVIDE (__fini_array_start = .)
 *(SORT_BY_NAME(.fini_array.*))
 *(.fini_array*)
 .fini_array    0x0801a2a4        0x4 c:/program files (x86)/gnu arm embedded toolchain/10 2020-q4-major/bin/../lib/gcc/arm-none-eabi/10.2.1/thumb/v7e-m+dp/hard/crtbegin.o
                [!provide]                PROVIDE (__fini_array_end = .)
                0x0801a2a8                _sidata = LOADADDR (.data)

.data           0x20000000      0x2a4 load address 0x0801a2a8
                0x20000000                . = ALIGN (0x4)
                0x20000000                _sdata = .
 *(.data)
 *(.data*)
 .data.DebugPin
                0x20000000        0x8 build/debug_util.o
                0x20000000                DebugPin
 .data.Debug_PC3
                0x20000008        0x7 build/Task_Protocol.o
                0x20000008                Debug_PC3
 *fill*         0x2000000f        0x1 
 .data.Debug_PC0
                0x20000010        0x7 build/Task_Manager.o
                0x20000010                Debug_PC0
 *fill*         0x20000017        0x1 
 .data.Debug_PC1
                0x20000018        0x7 build/Task_Manager.o
                0x20000018                Debug_PC1
 *fill*         0x2000001f        0x1 
 .data.Debug_PC2
                0x20000020        0x7 build/Task_Manager.o
                0x20000020                Debug_PC2
 *fill*         0x20000027        0x1 
 .data.Led1     0x20000028        0x7 build/Task_Manager.o
                0x20000028                Led1
 *fill*         0x2000002f        0x1 
 .data.Led2     0x20000030        0x7 build/Task_Manager.o
                0x20000030                Led2
 *fill*         0x20000037        0x1 
 .data.Led3     0x20000038        0x7 build/Task_Manager.o
                0x20000038                Led3
 *fill*         0x2000003f        0x1 
 .data.BspGPIO  0x20000040       0x10 build/Bsp_GPIO.o
                0x20000040                BspGPIO
 .data.BspSPI   0x20000050       0x18 build/Bsp_SPI.o
                0x20000050                BspSPI
 .data.DevMPU6000
                0x20000068       0x20 build/Dev_MPU6000.o
                0x20000068                DevMPU6000
 .data.DevLED   0x20000088        0x8 build/Dev_Led.o
                0x20000088                DevLED
 .data.MPU6000_BusCfg
                0x20000090       0x2c build/SrvMPU_Sample.o
 .data.FS_Desc  0x200000bc       0x1c build/usbd_desc.o
                0x200000bc                FS_Desc
 .data.USBD_FS_DeviceDesc
                0x200000d8       0x12 build/usbd_desc.o
                0x200000d8                USBD_FS_DeviceDesc
 *fill*         0x200000ea        0x2 
 .data.USBD_LangIDDesc
                0x200000ec        0x4 build/usbd_desc.o
                0x200000ec                USBD_LangIDDesc
 .data.USBD_StringSerial
                0x200000f0       0x1a build/usbd_desc.o
                0x200000f0                USBD_StringSerial
 *fill*         0x2000010a        0x2 
 .data.USBD_Interface_fops_FS
                0x2000010c       0x14 build/usbd_cdc_if.o
                0x2000010c                USBD_Interface_fops_FS
 .data.USBD_CDC
                0x20000120       0x38 build/usbd_cdc.o
                0x20000120                USBD_CDC
 .data.USBD_CDC_CfgFSDesc
                0x20000158       0x43 build/usbd_cdc.o
 *fill*         0x2000019b        0x1 
 .data.USBD_CDC_CfgHSDesc
                0x2000019c       0x43 build/usbd_cdc.o
 *fill*         0x200001df        0x1 
 .data.USBD_CDC_DeviceQualifierDesc
                0x200001e0        0xa build/usbd_cdc.o
 *fill*         0x200001ea        0x2 
 .data.USBD_CDC_OtherSpeedCfgDesc
                0x200001ec       0x43 build/usbd_cdc.o
 *fill*         0x2000022f        0x1 
 .data.SystemCoreClock
                0x20000230        0x4 build/system_stm32h7xx.o
                0x20000230                SystemCoreClock
 .data.SystemD2Clock
                0x20000234        0x4 build/system_stm32h7xx.o
                0x20000234                SystemD2Clock
 .data.uwTickFreq
                0x20000238        0x1 build/stm32h7xx_hal.o
                0x20000238                uwTickFreq
 *fill*         0x20000239        0x3 
 .data.uwTickPrio
                0x2000023c        0x4 build/stm32h7xx_hal.o
                0x2000023c                uwTickPrio
 .data._impure_ptr
                0x20000240        0x4 c:/program files (x86)/gnu arm embedded toolchain/10 2020-q4-major/bin/../lib/gcc/arm-none-eabi/10.2.1/../../../../arm-none-eabi/lib/thumb/v7e-m+dp/hard\libc_nano.a(lib_a-impure.o)
                0x20000240                _impure_ptr
 .data.impure_data
                0x20000244       0x60 c:/program files (x86)/gnu arm embedded toolchain/10 2020-q4-major/bin/../lib/gcc/arm-none-eabi/10.2.1/../../../../arm-none-eabi/lib/thumb/v7e-m+dp/hard\libc_nano.a(lib_a-impure.o)
                0x200002a4                . = ALIGN (0x4)
                0x200002a4                _edata = .

.igot.plt       0x200002a4        0x0 load address 0x0801a54c
 .igot.plt      0x200002a4        0x0 c:/program files (x86)/gnu arm embedded toolchain/10 2020-q4-major/bin/../lib/gcc/arm-none-eabi/10.2.1/thumb/v7e-m+dp/hard/crtbegin.o
                0x200002a4                . = ALIGN (0x4)

.bss            0x200002a8     0x232c load address 0x0801a54c
                0x200002a8                _sbss = .
                0x200002a8                __bss_start__ = _sbss
 *(.bss)
 .bss           0x200002a8       0x1c c:/program files (x86)/gnu arm embedded toolchain/10 2020-q4-major/bin/../lib/gcc/arm-none-eabi/10.2.1/thumb/v7e-m+dp/hard/crtbegin.o
 *(.bss*)
 .bss.SrvIMU_InitState
                0x200002c4        0x1 build/Task_Protocol.o
 .bss.task_state
                0x200002c5        0x1 build/Task_Protocol.o
 *fill*         0x200002c6        0x2 
 .bss.Blink_Task
                0x200002c8        0x4 build/Task_Manager.o
                0x200002c8                Blink_Task
 *fill*         0x200002cc        0x4 
 .bss.Lst_Rt.1  0x200002d0        0x8 build/Task_Manager.o
 .bss.Lst_Rt.3  0x200002d8        0x8 build/Task_Manager.o
 .bss.TaskProtocol_Handle
                0x200002e0        0x4 build/Task_Manager.o
                0x200002e0                TaskProtocol_Handle
 .bss.Test2_Task
                0x200002e4        0x4 build/Task_Manager.o
                0x200002e4                Test2_Task
 .bss.Test_Task
                0x200002e8        0x4 build/Task_Manager.o
                0x200002e8                Test_Task
 .bss.led_state.0
                0x200002ec        0x1 build/Task_Manager.o
 .bss.led_state.2
                0x200002ed        0x1 build/Task_Manager.o
 *fill*         0x200002ee        0x2 
 .bss.EXTI_CallBack_List
                0x200002f0       0x40 build/Bsp_GPIO.o
 .bss.test_DevId
                0x20000330        0x1 build/Dev_MPU6000.o
                0x20000330                test_DevId
 *fill*         0x20000331        0x3 
 .bss.MPU6000Obj
                0x20000334       0xa4 build/SrvMPU_Sample.o
 .bss.MPU6000_Bus_Instance
                0x200003d8       0x88 build/SrvMPU_Sample.o
 .bss.MemEnd    0x20000460        0x4 build/mmu.o
                0x20000460                MemEnd
 .bss.MemStart  0x20000464        0x8 build/mmu.o
                0x20000464                MemStart
 .bss.Mem_Monitor
                0x2000046c       0x24 build/mmu.o
                0x2000046c                Mem_Monitor
 .bss.CurRunTsk_Ptr
                0x20000490        0x4 build/scheduler.o
 .bss.CurTsk_TCB
                0x20000494        0x8 build/scheduler.o
 .bss.Idle_Task
                0x2000049c        0x4 build/scheduler.o
 .bss.NxtRunTsk_Ptr
                0x200004a0        0x4 build/scheduler.o
 .bss.NxtTsk_TCB
                0x200004a4        0x8 build/scheduler.o
 .bss.TaskPtr_Map
                0x200004ac      0x100 build/scheduler.o
 .bss.TskCrt_RegList
                0x200005ac       0x18 build/scheduler.o
 .bss.TskHdl_BlkMap
                0x200005c4        0x9 build/scheduler.o
 *fill*         0x200005cd        0x3 
 .bss.TskHdl_PndMap
                0x200005d0        0x9 build/scheduler.o
 *fill*         0x200005d9        0x3 
 .bss.TskHdl_RdyMap
                0x200005dc        0x9 build/scheduler.o
 *fill*         0x200005e5        0x3 
 .bss.idle_cnt.0
                0x200005e8        0x8 build/scheduler.o
 .bss.scheduler_state
                0x200005f0        0x1 build/scheduler.o
 *fill*         0x200005f1        0x3 
 .bss.RunTime   0x200005f4       0x28 build/runtime.o
 *fill*         0x2000061c        0x4 
 .bss.Runtime_DelayUs
                0x20000620        0x8 build/runtime.o
 .bss.sysclock  0x20000628        0x4 build/runtime.o
 .bss.shell     0x2000062c       0x6c build/shell_port.o
 .bss.shell_buff
                0x20000698      0x200 build/shell_port.o
 .bss.buffer.0  0x20000898        0x9 build/shell.o
 *fill*         0x200008a1        0x3 
 .bss.shellList
                0x200008a4       0x14 build/shell.o
 .bss.hUsbDeviceFS
                0x200008b8      0x2d0 build/usb_device.o
                0x200008b8                hUsbDeviceFS
 .bss.USBD_StrDesc
                0x20000b88      0x400 build/usbd_desc.o
                0x20000b88                USBD_StrDesc
 .bss.UserRxBufferFS
                0x20000f88      0x800 build/usbd_cdc_if.o
                0x20000f88                UserRxBufferFS
 .bss.UserTxBufferFS
                0x20001788      0x800 build/usbd_cdc_if.o
                0x20001788                UserTxBufferFS
 .bss.cdc_rec_callback
                0x20001f88        0x4 build/usbd_cdc_if.o
 .bss.hpcd_USB_OTG_FS
                0x20001f8c      0x408 build/usbd_conf.o
                0x20001f8c                hpcd_USB_OTG_FS
 .bss.mem.0     0x20002394      0x220 build/usbd_conf.o
 .bss.cfgidx.0  0x200025b4        0x1 build/usbd_ctlreq.o
 *fill*         0x200025b5        0x3 
 .bss.time_base.0
                0x200025b8        0x4 build/stm32h7xx_it.o
 .bss.uwTick    0x200025bc        0x4 build/stm32h7xx_hal.o
                0x200025bc                uwTick
 .bss.__lock___malloc_recursive_mutex
                0x200025c0        0x1 c:/program files (x86)/gnu arm embedded toolchain/10 2020-q4-major/bin/../lib/gcc/arm-none-eabi/10.2.1/../../../../arm-none-eabi/lib/thumb/v7e-m+dp/hard\libc_nano.a(lib_a-lock.o)
                0x200025c0                __lock___malloc_recursive_mutex
 *fill*         0x200025c1        0x3 
 .bss.__malloc_free_list
                0x200025c4        0x4 c:/program files (x86)/gnu arm embedded toolchain/10 2020-q4-major/bin/../lib/gcc/arm-none-eabi/10.2.1/../../../../arm-none-eabi/lib/thumb/v7e-m+dp/hard\libc_nano.a(lib_a-nano-mallocr.o)
                0x200025c4                __malloc_free_list
 .bss.__malloc_sbrk_start
                0x200025c8        0x4 c:/program files (x86)/gnu arm embedded toolchain/10 2020-q4-major/bin/../lib/gcc/arm-none-eabi/10.2.1/../../../../arm-none-eabi/lib/thumb/v7e-m+dp/hard\libc_nano.a(lib_a-nano-mallocr.o)
                0x200025c8                __malloc_sbrk_start
 .bss.errno     0x200025cc        0x4 c:/program files (x86)/gnu arm embedded toolchain/10 2020-q4-major/bin/../lib/gcc/arm-none-eabi/10.2.1/../../../../arm-none-eabi/lib/thumb/v7e-m+dp/hard\libc_nano.a(lib_a-reent.o)
                0x200025cc                errno
 .bss.heap_end.0
                0x200025d0        0x4 c:/program files (x86)/gnu arm embedded toolchain/10 2020-q4-major/bin/../lib/gcc/arm-none-eabi/10.2.1/../../../../arm-none-eabi/lib/thumb/v7e-m+dp/hard\libnosys.a(sbrk.o)
 *(COMMON)
                0x200025d4                . = ALIGN (0x4)