Archive member included to satisfy reference by file (symbol)

/usr/local/arm-none-eabi-gcc/gcc-arm-none-eabi-10-2020-q4-major/bin/../lib/gcc/arm-none-eabi/10.2.1/../../../../arm-none-eabi/lib/thumb/v7e-m+dp/hard/libc_nano.a(lib_a-exit.o)
                              /usr/local/arm-none-eabi-gcc/gcc-arm-none-eabi-10-2020-q4-major/bin/../lib/gcc/arm-none-eabi/10.2.1/../../../../arm-none-eabi/lib/thumb/v7e-m+dp/hard/crt0.o (exit)
/usr/local/arm-none-eabi-gcc/gcc-arm-none-eabi-10-2020-q4-major/bin/../lib/gcc/arm-none-eabi/10.2.1/../../../../arm-none-eabi/lib/thumb/v7e-m+dp/hard/libc_nano.a(lib_a-impure.o)
                              /usr/local/arm-none-eabi-gcc/gcc-arm-none-eabi-10-2020-q4-major/bin/../lib/gcc/arm-none-eabi/10.2.1/../../../../arm-none-eabi/lib/thumb/v7e-m+dp/hard/libc_nano.a(lib_a-exit.o) (_global_impure_ptr)
/usr/local/arm-none-eabi-gcc/gcc-arm-none-eabi-10-2020-q4-major/bin/../lib/gcc/arm-none-eabi/10.2.1/../../../../arm-none-eabi/lib/thumb/v7e-m+dp/hard/libc_nano.a(lib_a-init.o)
                              /usr/local/arm-none-eabi-gcc/gcc-arm-none-eabi-10-2020-q4-major/bin/../lib/gcc/arm-none-eabi/10.2.1/../../../../arm-none-eabi/lib/thumb/v7e-m+dp/hard/crt0.o (__libc_init_array)
/usr/local/arm-none-eabi-gcc/gcc-arm-none-eabi-10-2020-q4-major/bin/../lib/gcc/arm-none-eabi/10.2.1/../../../../arm-none-eabi/lib/thumb/v7e-m+dp/hard/libc_nano.a(lib_a-memcpy-stub.o)
                              build/Bsp_SPI.o (memcpy)
/usr/local/arm-none-eabi-gcc/gcc-arm-none-eabi-10-2020-q4-major/bin/../lib/gcc/arm-none-eabi/10.2.1/../../../../arm-none-eabi/lib/thumb/v7e-m+dp/hard/libc_nano.a(lib_a-memset.o)
                              /usr/local/arm-none-eabi-gcc/gcc-arm-none-eabi-10-2020-q4-major/bin/../lib/gcc/arm-none-eabi/10.2.1/../../../../arm-none-eabi/lib/thumb/v7e-m+dp/hard/crt0.o (memset)
/usr/local/arm-none-eabi-gcc/gcc-arm-none-eabi-10-2020-q4-major/bin/../lib/gcc/arm-none-eabi/10.2.1/../../../../arm-none-eabi/lib/thumb/v7e-m+dp/hard/libc_nano.a(lib_a-strcmp.o)
                              build/shell.o (strcmp)
/usr/local/arm-none-eabi-gcc/gcc-arm-none-eabi-10-2020-q4-major/bin/../lib/gcc/arm-none-eabi/10.2.1/../../../../arm-none-eabi/lib/thumb/v7e-m+dp/hard/libc_nano.a(lib_a-strlen.o)
                              build/error_log.o (strlen)
/usr/local/arm-none-eabi-gcc/gcc-arm-none-eabi-10-2020-q4-major/bin/../lib/gcc/arm-none-eabi/10.2.1/../../../../arm-none-eabi/lib/thumb/v7e-m+dp/hard/libc_nano.a(lib_a-strncmp.o)
                              build/shell.o (strncmp)
/usr/local/arm-none-eabi-gcc/gcc-arm-none-eabi-10-2020-q4-major/bin/../lib/gcc/arm-none-eabi/10.2.1/../../../../arm-none-eabi/lib/thumb/v7e-m+dp/hard/libc_nano.a(lib_a-vsnprintf.o)
                              build/shell.o (vsnprintf)
/usr/local/arm-none-eabi-gcc/gcc-arm-none-eabi-10-2020-q4-major/bin/../lib/gcc/arm-none-eabi/10.2.1/../../../../arm-none-eabi/lib/thumb/v7e-m+dp/hard/libc_nano.a(lib_a-vsscanf.o)
                              build/shell.o (vsscanf)
/usr/local/arm-none-eabi-gcc/gcc-arm-none-eabi-10-2020-q4-major/bin/../lib/gcc/arm-none-eabi/10.2.1/../../../../arm-none-eabi/lib/thumb/v7e-m+dp/hard/libc_nano.a(lib_a-nano-svfprintf.o)
                              /usr/local/arm-none-eabi-gcc/gcc-arm-none-eabi-10-2020-q4-major/bin/../lib/gcc/arm-none-eabi/10.2.1/../../../../arm-none-eabi/lib/thumb/v7e-m+dp/hard/libc_nano.a(lib_a-vsnprintf.o) (_svfprintf_r)
/usr/local/arm-none-eabi-gcc/gcc-arm-none-eabi-10-2020-q4-major/bin/../lib/gcc/arm-none-eabi/10.2.1/../../../../arm-none-eabi/lib/thumb/v7e-m+dp/hard/libc_nano.a(lib_a-nano-svfscanf.o)
                              /usr/local/arm-none-eabi-gcc/gcc-arm-none-eabi-10-2020-q4-major/bin/../lib/gcc/arm-none-eabi/10.2.1/../../../../arm-none-eabi/lib/thumb/v7e-m+dp/hard/libc_nano.a(lib_a-vsscanf.o) (__ssvfscanf_r)
/usr/local/arm-none-eabi-gcc/gcc-arm-none-eabi-10-2020-q4-major/bin/../lib/gcc/arm-none-eabi/10.2.1/../../../../arm-none-eabi/lib/thumb/v7e-m+dp/hard/libc_nano.a(lib_a-nano-vfprintf_i.o)
                              /usr/local/arm-none-eabi-gcc/gcc-arm-none-eabi-10-2020-q4-major/bin/../lib/gcc/arm-none-eabi/10.2.1/../../../../arm-none-eabi/lib/thumb/v7e-m+dp/hard/libc_nano.a(lib_a-nano-svfprintf.o) (_printf_i)
/usr/local/arm-none-eabi-gcc/gcc-arm-none-eabi-10-2020-q4-major/bin/../lib/gcc/arm-none-eabi/10.2.1/../../../../arm-none-eabi/lib/thumb/v7e-m+dp/hard/libc_nano.a(lib_a-nano-vfscanf_i.o)
                              /usr/local/arm-none-eabi-gcc/gcc-arm-none-eabi-10-2020-q4-major/bin/../lib/gcc/arm-none-eabi/10.2.1/../../../../arm-none-eabi/lib/thumb/v7e-m+dp/hard/libc_nano.a(lib_a-nano-svfscanf.o) (_scanf_chars)
/usr/local/arm-none-eabi-gcc/gcc-arm-none-eabi-10-2020-q4-major/bin/../lib/gcc/arm-none-eabi/10.2.1/../../../../arm-none-eabi/lib/thumb/v7e-m+dp/hard/libc_nano.a(lib_a-sccl.o)
[...]
Memory Configuration

Name             Origin             Length             Attributes
DTCMRAM          0x0000000020000000 0x0000000000020000 xrw
RAM_D1           0x0000000024000000 0x0000000000080000 xrw
RAM_D2           0x0000000030000000 0x0000000000048000 xrw
RAM_D3           0x0000000038000000 0x0000000000010000 xrw
ITCMRAM          0x0000000000000000 0x0000000000010000 xrw
FLASH            0x0000000008000000 0x0000000000200000 xr
*default*        0x0000000000000000 0xffffffffffffffff

Linker script and memory map

LOAD /usr/local/arm-none-eabi-gcc/gcc-arm-none-eabi-10-2020-q4-major/bin/../lib/gcc/arm-none-eabi/10.2.1/thumb/v7e-m+dp/hard/crti.o
LOAD /usr/local/arm-none-eabi-gcc/gcc-arm-none-eabi-10-2020-q4-major/bin/../lib/gcc/arm-none-eabi/10.2.1/thumb/v7e-m+dp/hard/crtbegin.o
LOAD /usr/local/arm-none-eabi-gcc/gcc-arm-none-eabi-10-2020-q4-major/bin/../lib/gcc/arm-none-eabi/10.2.1/../../../../arm-none-eabi/lib/thumb/v7e-m+dp/hard/crt0.o
LOAD build/main.o
LOAD build/debug_util.o
LOAD build/Task_Protocol.o
LOAD build/Task_Manager.o
LOAD build/Task_SensorInertial.o
LOAD build/IO_Definition.o
LOAD build/Bsp_GPIO.o
LOAD build/Bsp_SPI.o
LOAD build/Dev_MPU6000.o
LOAD build/Dev_ICM20602.o
LOAD build/Dev_Led.o
LOAD build/Dev_W25Qxx.o
LOAD build/SrvMPU_Sample.o
LOAD build/queue.o
LOAD build/linked_list.o
LOAD build/binary_tree.o
LOAD build/reboot.o
LOAD build/error_log.o
LOAD build/mmu.o
LOAD build/scheduler.o
LOAD build/kernel.o
LOAD build/runtime.o
LOAD build/DiskIO.o
LOAD build/shell_cmd_list.o
LOAD build/shell_companion.o
LOAD build/shell_ext.o
LOAD build/shell_port.o
LOAD build/shell.o
LOAD build/usb_device.o
LOAD build/usbd_desc.o
LOAD build/usbd_cdc_if.o
LOAD build/usbd_conf.o
LOAD build/usbd_core.o
LOAD build/usbd_ctlreq.o
LOAD build/usbd_ioreq.o
LOAD build/usbd_cdc.o
LOAD build/stm32h7xx_it.o
LOAD build/system_stm32h7xx.o
LOAD build/stm32h7xx_hal.o
LOAD build/stm32h7xx_hal_cortex.o
LOAD build/stm32h7xx_hal_rcc.o
LOAD build/stm32h7xx_hal_tim.o
LOAD build/stm32h7xx_hal_tim_ex.o
LOAD build/stm32h7xx_hal_rcc_ex.o
LOAD build/stm32h7xx_hal_flash.o
LOAD build/stm32h7xx_hal_flash_ex.o
LOAD build/stm32h7xx_hal_gpio.o
LOAD build/stm32h7xx_hal_hsem.o
LOAD build/stm32h7xx_hal_dma.o
LOAD build/stm32h7xx_hal_dma_ex.o
LOAD build/stm32h7xx_hal_mdma.o
LOAD build/stm32h7xx_hal_pwr.o
LOAD build/stm32h7xx_hal_pwr_ex.o
LOAD build/stm32h7xx_hal_i2c.o
LOAD build/stm32h7xx_hal_i2c_ex.o
LOAD build/stm32h7xx_hal_exti.o
LOAD build/stm32h7xx_hal_spi.o
LOAD build/stm32h7xx_hal_pcd.o
LOAD build/stm32h7xx_hal_pcd_ex.o
LOAD build/stm32h7xx_ll_usb.o
LOAD build/startup_stm32h743xx.o
LOAD /usr/local/arm-none-eabi-gcc/gcc-arm-none-eabi-10-2020-q4-major/bin/../lib/gcc/arm-none-eabi/10.2.1/../../../../arm-none-eabi/lib/thumb/v7e-m+dp/hard/libc_nano.a
LOAD /usr/local/arm-none-eabi-gcc/gcc-arm-none-eabi-10-2020-q4-major/bin/../lib/gcc/arm-none-eabi/10.2.1/../../../../arm-none-eabi/lib/thumb/v7e-m+dp/hard/libm.a
LOAD /usr/local/arm-none-eabi-gcc/gcc-arm-none-eabi-10-2020-q4-major/bin/../lib/gcc/arm-none-eabi/10.2.1/../../../../arm-none-eabi/lib/thumb/v7e-m+dp/hard/libnosys.a
START GROUP
LOAD /usr/local/arm-none-eabi-gcc/gcc-arm-none-eabi-10-2020-q4-major/bin/../lib/gcc/arm-none-eabi/10.2.1/thumb/v7e-m+dp/hard/libgcc.a
LOAD /usr/local/arm-none-eabi-gcc/gcc-arm-none-eabi-10-2020-q4-major/bin/../lib/gcc/arm-none-eabi/10.2.1/../../../../arm-none-eabi/lib/thumb/v7e-m+dp/hard/libc_nano.a
END GROUP
START GROUP
LOAD /usr/local/arm-none-eabi-gcc/gcc-arm-none-eabi-10-2020-q4-major/bin/../lib/gcc/arm-none-eabi/10.2.1/thumb/v7e-m+dp/hard/libgcc.a
LOAD /usr/local/arm-none-eabi-gcc/gcc-arm-none-eabi-10-2020-q4-major/bin/../lib/gcc/arm-none-eabi/10.2.1/../../../../arm-none-eabi/lib/thumb/v7e-m+dp/hard/libc_nano.a
END GROUP
LOAD /usr/local/arm-none-eabi-gcc/gcc-arm-none-eabi-10-2020-q4-major/bin/../lib/gcc/arm-none-eabi/10.2.1/thumb/v7e-m+dp/hard/crtend.o
LOAD /usr/local/arm-none-eabi-gcc/gcc-arm-none-eabi-10-2020-q4-major/bin/../lib/gcc/arm-none-eabi/10.2.1/thumb/v7e-m+dp/hard/crtn.o
                0x0000000020020000                _estack = 0x20020000
                0x0000000000001000                _Min_Heap_Size = 0x1000
                0x0000000000000800                _Min_Stack_Size = 0x800

.isr_vector     0x0000000008000000      0x298
                0x0000000008000000                . = ALIGN (0x4)
 *(.isr_vector)
 .isr_vector    0x0000000008000000      0x298 build/startup_stm32h743xx.o
                0x0000000008000000                g_pfnVectors
                0x0000000008000298                . = ALIGN (0x4)

.MMU_Section    0x0000000024000000    0x10000 load address 0x0000000008000298
                0x0000000024000000                . = ALIGN (0x4)
                0x0000000024000000                MMU_s = .
 *(.MMU_Section)
 .MMU_Section   0x0000000024000000    0x10000 build/mmu.o
                0x0000000024000000                Mem_Buff
 *(.MMU_Section*)
                0x0000000024010000                . = ALIGN (0x4)
                0x0000000024010000                MMU_e = .

.text           0x00000000080102a0     0xacf0
                0x00000000080102a0                . = ALIGN (0x4)
 *(.text)
 .text          0x00000000080102a0       0x40 /usr/local/arm-none-eabi-gcc/gcc-arm-none-eabi-10-2020-q4-major/bin/../lib/gcc/arm-none-eabi/10.2.1/thumb/v7e-m+dp/hard/crtbegin.o
 .text          0x00000000080102e0       0x14 /usr/local/arm-none-eabi-gcc/gcc-arm-none-eabi-10-2020-q4-major/bin/../lib/gcc/arm-none-eabi/10.2.1/../../../../arm-none-eabi/lib/thumb/v7e-m+dp/hard/libc_nano.a(lib_a-strcmp.o)
                0x00000000080102e0                strcmp
 .text          0x00000000080102f4       0x10 /usr/local/arm-none-eabi-gcc/gcc-arm-none-eabi-10-2020-q4-major/bin/../lib/gcc/arm-none-eabi/10.2.1/../../../../arm-none-eabi/lib/thumb/v7e-m+dp/hard/libc_nano.a(lib_a-strlen.o)
                0x00000000080102f4                strlen
 *fill*         0x0000000008010304        0xc 
 .text          0x0000000008010310       0xa0 /usr/local/arm-none-eabi-gcc/gcc-arm-none-eabi-10-2020-q4-major/bin/../lib/gcc/arm-none-eabi/10.2.1/../../../../arm-none-eabi/lib/thumb/v7e-m+dp/hard/libc_nano.a(lib_a-memchr.o)
                0x0000000008010310                memchr
 .text          0x00000000080103b0      0x21c /usr/local/arm-none-eabi-gcc/gcc-arm-none-eabi-10-2020-q4-major/bin/../lib/gcc/arm-none-eabi/10.2.1/thumb/v7e-m+dp/hard/libgcc.a(_arm_addsubsf3.o)
                0x00000000080103b0                __aeabi_frsub
                0x00000000080103b8                __aeabi_fsub
                0x00000000080103b8                __subsf3
                0x00000000080103bc                __aeabi_fadd
                0x00000000080103bc                __addsf3
                0x000000000801051c                __aeabi_ui2f
                0x000000000801051c                __floatunsisf
                0x0000000008010524                __floatsisf
                0x0000000008010524                __aeabi_i2f
                0x0000000008010540                __aeabi_ul2f
                0x0000000008010540                __floatundisf
                0x0000000008010550                __aeabi_l2f
                0x0000000008010550                __floatdisf
 .text          0x00000000080105cc       0x30 /usr/local/arm-none-eabi-gcc/gcc-arm-none-eabi-10-2020-q4-major/bin/../lib/gcc/arm-none-eabi/10.2.1/thumb/v7e-m+dp/hard/libgcc.a(_aeabi_uldivmod.o)
                0x00000000080105cc                __aeabi_uldivmod
 .text          0x00000000080105fc      0x2d0 /usr/local/arm-none-eabi-gcc/gcc-arm-none-eabi-10-2020-q4-major/bin/../lib/gcc/arm-none-eabi/10.2.1/thumb/v7e-m+dp/hard/libgcc.a(_udivmoddi4.o)
                0x00000000080105fc                __udivmoddi4
 .text          0x00000000080108cc        0x4 /usr/local/arm-none-eabi-gcc/gcc-arm-none-eabi-10-2020-q4-major/bin/../lib/gcc/arm-none-eabi/10.2.1/thumb/v7e-m+dp/hard/libgcc.a(_dvmd_tls.o)
                0x00000000080108cc                __aeabi_ldiv0
                0x00000000080108cc                __aeabi_idiv0
 *(.text*)
 .text.main     0x00000000080108d0       0x18 build/main.o
                0x00000000080108d0                main
 .text.DebugPin_Init
                0x00000000080108e8       0x28 build/debug_util.o
 .text.DebugPin_Ctl
                0x0000000008010910       0x28 build/debug_util.o
 .text.assert   0x0000000008010938        0x6 build/debug_util.o
                0x0000000008010938                assert
 .text.TaskProtocol_TransBuff
                0x000000000801093e       0x10 build/Task_Protocol.o
 .text.TaskProtocol_Rec
                0x000000000801094e        0x8 build/Task_Protocol.o
 *fill*         0x0000000008010956        0x2 
 .text.shell_test
                0x0000000008010958       0x10 build/Task_Protocol.o
 .text.TaskProtocol_Init
                0x0000000008010968       0x54 build/Task_Protocol.o
                0x0000000008010968                TaskProtocol_Init
 .text.TaskProtocol_Core
                0x00000000080109bc       0x24 build/Task_Protocol.o
                0x00000000080109bc                TaskProtocol_Core
 .text.Test2    0x00000000080109e0       0x78 build/Task_Manager.o
                0x00000000080109e0                Test2
 .text.Task_Manager_Init
                0x0000000008010a58       0xc0 build/Task_Manager.o
                0x0000000008010a58                Task_Manager_Init
 .text.Task_Manager_CreateTask
                0x0000000008010b18       0x80 build/Task_Manager.o
                0x0000000008010b18                Task_Manager_CreateTask
 .text.TaskInertial_Init
                0x0000000008010b98       0x20 build/Task_SensorInertial.o
                0x0000000008010b98                TaskInertial_Init
 .text.TaskInertical_Core
                0x0000000008010bb8       0x3c build/Task_SensorInertial.o
                0x0000000008010bb8                TaskInertical_Core
 .text.BspGPIO_GetEXTI_Index
                0x0000000008010bf4       0x16 build/Bsp_GPIO.o
 *fill*         0x0000000008010c0a        0x2 
 .text.BspGPIO_CLK_Enable
                0x0000000008010c0c      0x1c4 build/Bsp_GPIO.o
 .text.BspGPIO_ResetExtiCallback
                0x0000000008010dd0       0x24 build/Bsp_GPIO.o
 .text.BspGPIO_Write
                0x0000000008010df4        0x8 build/Bsp_GPIO.o
 .text.BspGPIO_Input_Init
                0x0000000008010dfc       0x2e build/Bsp_GPIO.o
 .text.BspGPIO_Output_Init
                0x0000000008010e2a       0x3e build/Bsp_GPIO.o
 .text.BspGPIO_GetExti_IRQnID
                0x0000000008010e68       0xcc build/Bsp_GPIO.o
 .text.BspGPIO_ExtiSetMode
                0x0000000008010f34       0x8e build/Bsp_GPIO.o
 *fill*         0x0000000008010fc2        0x2 
 .text.BspGPIO_ExtiInit
                0x0000000008010fc4       0x74 build/Bsp_GPIO.o
 .text.BspGPIO_Read
                0x0000000008011038       0x1e build/Bsp_GPIO.o
 *fill*         0x0000000008011056        0x2 
 .text.HAL_GPIO_EXTI_Callback
                0x0000000008011058       0x18 build/Bsp_GPIO.o
                0x0000000008011058                HAL_GPIO_EXTI_Callback
 .text.BspSPI_PinCLK_Enable
                0x0000000008011070      0x198 build/Bsp_SPI.o
 .text.BspSPI_Set_CLKSpeed
                0x0000000008011208        0xc build/Bsp_SPI.o
 .text.BspSPI_TransReceive
                0x0000000008011214       0x1a build/Bsp_SPI.o
 .text.BspSPI_Receive
                0x000000000801122e       0x10 build/Bsp_SPI.o
 .text.BspSPI_Trans
                0x000000000801123e       0x10 build/Bsp_SPI.o
 *fill*         0x000000000801124e        0x2 
 .text.BspSPI_DeInit
                0x0000000008011250       0xd4 build/Bsp_SPI.o
 .text.BspSPI_PinInit
                0x0000000008011324       0x68 build/Bsp_SPI.o
 .text.BspSPI_NormalMode_Init
                0x000000000801138c      0x178 build/Bsp_SPI.o
 .text.Dev_MPU6000_Regs_Read
                0x0000000008011504       0x5a build/Dev_MPU6000.o
 .text.DevMPU6000_Reg_Read
                0x000000000801155e       0x54 build/Dev_MPU6000.o
 .text.DevMPU6000_Reg_Write
                0x00000000080115b2       0x4c build/Dev_MPU6000.o
 *fill*         0x00000000080115fe        0x2 
 .text.DevMPU6000_Config
                0x0000000008011600       0xf0 build/Dev_MPU6000.o
 .text.DevMPU6000_PreInit
                0x00000000080116f0        0xc build/Dev_MPU6000.o
 .text.DevMPU6000_Init
                0x00000000080116fc      0x180 build/Dev_MPU6000.o
 .text.DevMPU6000_Get_InitError
                0x000000000801187c        0x6 build/Dev_MPU6000.o
 .text.DevMPU6000_SetDRDY
                0x0000000008011882        0x8 build/Dev_MPU6000.o
 .text.DevMPU6000_GetReady
                0x000000000801188a        0x6 build/Dev_MPU6000.o
 .text.DevMPU6000_SwReset
                0x0000000008011890        0x4 build/Dev_MPU6000.o
 .text.DevMPU6000_Sample
                0x0000000008011894       0xf6 build/Dev_MPU6000.o
 .text.DevMPU6000_Get_Data
                0x000000000801198a       0x18 build/Dev_MPU6000.o
                0x000000000801198a                DevMPU6000_Get_Data
 .text.DevICM20602_Reg_Read
                0x00000000080119a2       0x54 build/Dev_ICM20602.o
 .text.DevICM20602_Reg_Write
                0x00000000080119f6       0x4c build/Dev_ICM20602.o
 *fill*         0x0000000008011a42        0x6 
 .text.DevICM20602_Config
                0x0000000008011a48       0xd0 build/Dev_ICM20602.o
 .text.DevICM20602_PreInit
                0x0000000008011b18        0xc build/Dev_ICM20602.o
 .text.DevICM20602_SetDRDY
                0x0000000008011b24        0x6 build/Dev_ICM20602.o
 .text.DevICM20602_SwReset
                0x0000000008011b2a       0x1a build/Dev_ICM20602.o
 .text.DevICM20602_Init
                0x0000000008011b44      0x19c build/Dev_ICM20602.o
 .text.DevICM20602_GetReady
                0x0000000008011ce0        0x4 build/Dev_ICM20602.o
 .text.DevICM20602_Sample
                0x0000000008011ce4        0xa build/Dev_ICM20602.o
 .text.DevICM20602_Get_Data
                0x0000000008011cee       0x28 build/Dev_ICM20602.o
 .text.DevICM20602_Get_InitError
                0x0000000008011d16        0x6 build/Dev_ICM20602.o
 .text.DevLed_Init
                0x0000000008011d1c       0x28 build/Dev_Led.o
 .text.DevLed_Ctl
                0x0000000008011d44       0x28 build/Dev_Led.o
 .text.SrvIMU_PriIMU_Init
                0x0000000008011d6c       0xe8 build/SrvMPU_Sample.o
 .text.SrvIMU_SecIMU_Init
                0x0000000008011e54       0xe8 build/SrvMPU_Sample.o
 .text.SrvIMU_PriIMU_CS_Ctl
                0x0000000008011f3c       0x1c build/SrvMPU_Sample.o
 .text.SrvIMU_SecIMU_CS_Ctl
                0x0000000008011f58       0x1c build/SrvMPU_Sample.o
 .text.SrvIMU_PriIMU_BusTrans_Rec
                0x0000000008011f74       0x24 build/SrvMPU_Sample.o
 .text.SrvIMU_SecIMU_BusTrans_Rec
                0x0000000008011f98       0x24 build/SrvMPU_Sample.o
 .text.SrvIMU_PriIMU_ExtiCallback
                0x0000000008011fbc       0x24 build/SrvMPU_Sample.o
 .text.SrvIMU_SecIMU_ExtiCallback
                0x0000000008011fe0       0x24 build/SrvMPU_Sample.o
 .text.SrvIMU_PriDev_InitError
                0x0000000008012004       0x10 build/SrvMPU_Sample.o
 .text.SrvIMU_SecDev_InitError
                0x0000000008012014       0x10 build/SrvMPU_Sample.o
 .text.SrvIMU_AllModule_InitError
                0x0000000008012024       0x10 build/SrvMPU_Sample.o
 .text.SrvIMU_PriSample_Undrdy
                0x0000000008012034       0x10 build/SrvMPU_Sample.o
 .text.SrvIMU_SecSample_Undrdy
                0x0000000008012044       0x10 build/SrvMPU_Sample.o
 .text.SrvIMU_Get_Data
                0x0000000008012054       0x84 build/SrvMPU_Sample.o
 .text.SrvIMU_Init
                0x00000000080120d8      0x108 build/SrvMPU_Sample.o
 .text.SrvIMU_Sample
                0x00000000080121e0      0x17c build/SrvMPU_Sample.o
 .text.Queue_UpdateState
                0x000000000801235c       0x38 build/queue.o
 .text.Queue_Push
                0x0000000008012394       0x6a build/queue.o
 .text.Queue_Pop
                0x00000000080123fe       0x74 build/queue.o
 .text.Queue_CheckHead
                0x0000000008012472       0x3c build/queue.o
 .text.Queue_Reset
                0x00000000080124ae       0x3a build/queue.o
 .text.Queue_Create
                0x00000000080124e8       0x4c build/queue.o
 .text.Item_SwapLRData
                0x0000000008012534        0xa build/linked_list.o
 .text.List_Init
                0x000000000801253e       0x1c build/linked_list.o
                0x000000000801253e                List_Init
 .text.List_ItemClear
                0x000000000801255a       0x14 build/linked_list.o
                0x000000000801255a                List_ItemClear
 .text.List_ItemInit
                0x000000000801256e       0x10 build/linked_list.o
                0x000000000801256e                List_ItemInit
 .text.List_InsertToPrv
                0x000000000801257e       0x14 build/linked_list.o
                0x000000000801257e                List_InsertToPrv
 .text.List_InsertByOrder
                0x0000000008012592       0x14 build/linked_list.o
                0x0000000008012592                List_InsertByOrder
 .text.List_InsertByCondition
                0x00000000080125a6       0x3c build/linked_list.o
                0x00000000080125a6                List_InsertByCondition
 .text.List_Insert_Item
                0x00000000080125e2       0x32 build/linked_list.o
                0x00000000080125e2                List_Insert_Item
 .text.List_traverse
                0x0000000008012614       0x5a build/linked_list.o
                0x0000000008012614                List_traverse
 .text.Tree_Get_Depth
                0x000000000801266e       0x2e build/binary_tree.o
 .text.Tree_Get_BalanceFactory
                0x000000000801269c       0x24 build/binary_tree.o
 .text.Tree_Search_RootNode
                0x00000000080126c0       0x16 build/binary_tree.o
 .text.TreeNode_RightRotate
                0x00000000080126d6       0x60 build/binary_tree.o
 .text.TreeNode_LeftRotate
                0x0000000008012736       0x60 build/binary_tree.o
 .text.TreeNoe_Dynamic_Trim
                0x0000000008012796       0x5e build/binary_tree.o
 .text.TreeNode_Insert
                0x00000000080127f4       0x68 build/binary_tree.o
 .text.TreeNode_Update_BalanceFactory
                0x000000000801285c       0x36 build/binary_tree.o
 .text.Tree_RootUpdate
                0x0000000008012892       0x1a build/binary_tree.o
 .text.TreeNode_Init
                0x00000000080128ac       0x4a build/binary_tree.o
 .text.TreeNode_Pre_Traverse
                0x00000000080128f6       0x26 build/binary_tree.o
 .text.TreeNode_Mid_Traverse
                0x000000000801291c       0x24 build/binary_tree.o
 .text.TreeNode_Bck_Traverse
                0x0000000008012940       0x24 build/binary_tree.o
 .text.Tree_Traverse
                0x0000000008012964       0x32 build/binary_tree.o
 .text.TreeNode_Search
                0x0000000008012996       0x6e build/binary_tree.o
 .text.Tree_Search
                0x0000000008012a04       0x40 build/binary_tree.o
 .text.Tree_Insert
                0x0000000008012a44       0x50 build/binary_tree.o
 .text.BinaryTree_Create
                0x0000000008012a94       0x38 build/binary_tree.o
 .text.ReBoot   0x0000000008012acc       0x28 build/reboot.o
                0x0000000008012acc                ReBoot
 .text.Error_InsertPriority_Compare
                0x0000000008012af4       0x40 build/error_log.o
 .text.Error_Search
                0x0000000008012b34       0x52 build/error_log.o
 *fill*         0x0000000008012b86        0x2 
 .text.Error_Register
                0x0000000008012b88       0x34 build/error_log.o
 .text.Error_Set_Callback
                0x0000000008012bbc       0x20 build/error_log.o
 .text.Error_Proc
                0x0000000008012bdc       0x54 build/error_log.o
 .text.Error_Trigger
                0x0000000008012c30       0xdc build/error_log.o
 .text.ErrorTree_Create
                0x0000000008012d0c       0x80 build/error_log.o
 .text.MMU_InsertFreeBlock
                0x0000000008012d8c       0x70 build/mmu.o
 .text.MMU_Init
                0x0000000008012dfc       0x54 build/mmu.o
 .text.MMU_Malloc
                0x0000000008012e50       0xc0 build/mmu.o
                0x0000000008012e50                MMU_Malloc
 .text.MMU_Free
                0x0000000008012f10       0x3c build/mmu.o
                0x0000000008012f10                MMU_Free
 .text.Os_Set_TaskReady
                0x0000000008012f4c       0x38 build/scheduler.o
 .text.Os_Clr_TaskReady
                0x0000000008012f84       0x40 build/scheduler.o
 .text.Os_Clr_TaskPending
                0x0000000008012fc4       0x40 build/scheduler.o
 .text.Os_TaskExit
                0x0000000008013004        0x2 build/scheduler.o
 *fill*         0x0000000008013006        0x2 
 .text.Os_Get_HighestRank_RdyTask
                0x0000000008013008       0x60 build/scheduler.o
 .text.Os_Get_HighestRank_PndTask
                0x0000000008013068       0x60 build/scheduler.o
 .text.Os_TaskPri_Compare
                0x00000000080130c8      0x168 build/scheduler.o
 .text.Os_ResetTask_Data
                0x0000000008013230       0x26 build/scheduler.o
 *fill*         0x0000000008013256        0x2 
 .text.Os_TaskCrtList_TraverseCallback
                0x0000000008013258       0x40 build/scheduler.o
 .text.Os_Idle  0x0000000008013298       0x4c build/scheduler.o
 .text.Os_Set_TaskStk
                0x00000000080132e4       0x58 build/scheduler.o
 .text.Os_CreateIdle
                0x000000000801333c       0x50 build/scheduler.o
 .text.Os_TaskExec
                0x000000000801338c       0xf8 build/scheduler.o
 *fill*         0x0000000008013484        0xc 
 .text.Os_LoadFirstTask
                0x0000000008013490       0x24 build/scheduler.o
                0x0000000008013490                Os_LoadFirstTask
 *fill*         0x00000000080134b4        0xc 
 .text.Os_SwitchContext
                0x00000000080134c0       0x60 build/scheduler.o
                0x00000000080134c0                Os_SwitchContext
 .text.Os_SwitchTaskStack
                0x0000000008013520       0x28 build/scheduler.o
                0x0000000008013520                Os_SwitchTaskStack
 .text.Os_Init  0x0000000008013548       0x8c build/scheduler.o
                0x0000000008013548                Os_Init
 .text.Os_Start
                0x00000000080135d4       0x54 build/scheduler.o
                0x00000000080135d4                Os_Start
 .text.Os_CreateTask
                0x0000000008013628      0x180 build/scheduler.o
                0x0000000008013628                Os_CreateTask
 .text.Os_Set_TaskPending
                0x00000000080137a8       0x3c build/scheduler.o
                0x00000000080137a8                Os_Set_TaskPending
 .text.Os_SchedulerRun
                0x00000000080137e4       0xe0 build/scheduler.o
 .text.Os_TaskCaller
                0x00000000080138c4       0x38 build/scheduler.o
 .text.KernelClock_Init
                0x00000000080138fc      0x16c build/kernel.o
 .text.Kernel_Init
                0x0000000008013a68        0xe build/kernel.o
                0x0000000008013a68                Kernel_Init
 *fill*         0x0000000008013a76        0x2 
 .text.Kernel_LoadProcess
                0x0000000008013a78       0x20 build/kernel.o
                0x0000000008013a78                Kernel_LoadProcess
 .text.Kernel_EnablePendSV
                0x0000000008013a98       0x10 build/kernel.o
                0x0000000008013a98                Kernel_EnablePendSV
 .text.Kernel_TriggerPendSV
                0x0000000008013aa8       0x10 build/kernel.o
                0x0000000008013aa8                Kernel_TriggerPendSV
 .text.Runtime_SetCallback
                0x0000000008013ab8       0x2c build/runtime.o
                0x0000000008013ab8                Runtime_SetCallback
 .text.Runtime_GetTickBase
                0x0000000008013ae4        0xc build/runtime.o
                0x0000000008013ae4                Runtime_GetTickBase
 .text.Runtime_Config
                0x0000000008013af0       0xb0 build/runtime.o
                0x0000000008013af0                Runtime_Config
 .text.Runtime_Start
                0x0000000008013ba0       0x20 build/runtime.o
                0x0000000008013ba0                Runtime_Start
 .text.RuntimeObj_Reset
                0x0000000008013bc0        0xa build/runtime.o
                0x0000000008013bc0                RuntimeObj_Reset
 .text.Get_TimeDifference_Between
                0x0000000008013bca       0x18 build/runtime.o
                0x0000000008013bca                Get_TimeDifference_Between
 *fill*         0x0000000008013be2        0x2 
 .text.Runtime_Tick
                0x0000000008013be4       0x74 build/runtime.o
                0x0000000008013be4                Runtime_Tick
 .text.Get_CurrentRunningUs
                0x0000000008013c58        0xc build/runtime.o
                0x0000000008013c58                Get_CurrentRunningUs
 .text.Get_CurrentRunningMs
                0x0000000008013c64       0x18 build/runtime.o
                0x0000000008013c64                Get_CurrentRunningMs
 .text.Get_CurrentRunningS
                0x0000000008013c7c       0x12 build/runtime.o
                0x0000000008013c7c                Get_CurrentRunningS
 *fill*         0x0000000008013c8e        0x2 
 .text.Get_TargetRunTime
                0x0000000008013c90       0x14 build/runtime.o
                0x0000000008013c90                Get_TargetRunTime
 .text.RuntimeObj_CompareWithCurrent
                0x0000000008013ca4       0x1c build/runtime.o
                0x0000000008013ca4                RuntimeObj_CompareWithCurrent
 .text.Runtime_DelayMs
                0x0000000008013cc0       0x2c build/runtime.o
                0x0000000008013cc0                Runtime_DelayMs
 .text.shellExtNumType
                0x0000000008013cec       0x50 build/shell_ext.o
 .text.shellExtToNum
                0x0000000008013d3c       0x2e build/shell_ext.o
 *fill*         0x0000000008013d6a        0x2 
 .text.shellExtParseChar
                0x0000000008013d6c       0x88 build/shell_ext.o
 .text.shellExtParseString
                0x0000000008013df4       0x40 build/shell_ext.o
 .text.shellExtParseNumber
                0x0000000008013e34       0xbe build/shell_ext.o
 .text.shellExtParseVar
                0x0000000008013ef2       0x1e build/shell_ext.o
 .text.shellExtParsePara
                0x0000000008013f10       0x4a build/shell_ext.o
                0x0000000008013f10                shellExtParsePara
 .text.shellExtRun
                0x0000000008013f5a       0xee build/shell_ext.o
                0x0000000008013f5a                shellExtRun
 .text.Shell_Init
                0x0000000008014048       0x1c build/shell_port.o
                0x0000000008014048                Shell_Init
 .text.shellAdd
                0x0000000008014064       0x24 build/shell.o
 .text.shellStringCopy
                0x0000000008014088       0x16 build/shell.o
 .text.shellStringCompare
                0x000000000801409e       0x2e build/shell.o
 .text.shellGetCommandDesc
                0x00000000080140cc       0x22 build/shell.o
 .text.shellParserParam
                0x00000000080140ee       0x90 build/shell.o
 .text.shellHistoryAdd
                0x000000000801417e       0x70 build/shell.o
 .text.shellRemoveParamQuotes
                0x00000000080141ee       0x54 build/shell.o
 *fill*         0x0000000008014242        0x2 
 .text.shellGetCurrent
                0x0000000008014244       0x2c build/shell.o
                0x0000000008014244                shellGetCurrent
 .text.shellWriteByte
                0x0000000008014270       0x18 build/shell.o
                0x0000000008014270                shellWriteByte
 .text.shellRight
                0x0000000008014288       0x1a build/shell.o
                0x0000000008014288                shellRight
 .text.shellLeft
                0x00000000080142a2       0x18 build/shell.o
                0x00000000080142a2                shellLeft
 .text.shellWriteString
                0x00000000080142ba       0x18 build/shell.o
                0x00000000080142ba                shellWriteString
 *fill*         0x00000000080142d2        0x2 
 .text.shellSetUser
                0x00000000080142d4       0x60 build/shell.o
 .text.shellWriteCommandLine
                0x0000000008014334       0x60 build/shell.o
 .text.shellCheckPassword
                0x0000000008014394       0x40 build/shell.o
 .text.shellClear
                0x00000000080143d4       0x14 build/shell.o
                0x00000000080143d4                shellClear
 .text.shellCheckPermission
                0x00000000080143e8       0x3c build/shell.o
                0x00000000080143e8                shellCheckPermission
 .text.shellToHex
                0x0000000008014424       0x28 build/shell.o
                0x0000000008014424                shellToHex
 .text.shellGetCommandName
                0x000000000801444c       0x44 build/shell.o
 .text.shellToDec
                0x0000000008014490       0x60 build/shell.o
                0x0000000008014490                shellToDec
 .text.shellWriteReturnValue
                0x00000000080144f0       0x7c build/shell.o
 .text.shellListItem
                0x000000000801456c       0x90 build/shell.o
                0x000000000801456c                shellListItem
 .text.shellListCommand
                0x00000000080145fc       0x48 build/shell.o
                0x00000000080145fc                shellListCommand
 .text.shellCmds
                0x0000000008014644        0xe build/shell.o
                0x0000000008014644                shellCmds
 *fill*         0x0000000008014652        0x2 
 .text.shellListVar
                0x0000000008014654       0x4c build/shell.o
                0x0000000008014654                shellListVar
 .text.shellVars
                0x00000000080146a0        0xe build/shell.o
                0x00000000080146a0                shellVars
 *fill*         0x00000000080146ae        0x2 
 .text.shellListUser
                0x00000000080146b0       0x48 build/shell.o
                0x00000000080146b0                shellListUser
 .text.shellUsers
                0x00000000080146f8        0xe build/shell.o
                0x00000000080146f8                shellUsers
 *fill*         0x0000000008014706        0x2 
 .text.shellListKey
                0x0000000008014708       0x48 build/shell.o
                0x0000000008014708                shellListKey
 .text.shellKeys
                0x0000000008014750        0xe build/shell.o
                0x0000000008014750                shellKeys
 .text.shellListAll
                0x000000000801475e        0x8 build/shell.o
                0x000000000801475e                shellListAll
 *fill*         0x0000000008014766        0x2 
 .text.shellDeleteCommandLine
                0x0000000008014768       0x20 build/shell.o
                0x0000000008014768                shellDeleteCommandLine
 .text.shellClearCommandLine
                0x0000000008014788       0x28 build/shell.o
                0x0000000008014788                shellClearCommandLine
 .text.shellHistory
                0x00000000080147b0       0x98 build/shell.o
 .text.shellUp  0x0000000008014848        0xa build/shell.o
                0x0000000008014848                shellUp
 .text.shellDown
                0x0000000008014852        0xc build/shell.o
                0x0000000008014852                shellDown
 *fill*         0x000000000801485e        0x2 
 .text.shellTab
                0x0000000008014860      0x114 build/shell.o
                0x0000000008014860                shellTab
 .text.shellDeleteByte
                0x0000000008014974       0xc4 build/shell.o
                0x0000000008014974                shellDeleteByte
 .text.shellBackspace
                0x0000000008014a38        0xa build/shell.o
                0x0000000008014a38                shellBackspace
 .text.shellDelete
                0x0000000008014a42        0xc build/shell.o
                0x0000000008014a42                shellDelete
 .text.shellSeekCommand
                0x0000000008014a4e       0x72 build/shell.o
                0x0000000008014a4e                shellSeekCommand
 .text.shellInit
                0x0000000008014ac0       0x90 build/shell.o
                0x0000000008014ac0                shellInit
 .text.shellHelp
                0x0000000008014b50       0x7c build/shell.o
                0x0000000008014b50                shellHelp
 .text.shellGetVarValue
                0x0000000008014bcc       0x44 build/shell.o
                0x0000000008014bcc                shellGetVarValue
 .text.shellShowVar
                0x0000000008014c10       0xbc build/shell.o
 .text.shellSetVarValue
                0x0000000008014ccc       0x78 build/shell.o
                0x0000000008014ccc                shellSetVarValue
 .text.shellSetVar
                0x0000000008014d44       0x64 build/shell.o
                0x0000000008014d44                shellSetVar
 .text.shellRunCommand
                0x0000000008014da8       0x94 build/shell.o
                0x0000000008014da8                shellRunCommand
 .text.shellExec
                0x0000000008014e3c       0x68 build/shell.o
                0x0000000008014e3c                shellExec
 .text.shellEnter
                0x0000000008014ea4       0x12 build/shell.o
                0x0000000008014ea4                shellEnter
 *fill*         0x0000000008014eb6        0x2 
 .text.USB_DEVICE_Init
                0x0000000008014eb8       0x54 build/usb_device.o
                0x0000000008014eb8                USB_DEVICE_Init
 .text.USBD_FS_DeviceDescriptor
                0x0000000008014f0c        0xc build/usbd_desc.o
                0x0000000008014f0c                USBD_FS_DeviceDescriptor
 .text.USBD_FS_LangIDStrDescriptor
                0x0000000008014f18        0xc build/usbd_desc.o
                0x0000000008014f18                USBD_FS_LangIDStrDescriptor
 .text.IntToUnicode
                0x0000000008014f24       0x46 build/usbd_desc.o
 *fill*         0x0000000008014f6a        0x2 
 .text.Get_SerialNum
                0x0000000008014f6c       0x38 build/usbd_desc.o
 .text.USBD_FS_SerialStrDescriptor
                0x0000000008014fa4       0x14 build/usbd_desc.o
                0x0000000008014fa4                USBD_FS_SerialStrDescriptor
 .text.USBD_FS_ProductStrDescriptor
                0x0000000008014fb8       0x24 build/usbd_desc.o
                0x0000000008014fb8                USBD_FS_ProductStrDescriptor
 .text.USBD_FS_ManufacturerStrDescriptor
                0x0000000008014fdc       0x1c build/usbd_desc.o
                0x0000000008014fdc                USBD_FS_ManufacturerStrDescriptor
 .text.USBD_FS_ConfigStrDescriptor
                0x0000000008014ff8       0x24 build/usbd_desc.o
                0x0000000008014ff8                USBD_FS_ConfigStrDescriptor
 .text.USBD_FS_InterfaceStrDescriptor
                0x000000000801501c       0x24 build/usbd_desc.o
                0x000000000801501c                USBD_FS_InterfaceStrDescriptor
 .text.CDC_DeInit_FS
                0x0000000008015040        0x4 build/usbd_cdc_if.o
 .text.CDC_Control_FS
                0x0000000008015044        0x4 build/usbd_cdc_if.o
 .text.CDC_TransmitCplt_FS
                0x0000000008015048        0x4 build/usbd_cdc_if.o
 .text.CDC_Receive_FS
                0x000000000801504c       0x2c build/usbd_cdc_if.o
 .text.CDC_Init_FS
                0x0000000008015078       0x28 build/usbd_cdc_if.o
 .text.CDC_Transmit_FS
                0x00000000080150a0       0x2c build/usbd_cdc_if.o
                0x00000000080150a0                CDC_Transmit_FS
 .text.usb_printf
                0x00000000080150cc       0x30 build/usbd_cdc_if.o
                0x00000000080150cc                usb_printf
 .text.usb_setrec_callback
                0x00000000080150fc        0xc build/usbd_cdc_if.o
                0x00000000080150fc                usb_setrec_callback
 .text.HAL_PCD_MspInit
                0x0000000008015108       0xac build/usbd_conf.o
                0x0000000008015108                HAL_PCD_MspInit
 .text.HAL_PCD_SetupStageCallback
                0x00000000080151b4       0x10 build/usbd_conf.o
                0x00000000080151b4                HAL_PCD_SetupStageCallback
 .text.HAL_PCD_DataOutStageCallback
                0x00000000080151c4       0x18 build/usbd_conf.o
                0x00000000080151c4                HAL_PCD_DataOutStageCallback
 .text.HAL_PCD_DataInStageCallback
                0x00000000080151dc       0x16 build/usbd_conf.o
                0x00000000080151dc                HAL_PCD_DataInStageCallback
 .text.HAL_PCD_SOFCallback
                0x00000000080151f2        0xc build/usbd_conf.o
                0x00000000080151f2                HAL_PCD_SOFCallback
 .text.HAL_PCD_ResetCallback
                0x00000000080151fe       0x24 build/usbd_conf.o
                0x00000000080151fe                HAL_PCD_ResetCallback
 *fill*         0x0000000008015222        0x2 
 .text.HAL_PCD_SuspendCallback
                0x0000000008015224       0x30 build/usbd_conf.o
                0x0000000008015224                HAL_PCD_SuspendCallback
 .text.HAL_PCD_ResumeCallback
                0x0000000008015254        0xc build/usbd_conf.o
                0x0000000008015254                HAL_PCD_ResumeCallback
 .text.HAL_PCD_ISOOUTIncompleteCallback
                0x0000000008015260        0xc build/usbd_conf.o
                0x0000000008015260                HAL_PCD_ISOOUTIncompleteCallback
 .text.HAL_PCD_ISOINIncompleteCallback
                0x000000000801526c        0xc build/usbd_conf.o
                0x000000000801526c                HAL_PCD_ISOINIncompleteCallback
 .text.HAL_PCD_ConnectCallback
                0x0000000008015278        0xc build/usbd_conf.o
                0x0000000008015278                HAL_PCD_ConnectCallback
 .text.HAL_PCD_DisconnectCallback
                0x0000000008015284        0xc build/usbd_conf.o
                0x0000000008015284                HAL_PCD_DisconnectCallback
 .text.USBD_LL_Init
                0x0000000008015290       0x68 build/usbd_conf.o
                0x0000000008015290                USBD_LL_Init
 .text.USBD_LL_IsStallEP
                0x00000000080152f8       0x2e build/usbd_conf.o
                0x00000000080152f8                USBD_LL_IsStallEP
 .text.USBD_LL_GetRxDataSize
                0x0000000008015326        0xc build/usbd_conf.o
                0x0000000008015326                USBD_LL_GetRxDataSize
 *fill*         0x0000000008015332        0x2 
 .text.USBD_static_malloc
                0x0000000008015334        0x8 build/usbd_conf.o
                0x0000000008015334                USBD_static_malloc
 .text.USBD_static_free
                0x000000000801533c        0x2 build/usbd_conf.o
                0x000000000801533c                USBD_static_free
 .text.USBD_Get_USB_Status
                0x000000000801533e       0x14 build/usbd_conf.o
                0x000000000801533e                USBD_Get_USB_Status
 .text.USBD_LL_Start
                0x0000000008015352       0x10 build/usbd_conf.o
                0x0000000008015352                USBD_LL_Start
 .text.USBD_LL_OpenEP
                0x0000000008015362       0x16 build/usbd_conf.o
                0x0000000008015362                USBD_LL_OpenEP
 .text.USBD_LL_CloseEP
                0x0000000008015378       0x10 build/usbd_conf.o
                0x0000000008015378                USBD_LL_CloseEP
 .text.USBD_LL_StallEP
                0x0000000008015388       0x10 build/usbd_conf.o
                0x0000000008015388                USBD_LL_StallEP
 .text.USBD_LL_ClearStallEP
                0x0000000008015398       0x10 build/usbd_conf.o
                0x0000000008015398                USBD_LL_ClearStallEP
 .text.USBD_LL_SetUSBAddress
                0x00000000080153a8       0x10 build/usbd_conf.o
                0x00000000080153a8                USBD_LL_SetUSBAddress
 .text.USBD_LL_Transmit
                0x00000000080153b8       0x10 build/usbd_conf.o
                0x00000000080153b8                USBD_LL_Transmit
 .text.USBD_LL_PrepareReceive
                0x00000000080153c8       0x10 build/usbd_conf.o
                0x00000000080153c8                USBD_LL_PrepareReceive
 .text.USBD_Init
                0x00000000080153d8       0x38 build/usbd_core.o
                0x00000000080153d8                USBD_Init
 .text.USBD_RegisterClass
                0x0000000008015410       0x28 build/usbd_core.o
                0x0000000008015410                USBD_RegisterClass
 .text.USBD_Start
                0x0000000008015438        0x8 build/usbd_core.o
                0x0000000008015438                USBD_Start
 .text.USBD_SetClassConfig
                0x0000000008015440       0x12 build/usbd_core.o
                0x0000000008015440                USBD_SetClassConfig
 .text.USBD_ClrClassConfig
                0x0000000008015452       0x10 build/usbd_core.o
                0x0000000008015452                USBD_ClrClassConfig
 .text.USBD_LL_SetupStage
                0x0000000008015462       0x58 build/usbd_core.o
                0x0000000008015462                USBD_LL_SetupStage
 .text.USBD_LL_DataOutStage
                0x00000000080154ba       0x72 build/usbd_core.o
                0x00000000080154ba                USBD_LL_DataOutStage
 .text.USBD_LL_DataInStage
                0x000000000801552c       0xb8 build/usbd_core.o
                0x000000000801552c                USBD_LL_DataInStage
 .text.USBD_LL_Reset
                0x00000000080155e4       0x52 build/usbd_core.o
                0x00000000080155e4                USBD_LL_Reset
 .text.USBD_LL_SetSpeed
                0x0000000008015636        0x6 build/usbd_core.o
                0x0000000008015636                USBD_LL_SetSpeed
 .text.USBD_LL_Suspend
                0x000000000801563c       0x12 build/usbd_core.o
                0x000000000801563c                USBD_LL_Suspend
 .text.USBD_LL_Resume
                0x000000000801564e       0x16 build/usbd_core.o
                0x000000000801564e                USBD_LL_Resume
 .text.USBD_LL_SOF
                0x0000000008015664       0x1c build/usbd_core.o
                0x0000000008015664                USBD_LL_SOF
 .text.USBD_LL_IsoINIncomplete
                0x0000000008015680        0x4 build/usbd_core.o
                0x0000000008015680                USBD_LL_IsoINIncomplete
 .text.USBD_LL_IsoOUTIncomplete
                0x0000000008015684        0x4 build/usbd_core.o
                0x0000000008015684                USBD_LL_IsoOUTIncomplete
 .text.USBD_LL_DevConnected
                0x0000000008015688        0x4 build/usbd_core.o
                0x0000000008015688                USBD_LL_DevConnected
 .text.USBD_LL_DevDisconnected
                0x000000000801568c       0x18 build/usbd_core.o
                0x000000000801568c                USBD_LL_DevDisconnected
 .text.USBD_GetLen
                0x00000000080156a4       0x14 build/usbd_ctlreq.o
 .text.USBD_SetFeature
                0x00000000080156b8       0x14 build/usbd_ctlreq.o
 .text.USBD_ParseSetupRequest
                0x00000000080156cc       0x28 build/usbd_ctlreq.o
                0x00000000080156cc                USBD_ParseSetupRequest
 .text.USBD_CtlError
                0x00000000080156f4       0x14 build/usbd_ctlreq.o
                0x00000000080156f4                USBD_CtlError
 .text.USBD_GetDescriptor
                0x0000000008015708      0x18a build/usbd_ctlreq.o
 .text.USBD_SetAddress
                0x0000000008015892       0x4e build/usbd_ctlreq.o
 .text.USBD_SetConfig
                0x00000000080158e0       0xc4 build/usbd_ctlreq.o
 .text.USBD_GetConfig
                0x00000000080159a4       0x3e build/usbd_ctlreq.o
 .text.USBD_GetStatus
                0x00000000080159e2       0x38 build/usbd_ctlreq.o
 .text.USBD_ClrFeature
                0x0000000008015a1a       0x26 build/usbd_ctlreq.o
 .text.USBD_StdDevReq
                0x0000000008015a40       0x70 build/usbd_ctlreq.o
                0x0000000008015a40                USBD_StdDevReq
 .text.USBD_StdItfReq
                0x0000000008015ab0       0x68 build/usbd_ctlreq.o
                0x0000000008015ab0                USBD_StdItfReq
 .text.USBD_StdEPReq
                0x0000000008015b18      0x1ea build/usbd_ctlreq.o
                0x0000000008015b18                USBD_StdEPReq
 .text.USBD_GetString
                0x0000000008015d02       0x3a build/usbd_ctlreq.o
                0x0000000008015d02                USBD_GetString
 .text.USBD_CtlSendData
                0x0000000008015d3c       0x1a build/usbd_ioreq.o
                0x0000000008015d3c                USBD_CtlSendData
 .text.USBD_CtlContinueSendData
                0x0000000008015d56       0x10 build/usbd_ioreq.o
                0x0000000008015d56                USBD_CtlContinueSendData
 .text.USBD_CtlPrepareRx
                0x0000000008015d66       0x1e build/usbd_ioreq.o
                0x0000000008015d66                USBD_CtlPrepareRx
 .text.USBD_CtlContinueRx
                0x0000000008015d84       0x10 build/usbd_ioreq.o
                0x0000000008015d84                USBD_CtlContinueRx
 .text.USBD_CtlSendStatus
                0x0000000008015d94       0x16 build/usbd_ioreq.o
                0x0000000008015d94                USBD_CtlSendStatus
 .text.USBD_CtlReceiveStatus
                0x0000000008015daa       0x16 build/usbd_ioreq.o
                0x0000000008015daa                USBD_CtlReceiveStatus
 .text.USBD_CDC_EP0_RxReady
                0x0000000008015dc0       0x28 build/usbd_cdc.o
 .text.USBD_CDC_GetFSCfgDesc
                0x0000000008015de8        0xc build/usbd_cdc.o
 .text.USBD_CDC_GetHSCfgDesc
                0x0000000008015df4        0xc build/usbd_cdc.o
 .text.USBD_CDC_GetOtherSpeedCfgDesc
                0x0000000008015e00        0xc build/usbd_cdc.o
 .text.USBD_CDC_GetDeviceQualifierDescriptor
                0x0000000008015e0c        0xc build/usbd_cdc.o
                0x0000000008015e0c                USBD_CDC_GetDeviceQualifierDescriptor
 .text.USBD_CDC_DataOut
                0x0000000008015e18       0x2a build/usbd_cdc.o
 .text.USBD_CDC_DataIn
                0x0000000008015e42       0x64 build/usbd_cdc.o
 .text.USBD_CDC_Setup
                0x0000000008015ea6       0xe0 build/usbd_cdc.o
 .text.USBD_CDC_DeInit
                0x0000000008015f86       0x48 build/usbd_cdc.o
 .text.USBD_CDC_Init
                0x0000000008015fce       0xc2 build/usbd_cdc.o
 .text.USBD_CDC_RegisterInterface
                0x0000000008016090        0xe build/usbd_cdc.o
                0x0000000008016090                USBD_CDC_RegisterInterface
 .text.USBD_CDC_SetTxBuffer
                0x000000000801609e       0x10 build/usbd_cdc.o
                0x000000000801609e                USBD_CDC_SetTxBuffer
 .text.USBD_CDC_SetRxBuffer
                0x00000000080160ae        0xc build/usbd_cdc.o
                0x00000000080160ae                USBD_CDC_SetRxBuffer
 .text.USBD_CDC_TransmitPacket
                0x00000000080160ba       0x34 build/usbd_cdc.o
                0x00000000080160ba                USBD_CDC_TransmitPacket
 .text.USBD_CDC_ReceivePacket
                0x00000000080160ee       0x32 build/usbd_cdc.o
                0x00000000080160ee                USBD_CDC_ReceivePacket
 .text.NMI_Handler
                0x0000000008016120        0x2 build/stm32h7xx_it.o
                0x0000000008016120                NMI_Handler
 .text.HardFault_Handler
                0x0000000008016122        0x2 build/stm32h7xx_it.o
                0x0000000008016122                HardFault_Handler
 .text.MemManage_Handler
                0x0000000008016124        0x2 build/stm32h7xx_it.o
                0x0000000008016124                MemManage_Handler
 .text.BusFault_Handler
                0x0000000008016126        0x2 build/stm32h7xx_it.o
                0x0000000008016126                BusFault_Handler
 .text.UsageFault_Handler
                0x0000000008016128        0x2 build/stm32h7xx_it.o
                0x0000000008016128                UsageFault_Handler
 .text.SVC_Handler
                0x000000000801612a        0xc build/stm32h7xx_it.o
                0x000000000801612a                SVC_Handler
 .text.DebugMon_Handler
                0x0000000008016136        0x2 build/stm32h7xx_it.o
                0x0000000008016136                DebugMon_Handler
 .text.PendSV_Handler
                0x0000000008016138        0x8 build/stm32h7xx_it.o
                0x0000000008016138                PendSV_Handler
 .text.SysTick_Handler
                0x0000000008016140       0x54 build/stm32h7xx_it.o
                0x0000000008016140                SysTick_Handler
 .text.OTG_FS_IRQHandler
                0x0000000008016194       0x10 build/stm32h7xx_it.o
                0x0000000008016194                OTG_FS_IRQHandler
 .text.EXTI0_IRQHandler
                0x00000000080161a4        0xa build/stm32h7xx_it.o
                0x00000000080161a4                EXTI0_IRQHandler
 .text.EXTI1_IRQHandler
                0x00000000080161ae        0xa build/stm32h7xx_it.o
                0x00000000080161ae                EXTI1_IRQHandler
 .text.EXTI2_IRQHandler
                0x00000000080161b8        0xa build/stm32h7xx_it.o
                0x00000000080161b8                EXTI2_IRQHandler
 .text.EXTI3_IRQHandler
                0x00000000080161c2        0xa build/stm32h7xx_it.o
                0x00000000080161c2                EXTI3_IRQHandler
 .text.EXTI4_IRQHandler
                0x00000000080161cc        0xa build/stm32h7xx_it.o
                0x00000000080161cc                EXTI4_IRQHandler
 .text.EXTI9_5_IRQHandler
                0x00000000080161d6       0x26 build/stm32h7xx_it.o
                0x00000000080161d6                EXTI9_5_IRQHandler
 .text.EXTI15_10_IRQHandler
                0x00000000080161fc       0x34 build/stm32h7xx_it.o
                0x00000000080161fc                EXTI15_10_IRQHandler
 .text.SystemInit
                0x0000000008016230       0xcc build/system_stm32h7xx.o
                0x0000000008016230                SystemInit
 .text.SystemCoreClockUpdate
                0x00000000080162fc      0x214 build/system_stm32h7xx.o
                0x00000000080162fc                SystemCoreClockUpdate
 .text.HAL_MspInit
                0x0000000008016510        0x2 build/stm32h7xx_hal.o
                0x0000000008016510                HAL_MspInit
 *fill*         0x0000000008016512        0x2 
 .text.HAL_InitTick
                0x0000000008016514       0x50 build/stm32h7xx_hal.o
                0x0000000008016514                HAL_InitTick
 .text.HAL_Init
                0x0000000008016564       0x5c build/stm32h7xx_hal.o
                0x0000000008016564                HAL_Init
 .text.HAL_IncTick
                0x00000000080165c0       0x18 build/stm32h7xx_hal.o
                0x00000000080165c0                HAL_IncTick
 .text.HAL_GetTick
                0x00000000080165d8        0xc build/stm32h7xx_hal.o
                0x00000000080165d8                HAL_GetTick
 .text.HAL_Delay
                0x00000000080165e4       0x28 build/stm32h7xx_hal.o
                0x00000000080165e4                HAL_Delay
 .text.HAL_GetREVID
                0x000000000801660c        0xc build/stm32h7xx_hal.o
                0x000000000801660c                HAL_GetREVID
 .text.HAL_NVIC_SetPriorityGrouping
                0x0000000008016618       0x24 build/stm32h7xx_hal_cortex.o
                0x0000000008016618                HAL_NVIC_SetPriorityGrouping
 .text.HAL_NVIC_SetPriority
                0x000000000801663c       0x6c build/stm32h7xx_hal_cortex.o
                0x000000000801663c                HAL_NVIC_SetPriority
 .text.HAL_NVIC_EnableIRQ
                0x00000000080166a8       0x1c build/stm32h7xx_hal_cortex.o
                0x00000000080166a8                HAL_NVIC_EnableIRQ
 .text.HAL_NVIC_DisableIRQ
                0x00000000080166c4       0x24 build/stm32h7xx_hal_cortex.o
                0x00000000080166c4                HAL_NVIC_DisableIRQ
 .text.HAL_SYSTICK_Config
                0x00000000080166e8       0x28 build/stm32h7xx_hal_cortex.o
                0x00000000080166e8                HAL_SYSTICK_Config
 .text.HAL_RCC_OscConfig
                0x0000000008016710      0x674 build/stm32h7xx_hal_rcc.o
                0x0000000008016710                HAL_RCC_OscConfig
 .text.HAL_RCC_GetSysClockFreq
                0x0000000008016d84      0x1f4 build/stm32h7xx_hal_rcc.o
                0x0000000008016d84                HAL_RCC_GetSysClockFreq
 .text.HAL_RCC_ClockConfig
                0x0000000008016f78      0x294 build/stm32h7xx_hal_rcc.o
                0x0000000008016f78                HAL_RCC_ClockConfig
 .text.HAL_RCC_GetHCLKFreq
                0x000000000801720c       0x44 build/stm32h7xx_hal_rcc.o
                0x000000000801720c                HAL_RCC_GetHCLKFreq
 .text.RCCEx_PLL2_Config
                0x0000000008017250      0x10c build/stm32h7xx_hal_rcc_ex.o
 .text.RCCEx_PLL3_Config
                0x000000000801735c      0x10c build/stm32h7xx_hal_rcc_ex.o
 .text.HAL_RCCEx_PeriphCLKConfig
                0x0000000008017468      0x9c4 build/stm32h7xx_hal_rcc_ex.o
                0x0000000008017468                HAL_RCCEx_PeriphCLKConfig
 .text.HAL_GPIO_Init
                0x0000000008017e2c      0x220 build/stm32h7xx_hal_gpio.o
                0x0000000008017e2c                HAL_GPIO_Init
 .text.HAL_GPIO_DeInit
                0x000000000801804c      0x150 build/stm32h7xx_hal_gpio.o
                0x000000000801804c                HAL_GPIO_DeInit
 .text.HAL_GPIO_ReadPin
                0x000000000801819c        0xe build/stm32h7xx_hal_gpio.o
                0x000000000801819c                HAL_GPIO_ReadPin
 .text.HAL_GPIO_WritePin
                0x00000000080181aa        0xc build/stm32h7xx_hal_gpio.o
                0x00000000080181aa                HAL_GPIO_WritePin
 .text.HAL_GPIO_EXTI_IRQHandler
                0x00000000080181b6       0x1e build/stm32h7xx_hal_gpio.o
                0x00000000080181b6                HAL_GPIO_EXTI_IRQHandler
 .text.HAL_PWREx_ConfigSupply
                0x00000000080181d4       0x54 build/stm32h7xx_hal_pwr_ex.o
                0x00000000080181d4                HAL_PWREx_ConfigSupply
 .text.HAL_PWREx_EnableUSBVoltageDetector
                0x0000000008018228       0x10 build/stm32h7xx_hal_pwr_ex.o
                0x0000000008018228                HAL_PWREx_EnableUSBVoltageDetector
 .text.SPI_CloseTransfer
                0x0000000008018238       0xd0 build/stm32h7xx_hal_spi.o
 .text.SPI_GetPacketSize
                0x0000000008018308       0x10 build/stm32h7xx_hal_spi.o
 .text.SPI_WaitOnFlagUntilTimeout
                0x0000000008018318       0x48 build/stm32h7xx_hal_spi.o
 .text.HAL_SPI_MspInit
                0x0000000008018360        0x2 build/stm32h7xx_hal_spi.o
                0x0000000008018360                HAL_SPI_MspInit
 *fill*         0x0000000008018362        0x2 
 .text.HAL_SPI_Init
                0x0000000008018364      0x168 build/stm32h7xx_hal_spi.o
                0x0000000008018364                HAL_SPI_Init
 .text.HAL_SPI_Transmit
                0x00000000080184cc      0x2c4 build/stm32h7xx_hal_spi.o
                0x00000000080184cc                HAL_SPI_Transmit
 .text.HAL_SPI_TransmitReceive
                0x0000000008018790      0x420 build/stm32h7xx_hal_spi.o
                0x0000000008018790                HAL_SPI_TransmitReceive
 .text.HAL_SPI_Receive
                0x0000000008018bb0      0x2b8 build/stm32h7xx_hal_spi.o
                0x0000000008018bb0                HAL_SPI_Receive
 .text.PCD_WriteEmptyTxFifo
                0x0000000008018e68       0xd0 build/stm32h7xx_hal_pcd.o
 .text.HAL_PCD_Init
                0x0000000008018f38      0x13c build/stm32h7xx_hal_pcd.o
                0x0000000008018f38                HAL_PCD_Init
 .text.HAL_PCD_Start
                0x0000000008019074       0x42 build/stm32h7xx_hal_pcd.o
                0x0000000008019074                HAL_PCD_Start
 *fill*         0x00000000080190b6        0x2 
 .text.PCD_EP_OutXfrComplete_int
                0x00000000080190b8       0xf4 build/stm32h7xx_hal_pcd.o
 .text.PCD_EP_OutSetupPacket_int
                0x00000000080191ac       0x50 build/stm32h7xx_hal_pcd.o
 .text.HAL_PCD_IRQHandler
                0x00000000080191fc      0x4b6 build/stm32h7xx_hal_pcd.o
                0x00000000080191fc                HAL_PCD_IRQHandler
 .text.HAL_PCD_SetAddress
                0x00000000080196b2       0x28 build/stm32h7xx_hal_pcd.o
                0x00000000080196b2                HAL_PCD_SetAddress
 .text.HAL_PCD_EP_Open
                0x00000000080196da       0x8a build/stm32h7xx_hal_pcd.o
                0x00000000080196da                HAL_PCD_EP_Open
 .text.HAL_PCD_EP_Close
                0x0000000008019764       0x72 build/stm32h7xx_hal_pcd.o
                0x0000000008019764                HAL_PCD_EP_Close
 .text.HAL_PCD_EP_Receive
                0x00000000080197d6       0x5e build/stm32h7xx_hal_pcd.o
                0x00000000080197d6                HAL_PCD_EP_Receive
 .text.HAL_PCD_EP_GetRxCount
                0x0000000008019834       0x12 build/stm32h7xx_hal_pcd.o
                0x0000000008019834                HAL_PCD_EP_GetRxCount
 .text.HAL_PCD_EP_Transmit
                0x0000000008019846       0x5e build/stm32h7xx_hal_pcd.o
                0x0000000008019846                HAL_PCD_EP_Transmit
 .text.HAL_PCD_EP_SetStall
                0x00000000080198a4       0x88 build/stm32h7xx_hal_pcd.o
                0x00000000080198a4                HAL_PCD_EP_SetStall
 .text.HAL_PCD_EP_ClrStall
                0x000000000801992c       0x76 build/stm32h7xx_hal_pcd.o
                0x000000000801992c                HAL_PCD_EP_ClrStall
 .text.HAL_PCDEx_SetTxFiFo
                0x00000000080199a2       0x4c build/stm32h7xx_hal_pcd_ex.o
                0x00000000080199a2                HAL_PCDEx_SetTxFiFo
 .text.HAL_PCDEx_SetRxFiFo
                0x00000000080199ee        0x8 build/stm32h7xx_hal_pcd_ex.o
                0x00000000080199ee                HAL_PCDEx_SetRxFiFo
 *fill*         0x00000000080199f6        0x2 
 .text.HAL_PCDEx_ActivateLPM
                0x00000000080199f8       0x28 build/stm32h7xx_hal_pcd_ex.o
                0x00000000080199f8                HAL_PCDEx_ActivateLPM
 .text.HAL_PCDEx_LPM_Callback
                0x0000000008019a20        0x2 build/stm32h7xx_hal_pcd_ex.o
                0x0000000008019a20                HAL_PCDEx_LPM_Callback
 *fill*         0x0000000008019a22        0x2 
 .text.USB_CoreReset
                0x0000000008019a24       0x4c build/stm32h7xx_ll_usb.o
 .text.USB_CoreInit
                0x0000000008019a70       0x9c build/stm32h7xx_ll_usb.o
                0x0000000008019a70                USB_CoreInit
 .text.USB_SetTurnaroundTime
                0x0000000008019b0c       0xe4 build/stm32h7xx_ll_usb.o
                0x0000000008019b0c                USB_SetTurnaroundTime
 .text.USB_EnableGlobalInt
                0x0000000008019bf0        0xc build/stm32h7xx_ll_usb.o
                0x0000000008019bf0                USB_EnableGlobalInt
 .text.USB_DisableGlobalInt
                0x0000000008019bfc        0xc build/stm32h7xx_ll_usb.o
                0x0000000008019bfc                USB_DisableGlobalInt
 .text.USB_FlushTxFifo
                0x0000000008019c08       0x4c build/stm32h7xx_ll_usb.o
                0x0000000008019c08                USB_FlushTxFifo
 .text.USB_FlushRxFifo
                0x0000000008019c54       0x48 build/stm32h7xx_ll_usb.o
                0x0000000008019c54                USB_FlushRxFifo
 .text.USB_SetDevSpeed
                0x0000000008019c9c        0xe build/stm32h7xx_ll_usb.o
                0x0000000008019c9c                USB_SetDevSpeed
 *fill*         0x0000000008019caa        0x2 
 .text.USB_DevInit
                0x0000000008019cac      0x188 build/stm32h7xx_ll_usb.o
                0x0000000008019cac                USB_DevInit
 .text.USB_GetDevSpeed
                0x0000000008019e34       0x1e build/stm32h7xx_ll_usb.o
                0x0000000008019e34                USB_GetDevSpeed
 *fill*         0x0000000008019e52        0x2 
 .text.USB_ActivateEndpoint
                0x0000000008019e54       0x9c build/stm32h7xx_ll_usb.o
                0x0000000008019e54                USB_ActivateEndpoint
 .text.USB_DeactivateEndpoint
                0x0000000008019ef0       0xe0 build/stm32h7xx_ll_usb.o
                0x0000000008019ef0                USB_DeactivateEndpoint
 .text.USB_EP0StartXfer
                0x0000000008019fd0      0x11c build/stm32h7xx_ll_usb.o
                0x0000000008019fd0                USB_EP0StartXfer
 .text.USB_WritePacket
                0x000000000801a0ec       0x2e build/stm32h7xx_ll_usb.o
                0x000000000801a0ec                USB_WritePacket
 *fill*         0x000000000801a11a        0x2 
 .text.USB_EPStartXfer
                0x000000000801a11c      0x234 build/stm32h7xx_ll_usb.o
                0x000000000801a11c                USB_EPStartXfer
 .text.USB_ReadPacket
                0x000000000801a350       0x54 build/stm32h7xx_ll_usb.o
                0x000000000801a350                USB_ReadPacket
 .text.USB_EPSetStall
                0x000000000801a3a4       0x5a build/stm32h7xx_ll_usb.o
                0x000000000801a3a4                USB_EPSetStall
 .text.USB_EPClearStall
                0x000000000801a3fe       0x5c build/stm32h7xx_ll_usb.o
                0x000000000801a3fe                USB_EPClearStall
 .text.USB_SetDevAddress
                0x000000000801a45a       0x20 build/stm32h7xx_ll_usb.o
                0x000000000801a45a                USB_SetDevAddress
 .text.USB_DevConnect
                0x000000000801a47a       0x1c build/stm32h7xx_ll_usb.o
                0x000000000801a47a                USB_DevConnect
 .text.USB_DevDisconnect
                0x000000000801a496       0x1c build/stm32h7xx_ll_usb.o
                0x000000000801a496                USB_DevDisconnect
 .text.USB_ReadInterrupts
                0x000000000801a4b2        0x8 build/stm32h7xx_ll_usb.o
                0x000000000801a4b2                USB_ReadInterrupts
 .text.USB_ReadDevAllOutEpInterrupt
                0x000000000801a4ba       0x10 build/stm32h7xx_ll_usb.o
                0x000000000801a4ba                USB_ReadDevAllOutEpInterrupt
 .text.USB_ReadDevAllInEpInterrupt
                0x000000000801a4ca       0x10 build/stm32h7xx_ll_usb.o
                0x000000000801a4ca                USB_ReadDevAllInEpInterrupt
 .text.USB_ReadDevOutEPInterrupt
                0x000000000801a4da       0x12 build/stm32h7xx_ll_usb.o
                0x000000000801a4da                USB_ReadDevOutEPInterrupt
 .text.USB_ReadDevInEPInterrupt
                0x000000000801a4ec       0x28 build/stm32h7xx_ll_usb.o
                0x000000000801a4ec                USB_ReadDevInEPInterrupt
 .text.USB_GetMode
                0x000000000801a514        0x8 build/stm32h7xx_ll_usb.o
                0x000000000801a514                USB_GetMode
 .text.USB_SetCurrentMode
                0x000000000801a51c       0x62 build/stm32h7xx_ll_usb.o
                0x000000000801a51c                USB_SetCurrentMode
 *fill*         0x000000000801a57e        0x2 
 .text.USB_ActivateSetup
                0x000000000801a580       0x20 build/stm32h7xx_ll_usb.o
                0x000000000801a580                USB_ActivateSetup
 .text.USB_EP0_OutStart
                0x000000000801a5a0       0x60 build/stm32h7xx_ll_usb.o
                0x000000000801a5a0                USB_EP0_OutStart
 .text.Reset_Handler
                0x000000000801a600       0x50 build/startup_stm32h743xx.o
                0x000000000801a600                Reset_Handler
 .text.Default_Handler
                0x000000000801a650        0x2 build/startup_stm32h743xx.o
                0x000000000801a650                DMA1_Stream3_IRQHandler
                0x000000000801a650                TIM8_CC_IRQHandler
                0x000000000801a650                HRTIM1_Master_IRQHandler
                0x000000000801a650                UART8_IRQHandler
                0x000000000801a650                SPI4_IRQHandler
                0x000000000801a650                TIM1_CC_IRQHandler
                0x000000000801a650                BDMA_Channel6_IRQHandler
                0x000000000801a650                DMA2_Stream5_IRQHandler
                0x000000000801a650                HRTIM1_FLT_IRQHandler
                0x000000000801a650                JPEG_IRQHandler
                0x000000000801a650                DMA1_Stream5_IRQHandler
                0x000000000801a650                BDMA_Channel1_IRQHandler
                0x000000000801a650                HRTIM1_TIMD_IRQHandler
                0x000000000801a650                TAMP_STAMP_IRQHandler
                0x000000000801a650                LPTIM4_IRQHandler
                0x000000000801a650                TIM8_TRG_COM_TIM14_IRQHandler
                0x000000000801a650                LPTIM2_IRQHandler
                0x000000000801a650                DFSDM1_FLT1_IRQHandler
                0x000000000801a650                DMAMUX2_OVR_IRQHandler
                0x000000000801a650                TIM8_UP_TIM13_IRQHandler
                0x000000000801a650                I2C3_ER_IRQHandler
                0x000000000801a650                DFSDM1_FLT2_IRQHandler
                0x000000000801a650                MDMA_IRQHandler
                0x000000000801a650                LPTIM3_IRQHandler
                0x000000000801a650                HSEM1_IRQHandler
                0x000000000801a650                I2C2_EV_IRQHandler
                0x000000000801a650                DMA1_Stream2_IRQHandler
                0x000000000801a650                FPU_IRQHandler
                0x000000000801a650                OTG_HS_WKUP_IRQHandler
                0x000000000801a650                FDCAN1_IT1_IRQHandler
                0x000000000801a650                LTDC_ER_IRQHandler
                0x000000000801a650                DMA2_Stream2_IRQHandler
                0x000000000801a650                HRTIM1_TIME_IRQHandler
                0x000000000801a650                SPI1_IRQHandler
                0x000000000801a650                TIM6_DAC_IRQHandler
                0x000000000801a650                DCMI_IRQHandler
                0x000000000801a650                HRTIM1_TIMC_IRQHandler
                0x000000000801a650                DMA2_Stream3_IRQHandler
                0x000000000801a650                SAI2_IRQHandler
                0x000000000801a650                DFSDM1_FLT3_IRQHandler
                0x000000000801a650                USART6_IRQHandler
                0x000000000801a650                TIM17_IRQHandler
                0x000000000801a650                USART3_IRQHandler
                0x000000000801a650                BDMA_Channel7_IRQHandler
                0x000000000801a650                LPTIM5_IRQHandler
                0x000000000801a650                UART5_IRQHandler
                0x000000000801a650                ADC3_IRQHandler
                0x000000000801a650                DMA2_Stream0_IRQHandler
                0x000000000801a650                TIM4_IRQHandler
                0x000000000801a650                BDMA_Channel2_IRQHandler
                0x000000000801a650                QUADSPI_IRQHandler
                0x000000000801a650                I2C1_EV_IRQHandler
                0x000000000801a650                DMA1_Stream6_IRQHandler
                0x000000000801a650                DMAMUX1_OVR_IRQHandler
                0x000000000801a650                DMA1_Stream1_IRQHandler
                0x000000000801a650                TIM16_IRQHandler
                0x000000000801a650                UART4_IRQHandler
                0x000000000801a650                BDMA_Channel5_IRQHandler
                0x000000000801a650                TIM3_IRQHandler
                0x000000000801a650                RCC_IRQHandler
                0x000000000801a650                TIM8_BRK_TIM12_IRQHandler
                0x000000000801a650                TIM1_TRG_COM_IRQHandler
                0x000000000801a650                Default_Handler
                0x000000000801a650                ECC_IRQHandler
                0x000000000801a650                CEC_IRQHandler
                0x000000000801a650                BDMA_Channel0_IRQHandler
                0x000000000801a650                ADC_IRQHandler
                0x000000000801a650                DMA1_Stream7_IRQHandler
                0x000000000801a650                HRTIM1_TIMA_IRQHandler
                0x000000000801a650                SPI5_IRQHandler
                0x000000000801a650                TIM7_IRQHandler
                0x000000000801a650                SDMMC1_IRQHandler
                0x000000000801a650                TIM5_IRQHandler
                0x000000000801a650                DMA2_Stream7_IRQHandler
                0x000000000801a650                TIM15_IRQHandler
                0x000000000801a650                PVD_AVD_IRQHandler
                0x000000000801a650                I2C3_EV_IRQHandler
                0x000000000801a650                RTC_WKUP_IRQHandler
                0x000000000801a650                LTDC_IRQHandler
                0x000000000801a650                SAI3_IRQHandler
                0x000000000801a650                ETH_WKUP_IRQHandler
                0x000000000801a650                SPDIF_RX_IRQHandler
                0x000000000801a650                SPI2_IRQHandler
                0x000000000801a650                OTG_HS_EP1_IN_IRQHandler
                0x000000000801a650                DMA1_Stream0_IRQHandler
                0x000000000801a650                CRS_IRQHandler
                0x000000000801a650                RNG_IRQHandler
                0x000000000801a650                HRTIM1_TIMB_IRQHandler
                0x000000000801a650                FDCAN2_IT1_IRQHandler
                0x000000000801a650                ETH_IRQHandler
                0x000000000801a650                TIM1_UP_IRQHandler
                0x000000000801a650                BDMA_Channel4_IRQHandler
                0x000000000801a650                OTG_HS_EP1_OUT_IRQHandler
                0x000000000801a650                WWDG_IRQHandler
                0x000000000801a650                SPI6_IRQHandler
                0x000000000801a650                MDIOS_IRQHandler
                0x000000000801a650                I2C4_EV_IRQHandler
                0x000000000801a650                FDCAN2_IT0_IRQHandler
                0x000000000801a650                LPUART1_IRQHandler
                0x000000000801a650                FDCAN1_IT0_IRQHandler
                0x000000000801a650                TIM2_IRQHandler
                0x000000000801a650                OTG_FS_WKUP_IRQHandler
                0x000000000801a650                OTG_HS_IRQHandler
                0x000000000801a650                DMA2D_IRQHandler
                0x000000000801a650                TIM1_BRK_IRQHandler
                0x000000000801a650                SDMMC2_IRQHandler
                0x000000000801a650                OTG_FS_EP1_OUT_IRQHandler
                0x000000000801a650                BDMA_Channel3_IRQHandler
                0x000000000801a650                UART7_IRQHandler
                0x000000000801a650                MDIOS_WKUP_IRQHandler
                0x000000000801a650                USART2_IRQHandler
                0x000000000801a650                DFSDM1_FLT0_IRQHandler
                0x000000000801a650                SAI4_IRQHandler
                0x000000000801a650                I2C2_ER_IRQHandler
                0x000000000801a650                DMA2_Stream1_IRQHandler
                0x000000000801a650                FLASH_IRQHandler
                0x000000000801a650                DMA2_Stream4_IRQHandler
                0x000000000801a650                USART1_IRQHandler
                0x000000000801a650                SPI3_IRQHandler
                0x000000000801a650                WAKEUP_PIN_IRQHandler
                0x000000000801a650                DMA1_Stream4_IRQHandler
                0x000000000801a650                OTG_FS_EP1_IN_IRQHandler
                0x000000000801a650                I2C1_ER_IRQHandler
                0x000000000801a650                FMC_IRQHandler
                0x000000000801a650                FDCAN_CAL_IRQHandler
                0x000000000801a650                SWPMI1_IRQHandler
                0x000000000801a650                COMP1_IRQHandler
                0x000000000801a650                LPTIM1_IRQHandler
                0x000000000801a650                I2C4_ER_IRQHandler
                0x000000000801a650                DMA2_Stream6_IRQHandler
                0x000000000801a650                SAI1_IRQHandler
                0x000000000801a650                RTC_Alarm_IRQHandler
 *fill*         0x000000000801a652        0x2 
 .text.__libc_init_array
                0x000000000801a654       0x48 /usr/local/arm-none-eabi-gcc/gcc-arm-none-eabi-10-2020-q4-major/bin/../lib/gcc/arm-none-eabi/10.2.1/../../../../arm-none-eabi/lib/thumb/v7e-m+dp/hard/libc_nano.a(lib_a-init.o)
                0x000000000801a654                __libc_init_array
 .text.memcpy   0x000000000801a69c       0x1c /usr/local/arm-none-eabi-gcc/gcc-arm-none-eabi-10-2020-q4-major/bin/../lib/gcc/arm-none-eabi/10.2.1/../../../../arm-none-eabi/lib/thumb/v7e-m+dp/hard/libc_nano.a(lib_a-memcpy-stub.o)
                0x000000000801a69c                memcpy
 .text.memset   0x000000000801a6b8       0x10 /usr/local/arm-none-eabi-gcc/gcc-arm-none-eabi-10-2020-q4-major/bin/../lib/gcc/arm-none-eabi/10.2.1/../../../../arm-none-eabi/lib/thumb/v7e-m+dp/hard/libc_nano.a(lib_a-memset.o)
                0x000000000801a6b8                memset
 .text.strncmp  0x000000000801a6c8       0x28 /usr/local/arm-none-eabi-gcc/gcc-arm-none-eabi-10-2020-q4-major/bin/../lib/gcc/arm-none-eabi/10.2.1/../../../../arm-none-eabi/lib/thumb/v7e-m+dp/hard/libc_nano.a(lib_a-strncmp.o)
                0x000000000801a6c8                strncmp
 .text._vsnprintf_r
                0x000000000801a6f0       0x56 /usr/local/arm-none-eabi-gcc/gcc-arm-none-eabi-10-2020-q4-major/bin/../lib/gcc/arm-none-eabi/10.2.1/../../../../arm-none-eabi/lib/thumb/v7e-m+dp/hard/libc_nano.a(lib_a-vsnprintf.o)
                0x000000000801a6f0                _vsnprintf_r
                0x000000000801a6f0                _vsniprintf_r
 *fill*         0x000000000801a746        0x2 
 .text.vsnprintf
                0x000000000801a748       0x1c /usr/local/arm-none-eabi-gcc/gcc-arm-none-eabi-10-2020-q4-major/bin/../lib/gcc/arm-none-eabi/10.2.1/../../../../arm-none-eabi/lib/thumb/v7e-m+dp/hard/libc_nano.a(lib_a-vsnprintf.o)
                0x000000000801a748                vsnprintf
                0x000000000801a748                vsniprintf
 .text.__ssputs_r
                0x000000000801a764       0xb6 /usr/local/arm-none-eabi-gcc/gcc-arm-none-eabi-10-2020-q4-major/bin/../lib/gcc/arm-none-eabi/10.2.1/../../../../arm-none-eabi/lib/thumb/v7e-m+dp/hard/libc_nano.a(lib_a-nano-svfprintf.o)
                0x000000000801a764                __ssputs_r
 *fill*         0x000000000801a81a        0x2 
 .text._svfprintf_r
                0x000000000801a81c      0x200 /usr/local/arm-none-eabi-gcc/gcc-arm-none-eabi-10-2020-q4-major/bin/../lib/gcc/arm-none-eabi/10.2.1/../../../../arm-none-eabi/lib/thumb/v7e-m+dp/hard/libc_nano.a(lib_a-nano-svfprintf.o)
                0x000000000801a81c                _svfprintf_r
                0x000000000801a81c                _svfiprintf_r
 .text._printf_common
                0x000000000801aa1c       0xda /usr/local/arm-none-eabi-gcc/gcc-arm-none-eabi-10-2020-q4-major/bin/../lib/gcc/arm-none-eabi/10.2.1/../../../../arm-none-eabi/lib/thumb/v7e-m+dp/hard/libc_nano.a(lib_a-nano-vfprintf_i.o)
                0x000000000801aa1c                _printf_common
 *fill*         0x000000000801aaf6        0x2 
 .text._printf_i
                0x000000000801aaf8      0x24c /usr/local/arm-none-eabi-gcc/gcc-arm-none-eabi-10-2020-q4-major/bin/../lib/gcc/arm-none-eabi/10.2.1/../../../../arm-none-eabi/lib/thumb/v7e-m+dp/hard/libc_nano.a(lib_a-nano-vfprintf_i.o)
                0x000000000801aaf8                _printf_i
 .text.__retarget_lock_acquire_recursive
                0x000000000801ad44        0x2 /usr/local/arm-none-eabi-gcc/gcc-arm-none-eabi-10-2020-q4-major/bin/../lib/gcc/arm-none-eabi/10.2.1/../../../../arm-none-eabi/lib/thumb/v7e-m+dp/hard/libc_nano.a(lib_a-lock.o)
                0x000000000801ad44                __retarget_lock_acquire_recursive
 .text.__retarget_lock_release_recursive
                0x000000000801ad46        0x2 /usr/local/arm-none-eabi-gcc/gcc-arm-none-eabi-10-2020-q4-major/bin/../lib/gcc/arm-none-eabi/10.2.1/../../../../arm-none-eabi/lib/thumb/v7e-m+dp/hard/libc_nano.a(lib_a-lock.o)
                0x000000000801ad46                __retarget_lock_release_recursive
 .text.memmove  0x000000000801ad48       0x34 /usr/local/arm-none-eabi-gcc/gcc-arm-none-eabi-10-2020-q4-major/bin/../lib/gcc/arm-none-eabi/10.2.1/../../../../arm-none-eabi/lib/thumb/v7e-m+dp/hard/libc_nano.a(lib_a-memmove.o)
                0x000000000801ad48                memmove
 .text._free_r  0x000000000801ad7c       0x98 /usr/local/arm-none-eabi-gcc/gcc-arm-none-eabi-10-2020-q4-major/bin/../lib/gcc/arm-none-eabi/10.2.1/../../../../arm-none-eabi/lib/thumb/v7e-m+dp/hard/libc_nano.a(lib_a-nano-freer.o)
                0x000000000801ad7c                _free_r
 .text._malloc_r
                0x000000000801ae14       0xb4 /usr/local/arm-none-eabi-gcc/gcc-arm-none-eabi-10-2020-q4-major/bin/../lib/gcc/arm-none-eabi/10.2.1/../../../../arm-none-eabi/lib/thumb/v7e-m+dp/hard/libc_nano.a(lib_a-nano-mallocr.o)
                0x000000000801ae14                _malloc_r
 .text._realloc_r
                0x000000000801aec8       0x4c /usr/local/arm-none-eabi-gcc/gcc-arm-none-eabi-10-2020-q4-major/bin/../lib/gcc/arm-none-eabi/10.2.1/../../../../arm-none-eabi/lib/thumb/v7e-m+dp/hard/libc_nano.a(lib_a-nano-reallocr.o)
                0x000000000801aec8                _realloc_r
 .text._sbrk_r  0x000000000801af14       0x20 /usr/local/arm-none-eabi-gcc/gcc-arm-none-eabi-10-2020-q4-major/bin/../lib/gcc/arm-none-eabi/10.2.1/../../../../arm-none-eabi/lib/thumb/v7e-m+dp/hard/libc_nano.a(lib_a-sbrkr.o)
                0x000000000801af14                _sbrk_r
 .text.__malloc_lock
                0x000000000801af34        0xc /usr/local/arm-none-eabi-gcc/gcc-arm-none-eabi-10-2020-q4-major/bin/../lib/gcc/arm-none-eabi/10.2.1/../../../../arm-none-eabi/lib/thumb/v7e-m+dp/hard/libc_nano.a(lib_a-mlock.o)
                0x000000000801af34                __malloc_lock
 .text.__malloc_unlock
                0x000000000801af40        0xc /usr/local/arm-none-eabi-gcc/gcc-arm-none-eabi-10-2020-q4-major/bin/../lib/gcc/arm-none-eabi/10.2.1/../../../../arm-none-eabi/lib/thumb/v7e-m+dp/hard/libc_nano.a(lib_a-mlock.o)
                0x000000000801af40                __malloc_unlock
 .text._malloc_usable_size_r
                0x000000000801af4c       0x10 /usr/local/arm-none-eabi-gcc/gcc-arm-none-eabi-10-2020-q4-major/bin/../lib/gcc/arm-none-eabi/10.2.1/../../../../arm-none-eabi/lib/thumb/v7e-m+dp/hard/libc_nano.a(lib_a-nano-msizer.o)
                0x000000000801af4c                _malloc_usable_size_r
 .text._sbrk    0x000000000801af5c       0x1c /usr/local/arm-none-eabi-gcc/gcc-arm-none-eabi-10-2020-q4-major/bin/../lib/gcc/arm-none-eabi/10.2.1/../../../../arm-none-eabi/lib/thumb/v7e-m+dp/hard/libnosys.a(sbrk.o)
                0x000000000801af5c                _sbrk
 *(.glue_7)
 .glue_7        0x000000000801af78        0x0 linker stubs
 *(.glue_7t)
 .glue_7t       0x000000000801af78        0x0 linker stubs
 *(.eh_frame)
 .eh_frame      0x000000000801af78        0x0 /usr/local/arm-none-eabi-gcc/gcc-arm-none-eabi-10-2020-q4-major/bin/../lib/gcc/arm-none-eabi/10.2.1/thumb/v7e-m+dp/hard/crtbegin.o
 *(.init)
 .init          0x000000000801af78        0x4 /usr/local/arm-none-eabi-gcc/gcc-arm-none-eabi-10-2020-q4-major/bin/../lib/gcc/arm-none-eabi/10.2.1/thumb/v7e-m+dp/hard/crti.o
                0x000000000801af78                _init
 .init          0x000000000801af7c        0x8 /usr/local/arm-none-eabi-gcc/gcc-arm-none-eabi-10-2020-q4-major/bin/../lib/gcc/arm-none-eabi/10.2.1/thumb/v7e-m+dp/hard/crtn.o
 *(.fini)
 .fini          0x000000000801af84        0x4 /usr/local/arm-none-eabi-gcc/gcc-arm-none-eabi-10-2020-q4-major/bin/../lib/gcc/arm-none-eabi/10.2.1/thumb/v7e-m+dp/hard/crti.o
                0x000000000801af84                _fini
 .fini          0x000000000801af88        0x8 /usr/local/arm-none-eabi-gcc/gcc-arm-none-eabi-10-2020-q4-major/bin/../lib/gcc/arm-none-eabi/10.2.1/thumb/v7e-m+dp/hard/crtn.o
                0x000000000801af90                . = ALIGN (0x4)
                0x000000000801af90                _etext = .

.vfp11_veneer   0x000000000801af90        0x0
 .vfp11_veneer  0x000000000801af90        0x0 linker stubs

.v4_bx          0x000000000801af90        0x0
 .v4_bx         0x000000000801af90        0x0 linker stubs

.iplt           0x000000000801af90        0x0
 .iplt          0x000000000801af90        0x0 /usr/local/arm-none-eabi-gcc/gcc-arm-none-eabi-10-2020-q4-major/bin/../lib/gcc/arm-none-eabi/10.2.1/thumb/v7e-m+dp/hard/crtbegin.o

.rodata         0x000000000801af90      0x7bc
                0x000000000801af90                . = ALIGN (0x4)
 *(.rodata)
                0x000000000801af90                _shell_command_start = .
 *(shellCommand)
 shellCommand   0x000000000801af90       0x10 build/Task_Protocol.o
                0x000000000801af90                shellCommandtest
 shellCommand   0x000000000801afa0       0x10 build/reboot.o
                0x000000000801afa0                shellCommandReBoot
 shellCommand   0x000000000801afb0      0x120 build/shell.o
                0x000000000801afb0                shellCommandclear
                0x000000000801afc0                shellCommandkeys
                0x000000000801afd0                shellCommandvars
                0x000000000801afe0                shellCommandcmds
                0x000000000801aff0                shellCommandusers
                0x000000000801b000                shellCommandhelp
                0x000000000801b010                shellKey0x0D000000
                0x000000000801b020                shellKey0x0A000000
                0x000000000801b030                shellKey0x1B5B337E
                0x000000000801b040                shellKey0x7F000000
                0x000000000801b050                shellKey0x08000000
                0x000000000801b060                shellKey0x09000000
                0x000000000801b070                shellKey0x1B5B4400
                0x000000000801b080                shellKey0x1B5B4300
                0x000000000801b090                shellKey0x1B5B4200
                0x000000000801b0a0                shellKey0x1B5B4100
                0x000000000801b0b0                shellCommandsetVar
                0x000000000801b0c0                shellUserDefault
                0x000000000801b0d0                _shell_command_end = .
 *(.rodata*)
 .rodata.shell_test.str1.4
                0x000000000801b0d0       0x14 build/Task_Protocol.o
 .rodata.TaskProtocol_Init.str1.4
                0x000000000801b0e4        0xf build/Task_Protocol.o
 *fill*         0x000000000801b0f3        0x1 
 .rodata.shellCmdtest
                0x000000000801b0f4        0x5 build/Task_Protocol.o
                0x000000000801b0f4                shellCmdtest
 *fill*         0x000000000801b0f9        0x3 
 .rodata.shellDesctest
                0x000000000801b0fc        0xb build/Task_Protocol.o
                0x000000000801b0fc                shellDesctest
 *fill*         0x000000000801b107        0x1 
 .rodata.Task_Manager_CreateTask.str1.4
                0x000000000801b108       0x1e build/Task_Manager.o
 *fill*         0x000000000801b126        0x2 
 .rodata.SrvIMU_Init.str1.4
                0x000000000801b128        0xd build/SrvMPU_Sample.o
 *fill*         0x000000000801b135        0x3 
 .rodata.str1.4
                0x000000000801b138       0xef build/SrvMPU_Sample.o
 *fill*         0x000000000801b227        0x1 
 .rodata.shellCmdReBoot
                0x000000000801b228        0x7 build/reboot.o
                0x000000000801b228                shellCmdReBoot
 *fill*         0x000000000801b22f        0x1 
 .rodata.shellDescReBoot
                0x000000000801b230        0xe build/reboot.o
                0x000000000801b230                shellDescReBoot
 *fill*         0x000000000801b23e        0x2 
 .rodata.ErrorTree_Create.str1.4
                0x000000000801b240        0xb build/error_log.o
 *fill*         0x000000000801b24b        0x1 
 .rodata.Os_CreateIdle.str1.4
                0x000000000801b24c        0x5 build/scheduler.o
 *fill*         0x000000000801b251        0x3 
 .rodata.Task_Priority_List
                0x000000000801b254      0x100 build/scheduler.o
 .rodata.shellSetUser.str1.4
                0x000000000801b354       0xae build/shell.o
 *fill*         0x000000000801b402        0x2 
 .rodata.shellWriteCommandLine.str1.4
                0x000000000801b404       0x25 build/shell.o
                                         0x29 (size before relaxing)
 *fill*         0x000000000801b429        0x3 
 .rodata.shellCheckPassword.str1.4
                0x000000000801b42c       0x13 build/shell.o
 *fill*         0x000000000801b43f        0x1 
 .rodata.shellWriteReturnValue.str1.4
                0x000000000801b440       0x20 build/shell.o
 .rodata.shellListItem.str1.4
                0x000000000801b460       0x1d build/shell.o
 *fill*         0x000000000801b47d        0x3 
 .rodata.shellListCommand.str1.4
                0x000000000801b480       0x12 build/shell.o
 *fill*         0x000000000801b492        0x2 
 .rodata.shellListVar.str1.4
                0x000000000801b494        0xe build/shell.o
 *fill*         0x000000000801b4a2        0x2 
 .rodata.shellListUser.str1.4
                0x000000000801b4a4        0xf build/shell.o
 *fill*         0x000000000801b4b3        0x1 
 .rodata.shellListKey.str1.4
                0x000000000801b4b4        0xe build/shell.o
 *fill*         0x000000000801b4c2        0x2 
 .rodata.shellDeleteCommandLine.str1.4
                0x000000000801b4c4        0x4 build/shell.o
 .rodata.shellInit.str1.4
                0x000000000801b4c8        0xf build/shell.o
 *fill*         0x000000000801b4d7        0x1 
 .rodata.shellHelp.str1.4
                0x000000000801b4d8       0x28 build/shell.o
 .rodata.shellShowVar.str1.4
                0x000000000801b500        0x6 build/shell.o
 *fill*         0x000000000801b506        0x2 
 .rodata.shellSetVarValue.str1.4
                0x000000000801b508       0x30 build/shell.o
 .rodata.shellSetVar.str1.4
                0x000000000801b538       0x20 build/shell.o
 .rodata.shellCmdDefaultUser
                0x000000000801b558        0xf build/shell.o
                0x000000000801b558                shellCmdDefaultUser
 *fill*         0x000000000801b567        0x1 
 .rodata.shellCmdclear
                0x000000000801b568        0x6 build/shell.o
                0x000000000801b568                shellCmdclear
 *fill*         0x000000000801b56e        0x2 
 .rodata.shellCmdcmds
                0x000000000801b570        0x5 build/shell.o
                0x000000000801b570                shellCmdcmds
 *fill*         0x000000000801b575        0x3 
 .rodata.shellCmdhelp
                0x000000000801b578        0x5 build/shell.o
                0x000000000801b578                shellCmdhelp
 *fill*         0x000000000801b57d        0x3 
 .rodata.shellCmdkeys
                0x000000000801b580        0x5 build/shell.o
                0x000000000801b580                shellCmdkeys
 *fill*         0x000000000801b585        0x3 
 .rodata.shellCmdsetVar
                0x000000000801b588        0x7 build/shell.o
                0x000000000801b588                shellCmdsetVar
 *fill*         0x000000000801b58f        0x1 
 .rodata.shellCmdusers
                0x000000000801b590        0x6 build/shell.o
                0x000000000801b590                shellCmdusers
 *fill*         0x000000000801b596        0x2 
 .rodata.shellCmdvars
                0x000000000801b598        0x5 build/shell.o
                0x000000000801b598                shellCmdvars
 *fill*         0x000000000801b59d        0x3 
 .rodata.shellDesDefaultUser
                0x000000000801b5a0        0xd build/shell.o
                0x000000000801b5a0                shellDesDefaultUser
 *fill*         0x000000000801b5ad        0x3 
 .rodata.shellDesc0x08000000
                0x000000000801b5b0        0xa build/shell.o
                0x000000000801b5b0                shellDesc0x08000000
 *fill*         0x000000000801b5ba        0x2 
 .rodata.shellDesc0x09000000
                0x000000000801b5bc        0x4 build/shell.o
                0x000000000801b5bc                shellDesc0x09000000
 .rodata.shellDesc0x0A000000
                0x000000000801b5c0        0x6 build/shell.o
                0x000000000801b5c0                shellDesc0x0A000000
 *fill*         0x000000000801b5c6        0x2 
 .rodata.shellDesc0x0D000000
                0x000000000801b5c8        0x6 build/shell.o
                0x000000000801b5c8                shellDesc0x0D000000
 *fill*         0x000000000801b5ce        0x2 
 .rodata.shellDesc0x1B5B337E
                0x000000000801b5d0        0x7 build/shell.o
                0x000000000801b5d0                shellDesc0x1B5B337E
 *fill*         0x000000000801b5d7        0x1 
 .rodata.shellDesc0x1B5B4100
                0x000000000801b5d8        0x3 build/shell.o
                0x000000000801b5d8                shellDesc0x1B5B4100
 *fill*         0x000000000801b5db        0x1 
 .rodata.shellDesc0x1B5B4200
                0x000000000801b5dc        0x5 build/shell.o
                0x000000000801b5dc                shellDesc0x1B5B4200
 *fill*         0x000000000801b5e1        0x3 
 .rodata.shellDesc0x1B5B4300
                0x000000000801b5e4        0x6 build/shell.o
                0x000000000801b5e4                shellDesc0x1B5B4300
 *fill*         0x000000000801b5ea        0x2 
 .rodata.shellDesc0x1B5B4400
                0x000000000801b5ec        0x5 build/shell.o
                0x000000000801b5ec                shellDesc0x1B5B4400
 *fill*         0x000000000801b5f1        0x3 
 .rodata.shellDesc0x7F000000
                0x000000000801b5f4        0xa build/shell.o
                0x000000000801b5f4                shellDesc0x7F000000
 *fill*         0x000000000801b5fe        0x2 
 .rodata.shellDescclear
                0x000000000801b600        0xe build/shell.o
                0x000000000801b600                shellDescclear
 *fill*         0x000000000801b60e        0x2 
 .rodata.shellDesccmds
                0x000000000801b610        0xd build/shell.o
                0x000000000801b610                shellDesccmds
 *fill*         0x000000000801b61d        0x3 
 .rodata.shellDeschelp
                0x000000000801b620       0x1d build/shell.o
                0x000000000801b620                shellDeschelp
 *fill*         0x000000000801b63d        0x3 
 .rodata.shellDesckeys
                0x000000000801b640        0xd build/shell.o
                0x000000000801b640                shellDesckeys
 *fill*         0x000000000801b64d        0x3 
 .rodata.shellDescsetVar
                0x000000000801b650        0x8 build/shell.o
                0x000000000801b650                shellDescsetVar
 .rodata.shellDescusers
                0x000000000801b658        0xe build/shell.o
                0x000000000801b658                shellDescusers
 *fill*         0x000000000801b666        0x2 
 .rodata.shellDescvars
                0x000000000801b668        0xd build/shell.o
                0x000000000801b668                shellDescvars
 *fill*         0x000000000801b675        0x3 
 .rodata.shellPasswordDefaultUser
                0x000000000801b678        0x1 build/shell.o
                0x000000000801b678                shellPasswordDefaultUser
 *fill*         0x000000000801b679        0x3 
 .rodata.USBD_FS_ProductStrDescriptor.str1.4
                0x000000000801b67c        0x5 build/usbd_desc.o
 *fill*         0x000000000801b681        0x3 
 .rodata.USBD_FS_ManufacturerStrDescriptor.str1.4
                0x000000000801b684        0x7 build/usbd_desc.o
 *fill*         0x000000000801b68b        0x1 
 .rodata.USBD_FS_ConfigStrDescriptor.str1.4
                0x000000000801b68c        0xb build/usbd_desc.o
 *fill*         0x000000000801b697        0x1 
 .rodata.USBD_FS_InterfaceStrDescriptor.str1.4
                0x000000000801b698        0xe build/usbd_desc.o
 *fill*         0x000000000801b6a6        0x2 
 .rodata.D1CorePrescTable
                0x000000000801b6a8       0x10 build/system_stm32h7xx.o
                0x000000000801b6a8                D1CorePrescTable
 .rodata._svfprintf_r.str1.1
                0x000000000801b6b8       0x11 /usr/local/arm-none-eabi-gcc/gcc-arm-none-eabi-10-2020-q4-major/bin/../lib/gcc/arm-none-eabi/10.2.1/../../../../arm-none-eabi/lib/thumb/v7e-m+dp/hard/libc_nano.a(lib_a-nano-svfprintf.o)
 .rodata._printf_i.str1.1
                0x000000000801b6c9       0x22 /usr/local/arm-none-eabi-gcc/gcc-arm-none-eabi-10-2020-q4-major/bin/../lib/gcc/arm-none-eabi/10.2.1/../../../../arm-none-eabi/lib/thumb/v7e-m+dp/hard/libc_nano.a(lib_a-nano-vfprintf_i.o)
 *fill*         0x000000000801b6eb        0x1 
 .rodata.__sf_fake_stderr
                0x000000000801b6ec       0x20 /usr/local/arm-none-eabi-gcc/gcc-arm-none-eabi-10-2020-q4-major/bin/../lib/gcc/arm-none-eabi/10.2.1/../../../../arm-none-eabi/lib/thumb/v7e-m+dp/hard/libc_nano.a(lib_a-findfp.o)
                0x000000000801b6ec                __sf_fake_stderr
 .rodata.__sf_fake_stdin