Archive member included to satisfy reference by file (symbol)

d:/software/zephyr_env_gcc/gcc-arm-none-eabi-10-2020-q4-major/bin/../lib/gcc/arm-none-eabi/10.2.1/../../../../arm-none-eabi/lib/thumb/v7e-m+dp/hard\libc_nano.a(lib_a-ctype_.o)
                              build/DiskIO.o (_ctype_)
d:/software/zephyr_env_gcc/gcc-arm-none-eabi-10-2020-q4-major/bin/../lib/gcc/arm-none-eabi/10.2.1/../../../../arm-none-eabi/lib/thumb/v7e-m+dp/hard\libc_nano.a(lib_a-exit.o)
                              d:/software/zephyr_env_gcc/gcc-arm-none-eabi-10-2020-q4-major/bin/../lib/gcc/arm-none-eabi/10.2.1/../../../../arm-none-eabi/lib/thumb/v7e-m+dp/hard/crt0.o (exit)
d:/software/zephyr_env_gcc/gcc-arm-none-eabi-10-2020-q4-major/bin/../lib/gcc/arm-none-eabi/10.2.1/../../../../arm-none-eabi/lib/thumb/v7e-m+dp/hard\libc_nano.a(lib_a-impure.o)
                              d:/software/zephyr_env_gcc/gcc-arm-none-eabi-10-2020-q4-major/bin/../lib/gcc/arm-none-eabi/10.2.1/../../../../arm-none-eabi/lib/thumb/v7e-m+dp/hard\libc_nano.a(lib_a-exit.o) (_global_impure_ptr)
d:/software/zephyr_env_gcc/gcc-arm-none-eabi-10-2020-q4-major/bin/../lib/gcc/arm-none-eabi/10.2.1/../../../../arm-none-eabi/lib/thumb/v7e-m+dp/hard\libc_nano.a(lib_a-init.o)
                              d:/software/zephyr_env_gcc/gcc-arm-none-eabi-10-2020-q4-major/bin/../lib/gcc/arm-none-eabi/10.2.1/../../../../arm-none-eabi/lib/thumb/v7e-m+dp/hard/crt0.o (__libc_init_array)
d:/software/zephyr_env_gcc/gcc-arm-none-eabi-10-2020-q4-major/bin/../lib/gcc/arm-none-eabi/10.2.1/../../../../arm-none-eabi/lib/thumb/v7e-m+dp/hard\libc_nano.a(lib_a-memcmp.o)
                              build/minilzo.o (memcmp)
d:/software/zephyr_env_gcc/gcc-arm-none-eabi-10-2020-q4-major/bin/../lib/gcc/arm-none-eabi/10.2.1/../../../../arm-none-eabi/lib/thumb/v7e-m+dp/hard\libc_nano.a(lib_a-memcpy-stub.o)
                              build/Task_SensorInertial.o (memcpy)
d:/software/zephyr_env_gcc/gcc-arm-none-eabi-10-2020-q4-major/bin/../lib/gcc/arm-none-eabi/10.2.1/../../../../arm-none-eabi/lib/thumb/v7e-m+dp/hard\libc_nano.a(lib_a-memmove.o)
                              build/minilzo.o (memmove)
d:/software/zephyr_env_gcc/gcc-arm-none-eabi-10-2020-q4-major/bin/../lib/gcc/arm-none-eabi/10.2.1/../../../../arm-none-eabi/lib/thumb/v7e-m+dp/hard\libc_nano.a(lib_a-memset.o)
                              d:/software/zephyr_env_gcc/gcc-arm-none-eabi-10-2020-q4-major/bin/../lib/gcc/arm-none-eabi/10.2.1/../../../../arm-none-eabi/lib/thumb/v7e-m+dp/hard/crt0.o (memset)
d:/software/zephyr_env_gcc/gcc-arm-none-eabi-10-2020-q4-major/bin/../lib/gcc/arm-none-eabi/10.2.1/../../../../arm-none-eabi/lib/thumb/v7e-m+dp/hard\libc_nano.a(lib_a-strchr.o)
                              build/DiskIO.o (strchr)
d:/software/zephyr_env_gcc/gcc-arm-none-eabi-10-2020-q4-major/bin/../lib/gcc/arm-none-eabi/10.2.1/../../../../arm-none-eabi/lib/thumb/v7e-m+dp/hard\libc_nano.a(lib_a-strcmp.o)
                              build/shell.o (strcmp)
d:/software/zephyr_env_gcc/gcc-arm-none-eabi-10-2020-q4-major/bin/../lib/gcc/arm-none-eabi/10.2.1/../../../../arm-none-eabi/lib/thumb/v7e-m+dp/hard\libc_nano.a(lib_a-strlen.o)
                              build/error_log.o (strlen)
d:/software/zephyr_env_gcc/gcc-arm-none-eabi-10-2020-q4-major/bin/../lib/gcc/arm-none-eabi/10.2.1/../../../../arm-none-eabi/lib/thumb/v7e-m+dp/hard\libc_nano.a(lib_a-strncmp.o)
                              build/shell.o (strncmp)
d:/software/zephyr_env_gcc/gcc-arm-none-eabi-10-2020-q4-major/bin/../lib/gcc/arm-none-eabi/10.2.1/../../../../arm-none-eabi/lib/thumb/v7e-m+dp/hard\libc_nano.a(lib_a-strtok.o)
                              build/DiskIO.o (strtok)
d:/software/zephyr_env_gcc/gcc-arm-none-eabi-10-2020-q4-major/bin/../lib/gcc/arm-none-eabi/10.2.1/../../../../arm-none-eabi/lib/thumb/v7e-m+dp/hard\libc_nano.a(lib_a-strtok_r.o)
                              d:/software/zephyr_env_gcc/gcc-arm-none-eabi-10-2020-q4-major/bin/../lib/gcc/arm-none-eabi/10.2.1/../../../../arm-none-eabi/lib/thumb/v7e-m+dp/hard\libc_nano.a(lib_a-strtok.o) (__strtok_r)
d:/software/zephyr_env_gcc/gcc-arm-none-eabi-10-2020-q4-major/bin/../lib/gcc/arm-none-eabi/10.2.1/../../../../arm-none-eabi/lib/thumb/v7e-m+dp/hard\libc_nano.a(lib_a-vsnprintf.o)
                              build/error_log.o (vsnprintf)
d:/software/zephyr_env_gcc/gcc-arm-none-eabi-10-2020-q4-major/bin/../lib/gcc/arm-none-eabi/10.2.1/../../../../arm-none-eabi/lib/thumb/v7e-m+dp/hard\libc_nano.a(lib_a-vsscanf.o)
                              build/shell.o (vsscanf)
d:/software/zephyr_env_gcc/gcc-arm-none-eabi-10-2020-q4-major/bin/../lib/gcc/arm-none-eabi/10.2.1/../../../../arm-none-eabi/lib/thumb/v7e-m+dp/hard\libc_nano.a(lib_a-assert.o)
                              d:/software/zephyr_env_gcc/gcc-arm-none-eabi-10-2020-q4-major/bin/../lib/gcc/arm-none-eabi/10.2.1/../../../../arm-none-eabi/lib/thumb/v7e-m+dp/hard\libc_nano.a(lib_a-strtok.o) (__assert_func)
[...]
Memory Configuration

Name             Origin             Length             Attributes
DTCMRAM          0x20000000         0x00020000         xrw
RAM_D1           0x24000000         0x00080000         xrw
RAM_D2           0x30000000         0x00048000         xrw
RAM_D3           0x38000000         0x00010000         xrw
ITCMRAM          0x00000000         0x00010000         xrw
FLASH            0x08000000         0x00200000         xr
*default*        0x00000000         0xffffffff

Linker script and memory map

LOAD d:/software/zephyr_env_gcc/gcc-arm-none-eabi-10-2020-q4-major/bin/../lib/gcc/arm-none-eabi/10.2.1/thumb/v7e-m+dp/hard/crti.o
LOAD d:/software/zephyr_env_gcc/gcc-arm-none-eabi-10-2020-q4-major/bin/../lib/gcc/arm-none-eabi/10.2.1/thumb/v7e-m+dp/hard/crtbegin.o
LOAD d:/software/zephyr_env_gcc/gcc-arm-none-eabi-10-2020-q4-major/bin/../lib/gcc/arm-none-eabi/10.2.1/../../../../arm-none-eabi/lib/thumb/v7e-m+dp/hard/crt0.o
LOAD build/main.o
LOAD build/debug_util.o
LOAD build/Task_Protocol.o
LOAD build/Task_Manager.o
LOAD build/Task_SensorInertial.o
LOAD build/Task_Log.o
LOAD build/Task_Telemetry.o
LOAD build/Task_Control.o
LOAD build/IO_Definition.o
LOAD build/Bsp_GPIO.o
LOAD build/Bsp_SPI.o
LOAD build/Bsp_SDMMC.o
LOAD build/Bsp_Uart.o
LOAD build/Bsp_DMA.o
LOAD build/Bsp_Timer.o
LOAD build/Dev_MPU6000.o
LOAD build/Dev_ICM20602.o
LOAD build/Dev_ICM426xx.o
LOAD build/Dev_Led.o
LOAD build/Dev_W25Qxx.o
LOAD build/Dev_Card.o
LOAD build/Dev_Sbus.o
LOAD build/Dev_CRSF.o
LOAD build/Dev_Dshot.o
LOAD build/Srv_IMUSample.o
LOAD build/Srv_Receiver.o
LOAD build/Srv_Actuator.o
LOAD build/Srv_ComProto.o
LOAD build/Srv_DataHub.o
LOAD build/Data_Convert_Util.o
LOAD build/queue.o
LOAD build/linked_list.o
LOAD build/binary_tree.o
LOAD build/reboot.o
LOAD build/error_log.o
LOAD build/util.o
LOAD build/minilzo.o
LOAD build/DataPipe.o
LOAD build/DataPipe_Def.o
LOAD build/mmu.o
LOAD build/scheduler.o
LOAD build/kernel.o
LOAD build/runtime.o
LOAD build/DiskIO.o
LOAD build/shell_cmd_list.o
LOAD build/shell_companion.o
LOAD build/shell_ext.o
LOAD build/shell_port.o
LOAD build/shell.o
LOAD build/filter.o
LOAD build/filter_param.o
LOAD build/adrc.o
LOAD build/usb_device.o
LOAD build/usbd_desc.o
LOAD build/usbd_cdc_if.o
LOAD build/usbd_conf.o
LOAD build/usbd_core.o
LOAD build/usbd_ctlreq.o
LOAD build/usbd_ioreq.o
LOAD build/usbd_cdc.o
LOAD build/stm32h7xx_it.o
LOAD build/system_stm32h7xx.o
LOAD build/stm32h7xx_hal.o
LOAD build/stm32h7xx_hal_cortex.o
LOAD build/stm32h7xx_hal_rcc.o
LOAD build/stm32h7xx_hal_tim.o
LOAD build/stm32h7xx_hal_tim_ex.o
LOAD build/stm32h7xx_hal_rcc_ex.o
LOAD build/stm32h7xx_hal_uart.o
LOAD build/stm32h7xx_hal_uart_ex.o
LOAD build/stm32h7xx_hal_flash.o
LOAD build/stm32h7xx_hal_flash_ex.o
LOAD build/stm32h7xx_hal_gpio.o
LOAD build/stm32h7xx_hal_hsem.o
LOAD build/stm32h7xx_hal_dma.o
LOAD build/stm32h7xx_hal_dma_ex.o
LOAD build/stm32h7xx_hal_mdma.o
LOAD build/stm32h7xx_hal_pwr.o
LOAD build/stm32h7xx_hal_pwr_ex.o
LOAD build/stm32h7xx_hal_i2c.o
LOAD build/stm32h7xx_hal_i2c_ex.o
LOAD build/stm32h7xx_hal_exti.o
LOAD build/stm32h7xx_hal_spi.o
LOAD build/stm32h7xx_hal_pcd.o
LOAD build/stm32h7xx_hal_pcd_ex.o
LOAD build/stm32h7xx_hal_sd.o
LOAD build/stm32h7xx_ll_sdmmc.o
LOAD build/stm32h7xx_ll_usb.o
LOAD build/startup_stm32h743xx.o
LOAD d:/software/zephyr_env_gcc/gcc-arm-none-eabi-10-2020-q4-major/bin/../lib/gcc/arm-none-eabi/10.2.1/../../../../arm-none-eabi/lib/thumb/v7e-m+dp/hard\libc_nano.a
LOAD d:/software/zephyr_env_gcc/gcc-arm-none-eabi-10-2020-q4-major/bin/../lib/gcc/arm-none-eabi/10.2.1/../../../../arm-none-eabi/lib/thumb/v7e-m+dp/hard\libm.a
LOAD d:/software/zephyr_env_gcc/gcc-arm-none-eabi-10-2020-q4-major/bin/../lib/gcc/arm-none-eabi/10.2.1/../../../../arm-none-eabi/lib/thumb/v7e-m+dp/hard\libnosys.a
START GROUP
LOAD d:/software/zephyr_env_gcc/gcc-arm-none-eabi-10-2020-q4-major/bin/../lib/gcc/arm-none-eabi/10.2.1/thumb/v7e-m+dp/hard\libgcc.a
LOAD d:/software/zephyr_env_gcc/gcc-arm-none-eabi-10-2020-q4-major/bin/../lib/gcc/arm-none-eabi/10.2.1/../../../../arm-none-eabi/lib/thumb/v7e-m+dp/hard\libc_nano.a
END GROUP
START GROUP
LOAD d:/software/zephyr_env_gcc/gcc-arm-none-eabi-10-2020-q4-major/bin/../lib/gcc/arm-none-eabi/10.2.1/thumb/v7e-m+dp/hard\libgcc.a
LOAD d:/software/zephyr_env_gcc/gcc-arm-none-eabi-10-2020-q4-major/bin/../lib/gcc/arm-none-eabi/10.2.1/../../../../arm-none-eabi/lib/thumb/v7e-m+dp/hard\libc_nano.a
END GROUP
LOAD d:/software/zephyr_env_gcc/gcc-arm-none-eabi-10-2020-q4-major/bin/../lib/gcc/arm-none-eabi/10.2.1/thumb/v7e-m+dp/hard/crtend.o
LOAD d:/software/zephyr_env_gcc/gcc-arm-none-eabi-10-2020-q4-major/bin/../lib/gcc/arm-none-eabi/10.2.1/thumb/v7e-m+dp/hard/crtn.o
                0x20020000                _estack = 0x20020000
                0x00002000                _Min_Heap_Size = 0x2000
                0x00002000                _Min_Stack_Size = 0x2000

.isr_vector     0x08000000      0x298
                0x08000000                . = ALIGN (0x4)
 *(.isr_vector)
 .isr_vector    0x08000000      0x298 build/startup_stm32h743xx.o
                0x08000000                g_pfnVectors
                0x08000298                . = ALIGN (0x4)

.MMU_Section    0x24000000    0x20000 load address 0x08000298
                0x24000000                . = ALIGN (0x4)
                0x24000000                MMU_s = .
 *(.MMU_Section)
 .MMU_Section   0x24000000    0x20000 build/mmu.o
                0x24000000                Mem_Buff
 *(.MMU_Section*)
                0x24020000                . = ALIGN (0x4)
                0x24020000                MMU_e = .

.Perph_Section  0x24020000      0x718 load address 0x08020298
                0x24020000                . = ALIGN (0x4)
                0x24020000                Perph_s = .
 *(.Perph_Section)
 .Perph_Section
                0x24020000       0x4f build/Task_SensorInertial.o
 *fill*         0x2402004f        0x1 
 .Perph_Section
                0x24020050       0x4f build/Task_Log.o
 *fill*         0x2402009f        0x1 
 .Perph_Section
                0x240200a0       0x58 build/Task_Telemetry.o
 .Perph_Section
                0x240200f8      0x100 build/Srv_Receiver.o
 .Perph_Section
                0x240201f8       0x3a build/Srv_Actuator.o
 *fill*         0x24020232        0x2 
 .Perph_Section
                0x24020234       0xe2 build/Srv_DataHub.o
 *fill*         0x24020316        0x2 
 .Perph_Section
                0x24020318      0x400 build/DiskIO.o
 *(.Perph_Section*)
                0x24020718                . = ALIGN (0x4)
                0x24020718                Perph_e = .

.Fast_Mem_Section
                0x30000000    0x11800 load address 0x080209b0
                0x30000000                . = ALIGN (0x4)
                0x30000000                fast_mem_s = .
 *(.Fast_Mem_Section)
 .Fast_Mem_Section
                0x30000000    0x11800 build/Task_Log.o
 *(.Fast_Mem_Section*)
                0x30011800                . = ALIGN (0x4)
                0x30011800                fast_mem_e = .

.text           0x080321b0    0x1ac98
                0x080321b0                . = ALIGN (0x4)
 *(.text)
 .text          0x080321b0       0x40 d:/software/zephyr_env_gcc/gcc-arm-none-eabi-10-2020-q4-major/bin/../lib/gcc/arm-none-eabi/10.2.1/thumb/v7e-m+dp/hard/crtbegin.o
 .text          0x080321f0       0x14 d:/software/zephyr_env_gcc/gcc-arm-none-eabi-10-2020-q4-major/bin/../lib/gcc/arm-none-eabi/10.2.1/../../../../arm-none-eabi/lib/thumb/v7e-m+dp/hard\libc_nano.a(lib_a-strcmp.o)
                0x080321f0                strcmp
 .text          0x08032204       0x10 d:/software/zephyr_env_gcc/gcc-arm-none-eabi-10-2020-q4-major/bin/../lib/gcc/arm-none-eabi/10.2.1/../../../../arm-none-eabi/lib/thumb/v7e-m+dp/hard\libc_nano.a(lib_a-strlen.o)
                0x08032204                strlen
 *fill*         0x08032214        0xc 
 .text          0x08032220       0xa0 d:/software/zephyr_env_gcc/gcc-arm-none-eabi-10-2020-q4-major/bin/../lib/gcc/arm-none-eabi/10.2.1/../../../../arm-none-eabi/lib/thumb/v7e-m+dp/hard\libc_nano.a(lib_a-memchr.o)
                0x08032220                memchr
 .text          0x080322c0      0x21c d:/software/zephyr_env_gcc/gcc-arm-none-eabi-10-2020-q4-major/bin/../lib/gcc/arm-none-eabi/10.2.1/thumb/v7e-m+dp/hard\libgcc.a(_arm_addsubsf3.o)
                0x080322c0                __aeabi_frsub
                0x080322c8                __subsf3
                0x080322c8                __aeabi_fsub
                0x080322cc                __aeabi_fadd
                0x080322cc                __addsf3
                0x0803242c                __aeabi_ui2f
                0x0803242c                __floatunsisf
                0x08032434                __aeabi_i2f
                0x08032434                __floatsisf
                0x08032450                __aeabi_ul2f
                0x08032450                __floatundisf
                0x08032460                __aeabi_l2f
                0x08032460                __floatdisf
 .text          0x080324dc       0x30 d:/software/zephyr_env_gcc/gcc-arm-none-eabi-10-2020-q4-major/bin/../lib/gcc/arm-none-eabi/10.2.1/thumb/v7e-m+dp/hard\libgcc.a(_aeabi_uldivmod.o)
                0x080324dc                __aeabi_uldivmod
 .text          0x0803250c      0x2d0 d:/software/zephyr_env_gcc/gcc-arm-none-eabi-10-2020-q4-major/bin/../lib/gcc/arm-none-eabi/10.2.1/thumb/v7e-m+dp/hard\libgcc.a(_udivmoddi4.o)
                0x0803250c                __udivmoddi4
 .text          0x080327dc        0x4 d:/software/zephyr_env_gcc/gcc-arm-none-eabi-10-2020-q4-major/bin/../lib/gcc/arm-none-eabi/10.2.1/thumb/v7e-m+dp/hard\libgcc.a(_dvmd_tls.o)
                0x080327dc                __aeabi_idiv0
                0x080327dc                __aeabi_ldiv0
 *(.text*)
 .text.main     0x080327e0       0x18 build/main.o
                0x080327e0                main
 .text.DebugPin_Init
                0x080327f8       0x28 build/debug_util.o
 .text.DebugPin_Ctl
                0x08032820       0x2c build/debug_util.o
 .text.assert   0x0803284c        0x6 build/debug_util.o
                0x0803284c                assert
 *fill*         0x08032852        0x2 
 .text.TaskProto_PushProtocolQueue
                0x08032854       0x9c build/Task_Protocol.o
                0x08032854                TaskProto_PushProtocolQueue
 .text.TaskProtocol_Rec
                0x080328f0        0xc build/Task_Protocol.o
 .text.TaskProtocol_TransBuff
                0x080328fc       0x10 build/Task_Protocol.o
 .text.shell_test
                0x0803290c       0x10 build/Task_Protocol.o
 .text.TaskProtocol_Init
                0x0803291c      0x15c build/Task_Protocol.o
                0x0803291c                TaskProtocol_Init
 .text.TaskProtocol_Core
                0x08032a78       0xf4 build/Task_Protocol.o
                0x08032a78                TaskProtocol_Core
 .text.Task_Manager_Init
                0x08032b6c       0xd0 build/Task_Manager.o
                0x08032b6c                Task_Manager_Init
 .text.Task_Manager_CreateTask
                0x08032c3c       0xc0 build/Task_Manager.o
                0x08032c3c                Task_Manager_CreateTask
 .text.TaskInertical_Blink_Notification
                0x08032cfc       0x58 build/Task_SensorInertial.o
 .text.TaskInertial_Init
                0x08032d54       0x50 build/Task_SensorInertial.o
                0x08032d54                TaskInertial_Init
 .text.TaskInertical_Core
                0x08032da4       0xa0 build/Task_SensorInertial.o
                0x08032da4                TaskInertical_Core
 .text.TaskLog_PipeTransFinish_Callback
                0x08032e44      0x2bc build/Task_Log.o
 .text.TaskLog_Init
                0x08033100      0x180 build/Task_Log.o
                0x08033100                TaskLog_Init
 .text.TaskLog_Core
                0x08033280      0x1b4 build/Task_Log.o
                0x08033280                TaskLog_Core
 .text.Telemetry_Led_Control
                0x08033434       0x18 build/Task_Telemetry.o
 .text.Telemetry_Enable_GimbalDeadZone
                0x0803344c       0x10 build/Task_Telemetry.o
 .text.Telemetry_GimbalToPercent
                0x0803345c       0x84 build/Task_Telemetry.o
 .text.Telemetry_RC_Sig_Init
                0x080334e0       0x8c build/Task_Telemetry.o
 .text.Telemetry_BindGimbalToChannel
                0x0803356c       0x88 build/Task_Telemetry.o
 .text.Telemetry_BindToggleToChannel
                0x080335f4       0x70 build/Task_Telemetry.o
 .text.Telemetry_AddToggleCombo
                0x08033664       0x80 build/Task_Telemetry.o
 .text.Telemetry_Toggle_Check
                0x080336e4       0xbc build/Task_Telemetry.o
 .text.Telemetry_RC_Sig_Update
                0x080337a0      0x238 build/Task_Telemetry.o
 .text.TaskTelemetry_Init
                0x080339d8      0x240 build/Task_Telemetry.o
                0x080339d8                TaskTelemetry_Init
 .text.TaskTelemetry_Core
                0x08033c18       0x3c build/Task_Telemetry.o
                0x08033c18                TaskTelemetry_Core
 .text.TaskControl_Init
                0x08033c54       0x2c build/Task_Control.o
                0x08033c54                TaskControl_Init
 .text.TaskControl_Core
                0x08033c80      0x244 build/Task_Control.o
                0x08033c80                TaskControl_Core
 .text.BspGPIO_GetEXTI_Index
                0x08033ec4       0x16 build/Bsp_GPIO.o
 *fill*         0x08033eda        0x2 
 .text.BspGPIO_CLK_Enable
                0x08033edc      0x1c4 build/Bsp_GPIO.o
 .text.BspGPIO_ResetExtiCallback
                0x080340a0       0x24 build/Bsp_GPIO.o
 .text.BspGPIO_Write
                0x080340c4        0x8 build/Bsp_GPIO.o
 .text.BspGPIO_Alternate_Init
                0x080340cc       0x32 build/Bsp_GPIO.o
 .text.BspGPIO_Input_Init
                0x080340fe       0x2e build/Bsp_GPIO.o
 .text.BspGPIO_Output_Init
                0x0803412c       0x3e build/Bsp_GPIO.o
 .text.BspGPIO_GetExti_IRQnID
                0x0803416a       0xcc build/Bsp_GPIO.o
 .text.BspGPIO_ExtiSetMode
                0x08034236       0x8e build/Bsp_GPIO.o
 .text.BspGPIO_ExtiInit
                0x080342c4       0x74 build/Bsp_GPIO.o
 .text.BspGPIO_Read
                0x08034338       0x1e build/Bsp_GPIO.o
 *fill*         0x08034356        0x2 
 .text.HAL_GPIO_EXTI_Callback
                0x08034358       0x18 build/Bsp_GPIO.o
                0x08034358                HAL_GPIO_EXTI_Callback
 .text.BspSPI_PinCLK_Enable
                0x08034370      0x198 build/Bsp_SPI.o
 .text.BspSPI_Set_CLKSpeed
                0x08034508        0xc build/Bsp_SPI.o
 .text.BspSPI_TransReceive
                0x08034514       0x1a build/Bsp_SPI.o
 .text.BspSPI_Receive
                0x0803452e       0x10 build/Bsp_SPI.o
 .text.BspSPI_Trans
                0x0803453e       0x10 build/Bsp_SPI.o
 *fill*         0x0803454e        0x2 
 .text.BspSPI_DeInit
                0x08034550       0xd4 build/Bsp_SPI.o
 .text.BspSPI_PinInit
                0x08034624       0x68 build/Bsp_SPI.o
 .text.BspSPI_NormalMode_Init
                0x0803468c      0x178 build/Bsp_SPI.o
 .text.BspSDMMC_PinCLK_Enable
                0x08034804      0x198 build/Bsp_SDMMC.o
 .text.BspSDMMC_GetInfo
                0x0803499c       0x2a build/Bsp_SDMMC.o
 .text.BspSDMMC_GetStatus
                0x080349c6       0x18 build/Bsp_SDMMC.o
 .text.BspSDMMC_Erase
                0x080349de       0x12 build/Bsp_SDMMC.o
 .text.BspSDMMC_Write
                0x080349f0       0x68 build/Bsp_SDMMC.o
 .text.BspSDMMC_Read
                0x08034a58       0x4c build/Bsp_SDMMC.o
 .text.BspSDMMC_PortCLK_Init
                0x08034aa4       0x5c build/Bsp_SDMMC.o
 .text.BspSDMMC_Pin_Init
                0x08034b00       0xa8 build/Bsp_SDMMC.o
 .text.BspSDMMC_MDMA_Init
                0x08034ba8       0x94 build/Bsp_SDMMC.o
 .text.BspSDMMC_Init
                0x08034c3c       0xa8 build/Bsp_SDMMC.o
 .text.HAL_SD_TxCpltCallback
                0x08034ce4       0x20 build/Bsp_SDMMC.o
                0x08034ce4                HAL_SD_TxCpltCallback
 .text.HAL_SD_RxCpltCallback
                0x08034d04       0x20 build/Bsp_SDMMC.o
                0x08034d04                HAL_SD_RxCpltCallback
 .text.HAL_SD_ErrorCallback
                0x08034d24       0x28 build/Bsp_SDMMC.o
                0x08034d24                HAL_SD_ErrorCallback
 .text.BspUart_Transfer
                0x08034d4c       0x84 build/Bsp_Uart.o
 .text.BspUart_Set_DataBit
                0x08034dd0       0x24 build/Bsp_Uart.o
                0x08034dd0                BspUart_Set_DataBit
 .text.BspUart_Set_Parity
                0x08034df4       0x24 build/Bsp_Uart.o
                0x08034df4                BspUart_Set_Parity
 .text.BspUart_Set_StopBit
                0x08034e18       0x24 build/Bsp_Uart.o
                0x08034e18                BspUart_Set_StopBit
 .text.BspUart_Swap_Pin
                0x08034e3c       0x52 build/Bsp_Uart.o
                0x08034e3c                BspUart_Swap_Pin
 *fill*         0x08034e8e        0x2 
 .text.BspUart_Init_Clock
                0x08034e90      0x10c build/Bsp_Uart.o
 .text.BspUart_Init_DMA
                0x08034f9c      0x114 build/Bsp_Uart.o
 .text.BspUart_SetIRQ
                0x080350b0       0x5c build/Bsp_Uart.o
 .text.BspUart_Init
                0x0803510c      0x174 build/Bsp_Uart.o
 .text.BSP_UART_DMAStopRx
                0x08035280       0x58 build/Bsp_Uart.o
 .text.BspUart_GetObj_Handle
                0x080352d8       0x18 build/Bsp_Uart.o
                0x080352d8                BspUart_GetObj_Handle
 .text.UART_IRQ_Callback
                0x080352f0      0x144 build/Bsp_Uart.o
                0x080352f0                UART_IRQ_Callback
 .text.HAL_UART_RxCpltCallback
                0x08035434       0xbc build/Bsp_Uart.o
                0x08035434                HAL_UART_RxCpltCallback
 .text.HAL_UART_TxCpltCallback
                0x080354f0       0x48 build/Bsp_Uart.o
                0x080354f0                HAL_UART_TxCpltCallback
 .text.BspDMA_Get_Instance
                0x08035538       0x74 build/Bsp_DMA.o
 .text.BspDMA_Regist_Obj
                0x080355ac       0x4c build/Bsp_DMA.o
 .text.BspDMA_Unregist_Obj
                0x080355f8       0x38 build/Bsp_DMA.o
 .text.BspDMA_Get_Handle
                0x08035630       0x2c build/Bsp_DMA.o
 .text.BspDMA_EnableIRQ
                0x0803565c       0x80 build/Bsp_DMA.o
 .text.BspTimer_Get_DMA_Request
                0x080356dc       0xc8 build/Bsp_Timer.o
 .text.BspTimer_SetPreScale
                0x080357a4        0xc build/Bsp_Timer.o
 .text.BspTimer_SetAutoReload
                0x080357b0       0x10 build/Bsp_Timer.o
 .text.BspTimer_DMA_Callback
                0x080357c0       0x4c build/Bsp_Timer.o
 .text.BspTimer_DMA_Start
                0x0803580c       0x5e build/Bsp_Timer.o
 *fill*         0x0803586a        0x2 
 .text.BspTimer_PWM_Start
                0x0803586c       0x20 build/Bsp_Timer.o
 .text.BspTimer_PWM_InitMonit
                0x0803588c      0x150 build/Bsp_Timer.o
 .text.BspTimer_PWM_Init
                0x080359dc      0x1c4 build/Bsp_Timer.o
 .text.DevMPU6000_Detect
                0x08035ba0       0x4e build/Dev_MPU6000.o
 .text.Dev_MPU6000_Regs_Read
                0x08035bee       0x5a build/Dev_MPU6000.o
 .text.DevMPU6000_Reg_Read
                0x08035c48       0x54 build/Dev_MPU6000.o
 .text.DevMPU6000_Reg_Write
                0x08035c9c       0x4c build/Dev_MPU6000.o
 .text.DevMPU6000_Config
                0x08035ce8       0xf0 build/Dev_MPU6000.o
 .text.DevMPU6000_PreInit
                0x08035dd8        0xc build/Dev_MPU6000.o
 .text.DevMPU6000_Init
                0x08035de4      0x36c build/Dev_MPU6000.o
 .text.DevMPU6000_Get_InitError
                0x08036150        0xe build/Dev_MPU6000.o
 .text.DevMPU6000_SetDRDY
                0x0803615e        0x8 build/Dev_MPU6000.o
 .text.DevMPU6000_GetReady
                0x08036166        0x6 build/Dev_MPU6000.o
 .text.DevMPU6000_SwReset
                0x0803616c        0x4 build/Dev_MPU6000.o
 .text.DevMPU6000_Sample
                0x08036170       0xf2 build/Dev_MPU6000.o
 .text.DevMPU6000_Get_Scale
                0x08036262       0x22 build/Dev_MPU6000.o
 .text.DevMPU6000_Get_Specified_AngularSpeed_Diff
                0x08036284       0x18 build/Dev_MPU6000.o
 .text.DevMPU6000_Get_Data
                0x0803629c       0x36 build/Dev_MPU6000.o
 .text.DevICM20602_Detect
                0x080362d2       0x4e build/Dev_ICM20602.o
 .text.DevICM20602_Reg_Read
                0x08036320       0x54 build/Dev_ICM20602.o
 .text.DevICM20602_Reg_Write
                0x08036374       0x4c build/Dev_ICM20602.o
 .text.DevICM20602_Config
                0x080363c0       0xf0 build/Dev_ICM20602.o
 .text.DevICM20602_PreInit
                0x080364b0        0xc build/Dev_ICM20602.o
 .text.DevICM20602_SetDRDY
                0x080364bc        0x8 build/Dev_ICM20602.o
 .text.DevICM20602_SwReset
                0x080364c4       0x1a build/Dev_ICM20602.o
 *fill*         0x080364de        0x2 
 .text.DevICM20602_Init
                0x080364e0      0x300 build/Dev_ICM20602.o
 .text.DevICM20602_GetReady
                0x080367e0        0xa build/Dev_ICM20602.o
 .text.DevICM20602_Sample
                0x080367ea        0xa build/Dev_ICM20602.o
 .text.DevICM20602_Get_InitError
                0x080367f4        0xe build/Dev_ICM20602.o
 .text.DevICM20602_Get_Scale
                0x08036802       0x22 build/Dev_ICM20602.o
 .text.DevICM20602_Get_Specified_AngularSpeed_Diff
                0x08036824       0x18 build/Dev_ICM20602.o
 .text.DevICM20602_Get_Data
                0x0803683c       0x3c build/Dev_ICM20602.o
 .text.DevICM426xx_Detect
                0x08036878       0x56 build/Dev_ICM426xx.o
 .text.DevICM426xx_Regs_Read
                0x080368ce       0x5a build/Dev_ICM426xx.o
 .text.DevICM426xx_Reg_Read
                0x08036928       0x52 build/Dev_ICM426xx.o
 .text.DevICM426xx_Reg_Write
                0x0803697a       0x4a build/Dev_ICM426xx.o
 .text.DevICM426xx_Config
                0x080369c4       0xfc build/Dev_ICM426xx.o
 .text.DevICM426xx_PreInit
                0x08036ac0        0xc build/Dev_ICM426xx.o
 .text.DevICM426xx_SetUserBank
                0x08036acc       0x48 build/Dev_ICM426xx.o
 .text.DevICM426xx_TurnOff_AccGyro
                0x08036b14       0x44 build/Dev_ICM426xx.o
 .text.DevICM426xx_TurnOn_AccGyro
                0x08036b58       0x52 build/Dev_ICM426xx.o
 *fill*         0x08036baa        0x2 
 .text.DevICM426xx_Init
                0x08036bac      0x8d0 build/Dev_ICM426xx.o
 .text.DevICM426xx_Sample
                0x0803747c      0x106 build/Dev_ICM426xx.o
 .text.DevICM426xx_SetDRDY
                0x08037582        0x8 build/Dev_ICM426xx.o
 .text.DevICM426xx_GetDRDY
                0x0803758a        0xa build/Dev_ICM426xx.o
 .text.DevICM426xx_GetError
                0x08037594        0xe build/Dev_ICM426xx.o
 .text.DevICM426xx_Get_Scale
                0x080375a2       0x22 build/Dev_ICM426xx.o
 .text.DevICM426xx_Get_Specified_AngularSpeed_Diff
                0x080375c4       0x18 build/Dev_ICM426xx.o
 .text.DevICM426xx_Get_Data
                0x080375dc       0x36 build/Dev_ICM426xx.o
 *fill*         0x08037612        0x2 
 .text.DevLed_Init
                0x08037614       0x28 build/Dev_Led.o
 .text.DevLed_Ctl
                0x0803763c       0x2c build/Dev_Led.o
 .text.DevCard_Init
                0x08037668       0xa0 build/Dev_Card.o
 .text.DevCard_GetError
                0x08037708        0xc build/Dev_Card.o
 .text.DevCard_GetInfo
                0x08037714       0x52 build/Dev_Card.o
 *fill*         0x08037766        0x2 
 .text.DevCard_Write
                0x08037768       0x4c build/Dev_Card.o
 .text.DevCard_Read
                0x080377b4       0x48 build/Dev_Card.o
 .text.DevSBUS_Frame_Decode
                0x080377fc      0x14a build/Dev_Sbus.o
 .text.DevSBUS_Init
                0x08037946       0x14 build/Dev_Sbus.o
 *fill*         0x0803795a        0x2 
 .text.crsf_crc8
                0x0803795c       0x28 build/Dev_CRSF.o
 .text.DevCESF_Get_Statistics
                0x08037984       0x36 build/Dev_CRSF.o
 .text.DevCrsf_Init
                0x080379ba       0x1a build/Dev_CRSF.o
 .text.DevCRSF_Get_Channel
                0x080379d4       0x4c build/Dev_CRSF.o
 .text.DevCRSF_Decode
                0x08037a20      0x1a6 build/Dev_CRSF.o
 .text.DevCRSF_FIFO_In
                0x08037bc6       0xbe build/Dev_CRSF.o
 .text.DevDshot_GetType_Clock
                0x08037c84       0x28 build/Dev_Dshot.o
 .text.DevDshot_Prepare_Packet
                0x08037cac       0x2a build/Dev_Dshot.o
 *fill*         0x08037cd6        0x2 
 .text.DevDshot_Control
                0x08037cd8       0x70 build/Dev_Dshot.o
 .text.DevDshot_Command
                0x08037d48       0x60 build/Dev_Dshot.o
 .text.DevDshot_Init
                0x08037da8       0xb0 build/Dev_Dshot.o
 .text.SrvIMU_PriIMU_CS_Ctl
                0x08037e58       0x1c build/Srv_IMUSample.o
 .text.SrvIMU_SecIMU_CS_Ctl
                0x08037e74       0x1c build/Srv_IMUSample.o
 .text.SrvIMU_PriIMU_BusTrans_Rec
                0x08037e90       0x24 build/Srv_IMUSample.o
 .text.SrvIMU_SecIMU_BusTrans_Rec
                0x08037eb4       0x24 build/Srv_IMUSample.o
 .text.SrvIMU_DataCheck
                0x08037ed8      0x120 build/Srv_IMUSample.o
 .text.SrvIMU_Calib_GyroZeroOffset
                0x08037ff8      0x1bc build/Srv_IMUSample.o
 *fill*         0x080381b4        0x4 
 .text.SrvIMU_Get_MaxAngularSpeed_Diff
                0x080381b8       0xa8 build/Srv_IMUSample.o
 .text.SrvIMU_Detect_AngularOverSpeed
                0x08038260       0x40 build/Srv_IMUSample.o
 .text.SrvIMU_ErrorProc
                0x080382a0       0x18 build/Srv_IMUSample.o
 .text.SrvIMU_GetSensorType_Str
                0x080382b8       0x3c build/Srv_IMUSample.o
 .text.SrvIMU_PriIMU_ExtiCallback
                0x080382f4       0x20 build/Srv_IMUSample.o
 .text.SrvIMU_SecIMU_ExtiCallback
                0x08038314       0x20 build/Srv_IMUSample.o
 .text.SrvIMU_PriDev_Filter_InitError
                0x08038334        0x2 build/Srv_IMUSample.o
 .text.SrvIMU_SecDev_Filter_InitError
                0x08038336        0x2 build/Srv_IMUSample.o
 .text.SrvIMU_Dev_InitError
                0x08038338       0xb8 build/Srv_IMUSample.o
 .text.SrvIMU_AllModule_InitError
                0x080383f0       0x10 build/Srv_IMUSample.o
 .text.SrvIMU_Get_Data
                0x08038400       0x8c build/Srv_IMUSample.o
 .text.SrvIMU_Sample
                0x0803848c      0x4bc build/Srv_IMUSample.o
 .text.SrvIMU_AutoDetect
                0x08038948       0x54 build/Srv_IMUSample.o
 .text.SrvIMU_PriIMU_Init
                0x0803899c      0x274 build/Srv_IMUSample.o
 .text.SrvIMU_SecIMU_Init
                0x08038c10      0x274 build/Srv_IMUSample.o
 .text.SrvIMU_Init
                0x08038e84      0x234 build/Srv_IMUSample.o
 .text.SrvReceiver_Create_SPIObj
                0x080390b8        0x2 build/Srv_Receiver.o
 .text.SrvReceiver_Set_Invert
                0x080390ba       0x2a build/Srv_Receiver.o
 .text.SrvReceiver_Check
                0x080390e4       0x78 build/Srv_Receiver.o
 .text.SrvReceiver_Get_Value
                0x0803915c       0x8c build/Srv_Receiver.o
 .text.SrvReceiver_SerialDecode_Callback
                0x080391e8      0x180 build/Srv_Receiver.o
 .text.SrvReceiver_Init
                0x08039368      0x1d0 build/Srv_Receiver.o
 .text.SrvReceiver_Create_UartObj
                0x08039538       0x6e build/Srv_Receiver.o
 *fill*         0x080395a6        0x2 
 .text.SrvActuator_SetMotoSpinDir
                0x080395a8       0x84 build/Srv_Actuator.o
 .text.SrvActuator_Config_MotoSpinDir
                0x0803962c       0x70 build/Srv_Actuator.o
 .text.SrvActuator_InvertMotoSpinDir
                0x0803969c       0x6c build/Srv_Actuator.o
 .text.SrvActuator_Get_NumData
                0x08039708       0x34 build/Srv_Actuator.o
 .text.SrvActuator_GetModel
                0x0803973c        0xc build/Srv_Actuator.o
 .text.SrvActuator_QuadDrone_MotoMixControl
                0x08039748      0x13c build/Srv_Actuator.o
 .text.SrvActuator_PipeData
                0x08039884       0x98 build/Srv_Actuator.o
 .text.SrvActuator_MotoControl
                0x0803991c       0x24 build/Srv_Actuator.o
 .text.SrvActuator_Lock
                0x08039940       0x5c build/Srv_Actuator.o
 .text.SrcActuator_Get_ChannelRemap
                0x0803999c       0xc4 build/Srv_Actuator.o
 .text.SrvActuator_Init
                0x08039a60      0x1d0 build/Srv_Actuator.o
 .text.Srv_ComProto_GetType
                0x08039c30        0xc build/Srv_ComProto.o
 .text.SrvComProto_MsgEnable_Control
                0x08039c3c        0xc build/Srv_ComProto.o
 .text.SrvComProto_MsgToStream
                0x08039c48       0xa4 build/Srv_ComProto.o
 .text.Srv_ComProto_MsgObj_Init
                0x08039cec       0x88 build/Srv_ComProto.o
 .text.Srv_ComProto_Init
                0x08039d74       0x2c build/Srv_ComProto.o
 .text.SrvComProto_MavMsg_Raw_IMU
                0x08039da0      0x1e8 build/Srv_ComProto.o
 .text.SrvDataHub_Get_Raw_IMU
                0x08039f88       0xe8 build/Srv_DataHub.o
 .text.SrvDataHub_Get_Scaled_IMU
                0x0803a070       0xe8 build/Srv_DataHub.o
 .text.SrvDataHub_Get_Raw_Mag
                0x0803a158       0x74 build/Srv_DataHub.o
 .text.SrvDataHub_Get_Scaled_Mag
                0x0803a1cc       0x74 build/Srv_DataHub.o
 .text.SrvDataHub_Get_Arm
                0x0803a240       0x34 build/Srv_DataHub.o
 .text.SrvDataHub_Get_Failsafe
                0x0803a274       0x34 build/Srv_DataHub.o
 .text.SrvDataHub_Get_ControlMode
                0x0803a2a8       0x34 build/Srv_DataHub.o
 .text.SrvDataHub_Get_RcChannel
                0x0803a2dc       0x74 build/Srv_DataHub.o
 .text.SrvDataHub_Get_GimbalPercent
                0x0803a350       0x4c build/Srv_DataHub.o
 .text.SrvDataHub_Get_ServoChannel
                0x0803a39c       0x78 build/Srv_DataHub.o
 .text.SrvDataHub_Get_MotoChannel
                0x0803a414       0x6c build/Srv_DataHub.o
 .text.SrvDataHub_Init
                0x0803a480       0x84 build/Srv_DataHub.o
 .text.SrvComProto_PipeRcTelemtryDataFinish_Callback
                0x0803a504      0x224 build/Srv_DataHub.o
 .text.LEndian2Word
                0x0803a728       0x16 build/Data_Convert_Util.o
                0x0803a728                LEndian2Word
 .text.LEndian2HalfWord
                0x0803a73e        0xa build/Data_Convert_Util.o
                0x0803a73e                LEndian2HalfWord
 .text.LEndianWord2BytesArray
                0x0803a748       0x1e build/Data_Convert_Util.o
                0x0803a748                LEndianWord2BytesArray
 .text.Queue_UpdateState
                0x0803a766       0x40 build/queue.o
 .text.Queue_Push
                0x0803a7a6       0x6e build/queue.o
 .text.Queue_Pop
                0x0803a814       0x78 build/queue.o
 .text.Queue_GetRemain
                0x0803a88c       0x16 build/queue.o
 .text.Queue_Check
                0x0803a8a2       0x48 build/queue.o
 .text.Queue_GetState
                0x0803a8ea        0xe build/queue.o
 .text.Queue_GetSize
                0x0803a8f8        0xe build/queue.o
 .text.Queue_PopTo
                0x0803a906       0xd6 build/queue.o
 .text.Queue_Reset
                0x0803a9dc       0x3a build/queue.o
 .text.Queue_Create_WithCertainBuff
                0x0803aa16       0x48 build/queue.o
 .text.Queue_Create_Auto
                0x0803aa5e       0x4c build/queue.o
 .text.Item_SwapLRData
                0x0803aaaa        0xa build/linked_list.o
 .text.List_Init
                0x0803aab4       0x1c build/linked_list.o
                0x0803aab4                List_Init
 .text.List_ItemClear
                0x0803aad0       0x14 build/linked_list.o
                0x0803aad0                List_ItemClear
 .text.List_ItemInit
                0x0803aae4       0x10 build/linked_list.o
                0x0803aae4                List_ItemInit
 .text.List_InsertToPrv
                0x0803aaf4       0x14 build/linked_list.o
                0x0803aaf4                List_InsertToPrv
 .text.List_InsertByOrder
                0x0803ab08       0x14 build/linked_list.o
                0x0803ab08                List_InsertByOrder
 .text.List_InsertByCondition
                0x0803ab1c       0x3c build/linked_list.o
                0x0803ab1c                List_InsertByCondition
 .text.List_Insert_Item
                0x0803ab58       0x32 build/linked_list.o
                0x0803ab58                List_Insert_Item
 .text.List_traverse
                0x0803ab8a       0x5a build/linked_list.o
                0x0803ab8a                List_traverse
 .text.Tree_Get_Depth
                0x0803abe4       0x2e build/binary_tree.o
 .text.Tree_Get_BalanceFactory
                0x0803ac12       0x24 build/binary_tree.o
 .text.Tree_Search_RootNode
                0x0803ac36       0x16 build/binary_tree.o
 .text.TreeNode_RightRotate
                0x0803ac4c       0x60 build/binary_tree.o
 .text.TreeNode_LeftRotate
                0x0803acac       0x60 build/binary_tree.o
 .text.TreeNoe_Dynamic_Trim
                0x0803ad0c       0x5e build/binary_tree.o
 .text.TreeNode_Insert
                0x0803ad6a       0x68 build/binary_tree.o
 .text.TreeNode_Update_BalanceFactory
                0x0803add2       0x36 build/binary_tree.o
 .text.Tree_RootUpdate
                0x0803ae08       0x1a build/binary_tree.o
 .text.TreeNode_Init
                0x0803ae22       0x4a build/binary_tree.o
 .text.TreeNode_Pre_Traverse
                0x0803ae6c       0x26 build/binary_tree.o
 .text.TreeNode_Mid_Traverse
                0x0803ae92       0x24 build/binary_tree.o
 .text.TreeNode_Bck_Traverse
                0x0803aeb6       0x24 build/binary_tree.o
 .text.Tree_Traverse
                0x0803aeda       0x32 build/binary_tree.o
 .text.TreeNode_Search
                0x0803af0c       0x66 build/binary_tree.o
 .text.Tree_Search
                0x0803af72       0x40 build/binary_tree.o
 .text.Tree_Insert
                0x0803afb2       0x50 build/binary_tree.o
 .text.BinaryTree_Create
                0x0803b002       0x38 build/binary_tree.o
 *fill*         0x0803b03a        0x2 
 .text.ReBoot   0x0803b03c       0x28 build/reboot.o
                0x0803b03c                ReBoot
 .text.Error_InsertPriority_Compare
                0x0803b064       0x40 build/error_log.o
 .text.Error_Search
                0x0803b0a4       0x52 build/error_log.o
 *fill*         0x0803b0f6        0x2 
 .text.Error_Register
                0x0803b0f8       0x38 build/error_log.o
 .text.Error_Set_Callback
                0x0803b130       0x20 build/error_log.o
 .text.Error_DescToQueue
                0x0803b150       0x6c build/error_log.o
 .text.ErrorTree_Create
                0x0803b1bc       0x80 build/error_log.o
 .text.Error_Proc
                0x0803b23c       0xe4 build/error_log.o
 .text.Error_Trigger
                0x0803b320      0x130 build/error_log.o
 .text.Get_Bit_Index
                0x0803b450       0x16 build/util.o
                0x0803b450                Get_Bit_Index
 .text.Get_OnSet_Bit_Num
                0x0803b466       0x3a build/util.o
                0x0803b466                Get_OnSet_Bit_Num
 .text.u2p      0x0803b4a0        0x4 build/minilzo.o
 .text.lzo1x_1_compress_core
                0x0803b4a4      0x258 build/minilzo.o
 .text.lzo_memset
                0x0803b6fc        0x8 build/minilzo.o
                0x0803b6fc                lzo_memset
 .text._lzo_config_check
                0x0803b704      0x174 build/minilzo.o
                0x0803b704                _lzo_config_check
 .text.__lzo_init_v2
                0x0803b878       0xb4 build/minilzo.o
                0x0803b878                __lzo_init_v2
 .text.lzo1x_1_compress
                0x0803b92c      0x118 build/minilzo.o
                0x0803b92c                lzo1x_1_compress
 .text.DataPipe_TransError_Callback
                0x0803ba44       0x6c build/DataPipe.o
 .text.DataPipe_TransFinish_Callback
                0x0803bab0       0x74 build/DataPipe.o
 .text.DataPipe_Init
                0x0803bb24       0x9c build/DataPipe.o
                0x0803bb24                DataPipe_Init
 .text.DataPipe_SendTo
                0x0803bbc0       0xd4 build/DataPipe.o
                0x0803bbc0                DataPipe_SendTo
 .text.MMU_InsertFreeBlock
                0x0803bc94       0x70 build/mmu.o
 .text.MMU_Init
                0x0803bd04       0x58 build/mmu.o
 .text.MMU_Malloc
                0x0803bd5c       0xc0 build/mmu.o
                0x0803bd5c                MMU_Malloc
 .text.MMU_Free
                0x0803be1c       0x3c build/mmu.o
                0x0803be1c                MMU_Free
 .text.Os_Idle_List_TraverseCallback
                0x0803be58       0x26 build/scheduler.o
 *fill*         0x0803be7e        0x2 
 .text.Os_Set_TaskReady
                0x0803be80       0x38 build/scheduler.o
 .text.Os_Clr_TaskReady
                0x0803beb8       0x40 build/scheduler.o
 .text.Os_Clr_TaskPending
                0x0803bef8       0x40 build/scheduler.o
 .text.Os_TaskExit
                0x0803bf38        0x2 build/scheduler.o
 *fill*         0x0803bf3a        0x2 
 .text.Os_Get_HighestRank_RdyTask
                0x0803bf3c       0x60 build/scheduler.o
 .text.Os_Get_HighestRank_PndTask
                0x0803bf9c       0x60 build/scheduler.o
 .text.Os_TaskPri_Compare
                0x0803bffc      0x1d4 build/scheduler.o
 .text.Os_ResetTask_Data
                0x0803c1d0       0x26 build/scheduler.o
 *fill*         0x0803c1f6        0x2 
 .text.Os_TaskCrtList_TraverseCallback
                0x0803c1f8       0x40 build/scheduler.o
 .text.Os_Idle  0x0803c238       0x68 build/scheduler.o
 .text.Os_Set_TaskStk
                0x0803c2a0       0x58 build/scheduler.o
 .text.Os_CreateIdle
                0x0803c2f8       0x5c build/scheduler.o
 .text.Os_TaskExec
                0x0803c354      0x18c build/scheduler.o
 .text.Os_LoadFirstTask
                0x0803c4e0       0x24 build/scheduler.o
                0x0803c4e0                Os_LoadFirstTask
 *fill*         0x0803c504        0xc 
 .text.Os_SwitchContext
                0x0803c510       0x60 build/scheduler.o
                0x0803c510                Os_SwitchContext
 .text.Os_SwitchTaskStack
                0x0803c570       0x28 build/scheduler.o
                0x0803c570                Os_SwitchTaskStack
 .text.Os_Init  0x0803c598       0x8c build/scheduler.o
                0x0803c598                Os_Init
 .text.Os_Start
                0x0803c624       0x54 build/scheduler.o
                0x0803c624                Os_Start
 .text.Os_CreateTask
                0x0803c678      0x180 build/scheduler.o
                0x0803c678                Os_CreateTask
 .text.Os_Set_TaskPending
                0x0803c7f8       0x3c build/scheduler.o
                0x0803c7f8                Os_Set_TaskPending
 .text.Os_SchedulerRun
                0x0803c834      0x100 build/scheduler.o
 .text.Os_TaskCaller
                0x0803c934       0x38 build/scheduler.o
 .text.Kernel_SetBASEPRI
                0x0803c96c        0xe build/kernel.o
 *fill*         0x0803c97a        0x2 
 .text.KernelClock_Init
                0x0803c97c      0x16c build/kernel.o
 .text.Kernel_Init
                0x0803cae8        0xe build/kernel.o
                0x0803cae8                Kernel_Init
 *fill*         0x0803caf6        0x2 
 .text.Kernel_LoadProcess
                0x0803caf8       0x20 build/kernel.o
                0x0803caf8                Kernel_LoadProcess
 .text.Kernel_EnablePendSV
                0x0803cb18       0x10 build/kernel.o
                0x0803cb18                Kernel_EnablePendSV
 .text.Kernel_TriggerPendSV
                0x0803cb28       0x10 build/kernel.o
                0x0803cb28                Kernel_TriggerPendSV
 .text.Kernel_EnterCritical
                0x0803cb38       0x18 build/kernel.o
                0x0803cb38                Kernel_EnterCritical
 .text.Kernel_ExitCritical
                0x0803cb50       0x28 build/kernel.o
                0x0803cb50                Kernel_ExitCritical
 .text.Runtime_SetCallback
                0x0803cb78       0x2c build/runtime.o
                0x0803cb78                Runtime_SetCallback
 .text.Runtime_GetTickBase
                0x0803cba4        0xc build/runtime.o
                0x0803cba4                Runtime_GetTickBase
 .text.Runtime_Config
                0x0803cbb0       0xb0 build/runtime.o
                0x0803cbb0                Runtime_Config
 .text.Runtime_Start
                0x0803cc60       0x24 build/runtime.o
                0x0803cc60                Runtime_Start
 .text.RuntimeObj_Reset
                0x0803cc84        0xa build/runtime.o
                0x0803cc84                RuntimeObj_Reset
 .text.Get_TimeDifference_Between
                0x0803cc8e       0x18 build/runtime.o
                0x0803cc8e                Get_TimeDifference_Between
 *fill*         0x0803cca6        0x2 
 .text.Runtime_Tick
                0x0803cca8       0x78 build/runtime.o
                0x0803cca8                Runtime_Tick
 .text.Get_CurrentRunningUs
                0x0803cd20        0xc build/runtime.o
                0x0803cd20                Get_CurrentRunningUs
 .text.Get_CurrentRunningMs
                0x0803cd2c        0xc build/runtime.o
                0x0803cd2c                Get_CurrentRunningMs
 .text.Get_CurrentRunningS
                0x0803cd38       0x12 build/runtime.o
                0x0803cd38                Get_CurrentRunningS
 *fill*         0x0803cd4a        0x2 
 .text.Get_TargetRunTime
                0x0803cd4c       0x14 build/runtime.o
                0x0803cd4c                Get_TargetRunTime
 .text.RuntimeObj_CompareWithCurrent
                0x0803cd60       0x18 build/runtime.o
                0x0803cd60                RuntimeObj_CompareWithCurrent
 .text.Runtime_DelayMs
                0x0803cd78       0x2c build/runtime.o
                0x0803cd78                Runtime_DelayMs
 .text.Disk_Get_MinWriteByte
                0x0803cda4        0xc build/DiskIO.o
 .text.Disk_GetCard_Info
                0x0803cdb0       0x18 build/DiskIO.o
 .text.Disk_Get_StartSectionOfCluster
                0x0803cdc8       0x18 build/DiskIO.o
 .text.Disk_Search_FreeCluster
                0x0803cde0       0x80 build/DiskIO.o
 .text.Disk_GetClusterState
                0x0803ce60       0x44 build/DiskIO.o
 .text.Disk_isFolder
                0x0803cea4        0xe build/DiskIO.o
 *fill*         0x0803ceb2        0x2 
 .text.Disk_Update_File_Cluster
                0x0803ceb4       0x80 build/DiskIO.o
 .text.Disk_ExtModule_InitError
                0x0803cf34       0x18 build/DiskIO.o
 .text.Disk_FreeCluster_SearchError
                0x0803cf4c       0x14 build/DiskIO.o
 .text.Disk_FSINFO_ReadError
                0x0803cf60       0x14 build/DiskIO.o
 .text.Disk_SFN_Match
                0x0803cf74       0x58 build/DiskIO.o
 .text.Disk_ClearCluster
                0x0803cfcc       0x58 build/DiskIO.o
 .text.ExtDisk_Init
                0x0803d024       0x6c build/DiskIO.o
 .text.Disk_Get_NextCluster
                0x0803d090       0x48 build/DiskIO.o
 .text.Disk_ParseFSINFO
                0x0803d0d8       0xd8 build/DiskIO.o
 .text.Disk_UpdateFSINFO
                0x0803d1b0       0x84 build/DiskIO.o
 .text.Disk_Update_FreeCluster
                0x0803d234       0xf4 build/DiskIO.o
 .text.Disk_Establish_ClusterLink
                0x0803d328       0xb4 build/DiskIO.o
 .text.Disk_FileSize_Update
                0x0803d3dc       0x60 build/DiskIO.o
 .text.Disk_WriteFile_From_Head
                0x0803d43c      0x104 build/DiskIO.o
 .text.Disk_WriteData_ToFile
                0x0803d540      0x2b0 build/DiskIO.o
 .text.Disk_GetPath_Layer
                0x0803d7f0       0x1a build/DiskIO.o
 *fill*         0x0803d80a        0x2 
 .text.Disk_GetFolderName_ByIndex
                0x0803d80c       0xd0 build/DiskIO.o
 .text.Disk_SFN_LegallyCheck
                0x0803d8dc      0x158 build/DiskIO.o
 .text.Disk_Name_ConvertTo83Frame
                0x0803da34      0x104 build/DiskIO.o
 .text.Disk_Fill_Attr
                0x0803db38       0x90 build/DiskIO.o
 .text.Disk_Parse_Attribute
                0x0803dbc8      0x198 build/DiskIO.o
 .text.Disk_MatchTaget
                0x0803dd60      0x13e build/DiskIO.o
 .text.Disk_Get_DirStartCluster
                0x0803de9e       0xd2 build/DiskIO.o
 .text.Disk_Open
                0x0803df70       0xf8 build/DiskIO.o
 .text.Disk_WriteTo_TargetFFTable
                0x0803e068      0x3e0 build/DiskIO.o
 .text.Disk_Create_Folder
                0x0803e448       0xd2 build/DiskIO.o
 *fill*         0x0803e51a        0x2 
 .text.Disk_ParseMBR
                0x0803e51c       0xe8 build/DiskIO.o
 .text.Disk_ParseDBR
                0x0803e604      0x1f8 build/DiskIO.o
 .text.Disk_Printf
                0x0803e7fc       0x48 build/DiskIO.o
 .text.Disk_Create_File
                0x0803e844      0x28c build/DiskIO.o
 .text.Disk_Init
                0x0803ead0      0x144 build/DiskIO.o
 .text.shellExtNumType
                0x0803ec14       0x50 build/shell_ext.o
 .text.shellExtToNum
                0x0803ec64       0x2e build/shell_ext.o
 *fill*         0x0803ec92        0x2 
 .text.shellExtParseChar
                0x0803ec94       0x88 build/shell_ext.o
 .text.shellExtParseString
                0x0803ed1c       0x40 build/shell_ext.o
 .text.shellExtParseNumber
                0x0803ed5c       0xbe build/shell_ext.o
 .text.shellExtParseVar
                0x0803ee1a       0x1e build/shell_ext.o
 .text.shellExtParsePara
                0x0803ee38       0x4a build/shell_ext.o
                0x0803ee38                shellExtParsePara
 .text.shellExtRun
                0x0803ee82       0xee build/shell_ext.o
                0x0803ee82                shellExtRun
 .text.shellStringCopy
                0x0803ef70       0x16 build/shell.o
 .text.shellStringCompare
                0x0803ef86       0x2e build/shell.o
 .text.shellGetCommandDesc
                0x0803efb4       0x22 build/shell.o
 .text.shellParserParam
                0x0803efd6       0x90 build/shell.o
 .text.shellHistoryAdd
                0x0803f066       0x70 build/shell.o
 .text.shellRemoveParamQuotes
                0x0803f0d6       0x54 build/shell.o
 *fill*         0x0803f12a        0x2 
 .text.shellGetCurrent
                0x0803f12c       0x2c build/shell.o
                0x0803f12c                shellGetCurrent
 .text.shellWriteByte
                0x0803f158       0x18 build/shell.o
                0x0803f158                shellWriteByte
 .text.shellRight
                0x0803f170       0x1a build/shell.o
                0x0803f170                shellRight
 .text.shellLeft
                0x0803f18a       0x18 build/shell.o
                0x0803f18a                shellLeft
 .text.shellWriteString
                0x0803f1a2       0x18 build/shell.o
                0x0803f1a2                shellWriteString
 *fill*         0x0803f1ba        0x2 
 .text.shellSetUser
                0x0803f1bc       0x60 build/shell.o
 .text.shellWriteCommandLine
                0x0803f21c       0x60 build/shell.o
 .text.shellCheckPassword
                0x0803f27c       0x40 build/shell.o
 .text.shellClear
                0x0803f2bc       0x14 build/shell.o
                0x0803f2bc                shellClear
 .text.shellCheckPermission
                0x0803f2d0       0x3c build/shell.o
                0x0803f2d0                shellCheckPermission
 .text.shellToHex
                0x0803f30c       0x28 build/shell.o
                0x0803f30c                shellToHex
 .text.shellGetCommandName
                0x0803f334       0x44 build/shell.o
 .text.shellToDec
                0x0803f378       0x60 build/shell.o
                0x0803f378                shellToDec
 .text.shellWriteReturnValue
                0x0803f3d8       0x7c build/shell.o
 .text.shellListItem
                0x0803f454       0x90 build/shell.o
                0x0803f454                shellListItem
 .text.shellListCommand
                0x0803f4e4       0x48 build/shell.o
                0x0803f4e4                shellListCommand
 .text.shellCmds
                0x0803f52c        0xe build/shell.o
                0x0803f52c                shellCmds
 *fill*         0x0803f53a        0x2 
 .text.shellListVar
                0x0803f53c       0x4c build/shell.o
                0x0803f53c                shellListVar
 .text.shellVars
                0x0803f588        0xe build/shell.o
                0x0803f588                shellVars
 *fill*         0x0803f596        0x2 
 .text.shellListUser
                0x0803f598       0x48 build/shell.o
                0x0803f598                shellListUser
 .text.shellUsers
                0x0803f5e0        0xe build/shell.o
                0x0803f5e0                shellUsers
 *fill*         0x0803f5ee        0x2 
 .text.shellListKey
                0x0803f5f0       0x48 build/shell.o
                0x0803f5f0                shellListKey
 .text.shellKeys
                0x0803f638        0xe build/shell.o
                0x0803f638                shellKeys
 .text.shellListAll
                0x0803f646        0x8 build/shell.o
                0x0803f646                shellListAll
 *fill*         0x0803f64e        0x2 
 .text.shellDeleteCommandLine
                0x0803f650       0x20 build/shell.o
                0x0803f650                shellDeleteCommandLine
 .text.shellClearCommandLine
                0x0803f670       0x28 build/shell.o
                0x0803f670                shellClearCommandLine
 .text.shellHistory
                0x0803f698       0x98 build/shell.o
 .text.shellUp  0x0803f730        0xa build/shell.o
                0x0803f730                shellUp
 .text.shellDown
                0x0803f73a        0xc build/shell.o
                0x0803f73a                shellDown
 *fill*         0x0803f746        0x2 
 .text.shellTab
                0x0803f748      0x114 build/shell.o
                0x0803f748                shellTab
 .text.shellDeleteByte
                0x0803f85c       0xc4 build/shell.o
                0x0803f85c                shellDeleteByte
 .text.shellBackspace
                0x0803f920        0xa build/shell.o
                0x0803f920                shellBackspace
 .text.shellDelete
                0x0803f92a        0xc build/shell.o
                0x0803f92a                shellDelete
 .text.shellSeekCommand
                0x0803f936       0x72 build/shell.o
                0x0803f936                shellSeekCommand
 .text.shellHelp
                0x0803f9a8       0x7c build/shell.o
                0x0803f9a8                shellHelp
 .text.shellGetVarValue
                0x0803fa24       0x44 build/shell.o
                0x0803fa24                shellGetVarValue
 .text.shellShowVar
                0x0803fa68       0xbc build/shell.o
 .text.shellSetVarValue
                0x0803fb24       0x78 build/shell.o
                0x0803fb24                shellSetVarValue
 .text.shellSetVar
                0x0803fb9c       0x64 build/shell.o
                0x0803fb9c                shellSetVar
 .text.shellRunCommand
                0x0803fc00       0x94 build/shell.o
                0x0803fc00                shellRunCommand
 .text.shellExec
                0x0803fc94       0x68 build/shell.o
                0x0803fc94                shellExec
 .text.shellEnter
                0x0803fcfc       0x12 build/shell.o
                0x0803fcfc                shellEnter
 .text.Butterworth_Item_Update
                0x0803fd0e       0x2e build/filter.o
 .text.Butterworth_Filter_Update
                0x0803fd3c       0x9c build/filter.o
 .text.Butterworth_List_Create
                0x0803fdd8       0x6a build/filter.o
 .text.Butterworth_Init
                0x0803fe42      0x1ae build/filter.o
 .text.USB_DEVICE_Init
                0x0803fff0       0x54 build/usb_device.o
                0x0803fff0                USB_DEVICE_Init
 .text.USBD_FS_DeviceDescriptor
                0x08040044        0xc build/usbd_desc.o
                0x08040044                USBD_FS_DeviceDescriptor
 .text.USBD_FS_LangIDStrDescriptor
                0x08040050        0xc build/usbd_desc.o
                0x08040050                USBD_FS_LangIDStrDescriptor
 .text.IntToUnicode
                0x0804005c       0x46 build/usbd_desc.o
 *fill*         0x080400a2        0x2 
 .text.Get_SerialNum
                0x080400a4       0x38 build/usbd_desc.o
 .text.USBD_FS_SerialStrDescriptor
                0x080400dc       0x14 build/usbd_desc.o
                0x080400dc                USBD_FS_SerialStrDescriptor
 .text.USBD_FS_ProductStrDescriptor
                0x080400f0       0x24 build/usbd_desc.o
                0x080400f0                USBD_FS_ProductStrDescriptor
 .text.USBD_FS_ManufacturerStrDescriptor
                0x08040114       0x1c build/usbd_desc.o
                0x08040114                USBD_FS_ManufacturerStrDescriptor
 .text.USBD_FS_ConfigStrDescriptor
                0x08040130       0x24 build/usbd_desc.o
                0x08040130                USBD_FS_ConfigStrDescriptor
 .text.USBD_FS_InterfaceStrDescriptor
                0x08040154       0x24 build/usbd_desc.o
                0x08040154                USBD_FS_InterfaceStrDescriptor
 .text.CDC_DeInit_FS
                0x08040178        0x4 build/usbd_cdc_if.o
 .text.CDC_Control_FS
                0x0804017c        0x4 build/usbd_cdc_if.o
 .text.CDC_TransmitCplt_FS
                0x08040180        0x4 build/usbd_cdc_if.o
 .text.CDC_Receive_FS
                0x08040184       0x2c build/usbd_cdc_if.o
 .text.CDC_Init_FS
                0x080401b0       0x28 build/usbd_cdc_if.o
 .text.CDC_Transmit_FS
                0x080401d8       0x2c build/usbd_cdc_if.o
                0x080401d8                CDC_Transmit_FS
 .text.usb_printf
                0x08040204       0x30 build/usbd_cdc_if.o
                0x08040204                usb_printf
 .text.usb_setrec_callback
                0x08040234        0xc build/usbd_cdc_if.o
                0x08040234                usb_setrec_callback
 .text.HAL_PCD_MspInit
                0x08040240       0xac build/usbd_conf.o
                0x08040240                HAL_PCD_MspInit
 .text.HAL_PCD_SetupStageCallback
                0x080402ec       0x10 build/usbd_conf.o
                0x080402ec                HAL_PCD_SetupStageCallback
 .text.HAL_PCD_DataOutStageCallback
                0x080402fc       0x18 build/usbd_conf.o
                0x080402fc                HAL_PCD_DataOutStageCallback
 .text.HAL_PCD_DataInStageCallback
                0x08040314       0x16 build/usbd_conf.o
                0x08040314                HAL_PCD_DataInStageCallback
 .text.HAL_PCD_SOFCallback
                0x0804032a        0xc build/usbd_conf.o
                0x0804032a                HAL_PCD_SOFCallback
 .text.HAL_PCD_ResetCallback
                0x08040336       0x24 build/usbd_conf.o
                0x08040336                HAL_PCD_ResetCallback
 *fill*         0x0804035a        0x2 
 .text.HAL_PCD_SuspendCallback
                0x0804035c       0x30 build/usbd_conf.o
                0x0804035c                HAL_PCD_SuspendCallback
 .text.HAL_PCD_ResumeCallback
                0x0804038c        0xc build/usbd_conf.o
                0x0804038c                HAL_PCD_ResumeCallback
 .text.HAL_PCD_ISOOUTIncompleteCallback
                0x08040398        0xc build/usbd_conf.o
                0x08040398                HAL_PCD_ISOOUTIncompleteCallback
 .text.HAL_PCD_ISOINIncompleteCallback
                0x080403a4        0xc build/usbd_conf.o
                0x080403a4                HAL_PCD_ISOINIncompleteCallback
 .text.HAL_PCD_ConnectCallback
                0x080403b0        0xc build/usbd_conf.o
                0x080403b0                HAL_PCD_ConnectCallback
 .text.HAL_PCD_DisconnectCallback
                0x080403bc        0xc build/usbd_conf.o
                0x080403bc                HAL_PCD_DisconnectCallback
 .text.USBD_LL_Init
                0x080403c8       0x68 build/usbd_conf.o
                0x080403c8                USBD_LL_Init
 .text.USBD_LL_IsStallEP
                0x08040430       0x2e build/usbd_conf.o
                0x08040430                USBD_LL_IsStallEP
 .text.USBD_LL_GetRxDataSize
                0x0804045e        0xc build/usbd_conf.o
                0x0804045e                USBD_LL_GetRxDataSize
 *fill*         0x0804046a        0x2 
 .text.USBD_static_malloc
                0x0804046c        0x8 build/usbd_conf.o
                0x0804046c                USBD_static_malloc
 .text.USBD_static_free
                0x08040474        0x2 build/usbd_conf.o
                0x08040474                USBD_static_free
 .text.USBD_Get_USB_Status
                0x08040476       0x14 build/usbd_conf.o
                0x08040476                USBD_Get_USB_Status
 .text.USBD_LL_Start
                0x0804048a       0x10 build/usbd_conf.o
                0x0804048a                USBD_LL_Start
 .text.USBD_LL_OpenEP
                0x0804049a       0x16 build/usbd_conf.o
                0x0804049a                USBD_LL_OpenEP
 .text.USBD_LL_CloseEP
                0x080404b0       0x10 build/usbd_conf.o
                0x080404b0                USBD_LL_CloseEP
 .text.USBD_LL_StallEP
                0x080404c0       0x10 build/usbd_conf.o
                0x080404c0                USBD_LL_StallEP
 .text.USBD_LL_ClearStallEP
                0x080404d0       0x10 build/usbd_conf.o
                0x080404d0                USBD_LL_ClearStallEP
 .text.USBD_LL_SetUSBAddress
                0x080404e0       0x10 build/usbd_conf.o
                0x080404e0                USBD_LL_SetUSBAddress
 .text.USBD_LL_Transmit
                0x080404f0       0x10 build/usbd_conf.o
                0x080404f0                USBD_LL_Transmit
 .text.USBD_LL_PrepareReceive
                0x08040500       0x10 build/usbd_conf.o
                0x08040500                USBD_LL_PrepareReceive
 .text.USBD_Init
                0x08040510       0x38 build/usbd_core.o
                0x08040510                USBD_Init
 .text.USBD_RegisterClass
                0x08040548       0x28 build/usbd_core.o
                0x08040548                USBD_RegisterClass
 .text.USBD_Start
                0x08040570        0x8 build/usbd_core.o
                0x08040570                USBD_Start
 .text.USBD_SetClassConfig
                0x08040578       0x12 build/usbd_core.o
                0x08040578                USBD_SetClassConfig
 .text.USBD_ClrClassConfig
                0x0804058a       0x10 build/usbd_core.o
                0x0804058a                USBD_ClrClassConfig
 .text.USBD_LL_SetupStage
                0x0804059a       0x58 build/usbd_core.o
                0x0804059a                USBD_LL_SetupStage
 .text.USBD_LL_DataOutStage
                0x080405f2       0x72 build/usbd_core.o
                0x080405f2                USBD_LL_DataOutStage
 .text.USBD_LL_DataInStage
                0x08040664       0xb8 build/usbd_core.o
                0x08040664                USBD_LL_DataInStage
 .text.USBD_LL_Reset
                0x0804071c       0x52 build/usbd_core.o
                0x0804071c                USBD_LL_Reset
 .text.USBD_LL_SetSpeed
                0x0804076e        0x6 build/usbd_core.o
                0x0804076e                USBD_LL_SetSpeed
 .text.USBD_LL_Suspend
                0x08040774       0x12 build/usbd_core.o
                0x08040774                USBD_LL_Suspend
 .text.USBD_LL_Resume
                0x08040786       0x16 build/usbd_core.o
                0x08040786                USBD_LL_Resume
 .text.USBD_LL_SOF
                0x0804079c       0x1c build/usbd_core.o
                0x0804079c                USBD_LL_SOF
 .text.USBD_LL_IsoINIncomplete
                0x080407b8        0x4 build/usbd_core.o
                0x080407b8                USBD_LL_IsoINIncomplete
 .text.USBD_LL_IsoOUTIncomplete
                0x080407bc        0x4 build/usbd_core.o
                0x080407bc                USBD_LL_IsoOUTIncomplete
 .text.USBD_LL_DevConnected
                0x080407c0        0x4 build/usbd_core.o
                0x080407c0                USBD_LL_DevConnected
 .text.USBD_LL_DevDisconnected
                0x080407c4       0x18 build/usbd_core.o
                0x080407c4                USBD_LL_DevDisconnected
 .text.USBD_GetLen
                0x080407dc       0x14 build/usbd_ctlreq.o
 .text.USBD_SetFeature
                0x080407f0       0x14 build/usbd_ctlreq.o
 .text.USBD_ParseSetupRequest
                0x08040804       0x28 build/usbd_ctlreq.o
                0x08040804                USBD_ParseSetupRequest
 .text.USBD_CtlError
                0x0804082c       0x14 build/usbd_ctlreq.o
                0x0804082c                USBD_CtlError
 .text.USBD_GetDescriptor
                0x08040840      0x18a build/usbd_ctlreq.o
 .text.USBD_SetAddress
                0x080409ca       0x4e build/usbd_ctlreq.o
 .text.USBD_SetConfig
                0x08040a18       0xc4 build/usbd_ctlreq.o
 .text.USBD_GetConfig
                0x08040adc       0x3e build/usbd_ctlreq.o
 .text.USBD_GetStatus
                0x08040b1a       0x38 build/usbd_ctlreq.o
 .text.USBD_ClrFeature
                0x08040b52       0x26 build/usbd_ctlreq.o
 .text.USBD_StdDevReq
                0x08040b78       0x70 build/usbd_ctlreq.o
                0x08040b78                USBD_StdDevReq
 .text.USBD_StdItfReq
                0x08040be8       0x68 build/usbd_ctlreq.o
                0x08040be8                USBD_StdItfReq
 .text.USBD_StdEPReq
                0x08040c50      0x1ea build/usbd_ctlreq.o
                0x08040c50                USBD_StdEPReq
 .text.USBD_GetString
                0x08040e3a       0x3a build/usbd_ctlreq.o
                0x08040e3a                USBD_GetString
 .text.USBD_CtlSendData
                0x08040e74       0x1a build/usbd_ioreq.o
                0x08040e74                USBD_CtlSendData
 .text.USBD_CtlContinueSendData
                0x08040e8e       0x10 build/usbd_ioreq.o
                0x08040e8e                USBD_CtlContinueSendData
 .text.USBD_CtlPrepareRx
                0x08040e9e       0x1e build/usbd_ioreq.o
                0x08040e9e                USBD_CtlPrepareRx
 .text.USBD_CtlContinueRx
                0x08040ebc       0x10 build/usbd_ioreq.o
                0x08040ebc                USBD_CtlContinueRx
 .text.USBD_CtlSendStatus
                0x08040ecc       0x16 build/usbd_ioreq.o
                0x08040ecc                USBD_CtlSendStatus
 .text.USBD_CtlReceiveStatus
                0x08040ee2       0x16 build/usbd_ioreq.o
                0x08040ee2                USBD_CtlReceiveStatus
 .text.USBD_CDC_EP0_RxReady
                0x08040ef8       0x28 build/usbd_cdc.o
 .text.USBD_CDC_GetFSCfgDesc
                0x08040f20        0xc build/usbd_cdc.o
 .text.USBD_CDC_GetHSCfgDesc
                0x08040f2c        0xc build/usbd_cdc.o
 .text.USBD_CDC_GetOtherSpeedCfgDesc
                0x08040f38        0xc build/usbd_cdc.o
 .text.USBD_CDC_GetDeviceQualifierDescriptor
                0x08040f44        0xc build/usbd_cdc.o
                0x08040f44                USBD_CDC_GetDeviceQualifierDescriptor
 .text.USBD_CDC_DataOut
                0x08040f50       0x2a build/usbd_cdc.o
 .text.USBD_CDC_DataIn
                0x08040f7a       0x64 build/usbd_cdc.o
 .text.USBD_CDC_Setup
                0x08040fde       0xe0 build/usbd_cdc.o
 .text.USBD_CDC_DeInit
                0x080410be       0x48 build/usbd_cdc.o
 .text.USBD_CDC_Init
                0x08041106       0xc2 build/usbd_cdc.o
 .text.USBD_CDC_RegisterInterface
                0x080411c8        0xe build/usbd_cdc.o
                0x080411c8                USBD_CDC_RegisterInterface
 .text.USBD_CDC_SetTxBuffer
                0x080411d6       0x10 build/usbd_cdc.o
                0x080411d6                USBD_CDC_SetTxBuffer
 .text.USBD_CDC_SetRxBuffer
                0x080411e6        0xc build/usbd_cdc.o
                0x080411e6                USBD_CDC_SetRxBuffer
 .text.USBD_CDC_TransmitPacket
                0x080411f2       0x34 build/usbd_cdc.o
                0x080411f2                USBD_CDC_TransmitPacket
 .text.USBD_CDC_ReceivePacket
                0x08041226       0x32 build/usbd_cdc.o
                0x08041226                USBD_CDC_ReceivePacket
 .text.NMI_Handler
                0x08041258        0x2 build/stm32h7xx_it.o
                0x08041258                NMI_Handler
 .text.HardFault_Handler
                0x0804125a        0x2 build/stm32h7xx_it.o
                0x0804125a                HardFault_Handler
 .text.MemManage_Handler
                0x0804125c        0x2 build/stm32h7xx_it.o
                0x0804125c                MemManage_Handler
 .text.BusFault_Handler
                0x0804125e        0x2 build/stm32h7xx_it.o
                0x0804125e                BusFault_Handler
 .text.UsageFault_Handler
                0x08041260        0x2 build/stm32h7xx_it.o
                0x08041260                UsageFault_Handler
 .text.SVC_Handler
                0x08041262        0xc build/stm32h7xx_it.o
                0x08041262                SVC_Handler
 .text.DebugMon_Handler
                0x0804126e        0x2 build/stm32h7xx_it.o
                0x0804126e                DebugMon_Handler
 .text.PendSV_Handler
                0x08041270        0x8 build/stm32h7xx_it.o
                0x08041270                PendSV_Handler
 .text.SysTick_Handler
                0x08041278       0x54 build/stm32h7xx_it.o
                0x08041278                SysTick_Handler
 .text.OTG_FS_IRQHandler
                0x080412cc       0x10 build/stm32h7xx_it.o
                0x080412cc                OTG_FS_IRQHandler
 .text.EXTI0_IRQHandler
                0x080412dc        0xa build/stm32h7xx_it.o
                0x080412dc                EXTI0_IRQHandler
 .text.EXTI1_IRQHandler
                0x080412e6        0xa build/stm32h7xx_it.o
                0x080412e6                EXTI1_IRQHandler
 .text.EXTI2_IRQHandler
                0x080412f0        0xa build/stm32h7xx_it.o
                0x080412f0                EXTI2_IRQHandler
 .text.EXTI3_IRQHandler
                0x080412fa        0xa build/stm32h7xx_it.o
                0x080412fa                EXTI3_IRQHandler
 .text.EXTI4_IRQHandler
                0x08041304        0xa build/stm32h7xx_it.o
                0x08041304                EXTI4_IRQHandler
 .text.EXTI9_5_IRQHandler
                0x0804130e       0x26 build/stm32h7xx_it.o
                0x0804130e                EXTI9_5_IRQHandler
 .text.EXTI15_10_IRQHandler
                0x08041334       0x34 build/stm32h7xx_it.o
                0x08041334                EXTI15_10_IRQHandler
 .text.SDMMC1_IRQHandler
                0x08041368       0x10 build/stm32h7xx_it.o
                0x08041368                SDMMC1_IRQHandler
 .text.MDMA_IRQHandler
                0x08041378       0x10 build/stm32h7xx_it.o
                0x08041378                MDMA_IRQHandler
 .text.DMA2_Stream7_IRQHandler
                0x08041388       0x10 build/stm32h7xx_it.o
                0x08041388                DMA2_Stream7_IRQHandler
 .text.DMA1_Stream0_IRQHandler
                0x08041398       0x18 build/stm32h7xx_it.o
                0x08041398                DMA1_Stream0_IRQHandler
 .text.DMA1_Stream1_IRQHandler
                0x080413b0       0x18 build/stm32h7xx_it.o
                0x080413b0                DMA1_Stream1_IRQHandler
 .text.DMA1_Stream2_IRQHandler
                0x080413c8       0x18 build/stm32h7xx_it.o
                0x080413c8                DMA1_Stream2_IRQHandler
 .text.DMA1_Stream3_IRQHandler
                0x080413e0       0x18 build/stm32h7xx_it.o
                0x080413e0                DMA1_Stream3_IRQHandler
 .text.DMA1_Stream4_IRQHandler
                0x080413f8       0x18 build/stm32h7xx_it.o
                0x080413f8                DMA1_Stream4_IRQHandler
 .text.DMA1_Stream5_IRQHandler
                0x08041410       0x18 build/stm32h7xx_it.o
                0x08041410                DMA1_Stream5_IRQHandler
 .text.UART4_IRQHandler
                0x08041428       0x24 build/stm32h7xx_it.o
                0x08041428                UART4_IRQHandler
 .text.USART6_IRQHandler
                0x0804144c       0x24 build/stm32h7xx_it.o
                0x0804144c                USART6_IRQHandler
 .text.UART7_IRQHandler
                0x08041470       0x24 build/stm32h7xx_it.o
                0x08041470                UART7_IRQHandler
 .text.SystemInit
                0x08041494       0xcc build/system_stm32h7xx.o
                0x08041494                SystemInit
 .text.SystemCoreClockUpdate
                0x08041560      0x214 build/system_stm32h7xx.o
                0x08041560                SystemCoreClockUpdate
 .text.HAL_MspInit
                0x08041774        0x2 build/stm32h7xx_hal.o
                0x08041774                HAL_MspInit
 *fill*         0x08041776        0x2 
 .text.HAL_InitTick
                0x08041778       0x50 build/stm32h7xx_hal.o
                0x08041778                HAL_InitTick
 .text.HAL_Init
                0x080417c8       0x5c build/stm32h7xx_hal.o
                0x080417c8                HAL_Init
 .text.HAL_IncTick
                0x08041824       0x18 build/stm32h7xx_hal.o
                0x08041824                HAL_IncTick
 .text.HAL_GetTick
                0x0804183c        0xc build/stm32h7xx_hal.o
                0x0804183c                HAL_GetTick
 .text.HAL_Delay
                0x08041848       0x28 build/stm32h7xx_hal.o
                0x08041848                HAL_Delay
 .text.HAL_GetREVID
                0x08041870        0xc build/stm32h7xx_hal.o
                0x08041870                HAL_GetREVID
 .text.HAL_NVIC_SetPriorityGrouping
                0x0804187c       0x24 build/stm32h7xx_hal_cortex.o
                0x0804187c                HAL_NVIC_SetPriorityGrouping
 .text.HAL_NVIC_SetPriority
                0x080418a0       0x6c build/stm32h7xx_hal_cortex.o
                0x080418a0                HAL_NVIC_SetPriority
 .text.HAL_NVIC_EnableIRQ
                0x0804190c       0x1c build/stm32h7xx_hal_cortex.o
                0x0804190c                HAL_NVIC_EnableIRQ
 .text.HAL_NVIC_DisableIRQ
                0x08041928       0x24 build/stm32h7xx_hal_cortex.o
                0x08041928                HAL_NVIC_DisableIRQ
 .text.HAL_SYSTICK_Config
                0x0804194c       0x28 build/stm32h7xx_hal_cortex.o
                0x0804194c                HAL_SYSTICK_Config
 .text.HAL_RCC_OscConfig
                0x08041974      0x674 build/stm32h7xx_hal_rcc.o
                0x08041974                HAL_RCC_OscConfig
 .text.HAL_RCC_GetSysClockFreq
                0x08041fe8      0x1f4 build/stm32h7xx_hal_rcc.o
                0x08041fe8                HAL_RCC_GetSysClockFreq
 .text.HAL_RCC_ClockConfig
                0x080421dc      0x294 build/stm32h7xx_hal_rcc.o
                0x080421dc                HAL_RCC_ClockConfig
 .text.HAL_RCC_GetHCLKFreq
                0x08042470       0x44 build/stm32h7xx_hal_rcc.o
                0x08042470                HAL_RCC_GetHCLKFreq
 .text.HAL_RCC_GetPCLK1Freq
                0x080424b4       0x24 build/stm32h7xx_hal_rcc.o
                0x080424b4                HAL_RCC_GetPCLK1Freq
 .text.HAL_RCC_GetPCLK2Freq
                0x080424d8       0x24 build/stm32h7xx_hal_rcc.o
                0x080424d8                HAL_RCC_GetPCLK2Freq
 .text.TIM_OC1_SetConfig
                0x080424fc       0xa8 build/stm32h7xx_hal_tim.o
 .text.TIM_OC3_SetConfig
                0x080425a4       0x94 build/stm32h7xx_hal_tim.o
 .text.TIM_OC4_SetConfig
                0x08042638       0x74 build/stm32h7xx_hal_tim.o
 .text.TIM_OC5_SetConfig
                0x080426ac       0x74 build/stm32h7xx_hal_tim.o
 .text.TIM_OC6_SetConfig
                0x08042720       0x74 build/stm32h7xx_hal_tim.o
 .text.HAL_TIM_PWM_MspInit
                0x08042794        0x2 build/stm32h7xx_hal_tim.o
                0x08042794                HAL_TIM_PWM_MspInit
 *fill*         0x08042796        0x2 
 .text.TIM_Base_SetConfig
                0x08042798      0x104 build/stm32h7xx_hal_tim.o
                0x08042798                TIM_Base_SetConfig
 .text.HAL_TIM_PWM_Init
                0x0804289c       0x60 build/stm32h7xx_hal_tim.o
                0x0804289c                HAL_TIM_PWM_Init
 .text.TIM_OC2_SetConfig
                0x080428fc       0x94 build/stm32h7xx_hal_tim.o
                0x080428fc                TIM_OC2_SetConfig
 .text.HAL_TIM_PWM_ConfigChannel
                0x08042990      0x13a build/stm32h7xx_hal_tim.o
                0x08042990                HAL_TIM_PWM_ConfigChannel
 .text.TIM_CCxChannelCmd
                0x08042aca       0x1e build/stm32h7xx_hal_tim.o
                0x08042aca                TIM_CCxChannelCmd
 .text.HAL_TIM_PWM_Start
                0x08042ae8      0x168 build/stm32h7xx_hal_tim.o
                0x08042ae8                HAL_TIM_PWM_Start
 .text.HAL_TIMEx_MasterConfigSynchronization
                0x08042c50       0xa0 build/stm32h7xx_hal_tim_ex.o
                0x08042c50                HAL_TIMEx_MasterConfigSynchronization
 .text.RCCEx_PLL2_Config
                0x08042cf0      0x10c build/stm32h7xx_hal_rcc_ex.o
 .text.RCCEx_PLL3_Config
                0x08042dfc      0x10c build/stm32h7xx_hal_rcc_ex.o
 .text.HAL_RCCEx_PeriphCLKConfig
                0x08042f08      0x9c4 build/stm32h7xx_hal_rcc_ex.o
                0x08042f08                HAL_RCCEx_PeriphCLKConfig
 .text.HAL_RCCEx_GetD3PCLK1Freq
                0x080438cc       0x24 build/stm32h7xx_hal_rcc_ex.o
                0x080438cc                HAL_RCCEx_GetD3PCLK1Freq
 .text.HAL_RCCEx_GetPLL2ClockFreq
                0x080438f0      0x1f8 build/stm32h7xx_hal_rcc_ex.o
                0x080438f0                HAL_RCCEx_GetPLL2ClockFreq
 .text.HAL_RCCEx_GetPLL3ClockFreq
                0x08043ae8      0x1f8 build/stm32h7xx_hal_rcc_ex.o
                0x08043ae8                HAL_RCCEx_GetPLL3ClockFreq
 .text.HAL_RCCEx_GetPLL1ClockFreq
                0x08043ce0      0x1f8 build/stm32h7xx_hal_rcc_ex.o
                0x08043ce0                HAL_RCCEx_GetPLL1ClockFreq
 .text.HAL_RCCEx_GetPeriphCLKFreq
                0x08043ed8      0x614 build/stm32h7xx_hal_rcc_ex.o
                0x08043ed8                HAL_RCCEx_GetPeriphCLKFreq
 .text.UART_EndTxTransfer
                0x080444ec       0x32 build/stm32h7xx_hal_uart.o
 *fill*         0x0804451e        0x2 
 .text.UART_EndRxTransfer
                0x08044520       0x58 build/stm32h7xx_hal_uart.o
 .text.HAL_UART_MspInit
                0x08044578        0x2 build/stm32h7xx_hal_uart.o
                0x08044578                HAL_UART_MspInit
 *fill*         0x0804457a        0x2 
 .text.HAL_UART_Transmit_DMA
                0x0804457c       0xb8 build/stm32h7xx_hal_uart.o
                0x0804457c                HAL_UART_Transmit_DMA
 .text.UART_DMATransmitCplt
                0x08044634       0x46 build/stm32h7xx_hal_uart.o
 .text.UART_EndTransmit_IT
                0x0804467a       0x24 build/stm32h7xx_hal_uart.o
 .text.HAL_UART_TxHalfCpltCallback
                0x0804469e        0x2 build/stm32h7xx_hal_uart.o
                0x0804469e                HAL_UART_TxHalfCpltCallback
 .text.UART_DMATxHalfCplt
                0x080446a0        0xa build/stm32h7xx_hal_uart.o
 .text.HAL_UART_RxHalfCpltCallback
                0x080446aa        0x2 build/stm32h7xx_hal_uart.o
                0x080446aa                HAL_UART_RxHalfCpltCallback
 .text.HAL_UART_ErrorCallback
                0x080446ac        0x2 build/stm32h7xx_hal_uart.o
                0x080446ac                HAL_UART_ErrorCallback
 .text.UART_DMAError
                0x080446ae       0x58 build/stm32h7xx_hal_uart.o
 .text.UART_DMAAbortOnError
                0x08044706       0x14 build/stm32h7xx_hal_uart.o
 .text.HAL_UARTEx_RxEventCallback
                0x0804471a        0x2 build/stm32h7xx_hal_uart.o
                0x0804471a                HAL_UARTEx_RxEventCallback
 .text.HAL_UART_IRQHandler
                0x0804471c      0x3a8 build/stm32h7xx_hal_uart.o
                0x0804471c                HAL_UART_IRQHandler
 .text.UART_RxISR_8BIT
                0x08044ac4       0xb2 build/stm32h7xx_hal_uart.o
 .text.UART_RxISR_16BIT
                0x08044b76       0xb0 build/stm32h7xx_hal_uart.o
 *fill*         0x08044c26        0x2 
 .text.UART_RxISR_8BIT_FIFOEN
                0x08044c28      0x1a0 build/stm32h7xx_hal_uart.o
 .text.UART_RxISR_16BIT_FIFOEN
                0x08044dc8      0x19c build/stm32h7xx_hal_uart.o
 .text.UART_DMARxHalfCplt
                0x08044f64       0x1c build/stm32h7xx_hal_uart.o
 .text.UART_DMAReceiveCplt
                0x08044f80       0x8c build/stm32h7xx_hal_uart.o
 .text.HAL_UART_GetState
                0x0804500c        0xc build/stm32h7xx_hal_uart.o
                0x0804500c                HAL_UART_GetState
 .text.UART_SetConfig
                0x08045018      0x5f4 build/stm32h7xx_hal_uart.o
                0x08045018                UART_SetConfig
 .text.UART_AdvFeatureConfig
                0x0804560c       0xca build/stm32h7xx_hal_uart.o
                0x0804560c                UART_AdvFeatureConfig
 .text.UART_WaitOnFlagUntilTimeout
                0x080456d6       0xdc build/stm32h7xx_hal_uart.o
                0x080456d6                UART_WaitOnFlagUntilTimeout
 .text.UART_CheckIdleState
                0x080457b2       0x74 build/stm32h7xx_hal_uart.o
                0x080457b2                UART_CheckIdleState
 .text.HAL_UART_Init
                0x08045826       0x66 build/stm32h7xx_hal_uart.o
                0x08045826                HAL_UART_Init
 .text.UART_Start_Receive_IT
                0x0804588c      0x148 build/stm32h7xx_hal_uart.o
                0x0804588c                UART_Start_Receive_IT
 .text.HAL_UART_Receive_IT
                0x080459d4       0x5c build/stm32h7xx_hal_uart.o
                0x080459d4                HAL_UART_Receive_IT
 .text.UART_Start_Receive_DMA
                0x08045a30       0xb4 build/stm32h7xx_hal_uart.o
                0x08045a30                UART_Start_Receive_DMA
 .text.HAL_UART_Receive_DMA
                0x08045ae4       0x5c build/stm32h7xx_hal_uart.o
                0x08045ae4                HAL_UART_Receive_DMA
 .text.UARTEx_SetNbDataToProcess
                0x08045b40       0x4c build/stm32h7xx_hal_uart_ex.o
 .text.HAL_UARTEx_WakeupCallback
                0x08045b8c        0x2 build/stm32h7xx_hal_uart_ex.o
                0x08045b8c                HAL_UARTEx_WakeupCallback
 .text.HAL_UARTEx_RxFifoFullCallback
                0x08045b8e        0x2 build/stm32h7xx_hal_uart_ex.o
                0x08045b8e                HAL_UARTEx_RxFifoFullCallback
 .text.HAL_UARTEx_TxFifoEmptyCallback
                0x08045b90        0x2 build/stm32h7xx_hal_uart_ex.o
                0x08045b90                HAL_UARTEx_TxFifoEmptyCallback
 .text.HAL_UARTEx_DisableFifoMode
                0x08045b92       0x3e build/stm32h7xx_hal_uart_ex.o
                0x08045b92                HAL_UARTEx_DisableFifoMode
 .text.HAL_UARTEx_SetTxFifoThreshold
                0x08045bd0       0x4a build/stm32h7xx_hal_uart_ex.o
                0x08045bd0                HAL_UARTEx_SetTxFifoThreshold
 .text.HAL_UARTEx_SetRxFifoThreshold
                0x08045c1a       0x4a build/stm32h7xx_hal_uart_ex.o
                0x08045c1a                HAL_UARTEx_SetRxFifoThreshold
 .text.HAL_GPIO_Init
                0x08045c64      0x220 build/stm32h7xx_hal_gpio.o
                0x08045c64                HAL_GPIO_Init
 .text.HAL_GPIO_DeInit
                0x08045e84      0x150 build/stm32h7xx_hal_gpio.o
                0x08045e84                HAL_GPIO_DeInit
 .text.HAL_GPIO_ReadPin
                0x08045fd4        0xe build/stm32h7xx_hal_gpio.o
                0x08045fd4                HAL_GPIO_ReadPin
 .text.HAL_GPIO_WritePin
                0x08045fe2        0xc build/stm32h7xx_hal_gpio.o
                0x08045fe2                HAL_GPIO_WritePin
 .text.HAL_GPIO_EXTI_IRQHandler
                0x08045fee       0x1e build/stm32h7xx_hal_gpio.o
                0x08045fee                HAL_GPIO_EXTI_IRQHandler
 .text.DMA_SetConfig
                0x0804600c      0x1b4 build/stm32h7xx_hal_dma.o
 .text.DMA_CalcBaseAndBitshift
                0x080461c0       0xb4 build/stm32h7xx_hal_dma.o
 .text.DMA_CheckFifoParam
                0x08046274       0x92 build/stm32h7xx_hal_dma.o
 *fill*         0x08046306        0x2 
 .text.DMA_CalcDMAMUXChannelBaseAndMask
                0x08046308       0xb0 build/stm32h7xx_hal_dma.o
 .text.DMA_CalcDMAMUXRequestGenBaseAndMask
                0x080463b8       0x7c build/stm32h7xx_hal_dma.o
 .text.HAL_DMA_Init
                0x08046434      0x3a4 build/stm32h7xx_hal_dma.o
                0x08046434                HAL_DMA_Init
 .text.HAL_DMA_Start_IT
                0x080467d8      0x298 build/stm32h7xx_hal_dma.o
                0x080467d8                HAL_DMA_Start_IT
 .text.HAL_DMA_Abort
                0x08046a70      0x340 build/stm32h7xx_hal_dma.o
                0x08046a70                HAL_DMA_Abort
 .text.HAL_DMA_Abort_IT
                0x08046db0      0x270 build/stm32h7xx_hal_dma.o
                0x08046db0                HAL_DMA_Abort_IT
 .text.HAL_DMA_IRQHandler
                0x08047020      0x738 build/stm32h7xx_hal_dma.o
                0x08047020                HAL_DMA_IRQHandler
 .text.HAL_DMA_RegisterCallback
                0x08047758       0x60 build/stm32h7xx_hal_dma.o
                0x08047758                HAL_DMA_RegisterCallback
 .text.MDMA_Init
                0x080477b8       0xb8 build/stm32h7xx_hal_mdma.o
 .text.HAL_MDMA_Init
                0x08047870       0x60 build/stm32h7xx_hal_mdma.o
                0x08047870                HAL_MDMA_Init
 .text.HAL_MDMA_IRQHandler
                0x080478d0      0x1b4 build/stm32h7xx_hal_mdma.o
                0x080478d0                HAL_MDMA_IRQHandler
 .text.HAL_PWREx_ConfigSupply
                0x08047a84       0x54 build/stm32h7xx_hal_pwr_ex.o
                0x08047a84                HAL_PWREx_ConfigSupply
 .text.HAL_PWREx_EnableUSBVoltageDetector
                0x08047ad8       0x10 build/stm32h7xx_hal_pwr_ex.o
                0x08047ad8                HAL_PWREx_EnableUSBVoltageDetector
 .text.SPI_CloseTransfer
                0x08047ae8       0xd0 build/stm32h7xx_hal_spi.o
 .text.SPI_GetPacketSize
                0x08047bb8       0x10 build/stm32h7xx_hal_spi.o
 .text.SPI_WaitOnFlagUntilTimeout
                0x08047bc8       0x48 build/stm32h7xx_hal_spi.o
 .text.HAL_SPI_MspInit
                0x08047c10        0x2 build/stm32h7xx_hal_spi.o
                0x08047c10                HAL_SPI_MspInit
 *fill*         0x08047c12        0x2 
 .text.HAL_SPI_Init
                0x08047c14      0x168 build/stm32h7xx_hal_spi.o
                0x08047c14                HAL_SPI_Init
 .text.HAL_SPI_Transmit
                0x08047d7c      0x2c4 build/stm32h7xx_hal_spi.o
                0x08047d7c                HAL_SPI_Transmit
 .text.HAL_SPI_TransmitReceive
                0x08048040      0x420 build/stm32h7xx_hal_spi.o
                0x08048040                HAL_SPI_TransmitReceive
 .text.HAL_SPI_Receive
                0x08048460      0x2b8 build/stm32h7xx_hal_spi.o
                0x08048460                HAL_SPI_Receive
 .text.PCD_WriteEmptyTxFifo
                0x08048718       0xd0 build/stm32h7xx_hal_pcd.o
 .text.HAL_PCD_Init
                0x080487e8      0x13c build/stm32h7xx_hal_pcd.o
                0x080487e8                HAL_PCD_Init
 .text.HAL_PCD_Start
                0x08048924       0x42 build/stm32h7xx_hal_pcd.o
                0x08048924                HAL_PCD_Start
 *fill*         0x08048966        0x2 
 .text.PCD_EP_OutXfrComplete_int
                0x08048968       0xf4 build/stm32h7xx_hal_pcd.o
 .text.PCD_EP_OutSetupPacket_int
                0x08048a5c       0x50 build/stm32h7xx_hal_pcd.o
 .text.HAL_PCD_IRQHandler
                0x08048aac      0x4b6 build/stm32h7xx_hal_pcd.o
                0x08048aac                HAL_PCD_IRQHandler
 .text.HAL_PCD_SetAddress
                0x08048f62       0x28 build/stm32h7xx_hal_pcd.o
                0x08048f62                HAL_PCD_SetAddress
 .text.HAL_PCD_EP_Open
                0x08048f8a       0x8a build/stm32h7xx_hal_pcd.o
                0x08048f8a                HAL_PCD_EP_Open
 .text.HAL_PCD_EP_Close
                0x08049014       0x72 build/stm32h7xx_hal_pcd.o
                0x08049014                HAL_PCD_EP_Close
 .text.HAL_PCD_EP_Receive
                0x08049086       0x5e build/stm32h7xx_hal_pcd.o
                0x08049086                HAL_PCD_EP_Receive
 .text.HAL_PCD_EP_GetRxCount
                0x080490e4       0x12 build/stm32h7xx_hal_pcd.o
                0x080490e4                HAL_PCD_EP_GetRxCount
 .text.HAL_PCD_EP_Transmit
                0x080490f6       0x5e build/stm32h7xx_hal_pcd.o
                0x080490f6                HAL_PCD_EP_Transmit
 .text.HAL_PCD_EP_SetStall
                0x08049154       0x88 build/stm32h7xx_hal_pcd.o
                0x08049154                HAL_PCD_EP_SetStall
 .text.HAL_PCD_EP_ClrStall
                0x080491dc       0x76 build/stm32h7xx_hal_pcd.o
                0x080491dc                HAL_PCD_EP_ClrStall
 .text.HAL_PCDEx_SetTxFiFo
                0x08049252       0x4c build/stm32h7xx_hal_pcd_ex.o
                0x08049252                HAL_PCDEx_SetTxFiFo
 .text.HAL_PCDEx_SetRxFiFo
                0x0804929e        0x8 build/stm32h7xx_hal_pcd_ex.o
                0x0804929e                HAL_PCDEx_SetRxFiFo
 *fill*         0x080492a6        0x2 
 .text.HAL_PCDEx_ActivateLPM
                0x080492a8       0x28 build/stm32h7xx_hal_pcd_ex.o
                0x080492a8                HAL_PCDEx_ActivateLPM
 .text.HAL_PCDEx_LPM_Callback
                0x080492d0        0x2 build/stm32h7xx_hal_pcd_ex.o
                0x080492d0                HAL_PCDEx_LPM_Callback
 .text.SD_Read_IT
                0x080492d2       0x3c build/stm32h7xx_hal_sd.o
 .text.SD_Write_IT
                0x0804930e       0x4c build/stm32h7xx_hal_sd.o
 *fill*         0x0804935a        0x2 
 .text.SD_SendSDStatus
                0x0804935c      0x108 build/stm32h7xx_hal_sd.o
 .text.SD_FindSCR
                0x08049464      0x108 build/stm32h7xx_hal_sd.o
 .text.SD_WideBus_Enable
                0x0804956c       0x4e build/stm32h7xx_hal_sd.o
 .text.SD_WideBus_Disable
                0x080495ba       0x4e build/stm32h7xx_hal_sd.o
 .text.SD_SendStatus
                0x08049608       0x2c build/stm32h7xx_hal_sd.o
 .text.HAL_SD_MspInit
                0x08049634        0x2 build/stm32h7xx_hal_sd.o
                0x08049634                HAL_SD_MspInit
 *fill*         0x08049636        0x2 
 .text.HAL_SD_ReadBlocks_DMA
                0x08049638       0xe0 build/stm32h7xx_hal_sd.o
                0x08049638                HAL_SD_ReadBlocks_DMA
 .text.HAL_SD_WriteBlocks_DMA
                0x08049718       0xe0 build/stm32h7xx_hal_sd.o
                0x08049718                HAL_SD_WriteBlocks_DMA
 .text.HAL_SD_Erase
                0x080497f8       0xf8 build/stm32h7xx_hal_sd.o
                0x080497f8                HAL_SD_Erase
 .text.HAL_SD_GetState
                0x080498f0        0x6 build/stm32h7xx_hal_sd.o
                0x080498f0                HAL_SD_GetState
 .text.HAL_SD_DriveTransceiver_1_8V_Callback
                0x080498f6        0x2 build/stm32h7xx_hal_sd.o
                0x080498f6                HAL_SD_DriveTransceiver_1_8V_Callback
 .text.SD_PowerON
                0x080498f8      0x178 build/stm32h7xx_hal_sd.o
 .text.HAL_SD_GetCardCSD
                0x08049a70      0x1b8 build/stm32h7xx_hal_sd.o
                0x08049a70                HAL_SD_GetCardCSD
 .text.SD_InitCard
                0x08049c28       0xfc build/stm32h7xx_hal_sd.o
 .text.HAL_SD_InitCard
                0x08049d24       0xd8 build/stm32h7xx_hal_sd.o
                0x08049d24                HAL_SD_InitCard
 .text.HAL_SD_GetCardStatus
                0x08049dfc       0xd0 build/stm32h7xx_hal_sd.o
                0x08049dfc                HAL_SD_GetCardStatus
 .text.HAL_SD_GetCardInfo
                0x08049ecc       0x24 build/stm32h7xx_hal_sd.o
                0x08049ecc                HAL_SD_GetCardInfo
 .text.HAL_SD_ConfigWideBusOperation
                0x08049ef0      0x158 build/stm32h7xx_hal_sd.o
                0x08049ef0                HAL_SD_ConfigWideBusOperation
 .text.HAL_SD_GetCardState
                0x0804a048       0x22 build/stm32h7xx_hal_sd.o
                0x0804a048                HAL_SD_GetCardState
 .text.HAL_SD_Init
                0x0804a06a       0xc2 build/stm32h7xx_hal_sd.o
                0x0804a06a                HAL_SD_Init
 .text.HAL_SD_Abort
                0x0804a12c       0x48 build/stm32h7xx_hal_sd.o
                0x0804a12c                HAL_SD_Abort
 .text.HAL_SDEx_Read_DMADoubleBuf0CpltCallback
                0x0804a174        0x2 build/stm32h7xx_hal_sd.o
                0x0804a174                HAL_SDEx_Read_DMADoubleBuf0CpltCallback
 .text.HAL_SDEx_Read_DMADoubleBuf1CpltCallback
                0x0804a176        0x2 build/stm32h7xx_hal_sd.o
                0x0804a176                HAL_SDEx_Read_DMADoubleBuf1CpltCallback
 .text.HAL_SDEx_Write_DMADoubleBuf0CpltCallback
                0x0804a178        0x2 build/stm32h7xx_hal_sd.o
                0x0804a178                HAL_SDEx_Write_DMADoubleBuf0CpltCallback
 .text.HAL_SDEx_Write_DMADoubleBuf1CpltCallback
                0x0804a17a        0x2 build/stm32h7xx_hal_sd.o
                0x0804a17a                HAL_SDEx_Write_DMADoubleBuf1CpltCallback
 .text.HAL_SD_IRQHandler
                0x0804a17c      0x22c build/stm32h7xx_hal_sd.o
                0x0804a17c                HAL_SD_IRQHandler
 .text.SDMMC_GetCmdError
                0x0804a3a8       0x3c build/stm32h7xx_ll_sdmmc.o
 .text.SDMMC_Init
                0x0804a3e4       0x30 build/stm32h7xx_ll_sdmmc.o
                0x0804a3e4                SDMMC_Init
 .text.SDMMC_ReadFIFO
                0x0804a414        0x6 build/stm32h7xx_ll_sdmmc.o
                0x0804a414                SDMMC_ReadFIFO
 .text.SDMMC_WriteFIFO
                0x0804a41a        0xa build/stm32h7xx_ll_sdmmc.o
                0x0804a41a                SDMMC_WriteFIFO
 .text.SDMMC_PowerState_ON
                0x0804a424        0xc build/stm32h7xx_ll_sdmmc.o
                0x0804a424                SDMMC_PowerState_ON
 .text.SDMMC_GetPowerState
                0x0804a430        0x8 build/stm32h7xx_ll_sdmmc.o
                0x0804a430                SDMMC_GetPowerState
 .text.SDMMC_SendCommand
                0x0804a438       0x24 build/stm32h7xx_ll_sdmmc.o
                0x0804a438                SDMMC_SendCommand
 .text.SDMMC_GetCommandResponse
                0x0804a45c        0x6 build/stm32h7xx_ll_sdmmc.o
                0x0804a45c                SDMMC_GetCommandResponse
 .text.SDMMC_GetResponse
                0x0804a462        0x6 build/stm32h7xx_ll_sdmmc.o
                0x0804a462                SDMMC_GetResponse
 .text.SDMMC_ConfigData
                0x0804a468       0x24 build/stm32h7xx_ll_sdmmc.o
                0x0804a468                SDMMC_ConfigData
 .text.SDMMC_CmdGoIdleState
                0x0804a48c       0x26 build/stm32h7xx_ll_sdmmc.o
                0x0804a48c                SDMMC_CmdGoIdleState
 *fill*         0x0804a4b2        0x2 
 .text.SDMMC_GetCmdResp1
                0x0804a4b4      0x160 build/stm32h7xx_ll_sdmmc.o
                0x0804a4b4                SDMMC_GetCmdResp1
 .text.SDMMC_CmdBlockLength
                0x0804a614       0x32 build/stm32h7xx_ll_sdmmc.o
                0x0804a614                SDMMC_CmdBlockLength
 .text.SDMMC_CmdReadSingleBlock
                0x0804a646       0x32 build/stm32h7xx_ll_sdmmc.o
                0x0804a646                SDMMC_CmdReadSingleBlock
 .text.SDMMC_CmdReadMultiBlock
                0x0804a678       0x32 build/stm32h7xx_ll_sdmmc.o
                0x0804a678                SDMMC_CmdReadMultiBlock
 .text.SDMMC_CmdWriteSingleBlock
                0x0804a6aa       0x32 build/stm32h7xx_ll_sdmmc.o
                0x0804a6aa                SDMMC_CmdWriteSingleBlock
 .text.SDMMC_CmdWriteMultiBlock
                0x0804a6dc       0x32 build/stm32h7xx_ll_sdmmc.o
                0x0804a6dc                SDMMC_CmdWriteMultiBlock
 .text.SDMMC_CmdSDEraseStartAdd
                0x0804a70e       0x32 build/stm32h7xx_ll_sdmmc.o
                0x0804a70e                SDMMC_CmdSDEraseStartAdd
 .text.SDMMC_CmdSDEraseEndAdd
                0x0804a740       0x32 build/stm32h7xx_ll_sdmmc.o
                0x0804a740                SDMMC_CmdSDEraseEndAdd
 .text.SDMMC_CmdErase
                0x0804a772       0x32 build/stm32h7xx_ll_sdmmc.o
                0x0804a772                SDMMC_CmdErase
 .text.SDMMC_CmdStopTransfer
                0x0804a7a4       0x58 build/stm32h7xx_ll_sdmmc.o
                0x0804a7a4                SDMMC_CmdStopTransfer
 .text.SDMMC_CmdSelDesel
                0x0804a7fc       0x32 build/stm32h7xx_ll_sdmmc.o
                0x0804a7fc                SDMMC_CmdSelDesel
 .text.SDMMC_CmdAppCommand
                0x0804a82e       0x32 build/stm32h7xx_ll_sdmmc.o
                0x0804a82e                SDMMC_CmdAppCommand
 .text.SDMMC_CmdBusWidth
                0x0804a860       0x32 build/stm32h7xx_ll_sdmmc.o
                0x0804a860                SDMMC_CmdBusWidth
 .text.SDMMC_CmdSendSCR
                0x0804a892       0x32 build/stm32h7xx_ll_sdmmc.o
                0x0804a892                SDMMC_CmdSendSCR
 .text.SDMMC_CmdSendStatus
                0x0804a8c4       0x32 build/stm32h7xx_ll_sdmmc.o
                0x0804a8c4                SDMMC_CmdSendStatus
 .text.SDMMC_CmdStatusRegister
                0x0804a8f6       0x32 build/stm32h7xx_ll_sdmmc.o
                0x0804a8f6                SDMMC_CmdStatusRegister
 .text.SDMMC_CmdVoltageSwitch
                0x0804a928       0x32 build/stm32h7xx_ll_sdmmc.o
                0x0804a928                SDMMC_CmdVoltageSwitch
 *fill*         0x0804a95a        0x2 