Archive member included to satisfy reference by file (symbol)

/opt/homebrew/Cellar/arm-none-eabi-gcc/10.3-2021.07/gcc/bin/../lib/gcc/arm-none-eabi/10.3.1/../../../../arm-none-eabi/lib/thumb/v7e-m+dp/hard/libc_nano.a(lib_a-ctype_.o)
                              build/DiskIO.o (_ctype_)
/opt/homebrew/Cellar/arm-none-eabi-gcc/10.3-2021.07/gcc/bin/../lib/gcc/arm-none-eabi/10.3.1/../../../../arm-none-eabi/lib/thumb/v7e-m+dp/hard/libc_nano.a(lib_a-exit.o)
                              /opt/homebrew/Cellar/arm-none-eabi-gcc/10.3-2021.07/gcc/bin/../lib/gcc/arm-none-eabi/10.3.1/../../../../arm-none-eabi/lib/thumb/v7e-m+dp/hard/crt0.o (exit)
/opt/homebrew/Cellar/arm-none-eabi-gcc/10.3-2021.07/gcc/bin/../lib/gcc/arm-none-eabi/10.3.1/../../../../arm-none-eabi/lib/thumb/v7e-m+dp/hard/libc_nano.a(lib_a-impure.o)
                              /opt/homebrew/Cellar/arm-none-eabi-gcc/10.3-2021.07/gcc/bin/../lib/gcc/arm-none-eabi/10.3.1/../../../../arm-none-eabi/lib/thumb/v7e-m+dp/hard/libc_nano.a(lib_a-exit.o) (_global_impure_ptr)
/opt/homebrew/Cellar/arm-none-eabi-gcc/10.3-2021.07/gcc/bin/../lib/gcc/arm-none-eabi/10.3.1/../../../../arm-none-eabi/lib/thumb/v7e-m+dp/hard/libc_nano.a(lib_a-init.o)
                              /opt/homebrew/Cellar/arm-none-eabi-gcc/10.3-2021.07/gcc/bin/../lib/gcc/arm-none-eabi/10.3.1/../../../../arm-none-eabi/lib/thumb/v7e-m+dp/hard/crt0.o (__libc_init_array)
/opt/homebrew/Cellar/arm-none-eabi-gcc/10.3-2021.07/gcc/bin/../lib/gcc/arm-none-eabi/10.3.1/../../../../arm-none-eabi/lib/thumb/v7e-m+dp/hard/libc_nano.a(lib_a-memcmp.o)
                              build/minilzo.o (memcmp)
/opt/homebrew/Cellar/arm-none-eabi-gcc/10.3-2021.07/gcc/bin/../lib/gcc/arm-none-eabi/10.3.1/../../../../arm-none-eabi/lib/thumb/v7e-m+dp/hard/libc_nano.a(lib_a-memcpy-stub.o)
                              build/Task_SensorInertial.o (memcpy)
/opt/homebrew/Cellar/arm-none-eabi-gcc/10.3-2021.07/gcc/bin/../lib/gcc/arm-none-eabi/10.3.1/../../../../arm-none-eabi/lib/thumb/v7e-m+dp/hard/libc_nano.a(lib_a-memmove.o)
                              build/minilzo.o (memmove)
/opt/homebrew/Cellar/arm-none-eabi-gcc/10.3-2021.07/gcc/bin/../lib/gcc/arm-none-eabi/10.3.1/../../../../arm-none-eabi/lib/thumb/v7e-m+dp/hard/libc_nano.a(lib_a-memset.o)
                              /opt/homebrew/Cellar/arm-none-eabi-gcc/10.3-2021.07/gcc/bin/../lib/gcc/arm-none-eabi/10.3.1/../../../../arm-none-eabi/lib/thumb/v7e-m+dp/hard/crt0.o (memset)
/opt/homebrew/Cellar/arm-none-eabi-gcc/10.3-2021.07/gcc/bin/../lib/gcc/arm-none-eabi/10.3.1/../../../../arm-none-eabi/lib/thumb/v7e-m+dp/hard/libc_nano.a(lib_a-strchr.o)
                              build/DiskIO.o (strchr)
/opt/homebrew/Cellar/arm-none-eabi-gcc/10.3-2021.07/gcc/bin/../lib/gcc/arm-none-eabi/10.3.1/../../../../arm-none-eabi/lib/thumb/v7e-m+dp/hard/libc_nano.a(lib_a-strcmp.o)
                              build/shell.o (strcmp)
/opt/homebrew/Cellar/arm-none-eabi-gcc/10.3-2021.07/gcc/bin/../lib/gcc/arm-none-eabi/10.3.1/../../../../arm-none-eabi/lib/thumb/v7e-m+dp/hard/libc_nano.a(lib_a-strlen.o)
                              build/error_log.o (strlen)
/opt/homebrew/Cellar/arm-none-eabi-gcc/10.3-2021.07/gcc/bin/../lib/gcc/arm-none-eabi/10.3.1/../../../../arm-none-eabi/lib/thumb/v7e-m+dp/hard/libc_nano.a(lib_a-strncmp.o)
                              build/shell.o (strncmp)
/opt/homebrew/Cellar/arm-none-eabi-gcc/10.3-2021.07/gcc/bin/../lib/gcc/arm-none-eabi/10.3.1/../../../../arm-none-eabi/lib/thumb/v7e-m+dp/hard/libc_nano.a(lib_a-strtok.o)
                              build/DiskIO.o (strtok)
/opt/homebrew/Cellar/arm-none-eabi-gcc/10.3-2021.07/gcc/bin/../lib/gcc/arm-none-eabi/10.3.1/../../../../arm-none-eabi/lib/thumb/v7e-m+dp/hard/libc_nano.a(lib_a-strtok_r.o)
                              /opt/homebrew/Cellar/arm-none-eabi-gcc/10.3-2021.07/gcc/bin/../lib/gcc/arm-none-eabi/10.3.1/../../../../arm-none-eabi/lib/thumb/v7e-m+dp/hard/libc_nano.a(lib_a-strtok.o) (__strtok_r)
/opt/homebrew/Cellar/arm-none-eabi-gcc/10.3-2021.07/gcc/bin/../lib/gcc/arm-none-eabi/10.3.1/../../../../arm-none-eabi/lib/thumb/v7e-m+dp/hard/libc_nano.a(lib_a-vsnprintf.o)
                              build/error_log.o (vsnprintf)
/opt/homebrew/Cellar/arm-none-eabi-gcc/10.3-2021.07/gcc/bin/../lib/gcc/arm-none-eabi/10.3.1/../../../../arm-none-eabi/lib/thumb/v7e-m+dp/hard/libc_nano.a(lib_a-vsscanf.o)
                              build/shell.o (vsscanf)
/opt/homebrew/Cellar/arm-none-eabi-gcc/10.3-2021.07/gcc/bin/../lib/gcc/arm-none-eabi/10.3.1/../../../../arm-none-eabi/lib/thumb/v7e-m+dp/hard/libc_nano.a(lib_a-assert.o)
                              /opt/homebrew/Cellar/arm-none-eabi-gcc/10.3-2021.07/gcc/bin/../lib/gcc/arm-none-eabi/10.3.1/../../../../arm-none-eabi/lib/thumb/v7e-m+dp/hard/libc_nano.a(lib_a-strtok.o) (__assert_func)
/opt/homebrew/Cellar/arm-none-eabi-gcc/10.3-2021.07/gcc/bin/../lib/gcc/arm-none-eabi/10.3.1/../../../../arm-none-eabi/lib/thumb/v7e-m+dp/hard/libc_nano.a(lib_a-fprintf.o)
[...]
Memory Configuration

Name             Origin             Length             Attributes
DTCMRAM          0x0000000020000000 0x0000000000020000 xrw
RAM_D1           0x0000000024000000 0x0000000000080000 xrw
RAM_D2           0x0000000030000000 0x0000000000048000 xrw
RAM_D3           0x0000000038000000 0x0000000000010000 xrw
ITCMRAM          0x0000000000000000 0x0000000000010000 xrw
FLASH            0x0000000008000000 0x0000000000200000 xr
*default*        0x0000000000000000 0xffffffffffffffff

Linker script and memory map

LOAD /opt/homebrew/Cellar/arm-none-eabi-gcc/10.3-2021.07/gcc/bin/../lib/gcc/arm-none-eabi/10.3.1/thumb/v7e-m+dp/hard/crti.o
LOAD /opt/homebrew/Cellar/arm-none-eabi-gcc/10.3-2021.07/gcc/bin/../lib/gcc/arm-none-eabi/10.3.1/thumb/v7e-m+dp/hard/crtbegin.o
LOAD /opt/homebrew/Cellar/arm-none-eabi-gcc/10.3-2021.07/gcc/bin/../lib/gcc/arm-none-eabi/10.3.1/../../../../arm-none-eabi/lib/thumb/v7e-m+dp/hard/crt0.o
LOAD build/main.o
LOAD build/debug_util.o
LOAD build/Task_Protocol.o
LOAD build/Task_Manager.o
LOAD build/Task_SensorInertial.o
LOAD build/Task_Log.o
LOAD build/Task_Telemetry.o
LOAD build/Task_Control.o
LOAD build/IO_Definition.o
LOAD build/Bsp_GPIO.o
LOAD build/Bsp_SPI.o
LOAD build/Bsp_SDMMC.o
LOAD build/Bsp_Uart.o
LOAD build/Bsp_DMA.o
LOAD build/Bsp_Timer.o
LOAD build/Dev_MPU6000.o
LOAD build/Dev_ICM20602.o
LOAD build/Dev_ICM426xx.o
LOAD build/Dev_Led.o
LOAD build/Dev_W25Qxx.o
LOAD build/Dev_Card.o
LOAD build/Dev_Sbus.o
LOAD build/Dev_CRSF.o
LOAD build/Dev_Dshot.o
LOAD build/Srv_IMUSample.o
LOAD build/Srv_Receiver.o
LOAD build/Srv_Actuator.o
LOAD build/Srv_ComProto.o
LOAD build/Srv_DataHub.o
LOAD build/Data_Convert_Util.o
LOAD build/queue.o
LOAD build/linked_list.o
LOAD build/binary_tree.o
LOAD build/reboot.o
LOAD build/error_log.o
LOAD build/util.o
LOAD build/minilzo.o
LOAD build/DataPipe.o
LOAD build/DataPipe_Def.o
LOAD build/mmu.o
LOAD build/scheduler.o
LOAD build/kernel.o
LOAD build/runtime.o
LOAD build/DiskIO.o
LOAD build/shell_cmd_list.o
LOAD build/shell_companion.o
LOAD build/shell_ext.o
LOAD build/shell_port.o
LOAD build/shell.o
LOAD build/filter.o
LOAD build/filter_param.o
LOAD build/adrc.o
LOAD build/usb_device.o
LOAD build/usbd_desc.o
LOAD build/usbd_cdc_if.o
LOAD build/usbd_conf.o
LOAD build/usbd_core.o
LOAD build/usbd_ctlreq.o
LOAD build/usbd_ioreq.o
LOAD build/usbd_cdc.o
LOAD build/stm32h7xx_it.o
LOAD build/system_stm32h7xx.o
LOAD build/stm32h7xx_hal.o
LOAD build/stm32h7xx_hal_cortex.o
LOAD build/stm32h7xx_hal_rcc.o
LOAD build/stm32h7xx_hal_tim.o
LOAD build/stm32h7xx_hal_tim_ex.o
LOAD build/stm32h7xx_hal_rcc_ex.o
LOAD build/stm32h7xx_hal_uart.o
LOAD build/stm32h7xx_hal_uart_ex.o
LOAD build/stm32h7xx_hal_flash.o
LOAD build/stm32h7xx_hal_flash_ex.o
LOAD build/stm32h7xx_hal_gpio.o
LOAD build/stm32h7xx_hal_hsem.o
LOAD build/stm32h7xx_hal_dma.o
LOAD build/stm32h7xx_hal_dma_ex.o
LOAD build/stm32h7xx_hal_mdma.o
LOAD build/stm32h7xx_hal_pwr.o
LOAD build/stm32h7xx_hal_pwr_ex.o
LOAD build/stm32h7xx_hal_i2c.o
LOAD build/stm32h7xx_hal_i2c_ex.o
LOAD build/stm32h7xx_hal_exti.o
LOAD build/stm32h7xx_hal_spi.o
LOAD build/stm32h7xx_hal_pcd.o
LOAD build/stm32h7xx_hal_pcd_ex.o
LOAD build/stm32h7xx_hal_sd.o
LOAD build/stm32h7xx_ll_sdmmc.o
LOAD build/stm32h7xx_ll_usb.o
LOAD build/startup_stm32h743xx.o
LOAD /opt/homebrew/Cellar/arm-none-eabi-gcc/10.3-2021.07/gcc/bin/../lib/gcc/arm-none-eabi/10.3.1/../../../../arm-none-eabi/lib/thumb/v7e-m+dp/hard/libc_nano.a
LOAD /opt/homebrew/Cellar/arm-none-eabi-gcc/10.3-2021.07/gcc/bin/../lib/gcc/arm-none-eabi/10.3.1/../../../../arm-none-eabi/lib/thumb/v7e-m+dp/hard/libm.a
LOAD /opt/homebrew/Cellar/arm-none-eabi-gcc/10.3-2021.07/gcc/bin/../lib/gcc/arm-none-eabi/10.3.1/../../../../arm-none-eabi/lib/thumb/v7e-m+dp/hard/libnosys.a
START GROUP
LOAD /opt/homebrew/Cellar/arm-none-eabi-gcc/10.3-2021.07/gcc/bin/../lib/gcc/arm-none-eabi/10.3.1/thumb/v7e-m+dp/hard/libgcc.a
LOAD /opt/homebrew/Cellar/arm-none-eabi-gcc/10.3-2021.07/gcc/bin/../lib/gcc/arm-none-eabi/10.3.1/../../../../arm-none-eabi/lib/thumb/v7e-m+dp/hard/libc_nano.a
END GROUP
START GROUP
LOAD /opt/homebrew/Cellar/arm-none-eabi-gcc/10.3-2021.07/gcc/bin/../lib/gcc/arm-none-eabi/10.3.1/thumb/v7e-m+dp/hard/libgcc.a
LOAD /opt/homebrew/Cellar/arm-none-eabi-gcc/10.3-2021.07/gcc/bin/../lib/gcc/arm-none-eabi/10.3.1/../../../../arm-none-eabi/lib/thumb/v7e-m+dp/hard/libc_nano.a
END GROUP
LOAD /opt/homebrew/Cellar/arm-none-eabi-gcc/10.3-2021.07/gcc/bin/../lib/gcc/arm-none-eabi/10.3.1/thumb/v7e-m+dp/hard/crtend.o
LOAD /opt/homebrew/Cellar/arm-none-eabi-gcc/10.3-2021.07/gcc/bin/../lib/gcc/arm-none-eabi/10.3.1/thumb/v7e-m+dp/hard/crtn.o
                0x0000000020020000                _estack = 0x20020000
                0x0000000000002000                _Min_Heap_Size = 0x2000
                0x0000000000002000                _Min_Stack_Size = 0x2000

.isr_vector     0x0000000008000000      0x298
                0x0000000008000000                . = ALIGN (0x4)
 *(.isr_vector)
 .isr_vector    0x0000000008000000      0x298 build/startup_stm32h743xx.o
                0x0000000008000000                g_pfnVectors
                0x0000000008000298                . = ALIGN (0x4)

.MMU_Section    0x0000000024000000    0x20000 load address 0x0000000008000298
                0x0000000024000000                . = ALIGN (0x4)
                0x0000000024000000                MMU_s = .
 *(.MMU_Section)
 .MMU_Section   0x0000000024000000    0x20000 build/mmu.o
                0x0000000024000000                Mem_Buff
 *(.MMU_Section*)
                0x0000000024020000                . = ALIGN (0x4)
                0x0000000024020000                MMU_e = .

.Perph_Section  0x0000000024020000      0x718 load address 0x0000000008020298
                0x0000000024020000                . = ALIGN (0x4)
                0x0000000024020000                Perph_s = .
 *(.Perph_Section)
 .Perph_Section
                0x0000000024020000       0x4f build/Task_SensorInertial.o
 *fill*         0x000000002402004f        0x1 
 .Perph_Section
                0x0000000024020050       0x4f build/Task_Log.o
 *fill*         0x000000002402009f        0x1 
 .Perph_Section
                0x00000000240200a0       0x58 build/Task_Telemetry.o
 .Perph_Section
                0x00000000240200f8      0x100 build/Srv_Receiver.o
 .Perph_Section
                0x00000000240201f8       0x3a build/Srv_Actuator.o
 *fill*         0x0000000024020232        0x2 
 .Perph_Section
                0x0000000024020234       0xe2 build/Srv_DataHub.o
 *fill*         0x0000000024020316        0x2 
 .Perph_Section
                0x0000000024020318      0x400 build/DiskIO.o
 *(.Perph_Section*)
                0x0000000024020718                . = ALIGN (0x4)
                0x0000000024020718                Perph_e = .

.Fast_Mem_Section
                0x0000000030000000    0x11800 load address 0x00000000080209b0
                0x0000000030000000                . = ALIGN (0x4)
                0x0000000030000000                fast_mem_s = .
 *(.Fast_Mem_Section)
 .Fast_Mem_Section
                0x0000000030000000    0x11800 build/Task_Log.o
 *(.Fast_Mem_Section*)
                0x0000000030011800                . = ALIGN (0x4)
                0x0000000030011800                fast_mem_e = .

.text           0x00000000080321b0    0x1ad30
                0x00000000080321b0                . = ALIGN (0x4)
 *(.text)
 .text          0x00000000080321b0       0x40 /opt/homebrew/Cellar/arm-none-eabi-gcc/10.3-2021.07/gcc/bin/../lib/gcc/arm-none-eabi/10.3.1/thumb/v7e-m+dp/hard/crtbegin.o
 .text          0x00000000080321f0       0x14 /opt/homebrew/Cellar/arm-none-eabi-gcc/10.3-2021.07/gcc/bin/../lib/gcc/arm-none-eabi/10.3.1/../../../../arm-none-eabi/lib/thumb/v7e-m+dp/hard/libc_nano.a(lib_a-strcmp.o)
                0x00000000080321f0                strcmp
 .text          0x0000000008032204       0x10 /opt/homebrew/Cellar/arm-none-eabi-gcc/10.3-2021.07/gcc/bin/../lib/gcc/arm-none-eabi/10.3.1/../../../../arm-none-eabi/lib/thumb/v7e-m+dp/hard/libc_nano.a(lib_a-strlen.o)
                0x0000000008032204                strlen
 *fill*         0x0000000008032214        0xc 
 .text          0x0000000008032220       0xa0 /opt/homebrew/Cellar/arm-none-eabi-gcc/10.3-2021.07/gcc/bin/../lib/gcc/arm-none-eabi/10.3.1/../../../../arm-none-eabi/lib/thumb/v7e-m+dp/hard/libc_nano.a(lib_a-memchr.o)
                0x0000000008032220                memchr
 .text          0x00000000080322c0      0x21c /opt/homebrew/Cellar/arm-none-eabi-gcc/10.3-2021.07/gcc/bin/../lib/gcc/arm-none-eabi/10.3.1/thumb/v7e-m+dp/hard/libgcc.a(_arm_addsubsf3.o)
                0x00000000080322c0                __aeabi_frsub
                0x00000000080322c8                __aeabi_fsub
                0x00000000080322c8                __subsf3
                0x00000000080322cc                __aeabi_fadd
                0x00000000080322cc                __addsf3
                0x000000000803242c                __aeabi_ui2f
                0x000000000803242c                __floatunsisf
                0x0000000008032434                __floatsisf
                0x0000000008032434                __aeabi_i2f
                0x0000000008032450                __aeabi_ul2f
                0x0000000008032450                __floatundisf
                0x0000000008032460                __aeabi_l2f
                0x0000000008032460                __floatdisf
 .text          0x00000000080324dc       0x30 /opt/homebrew/Cellar/arm-none-eabi-gcc/10.3-2021.07/gcc/bin/../lib/gcc/arm-none-eabi/10.3.1/thumb/v7e-m+dp/hard/libgcc.a(_aeabi_uldivmod.o)
                0x00000000080324dc                __aeabi_uldivmod
 .text          0x000000000803250c      0x2d0 /opt/homebrew/Cellar/arm-none-eabi-gcc/10.3-2021.07/gcc/bin/../lib/gcc/arm-none-eabi/10.3.1/thumb/v7e-m+dp/hard/libgcc.a(_udivmoddi4.o)
                0x000000000803250c                __udivmoddi4
 .text          0x00000000080327dc        0x4 /opt/homebrew/Cellar/arm-none-eabi-gcc/10.3-2021.07/gcc/bin/../lib/gcc/arm-none-eabi/10.3.1/thumb/v7e-m+dp/hard/libgcc.a(_dvmd_tls.o)
                0x00000000080327dc                __aeabi_ldiv0
                0x00000000080327dc                __aeabi_idiv0
 *(.text*)
 .text.main     0x00000000080327e0       0x18 build/main.o
                0x00000000080327e0                main
 .text.DebugPin_Init
                0x00000000080327f8       0x28 build/debug_util.o
 .text.DebugPin_Ctl
                0x0000000008032820       0x2c build/debug_util.o
 .text.assert   0x000000000803284c        0x6 build/debug_util.o
                0x000000000803284c                assert
 *fill*         0x0000000008032852        0x2 
 .text.TaskProto_PushProtocolQueue
                0x0000000008032854       0x9c build/Task_Protocol.o
                0x0000000008032854                TaskProto_PushProtocolQueue
 .text.TaskProtocol_Rec
                0x00000000080328f0        0xc build/Task_Protocol.o
 .text.TaskProtocol_TransBuff
                0x00000000080328fc       0x10 build/Task_Protocol.o
 .text.shell_test
                0x000000000803290c       0x10 build/Task_Protocol.o
 .text.TaskProtocol_Init
                0x000000000803291c      0x15c build/Task_Protocol.o
                0x000000000803291c                TaskProtocol_Init
 .text.TaskProtocol_Core
                0x0000000008032a78       0xf4 build/Task_Protocol.o
                0x0000000008032a78                TaskProtocol_Core
 .text.Task_Manager_Init
                0x0000000008032b6c       0xd0 build/Task_Manager.o
                0x0000000008032b6c                Task_Manager_Init
 .text.Task_Manager_CreateTask
                0x0000000008032c3c       0xc0 build/Task_Manager.o
                0x0000000008032c3c                Task_Manager_CreateTask
 .text.TaskInertical_Blink_Notification
                0x0000000008032cfc       0x58 build/Task_SensorInertial.o
 .text.TaskInertial_Init
                0x0000000008032d54       0x50 build/Task_SensorInertial.o
                0x0000000008032d54                TaskInertial_Init
 .text.TaskInertical_Core
                0x0000000008032da4       0xa0 build/Task_SensorInertial.o
                0x0000000008032da4                TaskInertical_Core
 .text.TaskLog_PipeTransFinish_Callback
                0x0000000008032e44      0x2b0 build/Task_Log.o
 .text.TaskLog_Init
                0x00000000080330f4      0x180 build/Task_Log.o
                0x00000000080330f4                TaskLog_Init
 .text.TaskLog_Core
                0x0000000008033274      0x1c0 build/Task_Log.o
                0x0000000008033274                TaskLog_Core
 .text.Telemetry_Led_Control
                0x0000000008033434       0x18 build/Task_Telemetry.o
 .text.Telemetry_Enable_GimbalDeadZone
                0x000000000803344c       0x10 build/Task_Telemetry.o
 .text.Telemetry_GimbalToPercent
                0x000000000803345c       0x84 build/Task_Telemetry.o
 .text.Telemetry_RC_Sig_Init
                0x00000000080334e0       0x8c build/Task_Telemetry.o
 .text.Telemetry_BindGimbalToChannel
                0x000000000803356c       0x88 build/Task_Telemetry.o
 .text.Telemetry_BindToggleToChannel
                0x00000000080335f4       0x70 build/Task_Telemetry.o
 .text.Telemetry_AddToggleCombo
                0x0000000008033664       0x80 build/Task_Telemetry.o
 .text.Telemetry_Toggle_Check
                0x00000000080336e4       0xbc build/Task_Telemetry.o
 .text.Telemetry_RC_Sig_Update
                0x00000000080337a0      0x238 build/Task_Telemetry.o
 .text.TaskTelemetry_Init
                0x00000000080339d8      0x240 build/Task_Telemetry.o
                0x00000000080339d8                TaskTelemetry_Init
 .text.TaskTelemetry_Core
                0x0000000008033c18       0x3c build/Task_Telemetry.o
                0x0000000008033c18                TaskTelemetry_Core
 .text.TaskControl_Init
                0x0000000008033c54       0x2c build/Task_Control.o
                0x0000000008033c54                TaskControl_Init
 .text.TaskControl_Core
                0x0000000008033c80      0x244 build/Task_Control.o
                0x0000000008033c80                TaskControl_Core
 .text.BspGPIO_GetEXTI_Index
                0x0000000008033ec4       0x16 build/Bsp_GPIO.o
 *fill*         0x0000000008033eda        0x2 
 .text.BspGPIO_CLK_Enable
                0x0000000008033edc      0x1c4 build/Bsp_GPIO.o
 .text.BspGPIO_ResetExtiCallback
                0x00000000080340a0       0x24 build/Bsp_GPIO.o
 .text.BspGPIO_Write
                0x00000000080340c4        0x8 build/Bsp_GPIO.o
 .text.BspGPIO_Alternate_Init
                0x00000000080340cc       0x32 build/Bsp_GPIO.o
 .text.BspGPIO_Input_Init
                0x00000000080340fe       0x2e build/Bsp_GPIO.o
 .text.BspGPIO_Output_Init
                0x000000000803412c       0x3e build/Bsp_GPIO.o
 .text.BspGPIO_GetExti_IRQnID
                0x000000000803416a       0xcc build/Bsp_GPIO.o
 .text.BspGPIO_ExtiSetMode
                0x0000000008034236       0x8e build/Bsp_GPIO.o
 .text.BspGPIO_ExtiInit
                0x00000000080342c4       0x74 build/Bsp_GPIO.o
 .text.BspGPIO_Read
                0x0000000008034338       0x1e build/Bsp_GPIO.o
 *fill*         0x0000000008034356        0x2 
 .text.HAL_GPIO_EXTI_Callback
                0x0000000008034358       0x18 build/Bsp_GPIO.o
                0x0000000008034358                HAL_GPIO_EXTI_Callback
 .text.BspSPI_PinCLK_Enable
                0x0000000008034370      0x198 build/Bsp_SPI.o
 .text.BspSPI_Set_CLKSpeed
                0x0000000008034508        0xc build/Bsp_SPI.o
 .text.BspSPI_TransReceive
                0x0000000008034514       0x1a build/Bsp_SPI.o
 .text.BspSPI_Receive
                0x000000000803452e       0x10 build/Bsp_SPI.o
 .text.BspSPI_Trans
                0x000000000803453e       0x10 build/Bsp_SPI.o
 *fill*         0x000000000803454e        0x2 
 .text.BspSPI_DeInit
                0x0000000008034550       0xd4 build/Bsp_SPI.o
 .text.BspSPI_PinInit
                0x0000000008034624       0x68 build/Bsp_SPI.o
 .text.BspSPI_NormalMode_Init
                0x000000000803468c      0x178 build/Bsp_SPI.o
 .text.BspSDMMC_PinCLK_Enable
                0x0000000008034804      0x198 build/Bsp_SDMMC.o
 .text.BspSDMMC_GetInfo
                0x000000000803499c       0x2a build/Bsp_SDMMC.o
 .text.BspSDMMC_GetStatus
                0x00000000080349c6       0x18 build/Bsp_SDMMC.o
 .text.BspSDMMC_Erase
                0x00000000080349de       0x12 build/Bsp_SDMMC.o
 .text.BspSDMMC_Write
                0x00000000080349f0       0x50 build/Bsp_SDMMC.o
 .text.BspSDMMC_Read
                0x0000000008034a40       0x50 build/Bsp_SDMMC.o
 .text.BspSDMMC_PortCLK_Init
                0x0000000008034a90       0x5c build/Bsp_SDMMC.o
 .text.BspSDMMC_Pin_Init
                0x0000000008034aec       0xa8 build/Bsp_SDMMC.o
 .text.BspSDMMC_MDMA_Init
                0x0000000008034b94       0x94 build/Bsp_SDMMC.o
 .text.BspSDMMC_Init
                0x0000000008034c28       0xa8 build/Bsp_SDMMC.o
 .text.HAL_SD_TxCpltCallback
                0x0000000008034cd0       0x20 build/Bsp_SDMMC.o
                0x0000000008034cd0                HAL_SD_TxCpltCallback
 .text.HAL_SD_RxCpltCallback
                0x0000000008034cf0       0x20 build/Bsp_SDMMC.o
                0x0000000008034cf0                HAL_SD_RxCpltCallback
 .text.HAL_SD_ErrorCallback
                0x0000000008034d10       0x28 build/Bsp_SDMMC.o
                0x0000000008034d10                HAL_SD_ErrorCallback
 .text.BspUart_Transfer
                0x0000000008034d38       0x84 build/Bsp_Uart.o
 .text.BspUart_Set_DataBit
                0x0000000008034dbc       0x24 build/Bsp_Uart.o
                0x0000000008034dbc                BspUart_Set_DataBit
 .text.BspUart_Set_Parity
                0x0000000008034de0       0x24 build/Bsp_Uart.o
                0x0000000008034de0                BspUart_Set_Parity
 .text.BspUart_Set_StopBit
                0x0000000008034e04       0x24 build/Bsp_Uart.o
                0x0000000008034e04                BspUart_Set_StopBit
 .text.BspUart_Swap_Pin
                0x0000000008034e28       0x52 build/Bsp_Uart.o
                0x0000000008034e28                BspUart_Swap_Pin
 *fill*         0x0000000008034e7a        0x2 
 .text.BspUart_Init_Clock
                0x0000000008034e7c      0x10c build/Bsp_Uart.o
 .text.BspUart_Init_DMA
                0x0000000008034f88      0x114 build/Bsp_Uart.o
 .text.BspUart_SetIRQ
                0x000000000803509c       0x5c build/Bsp_Uart.o
 .text.BspUart_Init
                0x00000000080350f8      0x174 build/Bsp_Uart.o
 .text.BSP_UART_DMAStopRx
                0x000000000803526c       0x58 build/Bsp_Uart.o
 .text.BspUart_GetObj_Handle
                0x00000000080352c4       0x18 build/Bsp_Uart.o
                0x00000000080352c4                BspUart_GetObj_Handle
 .text.UART_IRQ_Callback
                0x00000000080352dc      0x144 build/Bsp_Uart.o
                0x00000000080352dc                UART_IRQ_Callback
 .text.HAL_UART_RxCpltCallback
                0x0000000008035420       0xbc build/Bsp_Uart.o
                0x0000000008035420                HAL_UART_RxCpltCallback
 .text.HAL_UART_TxCpltCallback
                0x00000000080354dc       0x48 build/Bsp_Uart.o
                0x00000000080354dc                HAL_UART_TxCpltCallback
 .text.BspDMA_Get_Instance
                0x0000000008035524       0x74 build/Bsp_DMA.o
 .text.BspDMA_Regist_Obj
                0x0000000008035598       0x4c build/Bsp_DMA.o
 .text.BspDMA_Unregist_Obj
                0x00000000080355e4       0x38 build/Bsp_DMA.o
 .text.BspDMA_Get_Handle
                0x000000000803561c       0x2c build/Bsp_DMA.o
 .text.BspDMA_EnableIRQ
                0x0000000008035648       0x80 build/Bsp_DMA.o
 .text.BspTimer_Get_DMA_Request
                0x00000000080356c8       0xc8 build/Bsp_Timer.o
 .text.BspTimer_SetPreScale
                0x0000000008035790        0xc build/Bsp_Timer.o
 .text.BspTimer_SetAutoReload
                0x000000000803579c       0x10 build/Bsp_Timer.o
 .text.BspTimer_DMA_Callback
                0x00000000080357ac       0x4c build/Bsp_Timer.o
 .text.BspTimer_DMA_Start
                0x00000000080357f8       0x5e build/Bsp_Timer.o
 *fill*         0x0000000008035856        0x2 
 .text.BspTimer_PWM_Start
                0x0000000008035858       0x20 build/Bsp_Timer.o
 .text.BspTimer_PWM_InitMonit
                0x0000000008035878      0x150 build/Bsp_Timer.o
 .text.BspTimer_PWM_Init
                0x00000000080359c8      0x1c4 build/Bsp_Timer.o
 .text.DevMPU6000_Detect
                0x0000000008035b8c       0x4e build/Dev_MPU6000.o
 .text.Dev_MPU6000_Regs_Read
                0x0000000008035bda       0x5a build/Dev_MPU6000.o
 .text.DevMPU6000_Reg_Read
                0x0000000008035c34       0x54 build/Dev_MPU6000.o
 .text.DevMPU6000_Reg_Write
                0x0000000008035c88       0x4c build/Dev_MPU6000.o
 .text.DevMPU6000_Config
                0x0000000008035cd4       0xf0 build/Dev_MPU6000.o
 .text.DevMPU6000_PreInit
                0x0000000008035dc4        0xc build/Dev_MPU6000.o
 .text.DevMPU6000_Init
                0x0000000008035dd0      0x36c build/Dev_MPU6000.o
 .text.DevMPU6000_Get_InitError
                0x000000000803613c        0xe build/Dev_MPU6000.o
 .text.DevMPU6000_SetDRDY
                0x000000000803614a        0x8 build/Dev_MPU6000.o
 .text.DevMPU6000_GetReady
                0x0000000008036152        0x6 build/Dev_MPU6000.o
 .text.DevMPU6000_SwReset
                0x0000000008036158        0x4 build/Dev_MPU6000.o
 .text.DevMPU6000_Sample
                0x000000000803615c       0xf4 build/Dev_MPU6000.o
 .text.DevMPU6000_Get_Scale
                0x0000000008036250       0x22 build/Dev_MPU6000.o
 *fill*         0x0000000008036272        0x2 
 .text.DevMPU6000_Get_Specified_AngularSpeed_Diff
                0x0000000008036274       0x18 build/Dev_MPU6000.o
 .text.DevMPU6000_Get_Data
                0x000000000803628c       0x36 build/Dev_MPU6000.o
 .text.DevICM20602_Detect
                0x00000000080362c2       0x4e build/Dev_ICM20602.o
 .text.DevICM20602_Reg_Read
                0x0000000008036310       0x54 build/Dev_ICM20602.o
 .text.DevICM20602_Reg_Write
                0x0000000008036364       0x4c build/Dev_ICM20602.o
 .text.DevICM20602_Config
                0x00000000080363b0       0xf0 build/Dev_ICM20602.o
 .text.DevICM20602_PreInit
                0x00000000080364a0        0xc build/Dev_ICM20602.o
 .text.DevICM20602_SetDRDY
                0x00000000080364ac        0x8 build/Dev_ICM20602.o
 .text.DevICM20602_SwReset
                0x00000000080364b4       0x1a build/Dev_ICM20602.o
 *fill*         0x00000000080364ce        0x2 
 .text.DevICM20602_Init
                0x00000000080364d0      0x300 build/Dev_ICM20602.o
 .text.DevICM20602_GetReady
                0x00000000080367d0        0xa build/Dev_ICM20602.o
 .text.DevICM20602_Sample
                0x00000000080367da        0xa build/Dev_ICM20602.o
 .text.DevICM20602_Get_InitError
                0x00000000080367e4        0xe build/Dev_ICM20602.o
 .text.DevICM20602_Get_Scale
                0x00000000080367f2       0x22 build/Dev_ICM20602.o
 .text.DevICM20602_Get_Specified_AngularSpeed_Diff
                0x0000000008036814       0x18 build/Dev_ICM20602.o
 .text.DevICM20602_Get_Data
                0x000000000803682c       0x3c build/Dev_ICM20602.o
 .text.DevICM426xx_Detect
                0x0000000008036868       0x56 build/Dev_ICM426xx.o
 .text.DevICM426xx_Regs_Read
                0x00000000080368be       0x5a build/Dev_ICM426xx.o
 .text.DevICM426xx_Reg_Read
                0x0000000008036918       0x52 build/Dev_ICM426xx.o
 .text.DevICM426xx_Reg_Write
                0x000000000803696a       0x4a build/Dev_ICM426xx.o
 .text.DevICM426xx_Config
                0x00000000080369b4       0xfc build/Dev_ICM426xx.o
 .text.DevICM426xx_PreInit
                0x0000000008036ab0        0xc build/Dev_ICM426xx.o
 .text.DevICM426xx_SetUserBank
                0x0000000008036abc       0x48 build/Dev_ICM426xx.o
 .text.DevICM426xx_TurnOff_AccGyro
                0x0000000008036b04       0x44 build/Dev_ICM426xx.o
 .text.DevICM426xx_TurnOn_AccGyro
                0x0000000008036b48       0x52 build/Dev_ICM426xx.o
 *fill*         0x0000000008036b9a        0x2 
 .text.DevICM426xx_Init
                0x0000000008036b9c      0x8d0 build/Dev_ICM426xx.o
 .text.DevICM426xx_Sample
                0x000000000803746c      0x108 build/Dev_ICM426xx.o
 .text.DevICM426xx_SetDRDY
                0x0000000008037574        0x8 build/Dev_ICM426xx.o
 .text.DevICM426xx_GetDRDY
                0x000000000803757c        0xa build/Dev_ICM426xx.o
 .text.DevICM426xx_GetError
                0x0000000008037586        0xe build/Dev_ICM426xx.o
 .text.DevICM426xx_Get_Scale
                0x0000000008037594       0x22 build/Dev_ICM426xx.o
 *fill*         0x00000000080375b6        0x2 
 .text.DevICM426xx_Get_Specified_AngularSpeed_Diff
                0x00000000080375b8       0x18 build/Dev_ICM426xx.o
 .text.DevICM426xx_Get_Data
                0x00000000080375d0       0x36 build/Dev_ICM426xx.o
 *fill*         0x0000000008037606        0x2 
 .text.DevLed_Init
                0x0000000008037608       0x28 build/Dev_Led.o
 .text.DevLed_Ctl
                0x0000000008037630       0x2c build/Dev_Led.o
 .text.DevCard_Init
                0x000000000803765c       0xa0 build/Dev_Card.o
 .text.DevCard_GetError
                0x00000000080376fc        0xc build/Dev_Card.o
 .text.DevCard_GetInfo
                0x0000000008037708       0x52 build/Dev_Card.o
 *fill*         0x000000000803775a        0x2 
 .text.DevCard_Write
                0x000000000803775c       0x4c build/Dev_Card.o
 .text.DevCard_Read
                0x00000000080377a8       0x48 build/Dev_Card.o
 .text.DevSBUS_Frame_Decode
                0x00000000080377f0      0x14a build/Dev_Sbus.o
 .text.DevSBUS_Init
                0x000000000803793a       0x14 build/Dev_Sbus.o
 *fill*         0x000000000803794e        0x2 
 .text.crsf_crc8
                0x0000000008037950       0x28 build/Dev_CRSF.o
 .text.DevCESF_Get_Statistics
                0x0000000008037978       0x36 build/Dev_CRSF.o
 .text.DevCrsf_Init
                0x00000000080379ae       0x1a build/Dev_CRSF.o
 .text.DevCRSF_Get_Channel
                0x00000000080379c8       0x4c build/Dev_CRSF.o
 .text.DevCRSF_Decode
                0x0000000008037a14      0x1a6 build/Dev_CRSF.o
 .text.DevCRSF_FIFO_In
                0x0000000008037bba       0xbe build/Dev_CRSF.o
 .text.DevDshot_GetType_Clock
                0x0000000008037c78       0x28 build/Dev_Dshot.o
 .text.DevDshot_Prepare_Packet
                0x0000000008037ca0       0x2a build/Dev_Dshot.o
 *fill*         0x0000000008037cca        0x2 
 .text.DevDshot_Control
                0x0000000008037ccc       0x70 build/Dev_Dshot.o
 .text.DevDshot_Command
                0x0000000008037d3c       0x60 build/Dev_Dshot.o
 .text.DevDshot_Init
                0x0000000008037d9c       0xb0 build/Dev_Dshot.o
 .text.SrvIMU_PriIMU_CS_Ctl
                0x0000000008037e4c       0x1c build/Srv_IMUSample.o
 .text.SrvIMU_SecIMU_CS_Ctl
                0x0000000008037e68       0x1c build/Srv_IMUSample.o
 .text.SrvIMU_PriIMU_BusTrans_Rec
                0x0000000008037e84       0x24 build/Srv_IMUSample.o
 .text.SrvIMU_SecIMU_BusTrans_Rec
                0x0000000008037ea8       0x24 build/Srv_IMUSample.o
 .text.SrvIMU_DataCheck
                0x0000000008037ecc      0x120 build/Srv_IMUSample.o
 *fill*         0x0000000008037fec        0x4 
 .text.SrvIMU_Calib_GyroZeroOffset
                0x0000000008037ff0      0x1bc build/Srv_IMUSample.o
 *fill*         0x00000000080381ac        0x4 
 .text.SrvIMU_Get_MaxAngularSpeed_Diff
                0x00000000080381b0       0xa8 build/Srv_IMUSample.o
 .text.SrvIMU_Detect_AngularOverSpeed
                0x0000000008038258       0x40 build/Srv_IMUSample.o
 .text.SrvIMU_ErrorProc
                0x0000000008038298       0x18 build/Srv_IMUSample.o
 .text.SrvIMU_GetSensorType_Str
                0x00000000080382b0       0x3c build/Srv_IMUSample.o
 .text.SrvIMU_PriIMU_ExtiCallback
                0x00000000080382ec       0x20 build/Srv_IMUSample.o
 .text.SrvIMU_SecIMU_ExtiCallback
                0x000000000803830c       0x20 build/Srv_IMUSample.o
 .text.SrvIMU_PriDev_Filter_InitError
                0x000000000803832c        0x2 build/Srv_IMUSample.o
 .text.SrvIMU_SecDev_Filter_InitError
                0x000000000803832e        0x2 build/Srv_IMUSample.o
 .text.SrvIMU_Dev_InitError
                0x0000000008038330       0xb8 build/Srv_IMUSample.o
 .text.SrvIMU_AllModule_InitError
                0x00000000080383e8       0x10 build/Srv_IMUSample.o
 .text.SrvIMU_Get_Data
                0x00000000080383f8       0x8c build/Srv_IMUSample.o
 .text.SrvIMU_Sample
                0x0000000008038484      0x4bc build/Srv_IMUSample.o
 .text.SrvIMU_AutoDetect
                0x0000000008038940       0x54 build/Srv_IMUSample.o
 .text.SrvIMU_PriIMU_Init
                0x0000000008038994      0x274 build/Srv_IMUSample.o
 .text.SrvIMU_SecIMU_Init
                0x0000000008038c08      0x274 build/Srv_IMUSample.o
 .text.SrvIMU_Init
                0x0000000008038e7c      0x234 build/Srv_IMUSample.o
 .text.SrvReceiver_Create_SPIObj
                0x00000000080390b0        0x2 build/Srv_Receiver.o
 .text.SrvReceiver_Set_Invert
                0x00000000080390b2       0x2a build/Srv_Receiver.o
 .text.SrvReceiver_Check
                0x00000000080390dc       0x78 build/Srv_Receiver.o
 .text.SrvReceiver_Get_Value
                0x0000000008039154       0x8c build/Srv_Receiver.o
 .text.SrvReceiver_SerialDecode_Callback
                0x00000000080391e0      0x180 build/Srv_Receiver.o
 .text.SrvReceiver_Init
                0x0000000008039360      0x1d0 build/Srv_Receiver.o
 .text.SrvReceiver_Create_UartObj
                0x0000000008039530       0x6e build/Srv_Receiver.o
 *fill*         0x000000000803959e        0x2 
 .text.SrvActuator_SetMotoSpinDir
                0x00000000080395a0       0x84 build/Srv_Actuator.o
 .text.SrvActuator_Config_MotoSpinDir
                0x0000000008039624       0x70 build/Srv_Actuator.o
 .text.SrvActuator_InvertMotoSpinDir
                0x0000000008039694       0x6c build/Srv_Actuator.o
 .text.SrvActuator_Get_NumData
                0x0000000008039700       0x34 build/Srv_Actuator.o
 .text.SrvActuator_GetModel
                0x0000000008039734        0xc build/Srv_Actuator.o
 .text.SrvActuator_QuadDrone_MotoMixControl
                0x0000000008039740      0x13c build/Srv_Actuator.o
 .text.SrvActuator_PipeData
                0x000000000803987c       0x98 build/Srv_Actuator.o
 .text.SrvActuator_MotoControl
                0x0000000008039914       0x24 build/Srv_Actuator.o
 .text.SrvActuator_Lock
                0x0000000008039938       0x5c build/Srv_Actuator.o
 .text.SrcActuator_Get_ChannelRemap
                0x0000000008039994       0xc4 build/Srv_Actuator.o
 .text.SrvActuator_Init
                0x0000000008039a58      0x1d0 build/Srv_Actuator.o
 .text.Srv_ComProto_GetType
                0x0000000008039c28        0xc build/Srv_ComProto.o
 .text.SrvComProto_MsgEnable_Control
                0x0000000008039c34        0xc build/Srv_ComProto.o
 .text.SrvComProto_MsgToStream
                0x0000000008039c40       0xa4 build/Srv_ComProto.o
 .text.Srv_ComProto_MsgObj_Init
                0x0000000008039ce4       0x88 build/Srv_ComProto.o
 .text.Srv_ComProto_Init
                0x0000000008039d6c       0x2c build/Srv_ComProto.o
 .text.SrvComProto_MavMsg_Raw_IMU
                0x0000000008039d98      0x1e8 build/Srv_ComProto.o
 .text.SrvDataHub_Get_Raw_IMU
                0x0000000008039f80       0xe8 build/Srv_DataHub.o
 .text.SrvDataHub_Get_Scaled_IMU
                0x000000000803a068       0xe8 build/Srv_DataHub.o
 .text.SrvDataHub_Get_Raw_Mag
                0x000000000803a150       0x74 build/Srv_DataHub.o
 .text.SrvDataHub_Get_Scaled_Mag
                0x000000000803a1c4       0x74 build/Srv_DataHub.o
 .text.SrvDataHub_Get_Arm
                0x000000000803a238       0x34 build/Srv_DataHub.o
 .text.SrvDataHub_Get_Failsafe
                0x000000000803a26c       0x34 build/Srv_DataHub.o
 .text.SrvDataHub_Get_ControlMode
                0x000000000803a2a0       0x34 build/Srv_DataHub.o
 .text.SrvDataHub_Get_RcChannel
                0x000000000803a2d4       0x74 build/Srv_DataHub.o
 .text.SrvDataHub_Get_GimbalPercent
                0x000000000803a348       0x4c build/Srv_DataHub.o
 .text.SrvDataHub_Get_ServoChannel
                0x000000000803a394       0x78 build/Srv_DataHub.o
 .text.SrvDataHub_Get_MotoChannel
                0x000000000803a40c       0x6c build/Srv_DataHub.o
 .text.SrvDataHub_Init
                0x000000000803a478       0x84 build/Srv_DataHub.o
 .text.SrvComProto_PipeRcTelemtryDataFinish_Callback
                0x000000000803a4fc      0x224 build/Srv_DataHub.o
 .text.LEndian2Word
                0x000000000803a720       0x16 build/Data_Convert_Util.o
                0x000000000803a720                LEndian2Word
 .text.LEndian2HalfWord
                0x000000000803a736        0xa build/Data_Convert_Util.o
                0x000000000803a736                LEndian2HalfWord
 .text.LEndianWord2BytesArray
                0x000000000803a740       0x1e build/Data_Convert_Util.o
                0x000000000803a740                LEndianWord2BytesArray
 .text.Queue_UpdateState
                0x000000000803a75e       0x40 build/queue.o
 .text.Queue_Push
                0x000000000803a79e       0x6e build/queue.o
 .text.Queue_Pop
                0x000000000803a80c       0x78 build/queue.o
 .text.Queue_GetRemain
                0x000000000803a884       0x16 build/queue.o
 .text.Queue_Check
                0x000000000803a89a       0x48 build/queue.o
 .text.Queue_GetState
                0x000000000803a8e2        0xe build/queue.o
 .text.Queue_GetSize
                0x000000000803a8f0        0xe build/queue.o
 .text.Queue_PopTo
                0x000000000803a8fe       0xd6 build/queue.o
 .text.Queue_Reset
                0x000000000803a9d4       0x3a build/queue.o
 .text.Queue_Create_WithCertainBuff
                0x000000000803aa0e       0x48 build/queue.o
 .text.Queue_Create_Auto
                0x000000000803aa56       0x4c build/queue.o
 .text.Item_SwapLRData
                0x000000000803aaa2        0xa build/linked_list.o
 .text.List_Init
                0x000000000803aaac       0x1c build/linked_list.o
                0x000000000803aaac                List_Init
 .text.List_ItemClear
                0x000000000803aac8       0x14 build/linked_list.o
                0x000000000803aac8                List_ItemClear
 .text.List_ItemInit
                0x000000000803aadc       0x10 build/linked_list.o
                0x000000000803aadc                List_ItemInit
 .text.List_InsertToPrv
                0x000000000803aaec       0x14 build/linked_list.o
                0x000000000803aaec                List_InsertToPrv
 .text.List_InsertByOrder
                0x000000000803ab00       0x14 build/linked_list.o
                0x000000000803ab00                List_InsertByOrder
 .text.List_InsertByCondition
                0x000000000803ab14       0x3c build/linked_list.o
                0x000000000803ab14                List_InsertByCondition
 .text.List_Insert_Item
                0x000000000803ab50       0x32 build/linked_list.o
                0x000000000803ab50                List_Insert_Item
 .text.List_traverse
                0x000000000803ab82       0x5a build/linked_list.o
                0x000000000803ab82                List_traverse
 .text.Tree_Get_Depth
                0x000000000803abdc       0x2e build/binary_tree.o
 .text.Tree_Get_BalanceFactory
                0x000000000803ac0a       0x24 build/binary_tree.o
 .text.Tree_Search_RootNode
                0x000000000803ac2e       0x16 build/binary_tree.o
 .text.TreeNode_RightRotate
                0x000000000803ac44       0x60 build/binary_tree.o
 .text.TreeNode_LeftRotate
                0x000000000803aca4       0x60 build/binary_tree.o
 .text.TreeNoe_Dynamic_Trim
                0x000000000803ad04       0x5e build/binary_tree.o
 .text.TreeNode_Insert
                0x000000000803ad62       0x68 build/binary_tree.o
 .text.TreeNode_Update_BalanceFactory
                0x000000000803adca       0x36 build/binary_tree.o
 .text.Tree_RootUpdate
                0x000000000803ae00       0x1a build/binary_tree.o
 .text.TreeNode_Init
                0x000000000803ae1a       0x4a build/binary_tree.o
 .text.TreeNode_Pre_Traverse
                0x000000000803ae64       0x26 build/binary_tree.o
 .text.TreeNode_Mid_Traverse
                0x000000000803ae8a       0x24 build/binary_tree.o
 .text.TreeNode_Bck_Traverse
                0x000000000803aeae       0x24 build/binary_tree.o
 .text.Tree_Traverse
                0x000000000803aed2       0x32 build/binary_tree.o
 .text.TreeNode_Search
                0x000000000803af04       0x66 build/binary_tree.o
 .text.Tree_Search
                0x000000000803af6a       0x40 build/binary_tree.o
 .text.Tree_Insert
                0x000000000803afaa       0x50 build/binary_tree.o
 .text.BinaryTree_Create
                0x000000000803affa       0x38 build/binary_tree.o
 *fill*         0x000000000803b032        0x2 
 .text.ReBoot   0x000000000803b034       0x28 build/reboot.o
                0x000000000803b034                ReBoot
 .text.Error_InsertPriority_Compare
                0x000000000803b05c       0x40 build/error_log.o
 .text.Error_Search
                0x000000000803b09c       0x52 build/error_log.o
 *fill*         0x000000000803b0ee        0x2 
 .text.Error_Register
                0x000000000803b0f0       0x38 build/error_log.o
 .text.Error_Set_Callback
                0x000000000803b128       0x20 build/error_log.o
 .text.Error_DescToQueue
                0x000000000803b148       0x6c build/error_log.o
 .text.ErrorTree_Create
                0x000000000803b1b4       0x80 build/error_log.o
 .text.Error_Proc
                0x000000000803b234       0xe4 build/error_log.o
 .text.Error_Trigger
                0x000000000803b318      0x130 build/error_log.o
 .text.Get_Bit_Index
                0x000000000803b448       0x16 build/util.o
                0x000000000803b448                Get_Bit_Index
 .text.Get_OnSet_Bit_Num
                0x000000000803b45e       0x3a build/util.o
                0x000000000803b45e                Get_OnSet_Bit_Num
 .text.u2p      0x000000000803b498        0x4 build/minilzo.o
 .text.lzo1x_1_compress_core
                0x000000000803b49c      0x258 build/minilzo.o
 .text.lzo_memset
                0x000000000803b6f4        0x8 build/minilzo.o
                0x000000000803b6f4                lzo_memset
 .text._lzo_config_check
                0x000000000803b6fc      0x174 build/minilzo.o
                0x000000000803b6fc                _lzo_config_check
 .text.__lzo_init_v2
                0x000000000803b870       0xb4 build/minilzo.o
                0x000000000803b870                __lzo_init_v2
 .text.lzo1x_1_compress
                0x000000000803b924      0x118 build/minilzo.o
                0x000000000803b924                lzo1x_1_compress
 .text.DataPipe_TransError_Callback
                0x000000000803ba3c       0x6c build/DataPipe.o
 .text.DataPipe_TransFinish_Callback
                0x000000000803baa8       0x74 build/DataPipe.o
 .text.DataPipe_Init
                0x000000000803bb1c       0x9c build/DataPipe.o
                0x000000000803bb1c                DataPipe_Init
 .text.DataPipe_SendTo
                0x000000000803bbb8       0xd4 build/DataPipe.o
                0x000000000803bbb8                DataPipe_SendTo
 .text.MMU_InsertFreeBlock
                0x000000000803bc8c       0x70 build/mmu.o
 .text.MMU_Init
                0x000000000803bcfc       0x58 build/mmu.o
 .text.MMU_Malloc
                0x000000000803bd54       0xc0 build/mmu.o
                0x000000000803bd54                MMU_Malloc
 .text.MMU_Free
                0x000000000803be14       0x3c build/mmu.o
                0x000000000803be14                MMU_Free
 .text.Os_Idle_List_TraverseCallback
                0x000000000803be50       0x26 build/scheduler.o
 *fill*         0x000000000803be76        0x2 
 .text.Os_Set_TaskReady
                0x000000000803be78       0x38 build/scheduler.o
 .text.Os_Clr_TaskReady
                0x000000000803beb0       0x40 build/scheduler.o
 .text.Os_Clr_TaskPending
                0x000000000803bef0       0x40 build/scheduler.o
 .text.Os_TaskExit
                0x000000000803bf30        0x2 build/scheduler.o
 *fill*         0x000000000803bf32        0x2 
 .text.Os_Get_HighestRank_RdyTask
                0x000000000803bf34       0x60 build/scheduler.o
 .text.Os_Get_HighestRank_PndTask
                0x000000000803bf94       0x60 build/scheduler.o
 .text.Os_TaskPri_Compare
                0x000000000803bff4      0x1d4 build/scheduler.o
 .text.Os_ResetTask_Data
                0x000000000803c1c8       0x26 build/scheduler.o
 *fill*         0x000000000803c1ee        0x2 
 .text.Os_TaskCrtList_TraverseCallback
                0x000000000803c1f0       0x3c build/scheduler.o
 .text.Os_Idle  0x000000000803c22c       0x68 build/scheduler.o
 .text.Os_Set_TaskStk
                0x000000000803c294       0x58 build/scheduler.o
 .text.Os_CreateIdle
                0x000000000803c2ec       0x5c build/scheduler.o
 .text.Os_TaskExec
                0x000000000803c348      0x18c build/scheduler.o
 .text.Os_TaskCaller
                0x000000000803c4d4       0x30 build/scheduler.o
 *fill*         0x000000000803c504        0xc 
 .text.Os_LoadFirstTask
                0x000000000803c510       0x24 build/scheduler.o
                0x000000000803c510                Os_LoadFirstTask
 *fill*         0x000000000803c534        0xc 
 .text.Os_SwitchContext
                0x000000000803c540       0x60 build/scheduler.o
                0x000000000803c540                Os_SwitchContext
 .text.Os_SwitchTaskStack
                0x000000000803c5a0       0x28 build/scheduler.o
                0x000000000803c5a0                Os_SwitchTaskStack
 .text.Os_Init  0x000000000803c5c8       0x8c build/scheduler.o
                0x000000000803c5c8                Os_Init
 .text.Os_Start
                0x000000000803c654       0x54 build/scheduler.o
                0x000000000803c654                Os_Start
 .text.Os_CreateTask
                0x000000000803c6a8      0x180 build/scheduler.o
                0x000000000803c6a8                Os_CreateTask
 .text.Os_Set_TaskPending
                0x000000000803c828       0x3c build/scheduler.o
                0x000000000803c828                Os_Set_TaskPending
 .text.Os_SchedulerRun
                0x000000000803c864      0x104 build/scheduler.o
 .text.Kernel_SetBASEPRI
                0x000000000803c968        0xe build/kernel.o
 *fill*         0x000000000803c976        0x2 
 .text.KernelClock_Init
                0x000000000803c978      0x16c build/kernel.o
 .text.Kernel_Init
                0x000000000803cae4        0xe build/kernel.o
                0x000000000803cae4                Kernel_Init
 *fill*         0x000000000803caf2        0x2 
 .text.Kernel_LoadProcess
                0x000000000803caf4       0x20 build/kernel.o
                0x000000000803caf4                Kernel_LoadProcess
 .text.Kernel_EnablePendSV
                0x000000000803cb14       0x10 build/kernel.o
                0x000000000803cb14                Kernel_EnablePendSV
 .text.Kernel_TriggerPendSV
                0x000000000803cb24       0x10 build/kernel.o
                0x000000000803cb24                Kernel_TriggerPendSV
 .text.Kernel_EnterCritical
                0x000000000803cb34       0x18 build/kernel.o
                0x000000000803cb34                Kernel_EnterCritical
 .text.Kernel_ExitCritical
                0x000000000803cb4c       0x24 build/kernel.o
                0x000000000803cb4c                Kernel_ExitCritical
 .text.Runtime_SetCallback
                0x000000000803cb70       0x2c build/runtime.o
                0x000000000803cb70                Runtime_SetCallback
 .text.Runtime_GetTickBase
                0x000000000803cb9c        0xc build/runtime.o
                0x000000000803cb9c                Runtime_GetTickBase
 .text.Runtime_Config
                0x000000000803cba8       0xb0 build/runtime.o
                0x000000000803cba8                Runtime_Config
 .text.Runtime_Start
                0x000000000803cc58       0x24 build/runtime.o
                0x000000000803cc58                Runtime_Start
 .text.RuntimeObj_Reset
                0x000000000803cc7c        0xa build/runtime.o
                0x000000000803cc7c                RuntimeObj_Reset
 .text.Get_TimeDifference_Between
                0x000000000803cc86       0x18 build/runtime.o
                0x000000000803cc86                Get_TimeDifference_Between
 *fill*         0x000000000803cc9e        0x2 
 .text.Runtime_Tick
                0x000000000803cca0       0x78 build/runtime.o
                0x000000000803cca0                Runtime_Tick
 .text.Get_CurrentRunningUs
                0x000000000803cd18        0xc build/runtime.o
                0x000000000803cd18                Get_CurrentRunningUs
 .text.Get_CurrentRunningMs
                0x000000000803cd24        0xc build/runtime.o
                0x000000000803cd24                Get_CurrentRunningMs
 .text.Get_CurrentRunningS
                0x000000000803cd30       0x12 build/runtime.o
                0x000000000803cd30                Get_CurrentRunningS
 *fill*         0x000000000803cd42        0x2 
 .text.Get_TargetRunTime
                0x000000000803cd44       0x14 build/runtime.o
                0x000000000803cd44                Get_TargetRunTime
 .text.RuntimeObj_CompareWithCurrent
                0x000000000803cd58       0x18 build/runtime.o
                0x000000000803cd58                RuntimeObj_CompareWithCurrent
 .text.Runtime_DelayMs
                0x000000000803cd70       0x2c build/runtime.o
                0x000000000803cd70                Runtime_DelayMs
 .text.Disk_Get_MinWriteByte
                0x000000000803cd9c        0xc build/DiskIO.o
 .text.Disk_GetCard_Info
                0x000000000803cda8       0x18 build/DiskIO.o
 .text.Disk_Get_StartSectionOfCluster
                0x000000000803cdc0       0x18 build/DiskIO.o
 .text.Disk_Search_FreeCluster
                0x000000000803cdd8       0x80 build/DiskIO.o
 .text.Disk_GetClusterState
                0x000000000803ce58       0x44 build/DiskIO.o
 .text.Disk_isFolder
                0x000000000803ce9c        0xe build/DiskIO.o
 *fill*         0x000000000803ceaa        0x2 
 .text.Disk_Update_File_Cluster
                0x000000000803ceac       0x80 build/DiskIO.o
 .text.Disk_ExtModule_InitError
                0x000000000803cf2c       0x18 build/DiskIO.o
 .text.Disk_FreeCluster_SearchError
                0x000000000803cf44       0x14 build/DiskIO.o
 .text.Disk_FSINFO_ReadError
                0x000000000803cf58       0x14 build/DiskIO.o
 .text.Disk_SFN_Match
                0x000000000803cf6c       0x58 build/DiskIO.o
 .text.Disk_ClearCluster
                0x000000000803cfc4       0x58 build/DiskIO.o
 .text.ExtDisk_Init
                0x000000000803d01c       0x6c build/DiskIO.o
 .text.Disk_Get_NextCluster
                0x000000000803d088       0x48 build/DiskIO.o
 .text.Disk_ParseFSINFO
                0x000000000803d0d0       0xd8 build/DiskIO.o
 .text.Disk_UpdateFSINFO
                0x000000000803d1a8       0x84 build/DiskIO.o
 .text.Disk_Update_FreeCluster
                0x000000000803d22c       0xf4 build/DiskIO.o
 .text.Disk_Establish_ClusterLink
                0x000000000803d320       0xb4 build/DiskIO.o
 .text.Disk_FileSize_Update
                0x000000000803d3d4       0x60 build/DiskIO.o
 .text.Disk_WriteFile_From_Head
                0x000000000803d434      0x104 build/DiskIO.o
 .text.Disk_WriteData_ToFile
                0x000000000803d538      0x2b0 build/DiskIO.o
 .text.Disk_GetPath_Layer
                0x000000000803d7e8       0x1a build/DiskIO.o
 *fill*         0x000000000803d802        0x2 
 .text.Disk_GetFolderName_ByIndex
                0x000000000803d804       0xd0 build/DiskIO.o
 .text.Disk_SFN_LegallyCheck
                0x000000000803d8d4      0x15c build/DiskIO.o
 .text.Disk_Name_ConvertTo83Frame
                0x000000000803da30      0x110 build/DiskIO.o
 .text.Disk_Fill_Attr
                0x000000000803db40       0x90 build/DiskIO.o
 .text.Disk_Parse_Attribute
                0x000000000803dbd0      0x198 build/DiskIO.o
 .text.Disk_MatchTaget
                0x000000000803dd68      0x13e build/DiskIO.o
 .text.Disk_Get_DirStartCluster
                0x000000000803dea6       0xd2 build/DiskIO.o
 .text.Disk_Open
                0x000000000803df78       0xf8 build/DiskIO.o
 .text.Disk_WriteTo_TargetFFTable
                0x000000000803e070      0x3e0 build/DiskIO.o
 .text.Disk_Create_Folder
                0x000000000803e450       0xd2 build/DiskIO.o
 *fill*         0x000000000803e522        0x2 
 .text.Disk_ParseMBR
                0x000000000803e524       0xe8 build/DiskIO.o
 .text.Disk_ParseDBR
                0x000000000803e60c      0x1f8 build/DiskIO.o
 .text.Disk_Printf
                0x000000000803e804       0x48 build/DiskIO.o
 .text.Disk_Create_File
                0x000000000803e84c      0x28c build/DiskIO.o
 .text.Disk_Init
                0x000000000803ead8      0x144 build/DiskIO.o
 .text.shellExtNumType
                0x000000000803ec1c       0x50 build/shell_ext.o
 .text.shellExtToNum
                0x000000000803ec6c       0x2e build/shell_ext.o
 *fill*         0x000000000803ec9a        0x2 
 .text.shellExtParseChar
                0x000000000803ec9c       0x88 build/shell_ext.o
 .text.shellExtParseString
                0x000000000803ed24       0x40 build/shell_ext.o
 .text.shellExtParseNumber
                0x000000000803ed64       0xbe build/shell_ext.o
 .text.shellExtParseVar
                0x000000000803ee22       0x1e build/shell_ext.o
 .text.shellExtParsePara
                0x000000000803ee40       0x4a build/shell_ext.o
                0x000000000803ee40                shellExtParsePara
 .text.shellExtRun
                0x000000000803ee8a       0xee build/shell_ext.o
                0x000000000803ee8a                shellExtRun
 .text.shellStringCopy
                0x000000000803ef78       0x16 build/shell.o
 .text.shellStringCompare
                0x000000000803ef8e       0x2e build/shell.o
 .text.shellGetCommandDesc
                0x000000000803efbc       0x22 build/shell.o
 .text.shellParserParam
                0x000000000803efde       0x90 build/shell.o
 .text.shellHistoryAdd
                0x000000000803f06e       0x70 build/shell.o
 .text.shellRemoveParamQuotes
                0x000000000803f0de       0x54 build/shell.o
 *fill*         0x000000000803f132        0x2 
 .text.shellGetCurrent
                0x000000000803f134       0x2c build/shell.o
                0x000000000803f134                shellGetCurrent
 .text.shellWriteByte
                0x000000000803f160       0x18 build/shell.o
                0x000000000803f160                shellWriteByte
 .text.shellRight
                0x000000000803f178       0x1a build/shell.o
                0x000000000803f178                shellRight
 .text.shellLeft
                0x000000000803f192       0x18 build/shell.o
                0x000000000803f192                shellLeft
 .text.shellWriteString
                0x000000000803f1aa       0x18 build/shell.o
                0x000000000803f1aa                shellWriteString
 *fill*         0x000000000803f1c2        0x2 
 .text.shellSetUser
                0x000000000803f1c4       0x60 build/shell.o
 .text.shellWriteCommandLine
                0x000000000803f224       0x60 build/shell.o
 .text.shellCheckPassword
                0x000000000803f284       0x40 build/shell.o
 .text.shellClear
                0x000000000803f2c4       0x14 build/shell.o
                0x000000000803f2c4                shellClear
 .text.shellCheckPermission
                0x000000000803f2d8       0x3c build/shell.o
                0x000000000803f2d8                shellCheckPermission
 .text.shellToHex
                0x000000000803f314       0x28 build/shell.o
                0x000000000803f314                shellToHex
 .text.shellGetCommandName
                0x000000000803f33c       0x44 build/shell.o
 .text.shellToDec
                0x000000000803f380       0x60 build/shell.o
                0x000000000803f380                shellToDec
 .text.shellWriteReturnValue
                0x000000000803f3e0       0x80 build/shell.o
 .text.shellListItem
                0x000000000803f460       0x90 build/shell.o
                0x000000000803f460                shellListItem
 .text.shellListCommand
                0x000000000803f4f0       0x48 build/shell.o
                0x000000000803f4f0                shellListCommand
 .text.shellCmds
                0x000000000803f538        0xe build/shell.o
                0x000000000803f538                shellCmds
 *fill*         0x000000000803f546        0x2 
 .text.shellListVar
                0x000000000803f548       0x4c build/shell.o
                0x000000000803f548                shellListVar
 .text.shellVars
                0x000000000803f594        0xe build/shell.o
                0x000000000803f594                shellVars
 *fill*         0x000000000803f5a2        0x2 
 .text.shellListUser
                0x000000000803f5a4       0x48 build/shell.o
                0x000000000803f5a4                shellListUser
 .text.shellUsers
                0x000000000803f5ec        0xe build/shell.o
                0x000000000803f5ec                shellUsers
 *fill*         0x000000000803f5fa        0x2 
 .text.shellListKey
                0x000000000803f5fc       0x48 build/shell.o
                0x000000000803f5fc                shellListKey
 .text.shellKeys
                0x000000000803f644        0xe build/shell.o
                0x000000000803f644                shellKeys
 .text.shellListAll
                0x000000000803f652        0x8 build/shell.o
                0x000000000803f652                shellListAll
 *fill*         0x000000000803f65a        0x2 
 .text.shellDeleteCommandLine
                0x000000000803f65c       0x20 build/shell.o
                0x000000000803f65c                shellDeleteCommandLine
 .text.shellClearCommandLine
                0x000000000803f67c       0x28 build/shell.o
                0x000000000803f67c                shellClearCommandLine
 .text.shellHistory
                0x000000000803f6a4       0x98 build/shell.o
 .text.shellUp  0x000000000803f73c        0xa build/shell.o
                0x000000000803f73c                shellUp
 .text.shellDown
                0x000000000803f746        0xc build/shell.o
                0x000000000803f746                shellDown
 *fill*         0x000000000803f752        0x2 
 .text.shellTab
                0x000000000803f754      0x114 build/shell.o
                0x000000000803f754                shellTab
 .text.shellDeleteByte
                0x000000000803f868       0xc4 build/shell.o
                0x000000000803f868                shellDeleteByte
 .text.shellBackspace
                0x000000000803f92c        0xa build/shell.o
                0x000000000803f92c                shellBackspace
 .text.shellDelete
                0x000000000803f936        0xc build/shell.o
                0x000000000803f936                shellDelete
 .text.shellSeekCommand
                0x000000000803f942       0x72 build/shell.o
                0x000000000803f942                shellSeekCommand
 .text.shellHelp
                0x000000000803f9b4       0x7c build/shell.o
                0x000000000803f9b4                shellHelp
 .text.shellGetVarValue
                0x000000000803fa30       0x44 build/shell.o
                0x000000000803fa30                shellGetVarValue
 .text.shellShowVar
                0x000000000803fa74       0xc0 build/shell.o
 .text.shellSetVarValue
                0x000000000803fb34       0x78 build/shell.o
                0x000000000803fb34                shellSetVarValue
 .text.shellSetVar
                0x000000000803fbac       0x64 build/shell.o
                0x000000000803fbac                shellSetVar
 .text.shellRunCommand
                0x000000000803fc10       0x94 build/shell.o
                0x000000000803fc10                shellRunCommand
 .text.shellExec
                0x000000000803fca4       0x68 build/shell.o
                0x000000000803fca4                shellExec
 .text.shellEnter
                0x000000000803fd0c       0x12 build/shell.o
                0x000000000803fd0c                shellEnter
 .text.Butterworth_Item_Update
                0x000000000803fd1e       0x2e build/filter.o
 .text.Butterworth_Filter_Update
                0x000000000803fd4c       0x9c build/filter.o
 .text.Butterworth_List_Create
                0x000000000803fde8       0x6a build/filter.o
 .text.Butterworth_Init
                0x000000000803fe52      0x1ae build/filter.o
 .text.USB_DEVICE_Init
                0x0000000008040000       0x54 build/usb_device.o
                0x0000000008040000                USB_DEVICE_Init
 .text.USBD_FS_DeviceDescriptor
                0x0000000008040054        0xc build/usbd_desc.o
                0x0000000008040054                USBD_FS_DeviceDescriptor
 .text.USBD_FS_LangIDStrDescriptor
                0x0000000008040060        0xc build/usbd_desc.o
                0x0000000008040060                USBD_FS_LangIDStrDescriptor
 .text.IntToUnicode
                0x000000000804006c       0x46 build/usbd_desc.o
 *fill*         0x00000000080400b2        0x2 
 .text.Get_SerialNum
                0x00000000080400b4       0x38 build/usbd_desc.o
 .text.USBD_FS_SerialStrDescriptor
                0x00000000080400ec       0x14 build/usbd_desc.o
                0x00000000080400ec                USBD_FS_SerialStrDescriptor
 .text.USBD_FS_ProductStrDescriptor
                0x0000000008040100       0x24 build/usbd_desc.o
                0x0000000008040100                USBD_FS_ProductStrDescriptor
 .text.USBD_FS_ManufacturerStrDescriptor
                0x0000000008040124       0x1c build/usbd_desc.o
                0x0000000008040124                USBD_FS_ManufacturerStrDescriptor
 .text.USBD_FS_ConfigStrDescriptor
                0x0000000008040140       0x24 build/usbd_desc.o
                0x0000000008040140                USBD_FS_ConfigStrDescriptor
 .text.USBD_FS_InterfaceStrDescriptor
                0x0000000008040164       0x24 build/usbd_desc.o
                0x0000000008040164                USBD_FS_InterfaceStrDescriptor
 .text.CDC_DeInit_FS
                0x0000000008040188        0x4 build/usbd_cdc_if.o
 .text.CDC_Control_FS
                0x000000000804018c        0x4 build/usbd_cdc_if.o
 .text.CDC_TransmitCplt_FS
                0x0000000008040190        0x4 build/usbd_cdc_if.o
 .text.CDC_Receive_FS
                0x0000000008040194       0x2c build/usbd_cdc_if.o
 .text.CDC_Init_FS
                0x00000000080401c0       0x28 build/usbd_cdc_if.o
 .text.CDC_Transmit_FS
                0x00000000080401e8       0x2c build/usbd_cdc_if.o
                0x00000000080401e8                CDC_Transmit_FS
 .text.usb_printf
                0x0000000008040214       0x30 build/usbd_cdc_if.o
                0x0000000008040214                usb_printf
 .text.usb_setrec_callback
                0x0000000008040244        0xc build/usbd_cdc_if.o
                0x0000000008040244                usb_setrec_callback
 .text.HAL_PCD_MspInit
                0x0000000008040250       0xac build/usbd_conf.o
                0x0000000008040250                HAL_PCD_MspInit
 .text.HAL_PCD_SetupStageCallback
                0x00000000080402fc       0x10 build/usbd_conf.o
                0x00000000080402fc                HAL_PCD_SetupStageCallback
 .text.HAL_PCD_DataOutStageCallback
                0x000000000804030c       0x18 build/usbd_conf.o
                0x000000000804030c                HAL_PCD_DataOutStageCallback
 .text.HAL_PCD_DataInStageCallback
                0x0000000008040324       0x16 build/usbd_conf.o
                0x0000000008040324                HAL_PCD_DataInStageCallback
 .text.HAL_PCD_SOFCallback
                0x000000000804033a        0xc build/usbd_conf.o
                0x000000000804033a                HAL_PCD_SOFCallback
 .text.HAL_PCD_ResetCallback
                0x0000000008040346       0x24 build/usbd_conf.o
                0x0000000008040346                HAL_PCD_ResetCallback
 *fill*         0x000000000804036a        0x2 
 .text.HAL_PCD_SuspendCallback
                0x000000000804036c       0x30 build/usbd_conf.o
                0x000000000804036c                HAL_PCD_SuspendCallback
 .text.HAL_PCD_ResumeCallback
                0x000000000804039c        0xc build/usbd_conf.o
                0x000000000804039c                HAL_PCD_ResumeCallback
 .text.HAL_PCD_ISOOUTIncompleteCallback
                0x00000000080403a8        0xc build/usbd_conf.o
                0x00000000080403a8                HAL_PCD_ISOOUTIncompleteCallback
 .text.HAL_PCD_ISOINIncompleteCallback
                0x00000000080403b4        0xc build/usbd_conf.o
                0x00000000080403b4                HAL_PCD_ISOINIncompleteCallback
 .text.HAL_PCD_ConnectCallback
                0x00000000080403c0        0xc build/usbd_conf.o
                0x00000000080403c0                HAL_PCD_ConnectCallback
 .text.HAL_PCD_DisconnectCallback
                0x00000000080403cc        0xc build/usbd_conf.o
                0x00000000080403cc                HAL_PCD_DisconnectCallback
 .text.USBD_LL_Init
                0x00000000080403d8       0x68 build/usbd_conf.o
                0x00000000080403d8                USBD_LL_Init
 .text.USBD_LL_IsStallEP
                0x0000000008040440       0x2e build/usbd_conf.o
                0x0000000008040440                USBD_LL_IsStallEP
 .text.USBD_LL_GetRxDataSize
                0x000000000804046e        0xc build/usbd_conf.o
                0x000000000804046e                USBD_LL_GetRxDataSize
 *fill*         0x000000000804047a        0x2 
 .text.USBD_static_malloc
                0x000000000804047c        0x8 build/usbd_conf.o
                0x000000000804047c                USBD_static_malloc
 .text.USBD_static_free
                0x0000000008040484        0x2 build/usbd_conf.o
                0x0000000008040484                USBD_static_free
 .text.USBD_Get_USB_Status
                0x0000000008040486       0x14 build/usbd_conf.o
                0x0000000008040486                USBD_Get_USB_Status
 .text.USBD_LL_Start
                0x000000000804049a       0x10 build/usbd_conf.o
                0x000000000804049a                USBD_LL_Start
 .text.USBD_LL_OpenEP
                0x00000000080404aa       0x16 build/usbd_conf.o
                0x00000000080404aa                USBD_LL_OpenEP
 .text.USBD_LL_CloseEP
                0x00000000080404c0       0x10 build/usbd_conf.o
                0x00000000080404c0                USBD_LL_CloseEP
 .text.USBD_LL_StallEP
                0x00000000080404d0       0x10 build/usbd_conf.o
                0x00000000080404d0                USBD_LL_StallEP
 .text.USBD_LL_ClearStallEP
                0x00000000080404e0       0x10 build/usbd_conf.o
                0x00000000080404e0                USBD_LL_ClearStallEP
 .text.USBD_LL_SetUSBAddress
                0x00000000080404f0       0x10 build/usbd_conf.o
                0x00000000080404f0                USBD_LL_SetUSBAddress
 .text.USBD_LL_Transmit
                0x0000000008040500       0x10 build/usbd_conf.o
                0x0000000008040500                USBD_LL_Transmit
 .text.USBD_LL_PrepareReceive
                0x0000000008040510       0x10 build/usbd_conf.o
                0x0000000008040510                USBD_LL_PrepareReceive
 .text.USBD_Init
                0x0000000008040520       0x38 build/usbd_core.o
                0x0000000008040520                USBD_Init
 .text.USBD_RegisterClass
                0x0000000008040558       0x28 build/usbd_core.o
                0x0000000008040558                USBD_RegisterClass
 .text.USBD_Start
                0x0000000008040580        0x8 build/usbd_core.o
                0x0000000008040580                USBD_Start
 .text.USBD_SetClassConfig
                0x0000000008040588       0x12 build/usbd_core.o
                0x0000000008040588                USBD_SetClassConfig
 .text.USBD_ClrClassConfig
                0x000000000804059a       0x10 build/usbd_core.o
                0x000000000804059a                USBD_ClrClassConfig
 .text.USBD_LL_SetupStage
                0x00000000080405aa       0x58 build/usbd_core.o
                0x00000000080405aa                USBD_LL_SetupStage
 .text.USBD_LL_DataOutStage
                0x0000000008040602       0x72 build/usbd_core.o
                0x0000000008040602                USBD_LL_DataOutStage
 .text.USBD_LL_DataInStage
                0x0000000008040674       0xb8 build/usbd_core.o
                0x0000000008040674                USBD_LL_DataInStage
 .text.USBD_LL_Reset
                0x000000000804072c       0x52 build/usbd_core.o
                0x000000000804072c                USBD_LL_Reset
 .text.USBD_LL_SetSpeed
                0x000000000804077e        0x6 build/usbd_core.o
                0x000000000804077e                USBD_LL_SetSpeed
 .text.USBD_LL_Suspend
                0x0000000008040784       0x12 build/usbd_core.o
                0x0000000008040784                USBD_LL_Suspend
 .text.USBD_LL_Resume
                0x0000000008040796       0x16 build/usbd_core.o
                0x0000000008040796                USBD_LL_Resume
 .text.USBD_LL_SOF
                0x00000000080407ac       0x1c build/usbd_core.o
                0x00000000080407ac                USBD_LL_SOF
 .text.USBD_LL_IsoINIncomplete
                0x00000000080407c8        0x4 build/usbd_core.o
                0x00000000080407c8                USBD_LL_IsoINIncomplete
 .text.USBD_LL_IsoOUTIncomplete
                0x00000000080407cc        0x4 build/usbd_core.o
                0x00000000080407cc                USBD_LL_IsoOUTIncomplete
 .text.USBD_LL_DevConnected
                0x00000000080407d0        0x4 build/usbd_core.o
                0x00000000080407d0                USBD_LL_DevConnected
 .text.USBD_LL_DevDisconnected
                0x00000000080407d4       0x18 build/usbd_core.o
                0x00000000080407d4                USBD_LL_DevDisconnected
 .text.USBD_GetLen
                0x00000000080407ec       0x14 build/usbd_ctlreq.o
 .text.USBD_SetFeature
                0x0000000008040800       0x14 build/usbd_ctlreq.o
 .text.USBD_ParseSetupRequest
                0x0000000008040814       0x28 build/usbd_ctlreq.o
                0x0000000008040814                USBD_ParseSetupRequest
 .text.USBD_CtlError
                0x000000000804083c       0x14 build/usbd_ctlreq.o
                0x000000000804083c                USBD_CtlError
 .text.USBD_GetDescriptor
                0x0000000008040850      0x18a build/usbd_ctlreq.o
 .text.USBD_SetAddress
                0x00000000080409da       0x4e build/usbd_ctlreq.o
 .text.USBD_SetConfig
                0x0000000008040a28       0xc4 build/usbd_ctlreq.o
 .text.USBD_GetConfig
                0x0000000008040aec       0x3e build/usbd_ctlreq.o
 .text.USBD_GetStatus
                0x0000000008040b2a       0x38 build/usbd_ctlreq.o
 .text.USBD_ClrFeature
                0x0000000008040b62       0x26 build/usbd_ctlreq.o
 .text.USBD_StdDevReq
                0x0000000008040b88       0x70 build/usbd_ctlreq.o
                0x0000000008040b88                USBD_StdDevReq
 .text.USBD_StdItfReq
                0x0000000008040bf8       0x68 build/usbd_ctlreq.o
                0x0000000008040bf8                USBD_StdItfReq
 .text.USBD_StdEPReq
                0x0000000008040c60      0x1ea build/usbd_ctlreq.o
                0x0000000008040c60                USBD_StdEPReq
 .text.USBD_GetString
                0x0000000008040e4a       0x3a build/usbd_ctlreq.o
                0x0000000008040e4a                USBD_GetString
 .text.USBD_CtlSendData
                0x0000000008040e84       0x1a build/usbd_ioreq.o
                0x0000000008040e84                USBD_CtlSendData
 .text.USBD_CtlContinueSendData
                0x0000000008040e9e       0x10 build/usbd_ioreq.o
                0x0000000008040e9e                USBD_CtlContinueSendData
 .text.USBD_CtlPrepareRx
                0x0000000008040eae       0x1e build/usbd_ioreq.o
                0x0000000008040eae                USBD_CtlPrepareRx
 .text.USBD_CtlContinueRx
                0x0000000008040ecc       0x10 build/usbd_ioreq.o
                0x0000000008040ecc                USBD_CtlContinueRx
 .text.USBD_CtlSendStatus
                0x0000000008040edc       0x16 build/usbd_ioreq.o
                0x0000000008040edc                USBD_CtlSendStatus
 .text.USBD_CtlReceiveStatus
                0x0000000008040ef2       0x16 build/usbd_ioreq.o
                0x0000000008040ef2                USBD_CtlReceiveStatus
 .text.USBD_CDC_EP0_RxReady
                0x0000000008040f08       0x28 build/usbd_cdc.o
 .text.USBD_CDC_GetFSCfgDesc
                0x0000000008040f30        0xc build/usbd_cdc.o
 .text.USBD_CDC_GetHSCfgDesc
                0x0000000008040f3c        0xc build/usbd_cdc.o
 .text.USBD_CDC_GetOtherSpeedCfgDesc
                0x0000000008040f48        0xc build/usbd_cdc.o
 .text.USBD_CDC_GetDeviceQualifierDescriptor
                0x0000000008040f54        0xc build/usbd_cdc.o
                0x0000000008040f54                USBD_CDC_GetDeviceQualifierDescriptor
 .text.USBD_CDC_DataOut
                0x0000000008040f60       0x2a build/usbd_cdc.o
 .text.USBD_CDC_DataIn
                0x0000000008040f8a       0x64 build/usbd_cdc.o
 .text.USBD_CDC_Setup
                0x0000000008040fee       0xe0 build/usbd_cdc.o
 .text.USBD_CDC_DeInit
                0x00000000080410ce       0x48 build/usbd_cdc.o
 .text.USBD_CDC_Init
                0x0000000008041116       0xc2 build/usbd_cdc.o
 .text.USBD_CDC_RegisterInterface
                0x00000000080411d8        0xe build/usbd_cdc.o
                0x00000000080411d8                USBD_CDC_RegisterInterface
 .text.USBD_CDC_SetTxBuffer
                0x00000000080411e6       0x10 build/usbd_cdc.o
                0x00000000080411e6                USBD_CDC_SetTxBuffer
 .text.USBD_CDC_SetRxBuffer
                0x00000000080411f6        0xc build/usbd_cdc.o
                0x00000000080411f6                USBD_CDC_SetRxBuffer
 .text.USBD_CDC_TransmitPacket
                0x0000000008041202       0x34 build/usbd_cdc.o
                0x0000000008041202                USBD_CDC_TransmitPacket
 .text.USBD_CDC_ReceivePacket
                0x0000000008041236       0x32 build/usbd_cdc.o
                0x0000000008041236                USBD_CDC_ReceivePacket
 .text.NMI_Handler
                0x0000000008041268        0x2 build/stm32h7xx_it.o
                0x0000000008041268                NMI_Handler
 .text.HardFault_Handler
                0x000000000804126a        0x2 build/stm32h7xx_it.o
                0x000000000804126a                HardFault_Handler
 .text.MemManage_Handler
                0x000000000804126c        0x2 build/stm32h7xx_it.o
                0x000000000804126c                MemManage_Handler
 .text.BusFault_Handler
                0x000000000804126e        0x2 build/stm32h7xx_it.o
                0x000000000804126e                BusFault_Handler
 .text.UsageFault_Handler
                0x0000000008041270        0x2 build/stm32h7xx_it.o
                0x0000000008041270                UsageFault_Handler
 .text.SVC_Handler
                0x0000000008041272        0xc build/stm32h7xx_it.o
                0x0000000008041272                SVC_Handler
 .text.DebugMon_Handler
                0x000000000804127e        0x2 build/stm32h7xx_it.o
                0x000000000804127e                DebugMon_Handler
 .text.PendSV_Handler
                0x0000000008041280        0x8 build/stm32h7xx_it.o
                0x0000000008041280                PendSV_Handler
 .text.SysTick_Handler
                0x0000000008041288       0x54 build/stm32h7xx_it.o
                0x0000000008041288                SysTick_Handler
 .text.OTG_FS_IRQHandler
                0x00000000080412dc       0x10 build/stm32h7xx_it.o
                0x00000000080412dc                OTG_FS_IRQHandler
 .text.EXTI0_IRQHandler
                0x00000000080412ec        0xa build/stm32h7xx_it.o
                0x00000000080412ec                EXTI0_IRQHandler
 .text.EXTI1_IRQHandler
                0x00000000080412f6        0xa build/stm32h7xx_it.o
                0x00000000080412f6                EXTI1_IRQHandler
 .text.EXTI2_IRQHandler
                0x0000000008041300        0xa build/stm32h7xx_it.o
                0x0000000008041300                EXTI2_IRQHandler
 .text.EXTI3_IRQHandler
                0x000000000804130a        0xa build/stm32h7xx_it.o
                0x000000000804130a                EXTI3_IRQHandler
 .text.EXTI4_IRQHandler
                0x0000000008041314        0xa build/stm32h7xx_it.o
                0x0000000008041314                EXTI4_IRQHandler
 .text.EXTI9_5_IRQHandler
                0x000000000804131e       0x26 build/stm32h7xx_it.o
                0x000000000804131e                EXTI9_5_IRQHandler
 .text.EXTI15_10_IRQHandler
                0x0000000008041344       0x34 build/stm32h7xx_it.o
                0x0000000008041344                EXTI15_10_IRQHandler
 .text.SDMMC1_IRQHandler
                0x0000000008041378       0x10 build/stm32h7xx_it.o
                0x0000000008041378                SDMMC1_IRQHandler
 .text.MDMA_IRQHandler
                0x0000000008041388       0x10 build/stm32h7xx_it.o
                0x0000000008041388                MDMA_IRQHandler
 .text.DMA2_Stream7_IRQHandler
                0x0000000008041398       0x10 build/stm32h7xx_it.o
                0x0000000008041398                DMA2_Stream7_IRQHandler
 .text.DMA1_Stream0_IRQHandler
                0x00000000080413a8       0x18 build/stm32h7xx_it.o
                0x00000000080413a8                DMA1_Stream0_IRQHandler
 .text.DMA1_Stream1_IRQHandler
                0x00000000080413c0       0x18 build/stm32h7xx_it.o
                0x00000000080413c0                DMA1_Stream1_IRQHandler
 .text.DMA1_Stream2_IRQHandler
                0x00000000080413d8       0x18 build/stm32h7xx_it.o
                0x00000000080413d8                DMA1_Stream2_IRQHandler
 .text.DMA1_Stream3_IRQHandler
                0x00000000080413f0       0x18 build/stm32h7xx_it.o
                0x00000000080413f0                DMA1_Stream3_IRQHandler
 .text.DMA1_Stream4_IRQHandler
                0x0000000008041408       0x18 build/stm32h7xx_it.o
                0x0000000008041408                DMA1_Stream4_IRQHandler
 .text.DMA1_Stream5_IRQHandler
                0x0000000008041420       0x18 build/stm32h7xx_it.o
                0x0000000008041420                DMA1_Stream5_IRQHandler
 .text.UART4_IRQHandler
                0x0000000008041438       0x24 build/stm32h7xx_it.o
                0x0000000008041438                UART4_IRQHandler
 .text.USART6_IRQHandler
                0x000000000804145c       0x24 build/stm32h7xx_it.o
                0x000000000804145c                USART6_IRQHandler
 .text.UART7_IRQHandler
                0x0000000008041480       0x24 build/stm32h7xx_it.o
                0x0000000008041480                UART7_IRQHandler
 .text.SystemInit
                0x00000000080414a4       0xcc build/system_stm32h7xx.o
                0x00000000080414a4                SystemInit
 .text.SystemCoreClockUpdate
                0x0000000008041570      0x214 build/system_stm32h7xx.o
                0x0000000008041570                SystemCoreClockUpdate
 .text.HAL_MspInit
                0x0000000008041784        0x2 build/stm32h7xx_hal.o
                0x0000000008041784                HAL_MspInit
 *fill*         0x0000000008041786        0x2 
 .text.HAL_InitTick
                0x0000000008041788       0x50 build/stm32h7xx_hal.o
                0x0000000008041788                HAL_InitTick
 .text.HAL_Init
                0x00000000080417d8       0x5c build/stm32h7xx_hal.o
                0x00000000080417d8                HAL_Init
 .text.HAL_IncTick
                0x0000000008041834       0x18 build/stm32h7xx_hal.o
                0x0000000008041834                HAL_IncTick
 .text.HAL_GetTick
                0x000000000804184c        0xc build/stm32h7xx_hal.o
                0x000000000804184c                HAL_GetTick
 .text.HAL_Delay
                0x0000000008041858       0x28 build/stm32h7xx_hal.o
                0x0000000008041858                HAL_Delay
 .text.HAL_GetREVID
                0x0000000008041880        0xc build/stm32h7xx_hal.o
                0x0000000008041880                HAL_GetREVID
 .text.HAL_NVIC_SetPriorityGrouping
                0x000000000804188c       0x24 build/stm32h7xx_hal_cortex.o
                0x000000000804188c                HAL_NVIC_SetPriorityGrouping
 .text.HAL_NVIC_SetPriority
                0x00000000080418b0       0x6c build/stm32h7xx_hal_cortex.o
                0x00000000080418b0                HAL_NVIC_SetPriority
 .text.HAL_NVIC_EnableIRQ
                0x000000000804191c       0x1c build/stm32h7xx_hal_cortex.o
                0x000000000804191c                HAL_NVIC_EnableIRQ
 .text.HAL_NVIC_DisableIRQ
                0x0000000008041938       0x24 build/stm32h7xx_hal_cortex.o
                0x0000000008041938                HAL_NVIC_DisableIRQ
 .text.HAL_SYSTICK_Config
                0x000000000804195c       0x28 build/stm32h7xx_hal_cortex.o
                0x000000000804195c                HAL_SYSTICK_Config
 .text.HAL_RCC_OscConfig
                0x0000000008041984      0x674 build/stm32h7xx_hal_rcc.o
                0x0000000008041984                HAL_RCC_OscConfig
 .text.HAL_RCC_GetSysClockFreq
                0x0000000008041ff8      0x1f4 build/stm32h7xx_hal_rcc.o
                0x0000000008041ff8                HAL_RCC_GetSysClockFreq
 .text.HAL_RCC_ClockConfig
                0x00000000080421ec      0x294 build/stm32h7xx_hal_rcc.o
                0x00000000080421ec                HAL_RCC_ClockConfig
 .text.HAL_RCC_GetHCLKFreq
                0x0000000008042480       0x44 build/stm32h7xx_hal_rcc.o
                0x0000000008042480                HAL_RCC_GetHCLKFreq
 .text.HAL_RCC_GetPCLK1Freq
                0x00000000080424c4       0x24 build/stm32h7xx_hal_rcc.o
                0x00000000080424c4                HAL_RCC_GetPCLK1Freq
 .text.HAL_RCC_GetPCLK2Freq
                0x00000000080424e8       0x24 build/stm32h7xx_hal_rcc.o
                0x00000000080424e8                HAL_RCC_GetPCLK2Freq
 .text.TIM_OC1_SetConfig
                0x000000000804250c       0xa8 build/stm32h7xx_hal_tim.o
 .text.TIM_OC3_SetConfig
                0x00000000080425b4       0x94 build/stm32h7xx_hal_tim.o
 .text.TIM_OC4_SetConfig
                0x0000000008042648       0x74 build/stm32h7xx_hal_tim.o
 .text.TIM_OC5_SetConfig
                0x00000000080426bc       0x74 build/stm32h7xx_hal_tim.o
 .text.TIM_OC6_SetConfig
                0x0000000008042730       0x74 build/stm32h7xx_hal_tim.o
 .text.HAL_TIM_PWM_MspInit
                0x00000000080427a4        0x2 build/stm32h7xx_hal_tim.o
                0x00000000080427a4                HAL_TIM_PWM_MspInit
 *fill*         0x00000000080427a6        0x2 
 .text.TIM_Base_SetConfig
                0x00000000080427a8      0x104 build/stm32h7xx_hal_tim.o
                0x00000000080427a8                TIM_Base_SetConfig
 .text.HAL_TIM_PWM_Init
                0x00000000080428ac       0x60 build/stm32h7xx_hal_tim.o
                0x00000000080428ac                HAL_TIM_PWM_Init
 .text.TIM_OC2_SetConfig
                0x000000000804290c       0x94 build/stm32h7xx_hal_tim.o
                0x000000000804290c                TIM_OC2_SetConfig
 .text.HAL_TIM_PWM_ConfigChannel
                0x00000000080429a0      0x13a build/stm32h7xx_hal_tim.o
                0x00000000080429a0                HAL_TIM_PWM_ConfigChannel
 .text.TIM_CCxChannelCmd
                0x0000000008042ada       0x1e build/stm32h7xx_hal_tim.o
                0x0000000008042ada                TIM_CCxChannelCmd
 .text.HAL_TIM_PWM_Start
                0x0000000008042af8      0x168 build/stm32h7xx_hal_tim.o
                0x0000000008042af8                HAL_TIM_PWM_Start
 .text.HAL_TIMEx_MasterConfigSynchronization
                0x0000000008042c60       0xa0 build/stm32h7xx_hal_tim_ex.o
                0x0000000008042c60                HAL_TIMEx_MasterConfigSynchronization
 .text.RCCEx_PLL2_Config
                0x0000000008042d00      0x10c build/stm32h7xx_hal_rcc_ex.o
 .text.RCCEx_PLL3_Config
                0x0000000008042e0c      0x10c build/stm32h7xx_hal_rcc_ex.o
 .text.HAL_RCCEx_PeriphCLKConfig
                0x0000000008042f18      0x9c4 build/stm32h7xx_hal_rcc_ex.o
                0x0000000008042f18                HAL_RCCEx_PeriphCLKConfig
 .text.HAL_RCCEx_GetD3PCLK1Freq
                0x00000000080438dc       0x24 build/stm32h7xx_hal_rcc_ex.o
                0x00000000080438dc                HAL_RCCEx_GetD3PCLK1Freq
 .text.HAL_RCCEx_GetPLL2ClockFreq
                0x0000000008043900      0x1f8 build/stm32h7xx_hal_rcc_ex.o
                0x0000000008043900                HAL_RCCEx_GetPLL2ClockFreq
 .text.HAL_RCCEx_GetPLL3ClockFreq
                0x0000000008043af8      0x1f8 build/stm32h7xx_hal_rcc_ex.o
                0x0000000008043af8                HAL_RCCEx_GetPLL3ClockFreq
 .text.HAL_RCCEx_GetPLL1ClockFreq
                0x0000000008043cf0      0x1f8 build/stm32h7xx_hal_rcc_ex.o
                0x0000000008043cf0                HAL_RCCEx_GetPLL1ClockFreq
 .text.HAL_RCCEx_GetPeriphCLKFreq
                0x0000000008043ee8      0x614 build/stm32h7xx_hal_rcc_ex.o
                0x0000000008043ee8                HAL_RCCEx_GetPeriphCLKFreq
 .text.UART_EndTxTransfer
                0x00000000080444fc       0x32 build/stm32h7xx_hal_uart.o
 *fill*         0x000000000804452e        0x2 
 .text.UART_EndRxTransfer
                0x0000000008044530       0x58 build/stm32h7xx_hal_uart.o
 .text.HAL_UART_MspInit
                0x0000000008044588        0x2 build/stm32h7xx_hal_uart.o
                0x0000000008044588                HAL_UART_MspInit
 *fill*         0x000000000804458a        0x2 
 .text.HAL_UART_Transmit_DMA
                0x000000000804458c       0xb8 build/stm32h7xx_hal_uart.o
                0x000000000804458c                HAL_UART_Transmit_DMA
 .text.UART_DMATransmitCplt
                0x0000000008044644       0x46 build/stm32h7xx_hal_uart.o
 .text.UART_EndTransmit_IT
                0x000000000804468a       0x24 build/stm32h7xx_hal_uart.o
 .text.HAL_UART_TxHalfCpltCallback
                0x00000000080446ae        0x2 build/stm32h7xx_hal_uart.o
                0x00000000080446ae                HAL_UART_TxHalfCpltCallback
 .text.UART_DMATxHalfCplt
                0x00000000080446b0        0xa build/stm32h7xx_hal_uart.o
 .text.HAL_UART_RxHalfCpltCallback
                0x00000000080446ba        0x2 build/stm32h7xx_hal_uart.o
                0x00000000080446ba                HAL_UART_RxHalfCpltCallback
 .text.HAL_UART_ErrorCallback
                0x00000000080446bc        0x2 build/stm32h7xx_hal_uart.o
                0x00000000080446bc                HAL_UART_ErrorCallback
 .text.UART_DMAError
                0x00000000080446be       0x58 build/stm32h7xx_hal_uart.o
 .text.UART_DMAAbortOnError
                0x0000000008044716       0x14 build/stm32h7xx_hal_uart.o
 .text.HAL_UARTEx_RxEventCallback
                0x000000000804472a        0x2 build/stm32h7xx_hal_uart.o
                0x000000000804472a                HAL_UARTEx_RxEventCallback
 .text.HAL_UART_IRQHandler
                0x000000000804472c      0x3a8 build/stm32h7xx_hal_uart.o
                0x000000000804472c                HAL_UART_IRQHandler
 .text.UART_RxISR_8BIT
                0x0000000008044ad4       0xb2 build/stm32h7xx_hal_uart.o
 .text.UART_RxISR_16BIT
                0x0000000008044b86       0xb0 build/stm32h7xx_hal_uart.o
 *fill*         0x0000000008044c36        0x2 
 .text.UART_RxISR_8BIT_FIFOEN
                0x0000000008044c38      0x1a0 build/stm32h7xx_hal_uart.o
 .text.UART_RxISR_16BIT_FIFOEN
                0x0000000008044dd8      0x19c build/stm32h7xx_hal_uart.o
 .text.UART_DMARxHalfCplt
                0x0000000008044f74       0x1c build/stm32h7xx_hal_uart.o
 .text.UART_DMAReceiveCplt
                0x0000000008044f90       0x8c build/stm32h7xx_hal_uart.o
 .text.HAL_UART_GetState
                0x000000000804501c        0xc build/stm32h7xx_hal_uart.o
                0x000000000804501c                HAL_UART_GetState
 .text.UART_SetConfig
                0x0000000008045028      0x5f4 build/stm32h7xx_hal_uart.o
                0x0000000008045028                UART_SetConfig
 .text.UART_AdvFeatureConfig
                0x000000000804561c       0xca build/stm32h7xx_hal_uart.o
                0x000000000804561c                UART_AdvFeatureConfig
 .text.UART_WaitOnFlagUntilTimeout
                0x00000000080456e6       0xdc build/stm32h7xx_hal_uart.o
                0x00000000080456e6                UART_WaitOnFlagUntilTimeout
 .text.UART_CheckIdleState
                0x00000000080457c2       0x74 build/stm32h7xx_hal_uart.o
                0x00000000080457c2                UART_CheckIdleState
 .text.HAL_UART_Init
                0x0000000008045836       0x66 build/stm32h7xx_hal_uart.o
                0x0000000008045836                HAL_UART_Init
 .text.UART_Start_Receive_IT
                0x000000000804589c      0x148 build/stm32h7xx_hal_uart.o
                0x000000000804589c                UART_Start_Receive_IT
 .text.HAL_UART_Receive_IT
                0x00000000080459e4       0x5c build/stm32h7xx_hal_uart.o
                0x00000000080459e4                HAL_UART_Receive_IT
 .text.UART_Start_Receive_DMA
                0x0000000008045a40       0xb4 build/stm32h7xx_hal_uart.o
                0x0000000008045a40                UART_Start_Receive_DMA
 .text.HAL_UART_Receive_DMA
                0x0000000008045af4       0x5c build/stm32h7xx_hal_uart.o
                0x0000000008045af4                HAL_UART_Receive_DMA
 .text.UARTEx_SetNbDataToProcess
                0x0000000008045b50       0x4c build/stm32h7xx_hal_uart_ex.o
 .text.HAL_UARTEx_WakeupCallback
                0x0000000008045b9c        0x2 build/stm32h7xx_hal_uart_ex.o
                0x0000000008045b9c                HAL_UARTEx_WakeupCallback
 .text.HAL_UARTEx_RxFifoFullCallback
                0x0000000008045b9e        0x2 build/stm32h7xx_hal_uart_ex.o
                0x0000000008045b9e                HAL_UARTEx_RxFifoFullCallback
 .text.HAL_UARTEx_TxFifoEmptyCallback
                0x0000000008045ba0        0x2 build/stm32h7xx_hal_uart_ex.o
                0x0000000008045ba0                HAL_UARTEx_TxFifoEmptyCallback
 .text.HAL_UARTEx_DisableFifoMode
                0x0000000008045ba2       0x3e build/stm32h7xx_hal_uart_ex.o
                0x0000000008045ba2                HAL_UARTEx_DisableFifoMode
 .text.HAL_UARTEx_SetTxFifoThreshold
                0x0000000008045be0       0x4a build/stm32h7xx_hal_uart_ex.o
                0x0000000008045be0                HAL_UARTEx_SetTxFifoThreshold
 .text.HAL_UARTEx_SetRxFifoThreshold
                0x0000000008045c2a       0x4a build/stm32h7xx_hal_uart_ex.o
                0x0000000008045c2a                HAL_UARTEx_SetRxFifoThreshold
 .text.HAL_GPIO_Init
                0x0000000008045c74      0x220 build/stm32h7xx_hal_gpio.o
                0x0000000008045c74                HAL_GPIO_Init
 .text.HAL_GPIO_DeInit
                0x0000000008045e94      0x150 build/stm32h7xx_hal_gpio.o
                0x0000000008045e94                HAL_GPIO_DeInit
 .text.HAL_GPIO_ReadPin
                0x0000000008045fe4        0xe build/stm32h7xx_hal_gpio.o
                0x0000000008045fe4                HAL_GPIO_ReadPin
 .text.HAL_GPIO_WritePin
                0x0000000008045ff2        0xc build/stm32h7xx_hal_gpio.o
                0x0000000008045ff2                HAL_GPIO_WritePin
 .text.HAL_GPIO_EXTI_IRQHandler
                0x0000000008045ffe       0x1e build/stm32h7xx_hal_gpio.o
                0x0000000008045ffe                HAL_GPIO_EXTI_IRQHandler
 .text.DMA_SetConfig
                0x000000000804601c      0x1b4 build/stm32h7xx_hal_dma.o
 .text.DMA_CalcBaseAndBitshift
                0x00000000080461d0       0xb4 build/stm32h7xx_hal_dma.o
 .text.DMA_CheckFifoParam
                0x0000000008046284       0x92 build/stm32h7xx_hal_dma.o
 *fill*         0x0000000008046316        0x2 
 .text.DMA_CalcDMAMUXChannelBaseAndMask
                0x0000000008046318       0xb0 build/stm32h7xx_hal_dma.o
 .text.DMA_CalcDMAMUXRequestGenBaseAndMask
                0x00000000080463c8       0x7c build/stm32h7xx_hal_dma.o
 .text.HAL_DMA_Init
                0x0000000008046444      0x3a4 build/stm32h7xx_hal_dma.o
                0x0000000008046444                HAL_DMA_Init
 .text.HAL_DMA_Start_IT
                0x00000000080467e8      0x298 build/stm32h7xx_hal_dma.o
                0x00000000080467e8                HAL_DMA_Start_IT
 .text.HAL_DMA_Abort
                0x0000000008046a80      0x340 build/stm32h7xx_hal_dma.o
                0x0000000008046a80                HAL_DMA_Abort
 .text.HAL_DMA_Abort_IT
                0x0000000008046dc0      0x270 build/stm32h7xx_hal_dma.o
                0x0000000008046dc0                HAL_DMA_Abort_IT
 .text.HAL_DMA_IRQHandler
                0x0000000008047030      0x738 build/stm32h7xx_hal_dma.o
                0x0000000008047030                HAL_DMA_IRQHandler
 .text.HAL_DMA_RegisterCallback
                0x0000000008047768       0x60 build/stm32h7xx_hal_dma.o
                0x0000000008047768                HAL_DMA_RegisterCallback
 .text.MDMA_Init
                0x00000000080477c8       0xb8 build/stm32h7xx_hal_mdma.o
 .text.HAL_MDMA_Init
                0x0000000008047880       0x60 build/stm32h7xx_hal_mdma.o
                0x0000000008047880                HAL_MDMA_Init
 .text.HAL_MDMA_IRQHandler
                0x00000000080478e0      0x1b4 build/stm32h7xx_hal_mdma.o
                0x00000000080478e0                HAL_MDMA_IRQHandler
 .text.HAL_PWREx_ConfigSupply
                0x0000000008047a94       0x54 build/stm32h7xx_hal_pwr_ex.o
                0x0000000008047a94                HAL_PWREx_ConfigSupply
 .text.HAL_PWREx_EnableUSBVoltageDetector
                0x0000000008047ae8       0x10 build/stm32h7xx_hal_pwr_ex.o
                0x0000000008047ae8                HAL_PWREx_EnableUSBVoltageDetector
 .text.SPI_CloseTransfer
                0x0000000008047af8       0xd0 build/stm32h7xx_hal_spi.o
 .text.SPI_GetPacketSize
                0x0000000008047bc8       0x10 build/stm32h7xx_hal_spi.o
 .text.SPI_WaitOnFlagUntilTimeout
                0x0000000008047bd8       0x48 build/stm32h7xx_hal_spi.o
 .text.HAL_SPI_MspInit
                0x0000000008047c20        0x2 build/stm32h7xx_hal_spi.o
                0x0000000008047c20                HAL_SPI_MspInit
 *fill*         0x0000000008047c22        0x2 
 .text.HAL_SPI_Init
                0x0000000008047c24      0x168 build/stm32h7xx_hal_spi.o
                0x0000000008047c24                HAL_SPI_Init
 .text.HAL_SPI_Transmit
                0x0000000008047d8c      0x2c4 build/stm32h7xx_hal_spi.o
                0x0000000008047d8c                HAL_SPI_Transmit
 .text.HAL_SPI_TransmitReceive
                0x0000000008048050      0x420 build/stm32h7xx_hal_spi.o
                0x0000000008048050                HAL_SPI_TransmitReceive
 .text.HAL_SPI_Receive
                0x0000000008048470      0x2b8 build/stm32h7xx_hal_spi.o
                0x0000000008048470                HAL_SPI_Receive
 .text.PCD_WriteEmptyTxFifo
                0x0000000008048728       0xd0 build/stm32h7xx_hal_pcd.o
 .text.HAL_PCD_Init
                0x00000000080487f8      0x13c build/stm32h7xx_hal_pcd.o
                0x00000000080487f8                HAL_PCD_Init
 .text.HAL_PCD_Start
                0x0000000008048934       0x42 build/stm32h7xx_hal_pcd.o
                0x0000000008048934                HAL_PCD_Start
 *fill*         0x0000000008048976        0x2 
 .text.PCD_EP_OutXfrComplete_int
                0x0000000008048978       0xf4 build/stm32h7xx_hal_pcd.o
 .text.PCD_EP_OutSetupPacket_int
                0x0000000008048a6c       0x50 build/stm32h7xx_hal_pcd.o
 .text.HAL_PCD_IRQHandler
                0x0000000008048abc      0x4b6 build/stm32h7xx_hal_pcd.o
                0x0000000008048abc                HAL_PCD_IRQHandler
 .text.HAL_PCD_SetAddress
                0x0000000008048f72       0x28 build/stm32h7xx_hal_pcd.o
                0x0000000008048f72                HAL_PCD_SetAddress
 .text.HAL_PCD_EP_Open
                0x0000000008048f9a       0x8a build/stm32h7xx_hal_pcd.o
                0x0000000008048f9a                HAL_PCD_EP_Open
 .text.HAL_PCD_EP_Close
                0x0000000008049024       0x72 build/stm32h7xx_hal_pcd.o
                0x0000000008049024                HAL_PCD_EP_Close
 .text.HAL_PCD_EP_Receive
                0x0000000008049096       0x5e build/stm32h7xx_hal_pcd.o
                0x0000000008049096                HAL_PCD_EP_Receive
 .text.HAL_PCD_EP_GetRxCount
                0x00000000080490f4       0x12 build/stm32h7xx_hal_pcd.o
                0x00000000080490f4                HAL_PCD_EP_GetRxCount
 .text.HAL_PCD_EP_Transmit
                0x0000000008049106       0x5e build/stm32h7xx_hal_pcd.o
                0x0000000008049106                HAL_PCD_EP_Transmit
 .text.HAL_PCD_EP_SetStall
                0x0000000008049164       0x88 build/stm32h7xx_hal_pcd.o
                0x0000000008049164                HAL_PCD_EP_SetStall
 .text.HAL_PCD_EP_ClrStall
                0x00000000080491ec       0x76 build/stm32h7xx_hal_pcd.o
                0x00000000080491ec                HAL_PCD_EP_ClrStall
 .text.HAL_PCDEx_SetTxFiFo
                0x0000000008049262       0x4c build/stm32h7xx_hal_pcd_ex.o