Archive member included to satisfy reference by file (symbol)

/usr/local/arm-none-eabi-gcc/gcc-arm-none-eabi-10-2020-q4-major/bin/../lib/gcc/arm-none-eabi/10.2.1/../../../../arm-none-eabi/lib/thumb/v7e-m+dp/hard/libc_nano.a(lib_a-ctype_.o)
                              build/DiskIO.o (_ctype_)
/usr/local/arm-none-eabi-gcc/gcc-arm-none-eabi-10-2020-q4-major/bin/../lib/gcc/arm-none-eabi/10.2.1/../../../../arm-none-eabi/lib/thumb/v7e-m+dp/hard/libc_nano.a(lib_a-exit.o)
                              /usr/local/arm-none-eabi-gcc/gcc-arm-none-eabi-10-2020-q4-major/bin/../lib/gcc/arm-none-eabi/10.2.1/../../../../arm-none-eabi/lib/thumb/v7e-m+dp/hard/crt0.o (exit)
/usr/local/arm-none-eabi-gcc/gcc-arm-none-eabi-10-2020-q4-major/bin/../lib/gcc/arm-none-eabi/10.2.1/../../../../arm-none-eabi/lib/thumb/v7e-m+dp/hard/libc_nano.a(lib_a-impure.o)
                              /usr/local/arm-none-eabi-gcc/gcc-arm-none-eabi-10-2020-q4-major/bin/../lib/gcc/arm-none-eabi/10.2.1/../../../../arm-none-eabi/lib/thumb/v7e-m+dp/hard/libc_nano.a(lib_a-exit.o) (_global_impure_ptr)
/usr/local/arm-none-eabi-gcc/gcc-arm-none-eabi-10-2020-q4-major/bin/../lib/gcc/arm-none-eabi/10.2.1/../../../../arm-none-eabi/lib/thumb/v7e-m+dp/hard/libc_nano.a(lib_a-init.o)
                              /usr/local/arm-none-eabi-gcc/gcc-arm-none-eabi-10-2020-q4-major/bin/../lib/gcc/arm-none-eabi/10.2.1/../../../../arm-none-eabi/lib/thumb/v7e-m+dp/hard/crt0.o (__libc_init_array)
/usr/local/arm-none-eabi-gcc/gcc-arm-none-eabi-10-2020-q4-major/bin/../lib/gcc/arm-none-eabi/10.2.1/../../../../arm-none-eabi/lib/thumb/v7e-m+dp/hard/libc_nano.a(lib_a-memcmp.o)
                              build/DiskIO.o (memcmp)
/usr/local/arm-none-eabi-gcc/gcc-arm-none-eabi-10-2020-q4-major/bin/../lib/gcc/arm-none-eabi/10.2.1/../../../../arm-none-eabi/lib/thumb/v7e-m+dp/hard/libc_nano.a(lib_a-memcpy-stub.o)
                              build/Bsp_SPI.o (memcpy)
/usr/local/arm-none-eabi-gcc/gcc-arm-none-eabi-10-2020-q4-major/bin/../lib/gcc/arm-none-eabi/10.2.1/../../../../arm-none-eabi/lib/thumb/v7e-m+dp/hard/libc_nano.a(lib_a-memset.o)
                              /usr/local/arm-none-eabi-gcc/gcc-arm-none-eabi-10-2020-q4-major/bin/../lib/gcc/arm-none-eabi/10.2.1/../../../../arm-none-eabi/lib/thumb/v7e-m+dp/hard/crt0.o (memset)
/usr/local/arm-none-eabi-gcc/gcc-arm-none-eabi-10-2020-q4-major/bin/../lib/gcc/arm-none-eabi/10.2.1/../../../../arm-none-eabi/lib/thumb/v7e-m+dp/hard/libc_nano.a(lib_a-strchr.o)
                              build/DiskIO.o (strchr)
/usr/local/arm-none-eabi-gcc/gcc-arm-none-eabi-10-2020-q4-major/bin/../lib/gcc/arm-none-eabi/10.2.1/../../../../arm-none-eabi/lib/thumb/v7e-m+dp/hard/libc_nano.a(lib_a-strcmp.o)
                              build/shell.o (strcmp)
/usr/local/arm-none-eabi-gcc/gcc-arm-none-eabi-10-2020-q4-major/bin/../lib/gcc/arm-none-eabi/10.2.1/../../../../arm-none-eabi/lib/thumb/v7e-m+dp/hard/libc_nano.a(lib_a-strlen.o)
                              build/error_log.o (strlen)
/usr/local/arm-none-eabi-gcc/gcc-arm-none-eabi-10-2020-q4-major/bin/../lib/gcc/arm-none-eabi/10.2.1/../../../../arm-none-eabi/lib/thumb/v7e-m+dp/hard/libc_nano.a(lib_a-strncmp.o)
                              build/shell.o (strncmp)
/usr/local/arm-none-eabi-gcc/gcc-arm-none-eabi-10-2020-q4-major/bin/../lib/gcc/arm-none-eabi/10.2.1/../../../../arm-none-eabi/lib/thumb/v7e-m+dp/hard/libc_nano.a(lib_a-strtok.o)
                              build/DiskIO.o (strtok)
/usr/local/arm-none-eabi-gcc/gcc-arm-none-eabi-10-2020-q4-major/bin/../lib/gcc/arm-none-eabi/10.2.1/../../../../arm-none-eabi/lib/thumb/v7e-m+dp/hard/libc_nano.a(lib_a-strtok_r.o)
                              /usr/local/arm-none-eabi-gcc/gcc-arm-none-eabi-10-2020-q4-major/bin/../lib/gcc/arm-none-eabi/10.2.1/../../../../arm-none-eabi/lib/thumb/v7e-m+dp/hard/libc_nano.a(lib_a-strtok.o) (__strtok_r)
/usr/local/arm-none-eabi-gcc/gcc-arm-none-eabi-10-2020-q4-major/bin/../lib/gcc/arm-none-eabi/10.2.1/../../../../arm-none-eabi/lib/thumb/v7e-m+dp/hard/libc_nano.a(lib_a-vsnprintf.o)
                              build/error_log.o (vsnprintf)
/usr/local/arm-none-eabi-gcc/gcc-arm-none-eabi-10-2020-q4-major/bin/../lib/gcc/arm-none-eabi/10.2.1/../../../../arm-none-eabi/lib/thumb/v7e-m+dp/hard/libc_nano.a(lib_a-vsscanf.o)
                              build/shell.o (vsscanf)
/usr/local/arm-none-eabi-gcc/gcc-arm-none-eabi-10-2020-q4-major/bin/../lib/gcc/arm-none-eabi/10.2.1/../../../../arm-none-eabi/lib/thumb/v7e-m+dp/hard/libc_nano.a(lib_a-assert.o)
                              /usr/local/arm-none-eabi-gcc/gcc-arm-none-eabi-10-2020-q4-major/bin/../lib/gcc/arm-none-eabi/10.2.1/../../../../arm-none-eabi/lib/thumb/v7e-m+dp/hard/libc_nano.a(lib_a-strtok.o) (__assert_func)
/usr/local/arm-none-eabi-gcc/gcc-arm-none-eabi-10-2020-q4-major/bin/../lib/gcc/arm-none-eabi/10.2.1/../../../../arm-none-eabi/lib/thumb/v7e-m+dp/hard/libc_nano.a(lib_a-fprintf.o)
[...]
Memory Configuration

Name             Origin             Length             Attributes
DTCMRAM          0x0000000020000000 0x0000000000020000 xrw
RAM_D1           0x0000000024000000 0x0000000000080000 xrw
RAM_D2           0x0000000030000000 0x0000000000048000 xrw
RAM_D3           0x0000000038000000 0x0000000000010000 xrw
ITCMRAM          0x0000000000000000 0x0000000000010000 xrw
FLASH            0x0000000008000000 0x0000000000200000 xr
*default*        0x0000000000000000 0xffffffffffffffff

Linker script and memory map

LOAD /usr/local/arm-none-eabi-gcc/gcc-arm-none-eabi-10-2020-q4-major/bin/../lib/gcc/arm-none-eabi/10.2.1/thumb/v7e-m+dp/hard/crti.o
LOAD /usr/local/arm-none-eabi-gcc/gcc-arm-none-eabi-10-2020-q4-major/bin/../lib/gcc/arm-none-eabi/10.2.1/thumb/v7e-m+dp/hard/crtbegin.o
LOAD /usr/local/arm-none-eabi-gcc/gcc-arm-none-eabi-10-2020-q4-major/bin/../lib/gcc/arm-none-eabi/10.2.1/../../../../arm-none-eabi/lib/thumb/v7e-m+dp/hard/crt0.o
LOAD build/main.o
LOAD build/debug_util.o
LOAD build/Task_Protocol.o
LOAD build/Task_Manager.o
LOAD build/Task_SensorInertial.o
LOAD build/Task_Log.o
LOAD build/IO_Definition.o
LOAD build/Bsp_GPIO.o
LOAD build/Bsp_SPI.o
LOAD build/Bsp_SDMMC.o
LOAD build/Dev_MPU6000.o
LOAD build/Dev_ICM20602.o
LOAD build/Dev_Led.o
LOAD build/Dev_W25Qxx.o
LOAD build/Dev_Card.o
LOAD build/SrvMPU_Sample.o
LOAD build/Data_Convert_Util.o
LOAD build/queue.o
LOAD build/linked_list.o
LOAD build/binary_tree.o
LOAD build/reboot.o
LOAD build/error_log.o
LOAD build/DataPipe.o
LOAD build/mmu.o
LOAD build/scheduler.o
LOAD build/kernel.o
LOAD build/runtime.o
LOAD build/DiskIO.o
LOAD build/shell_cmd_list.o
LOAD build/shell_companion.o
LOAD build/shell_ext.o
LOAD build/shell_port.o
LOAD build/shell.o
LOAD build/usb_device.o
LOAD build/usbd_desc.o
LOAD build/usbd_cdc_if.o
LOAD build/usbd_conf.o
LOAD build/usbd_core.o
LOAD build/usbd_ctlreq.o
LOAD build/usbd_ioreq.o
LOAD build/usbd_cdc.o
LOAD build/stm32h7xx_it.o
LOAD build/system_stm32h7xx.o
LOAD build/stm32h7xx_hal.o
LOAD build/stm32h7xx_hal_cortex.o
LOAD build/stm32h7xx_hal_rcc.o
LOAD build/stm32h7xx_hal_tim.o
LOAD build/stm32h7xx_hal_tim_ex.o
LOAD build/stm32h7xx_hal_rcc_ex.o
LOAD build/stm32h7xx_hal_flash.o
LOAD build/stm32h7xx_hal_flash_ex.o
LOAD build/stm32h7xx_hal_gpio.o
LOAD build/stm32h7xx_hal_hsem.o
LOAD build/stm32h7xx_hal_dma.o
LOAD build/stm32h7xx_hal_dma_ex.o
LOAD build/stm32h7xx_hal_mdma.o
LOAD build/stm32h7xx_hal_pwr.o
LOAD build/stm32h7xx_hal_pwr_ex.o
LOAD build/stm32h7xx_hal_i2c.o
LOAD build/stm32h7xx_hal_i2c_ex.o
LOAD build/stm32h7xx_hal_exti.o
LOAD build/stm32h7xx_hal_spi.o
LOAD build/stm32h7xx_hal_pcd.o
LOAD build/stm32h7xx_hal_pcd_ex.o
LOAD build/stm32h7xx_hal_sd.o
LOAD build/stm32h7xx_ll_sdmmc.o
LOAD build/stm32h7xx_ll_usb.o
LOAD build/startup_stm32h743xx.o
LOAD /usr/local/arm-none-eabi-gcc/gcc-arm-none-eabi-10-2020-q4-major/bin/../lib/gcc/arm-none-eabi/10.2.1/../../../../arm-none-eabi/lib/thumb/v7e-m+dp/hard/libc_nano.a
LOAD /usr/local/arm-none-eabi-gcc/gcc-arm-none-eabi-10-2020-q4-major/bin/../lib/gcc/arm-none-eabi/10.2.1/../../../../arm-none-eabi/lib/thumb/v7e-m+dp/hard/libm.a
LOAD /usr/local/arm-none-eabi-gcc/gcc-arm-none-eabi-10-2020-q4-major/bin/../lib/gcc/arm-none-eabi/10.2.1/../../../../arm-none-eabi/lib/thumb/v7e-m+dp/hard/libnosys.a
START GROUP
LOAD /usr/local/arm-none-eabi-gcc/gcc-arm-none-eabi-10-2020-q4-major/bin/../lib/gcc/arm-none-eabi/10.2.1/thumb/v7e-m+dp/hard/libgcc.a
LOAD /usr/local/arm-none-eabi-gcc/gcc-arm-none-eabi-10-2020-q4-major/bin/../lib/gcc/arm-none-eabi/10.2.1/../../../../arm-none-eabi/lib/thumb/v7e-m+dp/hard/libc_nano.a
END GROUP
START GROUP
LOAD /usr/local/arm-none-eabi-gcc/gcc-arm-none-eabi-10-2020-q4-major/bin/../lib/gcc/arm-none-eabi/10.2.1/thumb/v7e-m+dp/hard/libgcc.a
LOAD /usr/local/arm-none-eabi-gcc/gcc-arm-none-eabi-10-2020-q4-major/bin/../lib/gcc/arm-none-eabi/10.2.1/../../../../arm-none-eabi/lib/thumb/v7e-m+dp/hard/libc_nano.a
END GROUP
LOAD /usr/local/arm-none-eabi-gcc/gcc-arm-none-eabi-10-2020-q4-major/bin/../lib/gcc/arm-none-eabi/10.2.1/thumb/v7e-m+dp/hard/crtend.o
LOAD /usr/local/arm-none-eabi-gcc/gcc-arm-none-eabi-10-2020-q4-major/bin/../lib/gcc/arm-none-eabi/10.2.1/thumb/v7e-m+dp/hard/crtn.o
                0x0000000020020000                _estack = 0x20020000
                0x0000000000001000                _Min_Heap_Size = 0x1000
                0x0000000000000800                _Min_Stack_Size = 0x800

.isr_vector     0x0000000008000000      0x298
                0x0000000008000000                . = ALIGN (0x4)
 *(.isr_vector)
 .isr_vector    0x0000000008000000      0x298 build/startup_stm32h743xx.o
                0x0000000008000000                g_pfnVectors
                0x0000000008000298                . = ALIGN (0x4)

.MMU_Section    0x0000000024000000    0x20000 load address 0x0000000008000298
                0x0000000024000000                . = ALIGN (0x4)
                0x0000000024000000                MMU_s = .
 *(.MMU_Section)
 .MMU_Section   0x0000000024000000    0x20000 build/mmu.o
                0x0000000024000000                Mem_Buff
 *(.MMU_Section*)
                0x0000000024020000                . = ALIGN (0x4)
                0x0000000024020000                MMU_e = .

.Perph_Section  0x0000000024020000      0x4c0 load address 0x0000000008020298
                0x0000000024020000                . = ALIGN (0x4)
                0x0000000024020000                Perph_s = .
 *(.Perph_Section)
 .Perph_Section
                0x0000000024020000       0x2f build/Task_Protocol.o
 *fill*         0x000000002402002f        0x1 
 .Perph_Section
                0x0000000024020030       0x5f build/Task_SensorInertial.o
 *fill*         0x000000002402008f        0x1 
 .Perph_Section
                0x0000000024020090       0x2f build/Task_Log.o
 *fill*         0x00000000240200bf        0x1 
 .Perph_Section
                0x00000000240200c0      0x400 build/DiskIO.o
 *(.Perph_Section*)
                0x00000000240204c0                . = ALIGN (0x4)
                0x00000000240204c0                Perph_e = .

.Fast_Mem_Section
                0x0000000000000000        0x0 load address 0x0000000008020758
                0x0000000000000000                . = ALIGN (0x4)
                0x0000000000000000                fast_mem_s = .
 *(.Fast_Mem_Section)
 *(.Fast_Mem_Section*)
                0x0000000000000000                . = ALIGN (0x4)
                0x0000000000000000                fast_mem_e = .

.text           0x0000000008020760    0x12800
                0x0000000008020760                . = ALIGN (0x4)
 *(.text)
 .text          0x0000000008020760       0x40 /usr/local/arm-none-eabi-gcc/gcc-arm-none-eabi-10-2020-q4-major/bin/../lib/gcc/arm-none-eabi/10.2.1/thumb/v7e-m+dp/hard/crtbegin.o
 .text          0x00000000080207a0       0x14 /usr/local/arm-none-eabi-gcc/gcc-arm-none-eabi-10-2020-q4-major/bin/../lib/gcc/arm-none-eabi/10.2.1/../../../../arm-none-eabi/lib/thumb/v7e-m+dp/hard/libc_nano.a(lib_a-strcmp.o)
                0x00000000080207a0                strcmp
 .text          0x00000000080207b4       0x10 /usr/local/arm-none-eabi-gcc/gcc-arm-none-eabi-10-2020-q4-major/bin/../lib/gcc/arm-none-eabi/10.2.1/../../../../arm-none-eabi/lib/thumb/v7e-m+dp/hard/libc_nano.a(lib_a-strlen.o)
                0x00000000080207b4                strlen
 *fill*         0x00000000080207c4        0xc 
 .text          0x00000000080207d0       0xa0 /usr/local/arm-none-eabi-gcc/gcc-arm-none-eabi-10-2020-q4-major/bin/../lib/gcc/arm-none-eabi/10.2.1/../../../../arm-none-eabi/lib/thumb/v7e-m+dp/hard/libc_nano.a(lib_a-memchr.o)
                0x00000000080207d0                memchr
 .text          0x0000000008020870      0x21c /usr/local/arm-none-eabi-gcc/gcc-arm-none-eabi-10-2020-q4-major/bin/../lib/gcc/arm-none-eabi/10.2.1/thumb/v7e-m+dp/hard/libgcc.a(_arm_addsubsf3.o)
                0x0000000008020870                __aeabi_frsub
                0x0000000008020878                __aeabi_fsub
                0x0000000008020878                __subsf3
                0x000000000802087c                __aeabi_fadd
                0x000000000802087c                __addsf3
                0x00000000080209dc                __aeabi_ui2f
                0x00000000080209dc                __floatunsisf
                0x00000000080209e4                __floatsisf
                0x00000000080209e4                __aeabi_i2f
                0x0000000008020a00                __aeabi_ul2f
                0x0000000008020a00                __floatundisf
                0x0000000008020a10                __aeabi_l2f
                0x0000000008020a10                __floatdisf
 .text          0x0000000008020a8c       0x30 /usr/local/arm-none-eabi-gcc/gcc-arm-none-eabi-10-2020-q4-major/bin/../lib/gcc/arm-none-eabi/10.2.1/thumb/v7e-m+dp/hard/libgcc.a(_aeabi_uldivmod.o)
                0x0000000008020a8c                __aeabi_uldivmod
 .text          0x0000000008020abc      0x2d0 /usr/local/arm-none-eabi-gcc/gcc-arm-none-eabi-10-2020-q4-major/bin/../lib/gcc/arm-none-eabi/10.2.1/thumb/v7e-m+dp/hard/libgcc.a(_udivmoddi4.o)
                0x0000000008020abc                __udivmoddi4
 .text          0x0000000008020d8c        0x4 /usr/local/arm-none-eabi-gcc/gcc-arm-none-eabi-10-2020-q4-major/bin/../lib/gcc/arm-none-eabi/10.2.1/thumb/v7e-m+dp/hard/libgcc.a(_dvmd_tls.o)
                0x0000000008020d8c                __aeabi_ldiv0
                0x0000000008020d8c                __aeabi_idiv0
 *(.text*)
 .text.main     0x0000000008020d90       0x18 build/main.o
                0x0000000008020d90                main
 .text.DebugPin_Init
                0x0000000008020da8       0x28 build/debug_util.o
 .text.DebugPin_Ctl
                0x0000000008020dd0       0x28 build/debug_util.o
 .text.assert   0x0000000008020df8        0x6 build/debug_util.o
                0x0000000008020df8                assert
 *fill*         0x0000000008020dfe        0x2 
 .text.TaskProto_PushProtocolQueue
                0x0000000008020e00       0x9c build/Task_Protocol.o
                0x0000000008020e00                TaskProto_PushProtocolQueue
 .text.TaskProtocol_Rec
                0x0000000008020e9c        0xc build/Task_Protocol.o
 .text.TaskProtocol_TransBuff
                0x0000000008020ea8       0x10 build/Task_Protocol.o
 .text.shell_test
                0x0000000008020eb8       0x10 build/Task_Protocol.o
 .text.TaskProtocol_Init
                0x0000000008020ec8       0x94 build/Task_Protocol.o
                0x0000000008020ec8                TaskProtocol_Init
 .text.TaskProtocol_Core
                0x0000000008020f5c       0xd0 build/Task_Protocol.o
                0x0000000008020f5c                TaskProtocol_Core
 .text.Test2    0x000000000802102c       0x58 build/Task_Manager.o
                0x000000000802102c                Test2
 .text.Task_Manager_Init
                0x0000000008021084       0xc8 build/Task_Manager.o
                0x0000000008021084                Task_Manager_Init
 .text.Task_Manager_CreateTask
                0x000000000802114c       0x9c build/Task_Manager.o
                0x000000000802114c                Task_Manager_CreateTask
 .text.TaskInertial_Init
                0x00000000080211e8       0x50 build/Task_SensorInertial.o
                0x00000000080211e8                TaskInertial_Init
 .text.TaskInertical_Core
                0x0000000008021238      0x120 build/Task_SensorInertial.o
                0x0000000008021238                TaskInertical_Core
 .text.LogData_ToFile
                0x0000000008021358       0xa0 build/Task_Log.o
 .text.OsIdle_Callback_LogModule
                0x00000000080213f8       0x74 build/Task_Log.o
 .text.TaskLog_PipeTransFinish_Callback
                0x000000000802146c       0xa4 build/Task_Log.o
 .text.TaskLog_Init
                0x0000000008021510      0x168 build/Task_Log.o
                0x0000000008021510                TaskLog_Init
 .text.TaskLog_Core
                0x0000000008021678       0x78 build/Task_Log.o
                0x0000000008021678                TaskLog_Core
 .text.BspGPIO_GetEXTI_Index
                0x00000000080216f0       0x16 build/Bsp_GPIO.o
 *fill*         0x0000000008021706        0x2 
 .text.BspGPIO_CLK_Enable
                0x0000000008021708      0x1c4 build/Bsp_GPIO.o
 .text.BspGPIO_ResetExtiCallback
                0x00000000080218cc       0x24 build/Bsp_GPIO.o
 .text.BspGPIO_Write
                0x00000000080218f0        0x8 build/Bsp_GPIO.o
 .text.BspGPIO_Input_Init
                0x00000000080218f8       0x2e build/Bsp_GPIO.o
 .text.BspGPIO_Output_Init
                0x0000000008021926       0x3e build/Bsp_GPIO.o
 .text.BspGPIO_GetExti_IRQnID
                0x0000000008021964       0xcc build/Bsp_GPIO.o
 .text.BspGPIO_ExtiSetMode
                0x0000000008021a30       0x8e build/Bsp_GPIO.o
 *fill*         0x0000000008021abe        0x2 
 .text.BspGPIO_ExtiInit
                0x0000000008021ac0       0x74 build/Bsp_GPIO.o
 .text.BspGPIO_Read
                0x0000000008021b34       0x1e build/Bsp_GPIO.o
 *fill*         0x0000000008021b52        0x2 
 .text.HAL_GPIO_EXTI_Callback
                0x0000000008021b54       0x18 build/Bsp_GPIO.o
                0x0000000008021b54                HAL_GPIO_EXTI_Callback
 .text.BspSPI_PinCLK_Enable
                0x0000000008021b6c      0x198 build/Bsp_SPI.o
 .text.BspSPI_Set_CLKSpeed
                0x0000000008021d04        0xc build/Bsp_SPI.o
 .text.BspSPI_TransReceive
                0x0000000008021d10       0x1a build/Bsp_SPI.o
 .text.BspSPI_Receive
                0x0000000008021d2a       0x10 build/Bsp_SPI.o
 .text.BspSPI_Trans
                0x0000000008021d3a       0x10 build/Bsp_SPI.o
 *fill*         0x0000000008021d4a        0x2 
 .text.BspSPI_DeInit
                0x0000000008021d4c       0xd4 build/Bsp_SPI.o
 .text.BspSPI_PinInit
                0x0000000008021e20       0x68 build/Bsp_SPI.o
 .text.BspSPI_NormalMode_Init
                0x0000000008021e88      0x178 build/Bsp_SPI.o
 .text.BspSDMMC_PinCLK_Enable
                0x0000000008022000      0x198 build/Bsp_SDMMC.o
 .text.BspSDMMC_GetInfo
                0x0000000008022198       0x2a build/Bsp_SDMMC.o
 .text.BspSDMMC_GetStatus
                0x00000000080221c2       0x18 build/Bsp_SDMMC.o
 .text.BspSDMMC_Erase
                0x00000000080221da       0x12 build/Bsp_SDMMC.o
 .text.BspSDMMC_Write
                0x00000000080221ec       0x60 build/Bsp_SDMMC.o
 .text.BspSDMMC_Read
                0x000000000802224c       0x60 build/Bsp_SDMMC.o
 .text.BspSDMMC_PortCLK_Init
                0x00000000080222ac       0x5c build/Bsp_SDMMC.o
 .text.BspSDMMC_Pin_Init
                0x0000000008022308       0xa8 build/Bsp_SDMMC.o
 .text.BspSDMMC_MDMA_Init
                0x00000000080223b0       0x80 build/Bsp_SDMMC.o
 .text.BspSDMMC_Init
                0x0000000008022430       0xa8 build/Bsp_SDMMC.o
 .text.HAL_SD_TxCpltCallback
                0x00000000080224d8       0x20 build/Bsp_SDMMC.o
                0x00000000080224d8                HAL_SD_TxCpltCallback
 .text.HAL_SD_RxCpltCallback
                0x00000000080224f8       0x20 build/Bsp_SDMMC.o
                0x00000000080224f8                HAL_SD_RxCpltCallback
 .text.HAL_SD_ErrorCallback
                0x0000000008022518       0x28 build/Bsp_SDMMC.o
                0x0000000008022518                HAL_SD_ErrorCallback
 .text.Dev_MPU6000_Regs_Read
                0x0000000008022540       0x5a build/Dev_MPU6000.o
 .text.DevMPU6000_Reg_Read
                0x000000000802259a       0x54 build/Dev_MPU6000.o
 .text.DevMPU6000_Reg_Write
                0x00000000080225ee       0x4c build/Dev_MPU6000.o
 *fill*         0x000000000802263a        0x2 
 .text.DevMPU6000_Config
                0x000000000802263c       0xb4 build/Dev_MPU6000.o
 .text.DevMPU6000_PreInit
                0x00000000080226f0        0xc build/Dev_MPU6000.o
 .text.DevMPU6000_Init
                0x00000000080226fc      0x17e build/Dev_MPU6000.o
 .text.DevMPU6000_Get_InitError
                0x000000000802287a        0x6 build/Dev_MPU6000.o
 .text.DevMPU6000_SetDRDY
                0x0000000008022880        0x6 build/Dev_MPU6000.o
 .text.DevMPU6000_GetReady
                0x0000000008022886        0x4 build/Dev_MPU6000.o
 .text.DevMPU6000_SwReset
                0x000000000802288a        0x4 build/Dev_MPU6000.o
 .text.DevMPU6000_Sample
                0x000000000802288e       0xee build/Dev_MPU6000.o
 .text.DevMPU6000_Get_Data
                0x000000000802297c       0x36 build/Dev_MPU6000.o
                0x000000000802297c                DevMPU6000_Get_Data
 .text.DevICM20602_Reg_Read
                0x00000000080229b2       0x54 build/Dev_ICM20602.o
 .text.DevICM20602_Reg_Write
                0x0000000008022a06       0x4c build/Dev_ICM20602.o
 *fill*         0x0000000008022a52        0x2 
 .text.DevICM20602_Config
                0x0000000008022a54       0x84 build/Dev_ICM20602.o
 .text.DevICM20602_PreInit
                0x0000000008022ad8        0xc build/Dev_ICM20602.o
 .text.DevICM20602_SetDRDY
                0x0000000008022ae4        0x6 build/Dev_ICM20602.o
 .text.DevICM20602_SwReset
                0x0000000008022aea       0x1a build/Dev_ICM20602.o
 .text.DevICM20602_Init
                0x0000000008022b04      0x184 build/Dev_ICM20602.o
 .text.DevICM20602_GetReady
                0x0000000008022c88        0x4 build/Dev_ICM20602.o
 .text.DevICM20602_Sample
                0x0000000008022c8c        0xa build/Dev_ICM20602.o
 .text.DevICM20602_Get_InitError
                0x0000000008022c96        0x4 build/Dev_ICM20602.o
 .text.DevICM20602_Get_Data
                0x0000000008022c9a       0x3a build/Dev_ICM20602.o
 .text.DevLed_Init
                0x0000000008022cd4       0x28 build/Dev_Led.o
 .text.DevLed_Ctl
                0x0000000008022cfc       0x28 build/Dev_Led.o
 .text.DevCard_Init
                0x0000000008022d24       0xa0 build/Dev_Card.o
 .text.DevCard_GetError
                0x0000000008022dc4        0xc build/Dev_Card.o
 .text.DevCard_GetInfo
                0x0000000008022dd0       0x52 build/Dev_Card.o
 *fill*         0x0000000008022e22        0x2 
 .text.DevCard_Write
                0x0000000008022e24       0x4c build/Dev_Card.o
 .text.DevCard_Read
                0x0000000008022e70       0x48 build/Dev_Card.o
 .text.SrvIMU_PriIMU_Init
                0x0000000008022eb8       0xe8 build/SrvMPU_Sample.o
 .text.SrvIMU_SecIMU_Init
                0x0000000008022fa0       0xe8 build/SrvMPU_Sample.o
 .text.SrvIMU_PriIMU_CS_Ctl
                0x0000000008023088       0x1c build/SrvMPU_Sample.o
 .text.SrvIMU_SecIMU_CS_Ctl
                0x00000000080230a4       0x1c build/SrvMPU_Sample.o
 .text.SrvIMU_PriIMU_BusTrans_Rec
                0x00000000080230c0       0x24 build/SrvMPU_Sample.o
 .text.SrvIMU_SecIMU_BusTrans_Rec
                0x00000000080230e4       0x24 build/SrvMPU_Sample.o
 .text.SrvIMU_DataCheck
                0x0000000008023108      0x120 build/SrvMPU_Sample.o
 .text.SrvIMU_Sample
                0x0000000008023228      0x290 build/SrvMPU_Sample.o
 .text.SrvIMU_ErrorProc
                0x00000000080234b8       0x18 build/SrvMPU_Sample.o
 .text.SrvIMU_PriIMU_ExtiCallback
                0x00000000080234d0       0x24 build/SrvMPU_Sample.o
 .text.SrvIMU_SecIMU_ExtiCallback
                0x00000000080234f4       0x24 build/SrvMPU_Sample.o
 .text.SrvIMU_PriDev_InitError
                0x0000000008023518        0x8 build/SrvMPU_Sample.o
 .text.SrvIMU_SecDev_InitError
                0x0000000008023520        0x8 build/SrvMPU_Sample.o
 .text.SrvIMU_AllModule_InitError
                0x0000000008023528        0x8 build/SrvMPU_Sample.o
 .text.SrvIMU_Get_Data
                0x0000000008023530       0xf8 build/SrvMPU_Sample.o
 .text.SrvIMU_Init
                0x0000000008023628      0x114 build/SrvMPU_Sample.o
 .text.LEndian2Word
                0x000000000802373c       0x16 build/Data_Convert_Util.o
                0x000000000802373c                LEndian2Word
 .text.LEndian2HalfWord
                0x0000000008023752        0xa build/Data_Convert_Util.o
                0x0000000008023752                LEndian2HalfWord
 .text.LEndianWord2BytesArray
                0x000000000802375c       0x1e build/Data_Convert_Util.o
                0x000000000802375c                LEndianWord2BytesArray
 .text.Queue_UpdateState
                0x000000000802377a       0x40 build/queue.o
 .text.Queue_Push
                0x00000000080237ba       0x6e build/queue.o
 .text.Queue_Pop
                0x0000000008023828       0x78 build/queue.o
 .text.Queue_GetRemain
                0x00000000080238a0       0x16 build/queue.o
 .text.Queue_Check
                0x00000000080238b6       0x48 build/queue.o
 .text.Queue_GetState
                0x00000000080238fe        0xe build/queue.o
 .text.Queue_GetSize
                0x000000000802390c        0xe build/queue.o
 .text.Queue_PopTo
                0x000000000802391a       0xd6 build/queue.o
 .text.Queue_Reset
                0x00000000080239f0       0x3a build/queue.o
 .text.Queue_Create_WithCertainBuff
                0x0000000008023a2a       0x48 build/queue.o
 .text.Queue_Create_Auto
                0x0000000008023a72       0x4c build/queue.o
 .text.Item_SwapLRData
                0x0000000008023abe        0xa build/linked_list.o
 .text.List_Init
                0x0000000008023ac8       0x1c build/linked_list.o
                0x0000000008023ac8                List_Init
 .text.List_ItemClear
                0x0000000008023ae4       0x14 build/linked_list.o
                0x0000000008023ae4                List_ItemClear
 .text.List_ItemInit
                0x0000000008023af8       0x10 build/linked_list.o
                0x0000000008023af8                List_ItemInit
 .text.List_InsertToPrv
                0x0000000008023b08       0x14 build/linked_list.o
                0x0000000008023b08                List_InsertToPrv
 .text.List_InsertByOrder
                0x0000000008023b1c       0x14 build/linked_list.o
                0x0000000008023b1c                List_InsertByOrder
 .text.List_InsertByCondition
                0x0000000008023b30       0x3c build/linked_list.o
                0x0000000008023b30                List_InsertByCondition
 .text.List_Insert_Item
                0x0000000008023b6c       0x32 build/linked_list.o
                0x0000000008023b6c                List_Insert_Item
 .text.List_traverse
                0x0000000008023b9e       0x5a build/linked_list.o
                0x0000000008023b9e                List_traverse
 .text.Tree_Get_Depth
                0x0000000008023bf8       0x2e build/binary_tree.o
 .text.Tree_Get_BalanceFactory
                0x0000000008023c26       0x24 build/binary_tree.o
 .text.Tree_Search_RootNode
                0x0000000008023c4a       0x16 build/binary_tree.o
 .text.TreeNode_RightRotate
                0x0000000008023c60       0x60 build/binary_tree.o
 .text.TreeNode_LeftRotate
                0x0000000008023cc0       0x60 build/binary_tree.o
 .text.TreeNoe_Dynamic_Trim
                0x0000000008023d20       0x5e build/binary_tree.o
 .text.TreeNode_Insert
                0x0000000008023d7e       0x68 build/binary_tree.o
 .text.TreeNode_Update_BalanceFactory
                0x0000000008023de6       0x36 build/binary_tree.o
 .text.Tree_RootUpdate
                0x0000000008023e1c       0x1a build/binary_tree.o
 .text.TreeNode_Init
                0x0000000008023e36       0x4a build/binary_tree.o
 .text.TreeNode_Pre_Traverse
                0x0000000008023e80       0x26 build/binary_tree.o
 .text.TreeNode_Mid_Traverse
                0x0000000008023ea6       0x24 build/binary_tree.o
 .text.TreeNode_Bck_Traverse
                0x0000000008023eca       0x24 build/binary_tree.o
 .text.Tree_Traverse
                0x0000000008023eee       0x32 build/binary_tree.o
 .text.TreeNode_Search
                0x0000000008023f20       0x66 build/binary_tree.o
 .text.Tree_Search
                0x0000000008023f86       0x40 build/binary_tree.o
 .text.Tree_Insert
                0x0000000008023fc6       0x50 build/binary_tree.o
 .text.BinaryTree_Create
                0x0000000008024016       0x38 build/binary_tree.o
 *fill*         0x000000000802404e        0x2 
 .text.ReBoot   0x0000000008024050       0x28 build/reboot.o
                0x0000000008024050                ReBoot
 .text.Error_InsertPriority_Compare
                0x0000000008024078       0x40 build/error_log.o
 .text.Error_Search
                0x00000000080240b8       0x52 build/error_log.o
 *fill*         0x000000000802410a        0x2 
 .text.Error_Register
                0x000000000802410c       0x38 build/error_log.o
 .text.Error_Set_Callback
                0x0000000008024144       0x20 build/error_log.o
 .text.Error_DescToQueue
                0x0000000008024164       0x6c build/error_log.o
 .text.ErrorTree_Create
                0x00000000080241d0       0x80 build/error_log.o
 .text.Error_Proc
                0x0000000008024250       0xe4 build/error_log.o
 .text.Error_Trigger
                0x0000000008024334      0x130 build/error_log.o
 .text.DataPipe_TransFinish_Callback
                0x0000000008024464       0x54 build/DataPipe.o
 .text.DataPipe_TransError_Callback
                0x00000000080244b8       0x6c build/DataPipe.o
 .text.DataPipe_Init
                0x0000000008024524       0x9c build/DataPipe.o
                0x0000000008024524                DataPipe_Init
 .text.DataPipe_SendTo
                0x00000000080245c0       0xa0 build/DataPipe.o
                0x00000000080245c0                DataPipe_SendTo
 .text.MMU_InsertFreeBlock
                0x0000000008024660       0x70 build/mmu.o
 .text.MMU_Init
                0x00000000080246d0       0x58 build/mmu.o
 .text.MMU_Malloc
                0x0000000008024728       0xc0 build/mmu.o
                0x0000000008024728                MMU_Malloc
 .text.MMU_Free
                0x00000000080247e8       0x3c build/mmu.o
                0x00000000080247e8                MMU_Free
 .text.Os_Idle_List_TraverseCallback
                0x0000000008024824       0x26 build/scheduler.o
 *fill*         0x000000000802484a        0x2 
 .text.Os_Set_TaskReady
                0x000000000802484c       0x38 build/scheduler.o
 .text.Os_Clr_TaskReady
                0x0000000008024884       0x40 build/scheduler.o
 .text.Os_Clr_TaskPending
                0x00000000080248c4       0x40 build/scheduler.o
 .text.Os_TaskExit
                0x0000000008024904        0x2 build/scheduler.o
 *fill*         0x0000000008024906        0x2 
 .text.Os_Get_HighestRank_RdyTask
                0x0000000008024908       0x60 build/scheduler.o
 .text.Os_Get_HighestRank_PndTask
                0x0000000008024968       0x60 build/scheduler.o
 .text.Os_TaskPri_Compare
                0x00000000080249c8      0x168 build/scheduler.o
 .text.Os_ResetTask_Data
                0x0000000008024b30       0x26 build/scheduler.o
 *fill*         0x0000000008024b56        0x2 
 .text.Os_TaskCrtList_TraverseCallback
                0x0000000008024b58       0x40 build/scheduler.o
 .text.Os_Idle  0x0000000008024b98       0x68 build/scheduler.o
 .text.Os_Set_TaskStk
                0x0000000008024c00       0x58 build/scheduler.o
 .text.Os_CreateIdle
                0x0000000008024c58       0x5c build/scheduler.o
 .text.Os_TaskExec
                0x0000000008024cb4      0x14c build/scheduler.o
 .text.Os_LoadFirstTask
                0x0000000008024e00       0x24 build/scheduler.o
                0x0000000008024e00                Os_LoadFirstTask
 *fill*         0x0000000008024e24        0xc 
 .text.Os_SwitchContext
                0x0000000008024e30       0x60 build/scheduler.o
                0x0000000008024e30                Os_SwitchContext
 .text.Os_SwitchTaskStack
                0x0000000008024e90       0x28 build/scheduler.o
                0x0000000008024e90                Os_SwitchTaskStack
 .text.Os_Init  0x0000000008024eb8       0x8c build/scheduler.o
                0x0000000008024eb8                Os_Init
 .text.Os_Start
                0x0000000008024f44       0x54 build/scheduler.o
                0x0000000008024f44                Os_Start
 .text.Os_Regist_IdleObj
                0x0000000008024f98       0x50 build/scheduler.o
                0x0000000008024f98                Os_Regist_IdleObj
 .text.Os_CreateTask
                0x0000000008024fe8      0x180 build/scheduler.o
                0x0000000008024fe8                Os_CreateTask
 .text.Os_Set_TaskPending
                0x0000000008025168       0x3c build/scheduler.o
                0x0000000008025168                Os_Set_TaskPending
 .text.Os_SchedulerRun
                0x00000000080251a4       0xe0 build/scheduler.o
 .text.Os_TaskCaller
                0x0000000008025284       0x38 build/scheduler.o
 .text.Kernel_SetBASEPRI
                0x00000000080252bc        0xe build/kernel.o
 *fill*         0x00000000080252ca        0x2 
 .text.KernelClock_Init
                0x00000000080252cc      0x16c build/kernel.o
 .text.Kernel_Init
                0x0000000008025438        0xe build/kernel.o
                0x0000000008025438                Kernel_Init
 *fill*         0x0000000008025446        0x2 
 .text.Kernel_LoadProcess
                0x0000000008025448       0x20 build/kernel.o
                0x0000000008025448                Kernel_LoadProcess
 .text.Kernel_EnablePendSV
                0x0000000008025468       0x10 build/kernel.o
                0x0000000008025468                Kernel_EnablePendSV
 .text.Kernel_TriggerPendSV
                0x0000000008025478       0x10 build/kernel.o
                0x0000000008025478                Kernel_TriggerPendSV
 .text.Kernel_EnterCritical
                0x0000000008025488       0x18 build/kernel.o
                0x0000000008025488                Kernel_EnterCritical
 .text.Kernel_ExitCritical
                0x00000000080254a0       0x28 build/kernel.o
                0x00000000080254a0                Kernel_ExitCritical
 .text.Runtime_SetCallback
                0x00000000080254c8       0x2c build/runtime.o
                0x00000000080254c8                Runtime_SetCallback
 .text.Runtime_GetTickBase
                0x00000000080254f4        0xc build/runtime.o
                0x00000000080254f4                Runtime_GetTickBase
 .text.Runtime_Config
                0x0000000008025500       0xb0 build/runtime.o
                0x0000000008025500                Runtime_Config
 .text.Runtime_Start
                0x00000000080255b0       0x24 build/runtime.o
                0x00000000080255b0                Runtime_Start
 .text.RuntimeObj_Reset
                0x00000000080255d4        0xa build/runtime.o
                0x00000000080255d4                RuntimeObj_Reset
 .text.Get_TimeDifference_Between
                0x00000000080255de       0x18 build/runtime.o
                0x00000000080255de                Get_TimeDifference_Between
 *fill*         0x00000000080255f6        0x2 
 .text.Runtime_Tick
                0x00000000080255f8       0x78 build/runtime.o
                0x00000000080255f8                Runtime_Tick
 .text.Get_CurrentRunningUs
                0x0000000008025670        0xc build/runtime.o
                0x0000000008025670                Get_CurrentRunningUs
 .text.Get_CurrentRunningMs
                0x000000000802567c       0x18 build/runtime.o
                0x000000000802567c                Get_CurrentRunningMs
 .text.Get_CurrentRunningS
                0x0000000008025694       0x12 build/runtime.o
                0x0000000008025694                Get_CurrentRunningS
 *fill*         0x00000000080256a6        0x2 
 .text.Get_TargetRunTime
                0x00000000080256a8       0x14 build/runtime.o
                0x00000000080256a8                Get_TargetRunTime
 .text.RuntimeObj_CompareWithCurrent
                0x00000000080256bc       0x18 build/runtime.o
                0x00000000080256bc                RuntimeObj_CompareWithCurrent
 .text.Runtime_DelayMs
                0x00000000080256d4       0x2c build/runtime.o
                0x00000000080256d4                Runtime_DelayMs
 .text.Disk_Get_MinWriteByte
                0x0000000008025700        0xc build/DiskIO.o
 .text.Disk_GetCard_Info
                0x000000000802570c       0x18 build/DiskIO.o
 .text.Disk_Get_StartSectionOfCluster
                0x0000000008025724       0x18 build/DiskIO.o
 .text.Disk_Search_FreeCluster
                0x000000000802573c       0x80 build/DiskIO.o
 .text.Disk_GetClusterState
                0x00000000080257bc       0x44 build/DiskIO.o
 .text.Disk_isFolder
                0x0000000008025800        0xe build/DiskIO.o
 *fill*         0x000000000802580e        0x2 
 .text.Disk_Update_File_Cluster
                0x0000000008025810       0x80 build/DiskIO.o
 .text.Disk_ExtModule_InitError
                0x0000000008025890       0x18 build/DiskIO.o
 .text.Disk_FreeCluster_SearchError
                0x00000000080258a8       0x14 build/DiskIO.o
 .text.Disk_FSINFO_ReadError
                0x00000000080258bc       0x14 build/DiskIO.o
 .text.Disk_SFN_Match
                0x00000000080258d0       0x58 build/DiskIO.o
 .text.Disk_ClearCluster
                0x0000000008025928       0x58 build/DiskIO.o
 .text.ExtDisk_Init
                0x0000000008025980       0x6c build/DiskIO.o
 .text.Disk_Get_NextCluster
                0x00000000080259ec       0x48 build/DiskIO.o
 .text.Disk_ParseFSINFO
                0x0000000008025a34       0xd8 build/DiskIO.o
 .text.Disk_UpdateFSINFO
                0x0000000008025b0c       0x84 build/DiskIO.o
 .text.Disk_Update_FreeCluster
                0x0000000008025b90       0xf4 build/DiskIO.o
 .text.Disk_Establish_ClusterLink
                0x0000000008025c84       0xd8 build/DiskIO.o
 .text.Disk_FileSize_Update
                0x0000000008025d5c       0x60 build/DiskIO.o
 .text.Disk_WriteFile_From_Head
                0x0000000008025dbc      0x100 build/DiskIO.o
 .text.Disk_WriteData_ToFile
                0x0000000008025ebc      0x25c build/DiskIO.o
 .text.Disk_GetPath_Layer
                0x0000000008026118       0x1a build/DiskIO.o
 *fill*         0x0000000008026132        0x2 
 .text.Disk_GetFolderName_ByIndex
                0x0000000008026134       0xd0 build/DiskIO.o
 .text.Disk_SFN_LegallyCheck
                0x0000000008026204      0x158 build/DiskIO.o
 .text.Disk_Name_ConvertTo83Frame
                0x000000000802635c      0x104 build/DiskIO.o
 .text.Disk_Fill_Attr
                0x0000000008026460       0x90 build/DiskIO.o
 .text.Disk_Parse_Attribute
                0x00000000080264f0      0x198 build/DiskIO.o
 .text.Disk_MatchTaget
                0x0000000008026688      0x13e build/DiskIO.o
 .text.Disk_Get_DirStartCluster
                0x00000000080267c6       0xd2 build/DiskIO.o
 .text.Disk_Open
                0x0000000008026898       0xc8 build/DiskIO.o
 .text.Disk_WriteTo_TargetFFTable
                0x0000000008026960      0x3d8 build/DiskIO.o
 .text.Disk_Create_File
                0x0000000008026d38      0x14c build/DiskIO.o
 .text.Disk_Create_Folder
                0x0000000008026e84       0xd2 build/DiskIO.o
 *fill*         0x0000000008026f56        0x2 
 .text.Disk_ParseMBR
                0x0000000008026f58       0xe8 build/DiskIO.o
 .text.Disk_ParseDBR
                0x0000000008027040      0x1f8 build/DiskIO.o
 .text.Disk_Printf
                0x0000000008027238       0x48 build/DiskIO.o
 .text.Disk_Init
                0x0000000008027280      0x144 build/DiskIO.o
 .text.shellExtNumType
                0x00000000080273c4       0x50 build/shell_ext.o
 .text.shellExtToNum
                0x0000000008027414       0x2e build/shell_ext.o
 *fill*         0x0000000008027442        0x2 
 .text.shellExtParseChar
                0x0000000008027444       0x88 build/shell_ext.o
 .text.shellExtParseString
                0x00000000080274cc       0x40 build/shell_ext.o
 .text.shellExtParseNumber
                0x000000000802750c       0xbe build/shell_ext.o
 .text.shellExtParseVar
                0x00000000080275ca       0x1e build/shell_ext.o
 .text.shellExtParsePara
                0x00000000080275e8       0x4a build/shell_ext.o
                0x00000000080275e8                shellExtParsePara
 .text.shellExtRun
                0x0000000008027632       0xee build/shell_ext.o
                0x0000000008027632                shellExtRun
 .text.Shell_Init
                0x0000000008027720       0x1c build/shell_port.o
                0x0000000008027720                Shell_Init
 .text.shellAdd
                0x000000000802773c       0x24 build/shell.o
 .text.shellStringCopy
                0x0000000008027760       0x16 build/shell.o
 .text.shellStringCompare
                0x0000000008027776       0x2e build/shell.o
 .text.shellGetCommandDesc
                0x00000000080277a4       0x22 build/shell.o
 .text.shellParserParam
                0x00000000080277c6       0x90 build/shell.o
 .text.shellHistoryAdd
                0x0000000008027856       0x70 build/shell.o
 .text.shellRemoveParamQuotes
                0x00000000080278c6       0x54 build/shell.o
 *fill*         0x000000000802791a        0x2 
 .text.shellGetCurrent
                0x000000000802791c       0x2c build/shell.o
                0x000000000802791c                shellGetCurrent
 .text.shellWriteByte
                0x0000000008027948       0x18 build/shell.o
                0x0000000008027948                shellWriteByte
 .text.shellRight
                0x0000000008027960       0x1a build/shell.o
                0x0000000008027960                shellRight
 .text.shellLeft
                0x000000000802797a       0x18 build/shell.o
                0x000000000802797a                shellLeft
 .text.shellWriteString
                0x0000000008027992       0x18 build/shell.o
                0x0000000008027992                shellWriteString
 *fill*         0x00000000080279aa        0x2 
 .text.shellSetUser
                0x00000000080279ac       0x60 build/shell.o
 .text.shellWriteCommandLine
                0x0000000008027a0c       0x60 build/shell.o
 .text.shellCheckPassword
                0x0000000008027a6c       0x40 build/shell.o
 .text.shellClear
                0x0000000008027aac       0x14 build/shell.o
                0x0000000008027aac                shellClear
 .text.shellCheckPermission
                0x0000000008027ac0       0x3c build/shell.o
                0x0000000008027ac0                shellCheckPermission
 .text.shellToHex
                0x0000000008027afc       0x28 build/shell.o
                0x0000000008027afc                shellToHex
 .text.shellGetCommandName
                0x0000000008027b24       0x44 build/shell.o
 .text.shellToDec
                0x0000000008027b68       0x60 build/shell.o
                0x0000000008027b68                shellToDec
 .text.shellWriteReturnValue
                0x0000000008027bc8       0x7c build/shell.o
 .text.shellListItem
                0x0000000008027c44       0x90 build/shell.o
                0x0000000008027c44                shellListItem
 .text.shellListCommand
                0x0000000008027cd4       0x48 build/shell.o
                0x0000000008027cd4                shellListCommand
 .text.shellCmds
                0x0000000008027d1c        0xe build/shell.o
                0x0000000008027d1c                shellCmds
 *fill*         0x0000000008027d2a        0x2 
 .text.shellListVar
                0x0000000008027d2c       0x4c build/shell.o
                0x0000000008027d2c                shellListVar
 .text.shellVars
                0x0000000008027d78        0xe build/shell.o
                0x0000000008027d78                shellVars
 *fill*         0x0000000008027d86        0x2 
 .text.shellListUser
                0x0000000008027d88       0x48 build/shell.o
                0x0000000008027d88                shellListUser
 .text.shellUsers
                0x0000000008027dd0        0xe build/shell.o
                0x0000000008027dd0                shellUsers
 *fill*         0x0000000008027dde        0x2 
 .text.shellListKey
                0x0000000008027de0       0x48 build/shell.o
                0x0000000008027de0                shellListKey
 .text.shellKeys
                0x0000000008027e28        0xe build/shell.o
                0x0000000008027e28                shellKeys
 .text.shellListAll
                0x0000000008027e36        0x8 build/shell.o
                0x0000000008027e36                shellListAll
 *fill*         0x0000000008027e3e        0x2 
 .text.shellDeleteCommandLine
                0x0000000008027e40       0x20 build/shell.o
                0x0000000008027e40                shellDeleteCommandLine
 .text.shellClearCommandLine
                0x0000000008027e60       0x28 build/shell.o
                0x0000000008027e60                shellClearCommandLine
 .text.shellHistory
                0x0000000008027e88       0x98 build/shell.o
 .text.shellUp  0x0000000008027f20        0xa build/shell.o
                0x0000000008027f20                shellUp
 .text.shellDown
                0x0000000008027f2a        0xc build/shell.o
                0x0000000008027f2a                shellDown
 *fill*         0x0000000008027f36        0x2 
 .text.shellTab
                0x0000000008027f38      0x114 build/shell.o
                0x0000000008027f38                shellTab
 .text.shellDeleteByte
                0x000000000802804c       0xc4 build/shell.o
                0x000000000802804c                shellDeleteByte
 .text.shellBackspace
                0x0000000008028110        0xa build/shell.o
                0x0000000008028110                shellBackspace
 .text.shellDelete
                0x000000000802811a        0xc build/shell.o
                0x000000000802811a                shellDelete
 .text.shellSeekCommand
                0x0000000008028126       0x72 build/shell.o
                0x0000000008028126                shellSeekCommand
 .text.shellInit
                0x0000000008028198       0x90 build/shell.o
                0x0000000008028198                shellInit
 .text.shellHelp
                0x0000000008028228       0x7c build/shell.o
                0x0000000008028228                shellHelp
 .text.shellGetVarValue
                0x00000000080282a4       0x44 build/shell.o
                0x00000000080282a4                shellGetVarValue
 .text.shellShowVar
                0x00000000080282e8       0xbc build/shell.o
 .text.shellSetVarValue
                0x00000000080283a4       0x78 build/shell.o
                0x00000000080283a4                shellSetVarValue
 .text.shellSetVar
                0x000000000802841c       0x64 build/shell.o
                0x000000000802841c                shellSetVar
 .text.shellRunCommand
                0x0000000008028480       0x94 build/shell.o
                0x0000000008028480                shellRunCommand
 .text.shellExec
                0x0000000008028514       0x68 build/shell.o
                0x0000000008028514                shellExec
 .text.shellEnter
                0x000000000802857c       0x12 build/shell.o
                0x000000000802857c                shellEnter
 *fill*         0x000000000802858e        0x2 
 .text.USB_DEVICE_Init
                0x0000000008028590       0x54 build/usb_device.o
                0x0000000008028590                USB_DEVICE_Init
 .text.USBD_FS_DeviceDescriptor
                0x00000000080285e4        0xc build/usbd_desc.o
                0x00000000080285e4                USBD_FS_DeviceDescriptor
 .text.USBD_FS_LangIDStrDescriptor
                0x00000000080285f0        0xc build/usbd_desc.o
                0x00000000080285f0                USBD_FS_LangIDStrDescriptor
 .text.IntToUnicode
                0x00000000080285fc       0x46 build/usbd_desc.o
 *fill*         0x0000000008028642        0x2 
 .text.Get_SerialNum
                0x0000000008028644       0x38 build/usbd_desc.o
 .text.USBD_FS_SerialStrDescriptor
                0x000000000802867c       0x14 build/usbd_desc.o
                0x000000000802867c                USBD_FS_SerialStrDescriptor
 .text.USBD_FS_ProductStrDescriptor
                0x0000000008028690       0x24 build/usbd_desc.o
                0x0000000008028690                USBD_FS_ProductStrDescriptor
 .text.USBD_FS_ManufacturerStrDescriptor
                0x00000000080286b4       0x1c build/usbd_desc.o
                0x00000000080286b4                USBD_FS_ManufacturerStrDescriptor
 .text.USBD_FS_ConfigStrDescriptor
                0x00000000080286d0       0x24 build/usbd_desc.o
                0x00000000080286d0                USBD_FS_ConfigStrDescriptor
 .text.USBD_FS_InterfaceStrDescriptor
                0x00000000080286f4       0x24 build/usbd_desc.o
                0x00000000080286f4                USBD_FS_InterfaceStrDescriptor
 .text.CDC_DeInit_FS
                0x0000000008028718        0x4 build/usbd_cdc_if.o
 .text.CDC_Control_FS
                0x000000000802871c        0x4 build/usbd_cdc_if.o
 .text.CDC_TransmitCplt_FS
                0x0000000008028720        0x4 build/usbd_cdc_if.o
 .text.CDC_Receive_FS
                0x0000000008028724       0x2c build/usbd_cdc_if.o
 .text.CDC_Init_FS
                0x0000000008028750       0x28 build/usbd_cdc_if.o
 .text.CDC_Transmit_FS
                0x0000000008028778       0x2c build/usbd_cdc_if.o
                0x0000000008028778                CDC_Transmit_FS
 .text.usb_printf
                0x00000000080287a4       0x30 build/usbd_cdc_if.o
                0x00000000080287a4                usb_printf
 .text.usb_setrec_callback
                0x00000000080287d4        0xc build/usbd_cdc_if.o
                0x00000000080287d4                usb_setrec_callback
 .text.HAL_PCD_MspInit
                0x00000000080287e0       0xac build/usbd_conf.o
                0x00000000080287e0                HAL_PCD_MspInit
 .text.HAL_PCD_SetupStageCallback
                0x000000000802888c       0x10 build/usbd_conf.o
                0x000000000802888c                HAL_PCD_SetupStageCallback
 .text.HAL_PCD_DataOutStageCallback
                0x000000000802889c       0x18 build/usbd_conf.o
                0x000000000802889c                HAL_PCD_DataOutStageCallback
 .text.HAL_PCD_DataInStageCallback
                0x00000000080288b4       0x16 build/usbd_conf.o
                0x00000000080288b4                HAL_PCD_DataInStageCallback
 .text.HAL_PCD_SOFCallback
                0x00000000080288ca        0xc build/usbd_conf.o
                0x00000000080288ca                HAL_PCD_SOFCallback
 .text.HAL_PCD_ResetCallback
                0x00000000080288d6       0x24 build/usbd_conf.o
                0x00000000080288d6                HAL_PCD_ResetCallback
 *fill*         0x00000000080288fa        0x2 
 .text.HAL_PCD_SuspendCallback
                0x00000000080288fc       0x30 build/usbd_conf.o
                0x00000000080288fc                HAL_PCD_SuspendCallback
 .text.HAL_PCD_ResumeCallback
                0x000000000802892c        0xc build/usbd_conf.o
                0x000000000802892c                HAL_PCD_ResumeCallback
 .text.HAL_PCD_ISOOUTIncompleteCallback
                0x0000000008028938        0xc build/usbd_conf.o
                0x0000000008028938                HAL_PCD_ISOOUTIncompleteCallback
 .text.HAL_PCD_ISOINIncompleteCallback
                0x0000000008028944        0xc build/usbd_conf.o
                0x0000000008028944                HAL_PCD_ISOINIncompleteCallback
 .text.HAL_PCD_ConnectCallback
                0x0000000008028950        0xc build/usbd_conf.o
                0x0000000008028950                HAL_PCD_ConnectCallback
 .text.HAL_PCD_DisconnectCallback
                0x000000000802895c        0xc build/usbd_conf.o
                0x000000000802895c                HAL_PCD_DisconnectCallback
 .text.USBD_LL_Init
                0x0000000008028968       0x68 build/usbd_conf.o
                0x0000000008028968                USBD_LL_Init
 .text.USBD_LL_IsStallEP
                0x00000000080289d0       0x2e build/usbd_conf.o
                0x00000000080289d0                USBD_LL_IsStallEP
 .text.USBD_LL_GetRxDataSize
                0x00000000080289fe        0xc build/usbd_conf.o
                0x00000000080289fe                USBD_LL_GetRxDataSize
 *fill*         0x0000000008028a0a        0x2 
 .text.USBD_static_malloc
                0x0000000008028a0c        0x8 build/usbd_conf.o
                0x0000000008028a0c                USBD_static_malloc
 .text.USBD_static_free
                0x0000000008028a14        0x2 build/usbd_conf.o
                0x0000000008028a14                USBD_static_free
 .text.USBD_Get_USB_Status
                0x0000000008028a16       0x14 build/usbd_conf.o
                0x0000000008028a16                USBD_Get_USB_Status
 .text.USBD_LL_Start
                0x0000000008028a2a       0x10 build/usbd_conf.o
                0x0000000008028a2a                USBD_LL_Start
 .text.USBD_LL_OpenEP
                0x0000000008028a3a       0x16 build/usbd_conf.o
                0x0000000008028a3a                USBD_LL_OpenEP
 .text.USBD_LL_CloseEP
                0x0000000008028a50       0x10 build/usbd_conf.o
                0x0000000008028a50                USBD_LL_CloseEP
 .text.USBD_LL_StallEP
                0x0000000008028a60       0x10 build/usbd_conf.o
                0x0000000008028a60                USBD_LL_StallEP
 .text.USBD_LL_ClearStallEP
                0x0000000008028a70       0x10 build/usbd_conf.o
                0x0000000008028a70                USBD_LL_ClearStallEP
 .text.USBD_LL_SetUSBAddress
                0x0000000008028a80       0x10 build/usbd_conf.o
                0x0000000008028a80                USBD_LL_SetUSBAddress
 .text.USBD_LL_Transmit
                0x0000000008028a90       0x10 build/usbd_conf.o
                0x0000000008028a90                USBD_LL_Transmit
 .text.USBD_LL_PrepareReceive
                0x0000000008028aa0       0x10 build/usbd_conf.o
                0x0000000008028aa0                USBD_LL_PrepareReceive
 .text.USBD_Init
                0x0000000008028ab0       0x38 build/usbd_core.o
                0x0000000008028ab0                USBD_Init
 .text.USBD_RegisterClass
                0x0000000008028ae8       0x28 build/usbd_core.o
                0x0000000008028ae8                USBD_RegisterClass
 .text.USBD_Start
                0x0000000008028b10        0x8 build/usbd_core.o
                0x0000000008028b10                USBD_Start
 .text.USBD_SetClassConfig
                0x0000000008028b18       0x12 build/usbd_core.o
                0x0000000008028b18                USBD_SetClassConfig
 .text.USBD_ClrClassConfig
                0x0000000008028b2a       0x10 build/usbd_core.o
                0x0000000008028b2a                USBD_ClrClassConfig
 .text.USBD_LL_SetupStage
                0x0000000008028b3a       0x58 build/usbd_core.o
                0x0000000008028b3a                USBD_LL_SetupStage
 .text.USBD_LL_DataOutStage
                0x0000000008028b92       0x72 build/usbd_core.o
                0x0000000008028b92                USBD_LL_DataOutStage
 .text.USBD_LL_DataInStage
                0x0000000008028c04       0xb8 build/usbd_core.o
                0x0000000008028c04                USBD_LL_DataInStage
 .text.USBD_LL_Reset
                0x0000000008028cbc       0x52 build/usbd_core.o
                0x0000000008028cbc                USBD_LL_Reset
 .text.USBD_LL_SetSpeed
                0x0000000008028d0e        0x6 build/usbd_core.o
                0x0000000008028d0e                USBD_LL_SetSpeed
 .text.USBD_LL_Suspend
                0x0000000008028d14       0x12 build/usbd_core.o
                0x0000000008028d14                USBD_LL_Suspend
 .text.USBD_LL_Resume
                0x0000000008028d26       0x16 build/usbd_core.o
                0x0000000008028d26                USBD_LL_Resume
 .text.USBD_LL_SOF
                0x0000000008028d3c       0x1c build/usbd_core.o
                0x0000000008028d3c                USBD_LL_SOF
 .text.USBD_LL_IsoINIncomplete
                0x0000000008028d58        0x4 build/usbd_core.o
                0x0000000008028d58                USBD_LL_IsoINIncomplete
 .text.USBD_LL_IsoOUTIncomplete
                0x0000000008028d5c        0x4 build/usbd_core.o
                0x0000000008028d5c                USBD_LL_IsoOUTIncomplete
 .text.USBD_LL_DevConnected
                0x0000000008028d60        0x4 build/usbd_core.o
                0x0000000008028d60                USBD_LL_DevConnected
 .text.USBD_LL_DevDisconnected
                0x0000000008028d64       0x18 build/usbd_core.o
                0x0000000008028d64                USBD_LL_DevDisconnected
 .text.USBD_GetLen
                0x0000000008028d7c       0x14 build/usbd_ctlreq.o
 .text.USBD_SetFeature
                0x0000000008028d90       0x14 build/usbd_ctlreq.o
 .text.USBD_ParseSetupRequest
                0x0000000008028da4       0x28 build/usbd_ctlreq.o
                0x0000000008028da4                USBD_ParseSetupRequest
 .text.USBD_CtlError
                0x0000000008028dcc       0x14 build/usbd_ctlreq.o
                0x0000000008028dcc                USBD_CtlError
 .text.USBD_GetDescriptor
                0x0000000008028de0      0x18a build/usbd_ctlreq.o
 .text.USBD_SetAddress
                0x0000000008028f6a       0x4e build/usbd_ctlreq.o
 .text.USBD_SetConfig
                0x0000000008028fb8       0xc4 build/usbd_ctlreq.o
 .text.USBD_GetConfig
                0x000000000802907c       0x3e build/usbd_ctlreq.o
 .text.USBD_GetStatus
                0x00000000080290ba       0x38 build/usbd_ctlreq.o
 .text.USBD_ClrFeature
                0x00000000080290f2       0x26 build/usbd_ctlreq.o
 .text.USBD_StdDevReq
                0x0000000008029118       0x70 build/usbd_ctlreq.o
                0x0000000008029118                USBD_StdDevReq
 .text.USBD_StdItfReq
                0x0000000008029188       0x68 build/usbd_ctlreq.o
                0x0000000008029188                USBD_StdItfReq
 .text.USBD_StdEPReq
                0x00000000080291f0      0x1ea build/usbd_ctlreq.o
                0x00000000080291f0                USBD_StdEPReq
 .text.USBD_GetString
                0x00000000080293da       0x3a build/usbd_ctlreq.o
                0x00000000080293da                USBD_GetString
 .text.USBD_CtlSendData
                0x0000000008029414       0x1a build/usbd_ioreq.o
                0x0000000008029414                USBD_CtlSendData
 .text.USBD_CtlContinueSendData
                0x000000000802942e       0x10 build/usbd_ioreq.o
                0x000000000802942e                USBD_CtlContinueSendData
 .text.USBD_CtlPrepareRx
                0x000000000802943e       0x1e build/usbd_ioreq.o
                0x000000000802943e                USBD_CtlPrepareRx
 .text.USBD_CtlContinueRx
                0x000000000802945c       0x10 build/usbd_ioreq.o
                0x000000000802945c                USBD_CtlContinueRx
 .text.USBD_CtlSendStatus
                0x000000000802946c       0x16 build/usbd_ioreq.o
                0x000000000802946c                USBD_CtlSendStatus
 .text.USBD_CtlReceiveStatus
                0x0000000008029482       0x16 build/usbd_ioreq.o
                0x0000000008029482                USBD_CtlReceiveStatus
 .text.USBD_CDC_EP0_RxReady
                0x0000000008029498       0x28 build/usbd_cdc.o
 .text.USBD_CDC_GetFSCfgDesc
                0x00000000080294c0        0xc build/usbd_cdc.o
 .text.USBD_CDC_GetHSCfgDesc
                0x00000000080294cc        0xc build/usbd_cdc.o
 .text.USBD_CDC_GetOtherSpeedCfgDesc
                0x00000000080294d8        0xc build/usbd_cdc.o
 .text.USBD_CDC_GetDeviceQualifierDescriptor
                0x00000000080294e4        0xc build/usbd_cdc.o
                0x00000000080294e4                USBD_CDC_GetDeviceQualifierDescriptor
 .text.USBD_CDC_DataOut
                0x00000000080294f0       0x2a build/usbd_cdc.o
 .text.USBD_CDC_DataIn
                0x000000000802951a       0x64 build/usbd_cdc.o
 .text.USBD_CDC_Setup
                0x000000000802957e       0xe0 build/usbd_cdc.o
 .text.USBD_CDC_DeInit
                0x000000000802965e       0x48 build/usbd_cdc.o
 .text.USBD_CDC_Init
                0x00000000080296a6       0xc2 build/usbd_cdc.o
 .text.USBD_CDC_RegisterInterface
                0x0000000008029768        0xe build/usbd_cdc.o
                0x0000000008029768                USBD_CDC_RegisterInterface
 .text.USBD_CDC_SetTxBuffer
                0x0000000008029776       0x10 build/usbd_cdc.o
                0x0000000008029776                USBD_CDC_SetTxBuffer
 .text.USBD_CDC_SetRxBuffer
                0x0000000008029786        0xc build/usbd_cdc.o
                0x0000000008029786                USBD_CDC_SetRxBuffer
 .text.USBD_CDC_TransmitPacket
                0x0000000008029792       0x34 build/usbd_cdc.o
                0x0000000008029792                USBD_CDC_TransmitPacket
 .text.USBD_CDC_ReceivePacket
                0x00000000080297c6       0x32 build/usbd_cdc.o
                0x00000000080297c6                USBD_CDC_ReceivePacket
 .text.NMI_Handler
                0x00000000080297f8        0x2 build/stm32h7xx_it.o
                0x00000000080297f8                NMI_Handler
 .text.HardFault_Handler
                0x00000000080297fa        0x2 build/stm32h7xx_it.o
                0x00000000080297fa                HardFault_Handler
 .text.MemManage_Handler
                0x00000000080297fc        0x2 build/stm32h7xx_it.o
                0x00000000080297fc                MemManage_Handler
 .text.BusFault_Handler
                0x00000000080297fe        0x2 build/stm32h7xx_it.o
                0x00000000080297fe                BusFault_Handler
 .text.UsageFault_Handler
                0x0000000008029800        0x2 build/stm32h7xx_it.o
                0x0000000008029800                UsageFault_Handler
 .text.SVC_Handler
                0x0000000008029802        0xc build/stm32h7xx_it.o
                0x0000000008029802                SVC_Handler
 .text.DebugMon_Handler
                0x000000000802980e        0x2 build/stm32h7xx_it.o
                0x000000000802980e                DebugMon_Handler
 .text.PendSV_Handler
                0x0000000008029810        0x8 build/stm32h7xx_it.o
                0x0000000008029810                PendSV_Handler
 .text.SysTick_Handler
                0x0000000008029818       0x54 build/stm32h7xx_it.o
                0x0000000008029818                SysTick_Handler
 .text.OTG_FS_IRQHandler
                0x000000000802986c       0x10 build/stm32h7xx_it.o
                0x000000000802986c                OTG_FS_IRQHandler
 .text.EXTI0_IRQHandler
                0x000000000802987c        0xa build/stm32h7xx_it.o
                0x000000000802987c                EXTI0_IRQHandler
 .text.EXTI1_IRQHandler
                0x0000000008029886        0xa build/stm32h7xx_it.o
                0x0000000008029886                EXTI1_IRQHandler
 .text.EXTI2_IRQHandler
                0x0000000008029890        0xa build/stm32h7xx_it.o
                0x0000000008029890                EXTI2_IRQHandler
 .text.EXTI3_IRQHandler
                0x000000000802989a        0xa build/stm32h7xx_it.o
                0x000000000802989a                EXTI3_IRQHandler
 .text.EXTI4_IRQHandler
                0x00000000080298a4        0xa build/stm32h7xx_it.o
                0x00000000080298a4                EXTI4_IRQHandler
 .text.EXTI9_5_IRQHandler
                0x00000000080298ae       0x26 build/stm32h7xx_it.o
                0x00000000080298ae                EXTI9_5_IRQHandler
 .text.EXTI15_10_IRQHandler
                0x00000000080298d4       0x34 build/stm32h7xx_it.o
                0x00000000080298d4                EXTI15_10_IRQHandler
 .text.SDMMC1_IRQHandler
                0x0000000008029908       0x10 build/stm32h7xx_it.o
                0x0000000008029908                SDMMC1_IRQHandler
 .text.MDMA_IRQHandler
                0x0000000008029918       0x10 build/stm32h7xx_it.o
                0x0000000008029918                MDMA_IRQHandler
 .text.DMA2_Stream7_IRQHandler
                0x0000000008029928       0x10 build/stm32h7xx_it.o
                0x0000000008029928                DMA2_Stream7_IRQHandler
 .text.SystemInit
                0x0000000008029938       0xcc build/system_stm32h7xx.o
                0x0000000008029938                SystemInit
 .text.SystemCoreClockUpdate
                0x0000000008029a04      0x214 build/system_stm32h7xx.o
                0x0000000008029a04                SystemCoreClockUpdate
 .text.HAL_MspInit
                0x0000000008029c18        0x2 build/stm32h7xx_hal.o
                0x0000000008029c18                HAL_MspInit
 *fill*         0x0000000008029c1a        0x2 
 .text.HAL_InitTick
                0x0000000008029c1c       0x50 build/stm32h7xx_hal.o
                0x0000000008029c1c                HAL_InitTick
 .text.HAL_Init
                0x0000000008029c6c       0x5c build/stm32h7xx_hal.o
                0x0000000008029c6c                HAL_Init
 .text.HAL_IncTick
                0x0000000008029cc8       0x18 build/stm32h7xx_hal.o
                0x0000000008029cc8                HAL_IncTick
 .text.HAL_GetTick
                0x0000000008029ce0        0xc build/stm32h7xx_hal.o
                0x0000000008029ce0                HAL_GetTick
 .text.HAL_Delay
                0x0000000008029cec       0x28 build/stm32h7xx_hal.o
                0x0000000008029cec                HAL_Delay
 .text.HAL_GetREVID
                0x0000000008029d14        0xc build/stm32h7xx_hal.o
                0x0000000008029d14                HAL_GetREVID
 .text.HAL_NVIC_SetPriorityGrouping
                0x0000000008029d20       0x24 build/stm32h7xx_hal_cortex.o
                0x0000000008029d20                HAL_NVIC_SetPriorityGrouping
 .text.HAL_NVIC_SetPriority
                0x0000000008029d44       0x6c build/stm32h7xx_hal_cortex.o
                0x0000000008029d44                HAL_NVIC_SetPriority
 .text.HAL_NVIC_EnableIRQ
                0x0000000008029db0       0x1c build/stm32h7xx_hal_cortex.o
                0x0000000008029db0                HAL_NVIC_EnableIRQ
 .text.HAL_NVIC_DisableIRQ
                0x0000000008029dcc       0x24 build/stm32h7xx_hal_cortex.o
                0x0000000008029dcc                HAL_NVIC_DisableIRQ
 .text.HAL_SYSTICK_Config
                0x0000000008029df0       0x28 build/stm32h7xx_hal_cortex.o
                0x0000000008029df0                HAL_SYSTICK_Config
 .text.HAL_RCC_OscConfig
                0x0000000008029e18      0x674 build/stm32h7xx_hal_rcc.o
                0x0000000008029e18                HAL_RCC_OscConfig
 .text.HAL_RCC_GetSysClockFreq
                0x000000000802a48c      0x1f4 build/stm32h7xx_hal_rcc.o
                0x000000000802a48c                HAL_RCC_GetSysClockFreq
 .text.HAL_RCC_ClockConfig
                0x000000000802a680      0x294 build/stm32h7xx_hal_rcc.o
                0x000000000802a680                HAL_RCC_ClockConfig
 .text.HAL_RCC_GetHCLKFreq
                0x000000000802a914       0x44 build/stm32h7xx_hal_rcc.o
                0x000000000802a914                HAL_RCC_GetHCLKFreq
 .text.RCCEx_PLL2_Config
                0x000000000802a958      0x10c build/stm32h7xx_hal_rcc_ex.o
 .text.RCCEx_PLL3_Config
                0x000000000802aa64      0x10c build/stm32h7xx_hal_rcc_ex.o
 .text.HAL_RCCEx_PeriphCLKConfig
                0x000000000802ab70      0x9c4 build/stm32h7xx_hal_rcc_ex.o
                0x000000000802ab70                HAL_RCCEx_PeriphCLKConfig
 .text.HAL_RCCEx_GetD3PCLK1Freq
                0x000000000802b534       0x24 build/stm32h7xx_hal_rcc_ex.o
                0x000000000802b534                HAL_RCCEx_GetD3PCLK1Freq
 .text.HAL_RCCEx_GetPLL2ClockFreq
                0x000000000802b558      0x1f8 build/stm32h7xx_hal_rcc_ex.o
                0x000000000802b558                HAL_RCCEx_GetPLL2ClockFreq
 .text.HAL_RCCEx_GetPLL3ClockFreq
                0x000000000802b750      0x1f8 build/stm32h7xx_hal_rcc_ex.o
                0x000000000802b750                HAL_RCCEx_GetPLL3ClockFreq
 .text.HAL_RCCEx_GetPLL1ClockFreq
                0x000000000802b948      0x1f8 build/stm32h7xx_hal_rcc_ex.o
                0x000000000802b948                HAL_RCCEx_GetPLL1ClockFreq
 .text.HAL_RCCEx_GetPeriphCLKFreq
                0x000000000802bb40      0x614 build/stm32h7xx_hal_rcc_ex.o
                0x000000000802bb40                HAL_RCCEx_GetPeriphCLKFreq
 .text.HAL_GPIO_Init
                0x000000000802c154      0x220 build/stm32h7xx_hal_gpio.o
                0x000000000802c154                HAL_GPIO_Init
 .text.HAL_GPIO_DeInit
                0x000000000802c374      0x150 build/stm32h7xx_hal_gpio.o
                0x000000000802c374                HAL_GPIO_DeInit
 .text.HAL_GPIO_ReadPin
                0x000000000802c4c4        0xe build/stm32h7xx_hal_gpio.o
                0x000000000802c4c4                HAL_GPIO_ReadPin
 .text.HAL_GPIO_WritePin
                0x000000000802c4d2        0xc build/stm32h7xx_hal_gpio.o
                0x000000000802c4d2                HAL_GPIO_WritePin
 .text.HAL_GPIO_EXTI_IRQHandler
                0x000000000802c4de       0x1e build/stm32h7xx_hal_gpio.o
                0x000000000802c4de                HAL_GPIO_EXTI_IRQHandler
 .text.DMA_SetConfig
                0x000000000802c4fc      0x1b4 build/stm32h7xx_hal_dma.o
 .text.DMA_CalcBaseAndBitshift
                0x000000000802c6b0       0xb4 build/stm32h7xx_hal_dma.o
 .text.DMA_CheckFifoParam
                0x000000000802c764       0x92 build/stm32h7xx_hal_dma.o
 *fill*         0x000000000802c7f6        0x2 
 .text.DMA_CalcDMAMUXChannelBaseAndMask
                0x000000000802c7f8       0xb0 build/stm32h7xx_hal_dma.o
 .text.DMA_CalcDMAMUXRequestGenBaseAndMask
                0x000000000802c8a8       0x7c build/stm32h7xx_hal_dma.o
 .text.HAL_DMA_Init
                0x000000000802c924      0x3a4 build/stm32h7xx_hal_dma.o
                0x000000000802c924                HAL_DMA_Init
 .text.HAL_DMA_Start_IT
                0x000000000802ccc8      0x298 build/stm32h7xx_hal_dma.o
                0x000000000802ccc8                HAL_DMA_Start_IT
 .text.HAL_DMA_Abort_IT
                0x000000000802cf60      0x270 build/stm32h7xx_hal_dma.o
                0x000000000802cf60                HAL_DMA_Abort_IT
 .text.HAL_DMA_IRQHandler
                0x000000000802d1d0      0x738 build/stm32h7xx_hal_dma.o
                0x000000000802d1d0                HAL_DMA_IRQHandler
 .text.HAL_DMA_RegisterCallback
                0x000000000802d908       0x60 build/stm32h7xx_hal_dma.o
                0x000000000802d908                HAL_DMA_RegisterCallback
 .text.MDMA_Init
                0x000000000802d968       0xb8 build/stm32h7xx_hal_mdma.o
 .text.HAL_MDMA_Init
                0x000000000802da20       0x60 build/stm32h7xx_hal_mdma.o
                0x000000000802da20                HAL_MDMA_Init
 .text.HAL_MDMA_IRQHandler
                0x000000000802da80      0x1b4 build/stm32h7xx_hal_mdma.o
                0x000000000802da80                HAL_MDMA_IRQHandler
 .text.HAL_PWREx_ConfigSupply
                0x000000000802dc34       0x54 build/stm32h7xx_hal_pwr_ex.o
                0x000000000802dc34                HAL_PWREx_ConfigSupply
 .text.HAL_PWREx_EnableUSBVoltageDetector
                0x000000000802dc88       0x10 build/stm32h7xx_hal_pwr_ex.o
                0x000000000802dc88                HAL_PWREx_EnableUSBVoltageDetector
 .text.SPI_CloseTransfer
                0x000000000802dc98       0xd0 build/stm32h7xx_hal_spi.o
 .text.SPI_GetPacketSize
                0x000000000802dd68       0x10 build/stm32h7xx_hal_spi.o
 .text.SPI_WaitOnFlagUntilTimeout
                0x000000000802dd78       0x48 build/stm32h7xx_hal_spi.o
 .text.HAL_SPI_MspInit
                0x000000000802ddc0        0x2 build/stm32h7xx_hal_spi.o
                0x000000000802ddc0                HAL_SPI_MspInit
 *fill*         0x000000000802ddc2        0x2 
 .text.HAL_SPI_Init
                0x000000000802ddc4      0x168 build/stm32h7xx_hal_spi.o
                0x000000000802ddc4                HAL_SPI_Init
 .text.HAL_SPI_Transmit
                0x000000000802df2c      0x2c4 build/stm32h7xx_hal_spi.o
                0x000000000802df2c                HAL_SPI_Transmit
 .text.HAL_SPI_TransmitReceive
                0x000000000802e1f0      0x420 build/stm32h7xx_hal_spi.o
                0x000000000802e1f0                HAL_SPI_TransmitReceive
 .text.HAL_SPI_Receive
                0x000000000802e610      0x2b8 build/stm32h7xx_hal_spi.o
                0x000000000802e610                HAL_SPI_Receive
 .text.PCD_WriteEmptyTxFifo
                0x000000000802e8c8       0xd0 build/stm32h7xx_hal_pcd.o
 .text.HAL_PCD_Init
                0x000000000802e998      0x13c build/stm32h7xx_hal_pcd.o
                0x000000000802e998                HAL_PCD_Init
 .text.HAL_PCD_Start
                0x000000000802ead4       0x42 build/stm32h7xx_hal_pcd.o
                0x000000000802ead4                HAL_PCD_Start
 *fill*         0x000000000802eb16        0x2 
 .text.PCD_EP_OutXfrComplete_int
                0x000000000802eb18       0xf4 build/stm32h7xx_hal_pcd.o
 .text.PCD_EP_OutSetupPacket_int
                0x000000000802ec0c       0x50 build/stm32h7xx_hal_pcd.o
 .text.HAL_PCD_IRQHandler
                0x000000000802ec5c      0x4b6 build/stm32h7xx_hal_pcd.o
                0x000000000802ec5c                HAL_PCD_IRQHandler
 .text.HAL_PCD_SetAddress
                0x000000000802f112       0x28 build/stm32h7xx_hal_pcd.o
                0x000000000802f112                HAL_PCD_SetAddress
 .text.HAL_PCD_EP_Open
                0x000000000802f13a       0x8a build/stm32h7xx_hal_pcd.o
                0x000000000802f13a                HAL_PCD_EP_Open
 .text.HAL_PCD_EP_Close
                0x000000000802f1c4       0x72 build/stm32h7xx_hal_pcd.o
                0x000000000802f1c4                HAL_PCD_EP_Close
 .text.HAL_PCD_EP_Receive
                0x000000000802f236       0x5e build/stm32h7xx_hal_pcd.o
                0x000000000802f236                HAL_PCD_EP_Receive
 .text.HAL_PCD_EP_GetRxCount
                0x000000000802f294       0x12 build/stm32h7xx_hal_pcd.o
                0x000000000802f294                HAL_PCD_EP_GetRxCount
 .text.HAL_PCD_EP_Transmit
                0x000000000802f2a6       0x5e build/stm32h7xx_hal_pcd.o
                0x000000000802f2a6                HAL_PCD_EP_Transmit
 .text.HAL_PCD_EP_SetStall
                0x000000000802f304       0x88 build/stm32h7xx_hal_pcd.o
                0x000000000802f304                HAL_PCD_EP_SetStall
 .text.HAL_PCD_EP_ClrStall
                0x000000000802f38c       0x76 build/stm32h7xx_hal_pcd.o
                0x000000000802f38c                HAL_PCD_EP_ClrStall
 .text.HAL_PCDEx_SetTxFiFo
                0x000000000802f402       0x4c build/stm32h7xx_hal_pcd_ex.o
                0x000000000802f402                HAL_PCDEx_SetTxFiFo
 .text.HAL_PCDEx_SetRxFiFo
                0x000000000802f44e        0x8 build/stm32h7xx_hal_pcd_ex.o
                0x000000000802f44e                HAL_PCDEx_SetRxFiFo
 *fill*         0x000000000802f456        0x2 
 .text.HAL_PCDEx_ActivateLPM
                0x000000000802f458       0x28 build/stm32h7xx_hal_pcd_ex.o
                0x000000000802f458                HAL_PCDEx_ActivateLPM
 .text.HAL_PCDEx_LPM_Callback
                0x000000000802f480        0x2 build/stm32h7xx_hal_pcd_ex.o
                0x000000000802f480                HAL_PCDEx_LPM_Callback
 .text.SD_Read_IT
                0x000000000802f482       0x3c build/stm32h7xx_hal_sd.o
 .text.SD_Write_IT
                0x000000000802f4be       0x4c build/stm32h7xx_hal_sd.o
 *fill*         0x000000000802f50a        0x2 
 .text.SD_SendSDStatus
                0x000000000802f50c      0x108 build/stm32h7xx_hal_sd.o
 .text.SD_FindSCR
                0x000000000802f614      0x108 build/stm32h7xx_hal_sd.o
 .text.SD_WideBus_Enable
                0x000000000802f71c       0x4e build/stm32h7xx_hal_sd.o
 .text.SD_WideBus_Disable
                0x000000000802f76a       0x4e build/stm32h7xx_hal_sd.o
 .text.SD_SendStatus
                0x000000000802f7b8       0x2c build/stm32h7xx_hal_sd.o
 .text.HAL_SD_MspInit
                0x000000000802f7e4        0x2 build/stm32h7xx_hal_sd.o
                0x000000000802f7e4                HAL_SD_MspInit
 *fill*         0x000000000802f7e6        0x2 
 .text.HAL_SD_ReadBlocks_DMA
                0x000000000802f7e8       0xe0 build/stm32h7xx_hal_sd.o
                0x000000000802f7e8                HAL_SD_ReadBlocks_DMA
 .text.HAL_SD_WriteBlocks_DMA
                0x000000000802f8c8       0xe0 build/stm32h7xx_hal_sd.o
                0x000000000802f8c8                HAL_SD_WriteBlocks_DMA
 .text.HAL_SD_Erase
                0x000000000802f9a8       0xf8 build/stm32h7xx_hal_sd.o
                0x000000000802f9a8                HAL_SD_Erase
 .text.HAL_SD_GetState
                0x000000000802faa0        0x6 build/stm32h7xx_hal_sd.o
                0x000000000802faa0                HAL_SD_GetState
 .text.HAL_SD_DriveTransceiver_1_8V_Callback
                0x000000000802faa6        0x2 build/stm32h7xx_hal_sd.o
                0x000000000802faa6                HAL_SD_DriveTransceiver_1_8V_Callback
 .text.SD_PowerON
                0x000000000802faa8      0x178 build/stm32h7xx_hal_sd.o
 .text.HAL_SD_GetCardCSD
                0x000000000802fc20      0x1b8 build/stm32h7xx_hal_sd.o
                0x000000000802fc20                HAL_SD_GetCardCSD
 .text.SD_InitCard
                0x000000000802fdd8       0xfc build/stm32h7xx_hal_sd.o
 .text.HAL_SD_InitCard
                0x000000000802fed4       0xd8 build/stm32h7xx_hal_sd.o
                0x000000000802fed4                HAL_SD_InitCard
 .text.HAL_SD_GetCardStatus
                0x000000000802ffac       0xd0 build/stm32h7xx_hal_sd.o
                0x000000000802ffac                HAL_SD_GetCardStatus
 .text.HAL_SD_GetCardInfo
                0x000000000803007c       0x24 build/stm32h7xx_hal_sd.o
                0x000000000803007c                HAL_SD_GetCardInfo
 .text.HAL_SD_ConfigWideBusOperation
                0x00000000080300a0      0x158 build/stm32h7xx_hal_sd.o
                0x00000000080300a0                HAL_SD_ConfigWideBusOperation
 .text.HAL_SD_GetCardState
                0x00000000080301f8       0x22 build/stm32h7xx_hal_sd.o
                0x00000000080301f8                HAL_SD_GetCardState
 .text.HAL_SD_Init
                0x000000000803021a       0xc2 build/stm32h7xx_hal_sd.o
                0x000000000803021a                HAL_SD_Init
 .text.HAL_SD_Abort
                0x00000000080302dc       0x48 build/stm32h7xx_hal_sd.o
                0x00000000080302dc                HAL_SD_Abort
 .text.HAL_SDEx_Read_DMADoubleBuf0CpltCallback
                0x0000000008030324        0x2 build/stm32h7xx_hal_sd.o
                0x0000000008030324                HAL_SDEx_Read_DMADoubleBuf0CpltCallback
 .text.HAL_SDEx_Read_DMADoubleBuf1CpltCallback
                0x0000000008030326        0x2 build/stm32h7xx_hal_sd.o
                0x0000000008030326                HAL_SDEx_Read_DMADoubleBuf1CpltCallback
 .text.HAL_SDEx_Write_DMADoubleBuf0CpltCallback
                0x0000000008030328        0x2 build/stm32h7xx_hal_sd.o
                0x0000000008030328                HAL_SDEx_Write_DMADoubleBuf0CpltCallback
 .text.HAL_SDEx_Write_DMADoubleBuf1CpltCallback
                0x000000000803032a        0x2 build/stm32h7xx_hal_sd.o
                0x000000000803032a                HAL_SDEx_Write_DMADoubleBuf1CpltCallback
 .text.HAL_SD_IRQHandler
                0x000000000803032c      0x22c build/stm32h7xx_hal_sd.o
                0x000000000803032c                HAL_SD_IRQHandler
 .text.SDMMC_GetCmdError
                0x0000000008030558       0x3c build/stm32h7xx_ll_sdmmc.o
 .text.SDMMC_Init
                0x0000000008030594       0x30 build/stm32h7xx_ll_sdmmc.o
                0x0000000008030594                SDMMC_Init
 .text.SDMMC_ReadFIFO
                0x00000000080305c4        0x6 build/stm32h7xx_ll_sdmmc.o
                0x00000000080305c4                SDMMC_ReadFIFO
 .text.SDMMC_WriteFIFO
                0x00000000080305ca        0xa build/stm32h7xx_ll_sdmmc.o
                0x00000000080305ca                SDMMC_WriteFIFO
 .text.SDMMC_PowerState_ON
                0x00000000080305d4        0xc build/stm32h7xx_ll_sdmmc.o
                0x00000000080305d4                SDMMC_PowerState_ON
 .text.SDMMC_GetPowerState
                0x00000000080305e0        0x8 build/stm32h7xx_ll_sdmmc.o
                0x00000000080305e0                SDMMC_GetPowerState
 .text.SDMMC_SendCommand
                0x00000000080305e8       0x24 build/stm32h7xx_ll_sdmmc.o
                0x00000000080305e8                SDMMC_SendCommand
 .text.SDMMC_GetCommandResponse
                0x000000000803060c        0x6 build/stm32h7xx_ll_sdmmc.o
                0x000000000803060c                SDMMC_GetCommandResponse
 .text.SDMMC_GetResponse
                0x0000000008030612        0x6 build/stm32h7xx_ll_sdmmc.o
                0x0000000008030612                SDMMC_GetResponse
 .text.SDMMC_ConfigData
                0x0000000008030618       0x24 build/stm32h7xx_ll_sdmmc.o
                0x0000000008030618                SDMMC_ConfigData
 .text.SDMMC_CmdGoIdleState
                0x000000000803063c       0x26 build/stm32h7xx_ll_sdmmc.o
                0x000000000803063c                SDMMC_CmdGoIdleState
 *fill*         0x0000000008030662        0x2 
 .text.SDMMC_GetCmdResp1
                0x0000000008030664      0x160 build/stm32h7xx_ll_sdmmc.o
                0x0000000008030664                SDMMC_GetCmdResp1
 .text.SDMMC_CmdBlockLength
                0x00000000080307c4       0x32 build/stm32h7xx_ll_sdmmc.o
                0x00000000080307c4                SDMMC_CmdBlockLength
 .text.SDMMC_CmdReadSingleBlock
                0x00000000080307f6       0x32 build/stm32h7xx_ll_sdmmc.o
                0x00000000080307f6                SDMMC_CmdReadSingleBlock
 .text.SDMMC_CmdReadMultiBlock
                0x0000000008030828       0x32 build/stm32h7xx_ll_sdmmc.o
                0x0000000008030828                SDMMC_CmdReadMultiBlock
 .text.SDMMC_CmdWriteSingleBlock
                0x000000000803085a       0x32 build/stm32h7xx_ll_sdmmc.o
                0x000000000803085a                SDMMC_CmdWriteSingleBlock
 .text.SDMMC_CmdWriteMultiBlock
                0x000000000803088c       0x32 build/stm32h7xx_ll_sdmmc.o
                0x000000000803088c                SDMMC_CmdWriteMultiBlock
 .text.SDMMC_CmdSDEraseStartAdd
                0x00000000080308be       0x32 build/stm32h7xx_ll_sdmmc.o
                0x00000000080308be                SDMMC_CmdSDEraseStartAdd
 .text.SDMMC_CmdSDEraseEndAdd
                0x00000000080308f0       0x32 build/stm32h7xx_ll_sdmmc.o
                0x00000000080308f0                SDMMC_CmdSDEraseEndAdd
 .text.SDMMC_CmdErase
                0x0000000008030922       0x32 build/stm32h7xx_ll_sdmmc.o
                0x0000000008030922                SDMMC_CmdErase
 .text.SDMMC_CmdStopTransfer
                0x0000000008030954       0x58 build/stm32h7xx_ll_sdmmc.o
                0x0000000008030954                SDMMC_CmdStopTransfer
 .text.SDMMC_CmdSelDesel
                0x00000000080309ac       0x32 build/stm32h7xx_ll_sdmmc.o
                0x00000000080309ac                SDMMC_CmdSelDesel
 .text.SDMMC_CmdAppCommand
                0x00000000080309de       0x32 build/stm32h7xx_ll_sdmmc.o
                0x00000000080309de                SDMMC_CmdAppCommand
 .text.SDMMC_CmdBusWidth
                0x0000000008030a10       0x32 build/stm32h7xx_ll_sdmmc.o
                0x0000000008030a10                SDMMC_CmdBusWidth
 .text.SDMMC_CmdSendSCR
                0x0000000008030a42       0x32 build/stm32h7xx_ll_sdmmc.o
                0x0000000008030a42                SDMMC_CmdSendSCR
 .text.SDMMC_CmdSendStatus
                0x0000000008030a74       0x32 build/stm32h7xx_ll_sdmmc.o
                0x0000000008030a74                SDMMC_CmdSendStatus
 .text.SDMMC_CmdStatusRegister
                0x0000000008030aa6       0x32 build/stm32h7xx_ll_sdmmc.o
                0x0000000008030aa6                SDMMC_CmdStatusRegister
 .text.SDMMC_CmdVoltageSwitch
                0x0000000008030ad8       0x32 build/stm32h7xx_ll_sdmmc.o
                0x0000000008030ad8                SDMMC_CmdVoltageSwitch
 *fill*         0x0000000008030b0a        0x2 
 .text.SDMMC_GetCmdResp2
                0x0000000008030b0c       0x60 build/stm32h7xx_ll_sdmmc.o
                0x0000000008030b0c                SDMMC_GetCmdResp2
 .text.SDMMC_CmdSendCID
                0x0000000008030b6c       0x2c build/stm32h7xx_ll_sdmmc.o
                0x0000000008030b6c                SDMMC_CmdSendCID
 .text.SDMMC_CmdSendCSD
                0x0000000008030b98       0x2c build/stm32h7xx_ll_sdmmc.o
                0x0000000008030b98                SDMMC_CmdSendCSD
 .text.SDMMC_GetCmdResp3
                0x0000000008030bc4       0x50 build/stm32h7xx_ll_sdmmc.o
                0x0000000008030bc4                SDMMC_GetCmdResp3
 .text.SDMMC_CmdAppOperCommand
                0x0000000008030c14       0x2c build/stm32h7xx_ll_sdmmc.o
                0x0000000008030c14                SDMMC_CmdAppOperCommand
 .text.SDMMC_GetCmdResp6
                0x0000000008030c40       0xa4 build/stm32h7xx_ll_sdmmc.o
                0x0000000008030c40                SDMMC_GetCmdResp6
 .text.SDMMC_CmdSetRelAdd
                0x0000000008030ce4       0x32 build/stm32h7xx_ll_sdmmc.o
                0x0000000008030ce4                SDMMC_CmdSetRelAdd
 *fill*         0x0000000008030d16        0x2 
 .text.SDMMC_GetCmdResp7
                0x0000000008030d18       0x64 build/stm32h7xx_ll_sdmmc.o
                0x0000000008030d18                SDMMC_GetCmdResp7
 .text.SDMMC_CmdOperCond
                0x0000000008030d7c       0x30 build/stm32h7xx_ll_sdmmc.o
                0x0000000008030d7c                SDMMC_CmdOperCond
 .text.USB_CoreReset
                0x0000000008030dac       0x4c build/stm32h7xx_ll_usb.o
 .text.USB_CoreInit
                0x0000000008030df8       0x9c build/stm32h7xx_ll_usb.o
                0x0000000008030df8                USB_CoreInit
 .text.USB_SetTurnaroundTime
                0x0000000008030e94       0xe4 build/stm32h7xx_ll_usb.o
                0x0000000008030e94                USB_SetTurnaroundTime
 .text.USB_EnableGlobalInt
                0x0000000008030f78        0xc build/stm32h7xx_ll_usb.o
                0x0000000008030f78                USB_EnableGlobalInt
 .text.USB_DisableGlobalInt
                0x0000000008030f84        0xc build/stm32h7xx_ll_usb.o
                0x0000000008030f84                USB_DisableGlobalInt
 .text.USB_FlushTxFifo
                0x0000000008030f90       0x4c build/stm32h7xx_ll_usb.o
                0x0000000008030f90                USB_FlushTxFifo
 .text.USB_FlushRxFifo
                0x0000000008030fdc       0x48 build/stm32h7xx_ll_usb.o
                0x0000000008030fdc                USB_FlushRxFifo
 .text.USB_SetDevSpeed
                0x0000000008031024        0xe build/stm32h7xx_ll_usb.o
                0x0000000008031024                USB_SetDevSpeed
 *fill*         0x0000000008031032        0x2 
 .text.USB_DevInit
                0x0000000008031034      0x188 build/stm32h7xx_ll_usb.o
                0x0000000008031034                USB_DevInit
 .text.USB_GetDevSpeed
                0x00000000080311bc       0x1e build/stm32h7xx_ll_usb.o
                0x00000000080311bc                USB_GetDevSpeed
 *fill*         0x00000000080311da        0x2 
 .text.USB_ActivateEndpoint
                0x00000000080311dc       0x9c build/stm32h7xx_ll_usb.o
                0x00000000080311dc                USB_ActivateEndpoint
 .text.USB_DeactivateEndpoint
                0x0000000008031278       0xe0 build/stm32h7xx_ll_usb.o
                0x0000000008031278                USB_DeactivateEndpoint
 .text.USB_EP0StartXfer
                0x0000000008031358      0x11c build/stm32h7xx_ll_usb.o
                0x0000000008031358                USB_EP0StartXfer
 .text.USB_WritePacket
                0x0000000008031474       0x2e build/stm32h7xx_ll_usb.o
                0x0000000008031474                USB_WritePacket
 *fill*         0x00000000080314a2        0x2 
 .text.USB_EPStartXfer
                0x00000000080314a4      0x234 build/stm32h7xx_ll_usb.o
                0x00000000080314a4                USB_EPStartXfer
 .text.USB_ReadPacket
                0x00000000080316d8       0x54 build/stm32h7xx_ll_usb.o
                0x00000000080316d8                USB_ReadPacket
 .text.USB_EPSetStall
                0x000000000803172c       0x5a build/stm32h7xx_ll_usb.o
                0x000000000803172c                USB_EPSetStall
 .text.USB_EPClearStall
                0x0000000008031786       0x5c build/stm32h7xx_ll_usb.o
                0x0000000008031786                USB_EPClearStall
 .text.USB_SetDevAddress
                0x00000000080317e2       0x20 build/stm32h7xx_ll_usb.o
                0x00000000080317e2                USB_SetDevAddress
 .text.USB_DevConnect
                0x0000000008031802       0x1c build/stm32h7xx_ll_usb.o
                0x0000000008031802                USB_DevConnect
 .text.USB_DevDisconnect
                0x000000000803181e       0x1c build/stm32h7xx_ll_usb.o
                0x000000000803181e                USB_DevDisconnect
 .text.USB_ReadInterrupts
                0x000000000803183a        0x8 build/stm32h7xx_ll_usb.o
                0x000000000803183a                USB_ReadInterrupts
 .text.USB_ReadDevAllOutEpInterrupt
                0x0000000008031842       0x10 build/stm32h7xx_ll_usb.o
                0x0000000008031842                USB_ReadDevAllOutEpInterrupt
 .text.USB_ReadDevAllInEpInterrupt
                0x0000000008031852       0x10 build/stm32h7xx_ll_usb.o
                0x0000000008031852                USB_ReadDevAllInEpInterrupt
 .text.USB_ReadDevOutEPInterrupt
                0x0000000008031862       0x12 build/stm32h7xx_ll_usb.o
                0x0000000008031862                USB_ReadDevOutEPInterrupt
 .text.USB_ReadDevInEPInterrupt
                0x0000000008031874       0x28 build/stm32h7xx_ll_usb.o
                0x0000000008031874                USB_ReadDevInEPInterrupt
 .text.USB_GetMode
                0x000000000803189c        0x8 build/stm32h7xx_ll_usb.o
                0x000000000803189c                USB_GetMode
 .text.USB_SetCurrentMode
                0x00000000080318a4       0x62 build/stm32h7xx_ll_usb.o
                0x00000000080318a4                USB_SetCurrentMode
 *fill*         0x0000000008031906        0x2 
 .text.USB_ActivateSetup
                0x0000000008031908       0x20 build/stm32h7xx_ll_usb.o
                0x0000000008031908                USB_ActivateSetup
 .text.USB_EP0_OutStart
                0x0000000008031928       0x60 build/stm32h7xx_ll_usb.o
                0x0000000008031928                USB_EP0_OutStart
 .text.Reset_Handler
                0x0000000008031988       0x50 build/startup_stm32h743xx.o
                0x0000000008031988                Reset_Handler
 .text.Default_Handler
                0x00000000080319d8        0x2 build/startup_stm32h743xx.o
                0x00000000080319d8                DMA1_Stream3_IRQHandler
                0x00000000080319d8                TIM8_CC_IRQHandler
                0x00000000080319d8                HRTIM1_Master_IRQHandler
                0x00000000080319d8                UART8_IRQHandler
                0x00000000080319d8                SPI4_IRQHandler
                0x00000000080319d8                TIM1_CC_IRQHandler
                0x00000000080319d8                BDMA_Channel6_IRQHandler
                0x00000000080319d8                DMA2_Stream5_IRQHandler
                0x00000000080319d8                HRTIM1_FLT_IRQHandler
                0x00000000080319d8                JPEG_IRQHandler
                0x00000000080319d8                DMA1_Stream5_IRQHandler
                0x00000000080319d8                BDMA_Channel1_IRQHandler
                0x00000000080319d8                HRTIM1_TIMD_IRQHandler
                0x00000000080319d8                TAMP_STAMP_IRQHandler
                0x00000000080319d8                LPTIM4_IRQHandler
                0x00000000080319d8                TIM8_TRG_COM_TIM14_IRQHandler
                0x00000000080319d8                LPTIM2_IRQHandler
                0x00000000080319d8                DFSDM1_FLT1_IRQHandler
                0x00000000080319d8                DMAMUX2_OVR_IRQHandler
                0x00000000080319d8                TIM8_UP_TIM13_IRQHandler
                0x00000000080319d8                I2C3_ER_IRQHandler
                0x00000000080319d8                DFSDM1_FLT2_IRQHandler
                0x00000000080319d8                LPTIM3_IRQHandler
                0x00000000080319d8                HSEM1_IRQHandler
                0x00000000080319d8                I2C2_EV_IRQHandler
                0x00000000080319d8                DMA1_Stream2_IRQHandler
                0x00000000080319d8                FPU_IRQHandler
                0x00000000080319d8                OTG_HS_WKUP_IRQHandler
                0x00000000080319d8                FDCAN1_IT1_IRQHandler
                0x00000000080319d8                LTDC_ER_IRQHandler
                0x00000000080319d8                DMA2_Stream2_IRQHandler
                0x00000000080319d8                HRTIM1_TIME_IRQHandler
                0x00000000080319d8                SPI1_IRQHandler
                0x00000000080319d8                TIM6_DAC_IRQHandler
                0x00000000080319d8                DCMI_IRQHandler
                0x00000000080319d8                HRTIM1_TIMC_IRQHandler
                0x00000000080319d8                DMA2_Stream3_IRQHandler
                0x00000000080319d8                SAI2_IRQHandler
                0x00000000080319d8                DFSDM1_FLT3_IRQHandler
                0x00000000080319d8                USART6_IRQHandler
                0x00000000080319d8                TIM17_IRQHandler
                0x00000000080319d8                USART3_IRQHandler
                0x00000000080319d8                BDMA_Channel7_IRQHandler
                0x00000000080319d8                LPTIM5_IRQHandler
                0x00000000080319d8                UART5_IRQHandler
                0x00000000080319d8                ADC3_IRQHandler
                0x00000000080319d8                DMA2_Stream0_IRQHandler
                0x00000000080319d8                TIM4_IRQHandler
                0x00000000080319d8                BDMA_Channel2_IRQHandler
                0x00000000080319d8                QUADSPI_IRQHandler
                0x00000000080319d8                I2C1_EV_IRQHandler
                0x00000000080319d8                DMA1_Stream6_IRQHandler
                0x00000000080319d8                DMAMUX1_OVR_IRQHandler
                0x00000000080319d8                DMA1_Stream1_IRQHandler
                0x00000000080319d8                TIM16_IRQHandler
                0x00000000080319d8                UART4_IRQHandler
                0x00000000080319d8                BDMA_Channel5_IRQHandler
                0x00000000080319d8                TIM3_IRQHandler
                0x00000000080319d8                RCC_IRQHandler
                0x00000000080319d8                TIM8_BRK_TIM12_IRQHandler
                0x00000000080319d8                TIM1_TRG_COM_IRQHandler
                0x00000000080319d8                Default_Handler
                0x00000000080319d8                ECC_IRQHandler
                0x00000000080319d8                CEC_IRQHandler
                0x00000000080319d8                BDMA_Channel0_IRQHandler
                0x00000000080319d8                ADC_IRQHandler
                0x00000000080319d8                DMA1_Stream7_IRQHandler
                0x00000000080319d8                HRTIM1_TIMA_IRQHandler
                0x00000000080319d8                SPI5_IRQHandler
                0x00000000080319d8                TIM7_IRQHandler
                0x00000000080319d8                TIM5_IRQHandler
                0x00000000080319d8                TIM15_IRQHandler
                0x00000000080319d8                PVD_AVD_IRQHandler
                0x00000000080319d8                I2C3_EV_IRQHandler
                0x00000000080319d8                RTC_WKUP_IRQHandler
                0x00000000080319d8                LTDC_IRQHandler
                0x00000000080319d8                SAI3_IRQHandler
                0x00000000080319d8                ETH_WKUP_IRQHandler
                0x00000000080319d8                SPDIF_RX_IRQHandler
                0x00000000080319d8                SPI2_IRQHandler
                0x00000000080319d8                OTG_HS_EP1_IN_IRQHandler
                0x00000000080319d8                DMA1_Stream0_IRQHandler
                0x00000000080319d8                CRS_IRQHandler
                0x00000000080319d8                RNG_IRQHandler
                0x00000000080319d8                HRTIM1_TIMB_IRQHandler
                0x00000000080319d8                FDCAN2_IT1_IRQHandler
                0x00000000080319d8                ETH_IRQHandler
                0x00000000080319d8                TIM1_UP_IRQHandler
                0x00000000080319d8                BDMA_Channel4_IRQHandler
                0x00000000080319d8                OTG_HS_EP1_OUT_IRQHandler
                0x00000000080319d8                WWDG_IRQHandler
                0x00000000080319d8                SPI6_IRQHandler
                0x00000000080319d8                MDIOS_IRQHandler
                0x00000000080319d8                I2C4_EV_IRQHandler
                0x00000000080319d8                FDCAN2_IT0_IRQHandler
                0x00000000080319d8                LPUART1_IRQHandler
                0x00000000080319d8                FDCAN1_IT0_IRQHandler
                0x00000000080319d8                TIM2_IRQHandler
                0x00000000080319d8                OTG_FS_WKUP_IRQHandler
                0x00000000080319d8                OTG_HS_IRQHandler
                0x00000000080319d8                DMA2D_IRQHandler