Archive member included to satisfy reference by file (symbol)

d:/software/zephyr_env_gcc/gcc-arm-none-eabi-9-2019-q4-major-win32/bin/../lib/gcc/arm-none-eabi/9.2.1/../../../../arm-none-eabi/lib/thumb/v7e-m+dp/hard\libc_nano.a(lib_a-ctype_.o)
                              build/DiskIO.o (_ctype_)
d:/software/zephyr_env_gcc/gcc-arm-none-eabi-9-2019-q4-major-win32/bin/../lib/gcc/arm-none-eabi/9.2.1/../../../../arm-none-eabi/lib/thumb/v7e-m+dp/hard\libc_nano.a(lib_a-exit.o)
                              d:/software/zephyr_env_gcc/gcc-arm-none-eabi-9-2019-q4-major-win32/bin/../lib/gcc/arm-none-eabi/9.2.1/../../../../arm-none-eabi/lib/thumb/v7e-m+dp/hard/crt0.o (exit)
d:/software/zephyr_env_gcc/gcc-arm-none-eabi-9-2019-q4-major-win32/bin/../lib/gcc/arm-none-eabi/9.2.1/../../../../arm-none-eabi/lib/thumb/v7e-m+dp/hard\libc_nano.a(lib_a-impure.o)
                              d:/software/zephyr_env_gcc/gcc-arm-none-eabi-9-2019-q4-major-win32/bin/../lib/gcc/arm-none-eabi/9.2.1/../../../../arm-none-eabi/lib/thumb/v7e-m+dp/hard\libc_nano.a(lib_a-exit.o) (_global_impure_ptr)
d:/software/zephyr_env_gcc/gcc-arm-none-eabi-9-2019-q4-major-win32/bin/../lib/gcc/arm-none-eabi/9.2.1/../../../../arm-none-eabi/lib/thumb/v7e-m+dp/hard\libc_nano.a(lib_a-init.o)
                              d:/software/zephyr_env_gcc/gcc-arm-none-eabi-9-2019-q4-major-win32/bin/../lib/gcc/arm-none-eabi/9.2.1/../../../../arm-none-eabi/lib/thumb/v7e-m+dp/hard/crt0.o (__libc_init_array)
d:/software/zephyr_env_gcc/gcc-arm-none-eabi-9-2019-q4-major-win32/bin/../lib/gcc/arm-none-eabi/9.2.1/../../../../arm-none-eabi/lib/thumb/v7e-m+dp/hard\libc_nano.a(lib_a-memcmp.o)
                              build/DiskIO.o (memcmp)
d:/software/zephyr_env_gcc/gcc-arm-none-eabi-9-2019-q4-major-win32/bin/../lib/gcc/arm-none-eabi/9.2.1/../../../../arm-none-eabi/lib/thumb/v7e-m+dp/hard\libc_nano.a(lib_a-memcpy-stub.o)
                              build/Task_SensorInertial.o (memcpy)
d:/software/zephyr_env_gcc/gcc-arm-none-eabi-9-2019-q4-major-win32/bin/../lib/gcc/arm-none-eabi/9.2.1/../../../../arm-none-eabi/lib/thumb/v7e-m+dp/hard\libc_nano.a(lib_a-memset.o)
                              d:/software/zephyr_env_gcc/gcc-arm-none-eabi-9-2019-q4-major-win32/bin/../lib/gcc/arm-none-eabi/9.2.1/../../../../arm-none-eabi/lib/thumb/v7e-m+dp/hard/crt0.o (memset)
d:/software/zephyr_env_gcc/gcc-arm-none-eabi-9-2019-q4-major-win32/bin/../lib/gcc/arm-none-eabi/9.2.1/../../../../arm-none-eabi/lib/thumb/v7e-m+dp/hard\libc_nano.a(lib_a-strchr.o)
                              build/DiskIO.o (strchr)
d:/software/zephyr_env_gcc/gcc-arm-none-eabi-9-2019-q4-major-win32/bin/../lib/gcc/arm-none-eabi/9.2.1/../../../../arm-none-eabi/lib/thumb/v7e-m+dp/hard\libc_nano.a(lib_a-strcmp.o)
                              build/shell.o (strcmp)
d:/software/zephyr_env_gcc/gcc-arm-none-eabi-9-2019-q4-major-win32/bin/../lib/gcc/arm-none-eabi/9.2.1/../../../../arm-none-eabi/lib/thumb/v7e-m+dp/hard\libc_nano.a(lib_a-strlen.o)
                              build/error_log.o (strlen)
d:/software/zephyr_env_gcc/gcc-arm-none-eabi-9-2019-q4-major-win32/bin/../lib/gcc/arm-none-eabi/9.2.1/../../../../arm-none-eabi/lib/thumb/v7e-m+dp/hard\libc_nano.a(lib_a-strncmp.o)
                              build/shell.o (strncmp)
d:/software/zephyr_env_gcc/gcc-arm-none-eabi-9-2019-q4-major-win32/bin/../lib/gcc/arm-none-eabi/9.2.1/../../../../arm-none-eabi/lib/thumb/v7e-m+dp/hard\libc_nano.a(lib_a-strtok.o)
                              build/DiskIO.o (strtok)
d:/software/zephyr_env_gcc/gcc-arm-none-eabi-9-2019-q4-major-win32/bin/../lib/gcc/arm-none-eabi/9.2.1/../../../../arm-none-eabi/lib/thumb/v7e-m+dp/hard\libc_nano.a(lib_a-strtok_r.o)
                              d:/software/zephyr_env_gcc/gcc-arm-none-eabi-9-2019-q4-major-win32/bin/../lib/gcc/arm-none-eabi/9.2.1/../../../../arm-none-eabi/lib/thumb/v7e-m+dp/hard\libc_nano.a(lib_a-strtok.o) (__strtok_r)
d:/software/zephyr_env_gcc/gcc-arm-none-eabi-9-2019-q4-major-win32/bin/../lib/gcc/arm-none-eabi/9.2.1/../../../../arm-none-eabi/lib/thumb/v7e-m+dp/hard\libc_nano.a(lib_a-vsnprintf.o)
                              build/error_log.o (vsnprintf)
d:/software/zephyr_env_gcc/gcc-arm-none-eabi-9-2019-q4-major-win32/bin/../lib/gcc/arm-none-eabi/9.2.1/../../../../arm-none-eabi/lib/thumb/v7e-m+dp/hard\libc_nano.a(lib_a-vsscanf.o)
                              build/shell.o (vsscanf)
d:/software/zephyr_env_gcc/gcc-arm-none-eabi-9-2019-q4-major-win32/bin/../lib/gcc/arm-none-eabi/9.2.1/../../../../arm-none-eabi/lib/thumb/v7e-m+dp/hard\libc_nano.a(lib_a-malloc.o)
                              d:/software/zephyr_env_gcc/gcc-arm-none-eabi-9-2019-q4-major-win32/bin/../lib/gcc/arm-none-eabi/9.2.1/../../../../arm-none-eabi/lib/thumb/v7e-m+dp/hard\libc_nano.a(lib_a-strtok.o) (malloc)
d:/software/zephyr_env_gcc/gcc-arm-none-eabi-9-2019-q4-major-win32/bin/../lib/gcc/arm-none-eabi/9.2.1/../../../../arm-none-eabi/lib/thumb/v7e-m+dp/hard\libc_nano.a(lib_a-nano-freer.o)
[...]
Memory Configuration

Name             Origin             Length             Attributes
DTCMRAM          0x20000000         0x00020000         xrw
RAM_D1           0x24000000         0x00080000         xrw
RAM_D2           0x30000000         0x00048000         xrw
RAM_D3           0x38000000         0x00010000         xrw
ITCMRAM          0x00000000         0x00010000         xrw
FLASH            0x08000000         0x00200000         xr
*default*        0x00000000         0xffffffff

Linker script and memory map

LOAD d:/software/zephyr_env_gcc/gcc-arm-none-eabi-9-2019-q4-major-win32/bin/../lib/gcc/arm-none-eabi/9.2.1/thumb/v7e-m+dp/hard/crti.o
LOAD d:/software/zephyr_env_gcc/gcc-arm-none-eabi-9-2019-q4-major-win32/bin/../lib/gcc/arm-none-eabi/9.2.1/thumb/v7e-m+dp/hard/crtbegin.o
LOAD d:/software/zephyr_env_gcc/gcc-arm-none-eabi-9-2019-q4-major-win32/bin/../lib/gcc/arm-none-eabi/9.2.1/../../../../arm-none-eabi/lib/thumb/v7e-m+dp/hard/crt0.o
LOAD build/main.o
LOAD build/debug_util.o
LOAD build/Task_Protocol.o
LOAD build/Task_Manager.o
LOAD build/Task_SensorInertial.o
LOAD build/Task_Log.o
LOAD build/Task_Telemetry.o
LOAD build/Task_Control.o
LOAD build/IO_Definition.o
LOAD build/Bsp_GPIO.o
LOAD build/Bsp_SPI.o
LOAD build/Bsp_SDMMC.o
LOAD build/Bsp_Uart.o
LOAD build/Bsp_DMA.o
LOAD build/Bsp_Timer.o
LOAD build/Dev_MPU6000.o
LOAD build/Dev_ICM20602.o
LOAD build/Dev_Led.o
LOAD build/Dev_W25Qxx.o
LOAD build/Dev_Card.o
LOAD build/Dev_Sbus.o
LOAD build/Dev_CRSF.o
LOAD build/Dev_Dshot.o
LOAD build/Srv_IMUSample.o
LOAD build/Srv_Receiver.o
LOAD build/Srv_Actuator.o
LOAD build/Srv_ComProto.o
LOAD build/Srv_DataHub.o
LOAD build/Data_Convert_Util.o
LOAD build/queue.o
LOAD build/linked_list.o
LOAD build/binary_tree.o
LOAD build/reboot.o
LOAD build/error_log.o
LOAD build/util.o
LOAD build/DataPipe.o
LOAD build/DataPipe_Def.o
LOAD build/mmu.o
LOAD build/scheduler.o
LOAD build/kernel.o
LOAD build/runtime.o
LOAD build/DiskIO.o
LOAD build/shell_cmd_list.o
LOAD build/shell_companion.o
LOAD build/shell_ext.o
LOAD build/shell_port.o
LOAD build/shell.o
LOAD build/usb_device.o
LOAD build/usbd_desc.o
LOAD build/usbd_cdc_if.o
LOAD build/usbd_conf.o
LOAD build/usbd_core.o
LOAD build/usbd_ctlreq.o
LOAD build/usbd_ioreq.o
LOAD build/usbd_cdc.o
LOAD build/stm32h7xx_it.o
LOAD build/system_stm32h7xx.o
LOAD build/stm32h7xx_hal.o
LOAD build/stm32h7xx_hal_cortex.o
LOAD build/stm32h7xx_hal_rcc.o
LOAD build/stm32h7xx_hal_tim.o
LOAD build/stm32h7xx_hal_tim_ex.o
LOAD build/stm32h7xx_hal_rcc_ex.o
LOAD build/stm32h7xx_hal_uart.o
LOAD build/stm32h7xx_hal_uart_ex.o
LOAD build/stm32h7xx_hal_flash.o
LOAD build/stm32h7xx_hal_flash_ex.o
LOAD build/stm32h7xx_hal_gpio.o
LOAD build/stm32h7xx_hal_hsem.o
LOAD build/stm32h7xx_hal_dma.o
LOAD build/stm32h7xx_hal_dma_ex.o
LOAD build/stm32h7xx_hal_mdma.o
LOAD build/stm32h7xx_hal_pwr.o
LOAD build/stm32h7xx_hal_pwr_ex.o
LOAD build/stm32h7xx_hal_i2c.o
LOAD build/stm32h7xx_hal_i2c_ex.o
LOAD build/stm32h7xx_hal_exti.o
LOAD build/stm32h7xx_hal_spi.o
LOAD build/stm32h7xx_hal_pcd.o
LOAD build/stm32h7xx_hal_pcd_ex.o
LOAD build/stm32h7xx_hal_sd.o
LOAD build/stm32h7xx_ll_sdmmc.o
LOAD build/stm32h7xx_ll_usb.o
LOAD build/startup_stm32h743xx.o
LOAD d:/software/zephyr_env_gcc/gcc-arm-none-eabi-9-2019-q4-major-win32/bin/../lib/gcc/arm-none-eabi/9.2.1/../../../../arm-none-eabi/lib/thumb/v7e-m+dp/hard\libc_nano.a
LOAD d:/software/zephyr_env_gcc/gcc-arm-none-eabi-9-2019-q4-major-win32/bin/../lib/gcc/arm-none-eabi/9.2.1/../../../../arm-none-eabi/lib/thumb/v7e-m+dp/hard\libm.a
LOAD d:/software/zephyr_env_gcc/gcc-arm-none-eabi-9-2019-q4-major-win32/bin/../lib/gcc/arm-none-eabi/9.2.1/../../../../arm-none-eabi/lib/thumb/v7e-m+dp/hard\libnosys.a
START GROUP
LOAD d:/software/zephyr_env_gcc/gcc-arm-none-eabi-9-2019-q4-major-win32/bin/../lib/gcc/arm-none-eabi/9.2.1/thumb/v7e-m+dp/hard\libgcc.a
LOAD d:/software/zephyr_env_gcc/gcc-arm-none-eabi-9-2019-q4-major-win32/bin/../lib/gcc/arm-none-eabi/9.2.1/../../../../arm-none-eabi/lib/thumb/v7e-m+dp/hard\libc_nano.a
END GROUP
START GROUP
LOAD d:/software/zephyr_env_gcc/gcc-arm-none-eabi-9-2019-q4-major-win32/bin/../lib/gcc/arm-none-eabi/9.2.1/thumb/v7e-m+dp/hard\libgcc.a
LOAD d:/software/zephyr_env_gcc/gcc-arm-none-eabi-9-2019-q4-major-win32/bin/../lib/gcc/arm-none-eabi/9.2.1/../../../../arm-none-eabi/lib/thumb/v7e-m+dp/hard\libc_nano.a
END GROUP
LOAD d:/software/zephyr_env_gcc/gcc-arm-none-eabi-9-2019-q4-major-win32/bin/../lib/gcc/arm-none-eabi/9.2.1/thumb/v7e-m+dp/hard/crtend.o
LOAD d:/software/zephyr_env_gcc/gcc-arm-none-eabi-9-2019-q4-major-win32/bin/../lib/gcc/arm-none-eabi/9.2.1/thumb/v7e-m+dp/hard/crtn.o
                0x20020000                _estack = 0x20020000
                0x00002000                _Min_Heap_Size = 0x2000
                0x00000800                _Min_Stack_Size = 0x800

.isr_vector     0x08000000      0x298
                0x08000000                . = ALIGN (0x4)
 *(.isr_vector)
 .isr_vector    0x08000000      0x298 build/startup_stm32h743xx.o
                0x08000000                g_pfnVectors
                0x08000298                . = ALIGN (0x4)

.MMU_Section    0x24000000    0x20000 load address 0x08000298
                0x24000000                . = ALIGN (0x4)
                0x24000000                MMU_s = .
 *(.MMU_Section)
 .MMU_Section   0x24000000    0x20000 build/mmu.o
                0x24000000                Mem_Buff
 *(.MMU_Section*)
                0x24020000                . = ALIGN (0x4)
                0x24020000                MMU_e = .

.Perph_Section  0x24020000      0x768 load address 0x08020298
                0x24020000                . = ALIGN (0x4)
                0x24020000                Perph_s = .
 *(.Perph_Section)
 .Perph_Section
                0x24020000       0x9f build/Task_SensorInertial.o
 *fill*         0x2402009f        0x1 
 .Perph_Section
                0x240200a0       0x4f build/Task_Log.o
 *fill*         0x240200ef        0x1 
 .Perph_Section
                0x240200f0       0x58 build/Task_Telemetry.o
 .Perph_Section
                0x24020148      0x100 build/Srv_Receiver.o
 .Perph_Section
                0x24020248       0x3a build/Srv_Actuator.o
 *fill*         0x24020282        0x2 
 .Perph_Section
                0x24020284       0xe2 build/Srv_DataHub.o
 *fill*         0x24020366        0x2 
 .Perph_Section
                0x24020368      0x400 build/DiskIO.o
 *(.Perph_Section*)
                0x24020768                . = ALIGN (0x4)
                0x24020768                Perph_e = .

.Fast_Mem_Section
                0x00000000        0x0 load address 0x08020a00
                0x00000000                . = ALIGN (0x4)
                0x00000000                fast_mem_s = .
 *(.Fast_Mem_Section)
 *(.Fast_Mem_Section*)
                0x00000000                . = ALIGN (0x4)
                0x00000000                fast_mem_e = .

.text           0x08020a00    0x176a0
                0x08020a00                . = ALIGN (0x4)
 *(.text)
 .text          0x08020a00       0x40 d:/software/zephyr_env_gcc/gcc-arm-none-eabi-9-2019-q4-major-win32/bin/../lib/gcc/arm-none-eabi/9.2.1/thumb/v7e-m+dp/hard/crtbegin.o
 .text          0x08020a40       0x14 d:/software/zephyr_env_gcc/gcc-arm-none-eabi-9-2019-q4-major-win32/bin/../lib/gcc/arm-none-eabi/9.2.1/../../../../arm-none-eabi/lib/thumb/v7e-m+dp/hard\libc_nano.a(lib_a-strcmp.o)
                0x08020a40                strcmp
 .text          0x08020a54       0x10 d:/software/zephyr_env_gcc/gcc-arm-none-eabi-9-2019-q4-major-win32/bin/../lib/gcc/arm-none-eabi/9.2.1/../../../../arm-none-eabi/lib/thumb/v7e-m+dp/hard\libc_nano.a(lib_a-strlen.o)
                0x08020a54                strlen
 *fill*         0x08020a64        0xc 
 .text          0x08020a70       0xa0 d:/software/zephyr_env_gcc/gcc-arm-none-eabi-9-2019-q4-major-win32/bin/../lib/gcc/arm-none-eabi/9.2.1/../../../../arm-none-eabi/lib/thumb/v7e-m+dp/hard\libc_nano.a(lib_a-memchr.o)
                0x08020a70                memchr
 .text          0x08020b10      0x21c d:/software/zephyr_env_gcc/gcc-arm-none-eabi-9-2019-q4-major-win32/bin/../lib/gcc/arm-none-eabi/9.2.1/thumb/v7e-m+dp/hard\libgcc.a(_arm_addsubsf3.o)
                0x08020b10                __aeabi_frsub
                0x08020b18                __subsf3
                0x08020b18                __aeabi_fsub
                0x08020b1c                __aeabi_fadd
                0x08020b1c                __addsf3
                0x08020c7c                __aeabi_ui2f
                0x08020c7c                __floatunsisf
                0x08020c84                __aeabi_i2f
                0x08020c84                __floatsisf
                0x08020ca0                __aeabi_ul2f
                0x08020ca0                __floatundisf
                0x08020cb0                __aeabi_l2f
                0x08020cb0                __floatdisf
 .text          0x08020d2c       0x30 d:/software/zephyr_env_gcc/gcc-arm-none-eabi-9-2019-q4-major-win32/bin/../lib/gcc/arm-none-eabi/9.2.1/thumb/v7e-m+dp/hard\libgcc.a(_aeabi_uldivmod.o)
                0x08020d2c                __aeabi_uldivmod
 .text          0x08020d5c      0x2c4 d:/software/zephyr_env_gcc/gcc-arm-none-eabi-9-2019-q4-major-win32/bin/../lib/gcc/arm-none-eabi/9.2.1/thumb/v7e-m+dp/hard\libgcc.a(_udivmoddi4.o)
                0x08020d5c                __udivmoddi4
 .text          0x08021020        0x4 d:/software/zephyr_env_gcc/gcc-arm-none-eabi-9-2019-q4-major-win32/bin/../lib/gcc/arm-none-eabi/9.2.1/thumb/v7e-m+dp/hard\libgcc.a(_dvmd_tls.o)
                0x08021020                __aeabi_idiv0
                0x08021020                __aeabi_ldiv0
 *(.text*)
 .text.main     0x08021024       0x18 build/main.o
                0x08021024                main
 .text.DebugPin_Init
                0x0802103c       0x28 build/debug_util.o
 .text.DebugPin_Ctl
                0x08021064       0x2c build/debug_util.o
 .text.assert   0x08021090        0x6 build/debug_util.o
                0x08021090                assert
 *fill*         0x08021096        0x2 
 .text.TaskProto_PushProtocolQueue
                0x08021098       0x9c build/Task_Protocol.o
                0x08021098                TaskProto_PushProtocolQueue
 .text.TaskProtocol_Rec
                0x08021134        0xc build/Task_Protocol.o
 .text.TaskProtocol_TransBuff
                0x08021140       0x10 build/Task_Protocol.o
 .text.shell_test
                0x08021150       0x10 build/Task_Protocol.o
 .text.TaskProtocol_Init
                0x08021160      0x158 build/Task_Protocol.o
                0x08021160                TaskProtocol_Init
 .text.TaskProtocol_Core
                0x080212b8       0xf8 build/Task_Protocol.o
                0x080212b8                TaskProtocol_Core
 .text.Task_Manager_Init
                0x080213b0       0xd0 build/Task_Manager.o
                0x080213b0                Task_Manager_Init
 .text.Task_Manager_CreateTask
                0x08021480       0xc0 build/Task_Manager.o
                0x08021480                Task_Manager_CreateTask
 .text.TaskInertial_Init
                0x08021540       0x5c build/Task_SensorInertial.o
                0x08021540                TaskInertial_Init
 .text.TaskInertical_Core
                0x0802159c       0xbc build/Task_SensorInertial.o
                0x0802159c                TaskInertical_Core
 .text.LogData_ToFile
                0x08021658       0x9c build/Task_Log.o
 .text.TaskLog_PipeTransFinish_Callback
                0x080216f4       0xa8 build/Task_Log.o
 .text.OsIdle_Callback_LogModule
                0x0802179c       0xd8 build/Task_Log.o
 .text.TaskLog_Init
                0x08021874      0x148 build/Task_Log.o
                0x08021874                TaskLog_Init
 .text.TaskLog_Core
                0x080219bc        0x2 build/Task_Log.o
                0x080219bc                TaskLog_Core
 .text.Telemetry_Enable_GimbalDeadZone
                0x080219be       0x10 build/Task_Telemetry.o
 *fill*         0x080219ce        0x2 
 .text.Telemetry_GimbalToPercent
                0x080219d0       0x80 build/Task_Telemetry.o
 .text.Telemetry_RC_Sig_Init
                0x08021a50       0x88 build/Task_Telemetry.o
 .text.Telemetry_BindGimbalToChannel
                0x08021ad8       0x90 build/Task_Telemetry.o
 .text.Telemetry_BindToggleToChannel
                0x08021b68       0x72 build/Task_Telemetry.o
 .text.Telemetry_AddToggleCombo
                0x08021bda       0x82 build/Task_Telemetry.o
 .text.Telemetry_Toggle_Check
                0x08021c5c       0xbc build/Task_Telemetry.o
 .text.Telemetry_RC_Sig_Update
                0x08021d18      0x1e0 build/Task_Telemetry.o
 .text.TaskTelemetry_Init
                0x08021ef8      0x224 build/Task_Telemetry.o
                0x08021ef8                TaskTelemetry_Init
 .text.Telemetry_blink
                0x0802211c       0x54 build/Task_Telemetry.o
                0x0802211c                Telemetry_blink
 .text.TaskTelemetry_Core
                0x08022170       0x40 build/Task_Telemetry.o
                0x08022170                TaskTelemetry_Core
 .text.TaskControl_Init
                0x080221b0       0x2c build/Task_Control.o
                0x080221b0                TaskControl_Init
 .text.TaskControl_Core
                0x080221dc      0x120 build/Task_Control.o
                0x080221dc                TaskControl_Core
 .text.BspGPIO_GetEXTI_Index
                0x080222fc       0x16 build/Bsp_GPIO.o
 *fill*         0x08022312        0x2 
 .text.BspGPIO_CLK_Enable
                0x08022314      0x1c4 build/Bsp_GPIO.o
 .text.BspGPIO_ResetExtiCallback
                0x080224d8       0x24 build/Bsp_GPIO.o
 .text.BspGPIO_Write
                0x080224fc        0x8 build/Bsp_GPIO.o
 .text.BspGPIO_Alternate_Init
                0x08022504       0x32 build/Bsp_GPIO.o
 .text.BspGPIO_Input_Init
                0x08022536       0x2e build/Bsp_GPIO.o
 .text.BspGPIO_Output_Init
                0x08022564       0x3e build/Bsp_GPIO.o
 .text.BspGPIO_GetExti_IRQnID
                0x080225a2       0xcc build/Bsp_GPIO.o
 .text.BspGPIO_ExtiSetMode
                0x0802266e       0x8e build/Bsp_GPIO.o
 .text.BspGPIO_ExtiInit
                0x080226fc       0x74 build/Bsp_GPIO.o
 .text.BspGPIO_Read
                0x08022770       0x20 build/Bsp_GPIO.o
 .text.HAL_GPIO_EXTI_Callback
                0x08022790       0x18 build/Bsp_GPIO.o
                0x08022790                HAL_GPIO_EXTI_Callback
 .text.BspSPI_PinCLK_Enable
                0x080227a8      0x198 build/Bsp_SPI.o
 .text.BspSPI_Set_CLKSpeed
                0x08022940        0xc build/Bsp_SPI.o
 .text.BspSPI_TransReceive
                0x0802294c       0x1a build/Bsp_SPI.o
 .text.BspSPI_Receive
                0x08022966       0x10 build/Bsp_SPI.o
 .text.BspSPI_Trans
                0x08022976       0x10 build/Bsp_SPI.o
 *fill*         0x08022986        0x2 
 .text.BspSPI_DeInit
                0x08022988       0xd4 build/Bsp_SPI.o
 .text.BspSPI_PinInit
                0x08022a5c       0x68 build/Bsp_SPI.o
 .text.BspSPI_NormalMode_Init
                0x08022ac4      0x178 build/Bsp_SPI.o
 .text.BspSDMMC_PinCLK_Enable
                0x08022c3c      0x198 build/Bsp_SDMMC.o
 .text.BspSDMMC_GetInfo
                0x08022dd4       0x2e build/Bsp_SDMMC.o
 .text.BspSDMMC_GetStatus
                0x08022e02       0x18 build/Bsp_SDMMC.o
 .text.BspSDMMC_Erase
                0x08022e1a       0x12 build/Bsp_SDMMC.o
 .text.BspSDMMC_Write
                0x08022e2c       0x60 build/Bsp_SDMMC.o
 .text.BspSDMMC_Read
                0x08022e8c       0x60 build/Bsp_SDMMC.o
 .text.BspSDMMC_PortCLK_Init
                0x08022eec       0x60 build/Bsp_SDMMC.o
 .text.BspSDMMC_Pin_Init
                0x08022f4c       0xa0 build/Bsp_SDMMC.o
 .text.BspSDMMC_MDMA_Init
                0x08022fec       0x80 build/Bsp_SDMMC.o
 .text.BspSDMMC_Init
                0x0802306c       0xa8 build/Bsp_SDMMC.o
 .text.HAL_SD_TxCpltCallback
                0x08023114       0x20 build/Bsp_SDMMC.o
                0x08023114                HAL_SD_TxCpltCallback
 .text.HAL_SD_RxCpltCallback
                0x08023134       0x20 build/Bsp_SDMMC.o
                0x08023134                HAL_SD_RxCpltCallback
 .text.HAL_SD_ErrorCallback
                0x08023154       0x28 build/Bsp_SDMMC.o
                0x08023154                HAL_SD_ErrorCallback
 .text.BspUart_Transfer
                0x0802317c       0x84 build/Bsp_Uart.o
 .text.BspUart_Set_DataBit
                0x08023200       0x24 build/Bsp_Uart.o
                0x08023200                BspUart_Set_DataBit
 .text.BspUart_Set_Parity
                0x08023224       0x24 build/Bsp_Uart.o
                0x08023224                BspUart_Set_Parity
 .text.BspUart_Set_StopBit
                0x08023248       0x24 build/Bsp_Uart.o
                0x08023248                BspUart_Set_StopBit
 .text.BspUart_Swap_Pin
                0x0802326c       0x52 build/Bsp_Uart.o
                0x0802326c                BspUart_Swap_Pin
 *fill*         0x080232be        0x2 
 .text.BspUart_Init_Clock
                0x080232c0      0x118 build/Bsp_Uart.o
 .text.BspUart_Init_DMA
                0x080233d8      0x118 build/Bsp_Uart.o
 .text.BspUart_SetIRQ
                0x080234f0       0x5c build/Bsp_Uart.o
 .text.BspUart_Init
                0x0802354c      0x174 build/Bsp_Uart.o
 .text.BSP_UART_DMAStopRx
                0x080236c0       0x58 build/Bsp_Uart.o
 .text.BspUart_GetObj_Handle
                0x08023718       0x18 build/Bsp_Uart.o
                0x08023718                BspUart_GetObj_Handle
 .text.UART_IRQ_Callback
                0x08023730      0x140 build/Bsp_Uart.o
                0x08023730                UART_IRQ_Callback
 .text.HAL_UART_RxCpltCallback
                0x08023870       0xbc build/Bsp_Uart.o
                0x08023870                HAL_UART_RxCpltCallback
 .text.HAL_UART_TxCpltCallback
                0x0802392c       0x48 build/Bsp_Uart.o
                0x0802392c                HAL_UART_TxCpltCallback
 .text.BspDMA_Get_Instance
                0x08023974       0x7c build/Bsp_DMA.o
 .text.BspDMA_Regist_Obj
                0x080239f0       0x4c build/Bsp_DMA.o
 .text.BspDMA_Unregist_Obj
                0x08023a3c       0x38 build/Bsp_DMA.o
 .text.BspDMA_Get_Handle
                0x08023a74       0x2c build/Bsp_DMA.o
 .text.BspDMA_EnableIRQ
                0x08023aa0       0x80 build/Bsp_DMA.o
 .text.BspTimer_Get_DMA_Request
                0x08023b20       0xc8 build/Bsp_Timer.o
 .text.BspTimer_SetPreScale
                0x08023be8        0xc build/Bsp_Timer.o
 .text.BspTimer_SetAutoReload
                0x08023bf4       0x10 build/Bsp_Timer.o
 .text.BspTimer_DMA_Callback
                0x08023c04       0x4c build/Bsp_Timer.o
 .text.BspTimer_DMA_Start
                0x08023c50       0x5e build/Bsp_Timer.o
 *fill*         0x08023cae        0x2 
 .text.BspTimer_PWM_Start
                0x08023cb0       0x20 build/Bsp_Timer.o
 .text.BspTimer_PWM_InitMonit
                0x08023cd0      0x150 build/Bsp_Timer.o
 .text.BspTimer_PWM_Init
                0x08023e20      0x1d0 build/Bsp_Timer.o
 .text.Dev_MPU6000_Regs_Read
                0x08023ff0       0x5a build/Dev_MPU6000.o
 .text.DevMPU6000_Reg_Read
                0x0802404a       0x54 build/Dev_MPU6000.o
 .text.DevMPU6000_Reg_Write
                0x0802409e       0x48 build/Dev_MPU6000.o
 *fill*         0x080240e6        0x2 
 .text.DevMPU6000_Config
                0x080240e8       0x98 build/Dev_MPU6000.o
 .text.DevMPU6000_PreInit
                0x08024180        0xc build/Dev_MPU6000.o
 .text.DevMPU6000_Init
                0x0802418c      0x17e build/Dev_MPU6000.o
 .text.DevMPU6000_Get_InitError
                0x0802430a        0x6 build/Dev_MPU6000.o
 .text.DevMPU6000_SetDRDY
                0x08024310        0x6 build/Dev_MPU6000.o
 .text.DevMPU6000_GetReady
                0x08024316        0x4 build/Dev_MPU6000.o
 .text.DevMPU6000_SwReset
                0x0802431a        0x4 build/Dev_MPU6000.o
 .text.DevMPU6000_Sample
                0x0802431e       0xf0 build/Dev_MPU6000.o
 .text.DevMPU6000_Get_Scale
                0x0802440e       0x2a build/Dev_MPU6000.o
 .text.DevMPU6000_Get_Data
                0x08024438       0x36 build/Dev_MPU6000.o
 .text.DevICM20602_Reg_Read
                0x0802446e       0x54 build/Dev_ICM20602.o
 .text.DevICM20602_Reg_Write
                0x080244c2       0x48 build/Dev_ICM20602.o
 *fill*         0x0802450a        0x2 
 .text.DevICM20602_Config
                0x0802450c       0x7c build/Dev_ICM20602.o
 .text.DevICM20602_PreInit
                0x08024588        0xc build/Dev_ICM20602.o
 .text.DevICM20602_SetDRDY
                0x08024594        0x6 build/Dev_ICM20602.o
 .text.DevICM20602_SwReset
                0x0802459a       0x1a build/Dev_ICM20602.o
 .text.DevICM20602_Init
                0x080245b4      0x184 build/Dev_ICM20602.o
 .text.DevICM20602_GetReady
                0x08024738        0x4 build/Dev_ICM20602.o
 .text.DevICM20602_Sample
                0x0802473c        0xa build/Dev_ICM20602.o
 .text.DevICM20602_Get_InitError
                0x08024746        0x4 build/Dev_ICM20602.o
 .text.DevICM20602_Get_Scale
                0x0802474a       0x2a build/Dev_ICM20602.o
 .text.DevICM20602_Get_Data
                0x08024774       0x3a build/Dev_ICM20602.o
 *fill*         0x080247ae        0x2 
 .text.DevLed_Init
                0x080247b0       0x28 build/Dev_Led.o
 .text.DevLed_Ctl
                0x080247d8       0x2c build/Dev_Led.o
 .text.DevCard_Init
                0x08024804       0xa0 build/Dev_Card.o
 .text.DevCard_GetError
                0x080248a4        0xc build/Dev_Card.o
 .text.DevCard_GetInfo
                0x080248b0       0x4a build/Dev_Card.o
 *fill*         0x080248fa        0x2 
 .text.DevCard_Write
                0x080248fc       0x4c build/Dev_Card.o
 .text.DevCard_Read
                0x08024948       0x48 build/Dev_Card.o
 .text.DevSBUS_Frame_Decode
                0x08024990      0x154 build/Dev_Sbus.o
 .text.DevSBUS_Init
                0x08024ae4       0x14 build/Dev_Sbus.o
 .text.crsf_crc8
                0x08024af8       0x28 build/Dev_CRSF.o
 .text.DevCESF_Get_Statistics
                0x08024b20       0x38 build/Dev_CRSF.o
 .text.DevCrsf_Init
                0x08024b58       0x24 build/Dev_CRSF.o
 .text.DevCRSF_Get_Channel
                0x08024b7c       0x3c build/Dev_CRSF.o
 .text.DevCRSF_Decode
                0x08024bb8      0x1a4 build/Dev_CRSF.o
 .text.DevCRSF_FIFO_In
                0x08024d5c       0xe4 build/Dev_CRSF.o
 .text.DevDshot_GetType_Clock
                0x08024e40       0x28 build/Dev_Dshot.o
 .text.DevDshot_Prepare_Packet
                0x08024e68       0x46 build/Dev_Dshot.o
 *fill*         0x08024eae        0x2 
 .text.DevDshot_Control
                0x08024eb0       0x70 build/Dev_Dshot.o
 .text.DevDshot_Command
                0x08024f20       0x5c build/Dev_Dshot.o
 .text.DevDshot_Init
                0x08024f7c       0xb0 build/Dev_Dshot.o
 .text.SrvIMU_PriIMU_Init
                0x0802502c       0xe0 build/Srv_IMUSample.o
 .text.SrvIMU_SecIMU_Init
                0x0802510c       0xe0 build/Srv_IMUSample.o
 .text.SrvIMU_PriIMU_CS_Ctl
                0x080251ec       0x1c build/Srv_IMUSample.o
 .text.SrvIMU_SecIMU_CS_Ctl
                0x08025208       0x1c build/Srv_IMUSample.o
 .text.SrvIMU_PriIMU_BusTrans_Rec
                0x08025224       0x24 build/Srv_IMUSample.o
 .text.SrvIMU_SecIMU_BusTrans_Rec
                0x08025248       0x24 build/Srv_IMUSample.o
 .text.SrvIMU_DataCheck
                0x0802526c      0x154 build/Srv_IMUSample.o
 .text.SrvIMU_Sample
                0x080253c0      0x2c4 build/Srv_IMUSample.o
 .text.SrvIMU_ErrorProc
                0x08025684       0x18 build/Srv_IMUSample.o
 .text.SrvIMU_PriIMU_ExtiCallback
                0x0802569c       0x24 build/Srv_IMUSample.o
 .text.SrvIMU_SecIMU_ExtiCallback
                0x080256c0       0x24 build/Srv_IMUSample.o
 .text.SrvIMU_PriDev_InitError
                0x080256e4        0x8 build/Srv_IMUSample.o
 .text.SrvIMU_SecDev_InitError
                0x080256ec        0x8 build/Srv_IMUSample.o
 .text.SrvIMU_AllModule_InitError
                0x080256f4        0x8 build/Srv_IMUSample.o
 .text.SrvIMU_Get_Data
                0x080256fc       0x84 build/Srv_IMUSample.o
 .text.SrvIMU_Init
                0x08025780      0x114 build/Srv_IMUSample.o
 .text.SrvReceiver_Create_SPIObj
                0x08025894        0x2 build/Srv_Receiver.o
 .text.SrvReceiver_Set_Invert
                0x08025896       0x2a build/Srv_Receiver.o
 .text.SrvReceiver_Check
                0x080258c0       0x46 build/Srv_Receiver.o
 .text.SrvReceiver_Get_Value
                0x08025906       0x80 build/Srv_Receiver.o
 .text.SrvReceiver_SerialDecode_Callback
                0x08025986      0x15e build/Srv_Receiver.o
 .text.SrvReceiver_Init
                0x08025ae4      0x1c8 build/Srv_Receiver.o
 .text.SrvReceiver_Create_UartObj
                0x08025cac       0x6a build/Srv_Receiver.o
 *fill*         0x08025d16        0x2 
 .text.SrvActuator_SetMotoSpinDir
                0x08025d18       0x84 build/Srv_Actuator.o
 .text.SrvActuator_Config_MotoSpinDir
                0x08025d9c       0x7c build/Srv_Actuator.o
 .text.SrvActuator_InvertMotoSpinDir
                0x08025e18       0x6c build/Srv_Actuator.o
 .text.SrvActuator_Get_NumData
                0x08025e84       0x2c build/Srv_Actuator.o
 .text.SrvActuator_GetModel
                0x08025eb0        0xc build/Srv_Actuator.o
 .text.SrvActuator_QuadDrone_MotoMixControl
                0x08025ebc      0x130 build/Srv_Actuator.o
 .text.SrvActuator_PipeData
                0x08025fec       0x90 build/Srv_Actuator.o
 .text.SrvActuator_MotoControl
                0x0802607c       0x24 build/Srv_Actuator.o
 .text.SrvActuator_Lock
                0x080260a0       0x5c build/Srv_Actuator.o
 .text.SrcActuator_Get_ChannelRemap
                0x080260fc       0xc0 build/Srv_Actuator.o
 .text.SrvActuator_Init
                0x080261bc      0x1dc build/Srv_Actuator.o
 .text.Srv_ComProto_Init
                0x08026398       0x28 build/Srv_ComProto.o
 .text.Srv_ComProto_GetType
                0x080263c0        0xc build/Srv_ComProto.o
 .text.SrvComProto_MsgEnable_Control
                0x080263cc        0xc build/Srv_ComProto.o
 .text.SrvComProto_MsgToStream
                0x080263d8       0x96 build/Srv_ComProto.o
 *fill*         0x0802646e        0x2 
 .text.SrvComProto_MavMsg_Raw_IMU
                0x08026470      0x1c8 build/Srv_ComProto.o
 .text.Srv_ComProto_MsgObj_Init
                0x08026638       0x8c build/Srv_ComProto.o
 .text.SrvDataHub_Get_Raw_IMU
                0x080266c4       0xe0 build/Srv_DataHub.o
 .text.SrvDataHub_Get_Scaled_IMU
                0x080267a4       0xe0 build/Srv_DataHub.o
 .text.SrvDataHub_Get_Raw_Mag
                0x08026884       0x60 build/Srv_DataHub.o
 .text.SrvDataHub_Get_Scaled_Mag
                0x080268e4       0x60 build/Srv_DataHub.o
 .text.SrvDataHub_Get_Arm
                0x08026944       0x34 build/Srv_DataHub.o
 .text.SrvDataHub_Get_Failsafe
                0x08026978       0x34 build/Srv_DataHub.o
 .text.SrvDataHub_Get_ControlMode
                0x080269ac       0x34 build/Srv_DataHub.o
 .text.SrvDataHub_Get_RcChannel
                0x080269e0       0x74 build/Srv_DataHub.o
 .text.SrvDataHub_Get_GimbalPercent
                0x08026a54       0x50 build/Srv_DataHub.o
 .text.SrvDataHub_Get_ServoChannel
                0x08026aa4       0x78 build/Srv_DataHub.o
 .text.SrvDataHub_Get_MotoChannel
                0x08026b1c       0x74 build/Srv_DataHub.o
 .text.SrvDataHub_Init
                0x08026b90       0x74 build/Srv_DataHub.o
 .text.SrvComProto_PipeRcTelemtryDataFinish_Callback
                0x08026c04      0x218 build/Srv_DataHub.o
 .text.LEndian2Word
                0x08026e1c       0x16 build/Data_Convert_Util.o
                0x08026e1c                LEndian2Word
 .text.LEndian2HalfWord
                0x08026e32        0xa build/Data_Convert_Util.o
                0x08026e32                LEndian2HalfWord
 .text.LEndianWord2BytesArray
                0x08026e3c       0x1e build/Data_Convert_Util.o
                0x08026e3c                LEndianWord2BytesArray
 .text.Queue_UpdateState
                0x08026e5a       0x46 build/queue.o
 .text.Queue_Push
                0x08026ea0       0x76 build/queue.o
 .text.Queue_Pop
                0x08026f16       0x84 build/queue.o
 .text.Queue_GetRemain
                0x08026f9a       0x16 build/queue.o
 .text.Queue_Check
                0x08026fb0       0x4c build/queue.o
 .text.Queue_GetState
                0x08026ffc        0xe build/queue.o
 .text.Queue_GetSize
                0x0802700a        0xe build/queue.o
 .text.Queue_PopTo
                0x08027018       0xda build/queue.o
 .text.Queue_Reset
                0x080270f2       0x36 build/queue.o
 .text.Queue_Create_WithCertainBuff
                0x08027128       0x4a build/queue.o
 .text.Queue_Create_Auto
                0x08027172       0x50 build/queue.o
 .text.Item_SwapLRData
                0x080271c2        0xa build/linked_list.o
 .text.List_Init
                0x080271cc       0x1c build/linked_list.o
                0x080271cc                List_Init
 .text.List_ItemClear
                0x080271e8       0x14 build/linked_list.o
                0x080271e8                List_ItemClear
 .text.List_ItemInit
                0x080271fc       0x10 build/linked_list.o
                0x080271fc                List_ItemInit
 .text.List_InsertToPrv
                0x0802720c       0x14 build/linked_list.o
                0x0802720c                List_InsertToPrv
 .text.List_InsertByOrder
                0x08027220       0x14 build/linked_list.o
                0x08027220                List_InsertByOrder
 .text.List_InsertByCondition
                0x08027234       0x3c build/linked_list.o
                0x08027234                List_InsertByCondition
 .text.List_Insert_Item
                0x08027270       0x38 build/linked_list.o
                0x08027270                List_Insert_Item
 .text.List_traverse
                0x080272a8       0x58 build/linked_list.o
                0x080272a8                List_traverse
 .text.Tree_Get_Depth
                0x08027300       0x2e build/binary_tree.o
 .text.Tree_Get_BalanceFactory
                0x0802732e       0x24 build/binary_tree.o
 .text.Tree_Search_RootNode
                0x08027352       0x16 build/binary_tree.o
 .text.TreeNode_RightRotate
                0x08027368       0x60 build/binary_tree.o
 .text.TreeNode_LeftRotate
                0x080273c8       0x60 build/binary_tree.o
 .text.TreeNoe_Dynamic_Trim
                0x08027428       0x5e build/binary_tree.o
 .text.TreeNode_Insert
                0x08027486       0x6a build/binary_tree.o
 .text.TreeNode_Update_BalanceFactory
                0x080274f0       0x36 build/binary_tree.o
 .text.Tree_RootUpdate
                0x08027526       0x1a build/binary_tree.o
 .text.TreeNode_Init
                0x08027540       0x48 build/binary_tree.o
 .text.TreeNode_Pre_Traverse
                0x08027588       0x26 build/binary_tree.o
 .text.TreeNode_Mid_Traverse
                0x080275ae       0x24 build/binary_tree.o
 .text.TreeNode_Bck_Traverse
                0x080275d2       0x24 build/binary_tree.o
 .text.Tree_Traverse
                0x080275f6       0x32 build/binary_tree.o
 .text.TreeNode_Search
                0x08027628       0x62 build/binary_tree.o
 .text.Tree_Search
                0x0802768a       0x3c build/binary_tree.o
 .text.Tree_Insert
                0x080276c6       0x50 build/binary_tree.o
 .text.BinaryTree_Create
                0x08027716       0x3e build/binary_tree.o
 .text.ReBoot   0x08027754       0x28 build/reboot.o
                0x08027754                ReBoot
 .text.Error_InsertPriority_Compare
                0x0802777c       0x44 build/error_log.o
 .text.Error_Search
                0x080277c0       0x52 build/error_log.o
 *fill*         0x08027812        0x2 
 .text.Error_Register
                0x08027814       0x38 build/error_log.o
 .text.Error_Set_Callback
                0x0802784c       0x20 build/error_log.o
 .text.Error_DescToQueue
                0x0802786c       0x6c build/error_log.o
 .text.ErrorTree_Create
                0x080278d8       0x80 build/error_log.o
 .text.Error_Proc
                0x08027958       0xe4 build/error_log.o
 .text.Error_Trigger
                0x08027a3c      0x124 build/error_log.o
 .text.Get_Bit_Index
                0x08027b60       0x16 build/util.o
                0x08027b60                Get_Bit_Index
 .text.Get_OnSet_Bit_Num
                0x08027b76       0x3a build/util.o
                0x08027b76                Get_OnSet_Bit_Num
 .text.DataPipe_TransError_Callback
                0x08027bb0       0x6c build/DataPipe.o
 .text.DataPipe_TransFinish_Callback
                0x08027c1c       0x74 build/DataPipe.o
 .text.DataPipe_Init
                0x08027c90       0x9c build/DataPipe.o
                0x08027c90                DataPipe_Init
 .text.DataPipe_SendTo
                0x08027d2c       0xdc build/DataPipe.o
                0x08027d2c                DataPipe_SendTo
 .text.MMU_InsertFreeBlock
                0x08027e08       0x68 build/mmu.o
 .text.MMU_Init
                0x08027e70       0x5c build/mmu.o
 .text.MMU_Malloc
                0x08027ecc       0xc0 build/mmu.o
                0x08027ecc                MMU_Malloc
 .text.MMU_Free
                0x08027f8c       0x3c build/mmu.o
                0x08027f8c                MMU_Free
 .text.Os_Idle_List_TraverseCallback
                0x08027fc8       0x2a build/scheduler.o
 *fill*         0x08027ff2        0x2 
 .text.Os_Set_TaskReady
                0x08027ff4       0x34 build/scheduler.o
 .text.Os_Clr_TaskReady
                0x08028028       0x38 build/scheduler.o
 .text.Os_Clr_TaskPending
                0x08028060       0x38 build/scheduler.o
 .text.Os_TaskExit
                0x08028098        0x2 build/scheduler.o
 *fill*         0x0802809a        0x2 
 .text.Os_Get_HighestRank_RdyTask
                0x0802809c       0x5c build/scheduler.o
 .text.Os_Get_HighestRank_PndTask
                0x080280f8       0x5c build/scheduler.o
 .text.Os_TaskPri_Compare
                0x08028154      0x164 build/scheduler.o
 .text.Os_ResetTask_Data
                0x080282b8       0x26 build/scheduler.o
 *fill*         0x080282de        0x2 
 .text.Os_TaskCrtList_TraverseCallback
                0x080282e0       0x40 build/scheduler.o
 .text.Os_Idle  0x08028320       0x68 build/scheduler.o
 .text.Os_Set_TaskStk
                0x08028388       0x58 build/scheduler.o
 .text.Os_CreateIdle
                0x080283e0       0x5c build/scheduler.o
 .text.Os_TaskExec
                0x0802843c      0x150 build/scheduler.o
 *fill*         0x0802858c        0x4 
 .text.Os_LoadFirstTask
                0x08028590       0x24 build/scheduler.o
                0x08028590                Os_LoadFirstTask
 *fill*         0x080285b4        0xc 
 .text.Os_SwitchContext
                0x080285c0       0x60 build/scheduler.o
                0x080285c0                Os_SwitchContext
 .text.Os_SwitchTaskStack
                0x08028620       0x28 build/scheduler.o
                0x08028620                Os_SwitchTaskStack
 .text.Os_Init  0x08028648       0x8c build/scheduler.o
                0x08028648                Os_Init
 .text.Os_Start
                0x080286d4       0x54 build/scheduler.o
                0x080286d4                Os_Start
 .text.Os_Regist_IdleObj
                0x08028728       0x50 build/scheduler.o
                0x08028728                Os_Regist_IdleObj
 .text.Os_CreateTask
                0x08028778      0x180 build/scheduler.o
                0x08028778                Os_CreateTask
 .text.Os_Set_TaskPending
                0x080288f8       0x34 build/scheduler.o
                0x080288f8                Os_Set_TaskPending
 .text.Os_SchedulerRun
                0x0802892c       0xe0 build/scheduler.o
 .text.Os_TaskCaller
                0x08028a0c       0x38 build/scheduler.o
 .text.Kernel_SetBASEPRI
                0x08028a44        0xe build/kernel.o
 *fill*         0x08028a52        0x2 
 .text.KernelClock_Init
                0x08028a54      0x164 build/kernel.o
 .text.Kernel_Init
                0x08028bb8        0xe build/kernel.o
                0x08028bb8                Kernel_Init
 *fill*         0x08028bc6        0x2 
 .text.Kernel_LoadProcess
                0x08028bc8       0x20 build/kernel.o
                0x08028bc8                Kernel_LoadProcess
 .text.Kernel_EnablePendSV
                0x08028be8       0x10 build/kernel.o
                0x08028be8                Kernel_EnablePendSV
 .text.Kernel_TriggerPendSV
                0x08028bf8       0x10 build/kernel.o
                0x08028bf8                Kernel_TriggerPendSV
 .text.Kernel_EnterCritical
                0x08028c08       0x18 build/kernel.o
                0x08028c08                Kernel_EnterCritical
 .text.Kernel_ExitCritical
                0x08028c20       0x28 build/kernel.o
                0x08028c20                Kernel_ExitCritical
 .text.Runtime_SetCallback
                0x08028c48       0x2c build/runtime.o
                0x08028c48                Runtime_SetCallback
 .text.Runtime_GetTickBase
                0x08028c74        0xc build/runtime.o
                0x08028c74                Runtime_GetTickBase
 .text.Runtime_Config
                0x08028c80       0xb4 build/runtime.o
                0x08028c80                Runtime_Config
 .text.Runtime_Start
                0x08028d34       0x24 build/runtime.o
                0x08028d34                Runtime_Start
 .text.RuntimeObj_Reset
                0x08028d58        0xa build/runtime.o
                0x08028d58                RuntimeObj_Reset
 .text.Get_TimeDifference_Between
                0x08028d62       0x1c build/runtime.o
                0x08028d62                Get_TimeDifference_Between
 *fill*         0x08028d7e        0x2 
 .text.Runtime_Tick
                0x08028d80       0x7c build/runtime.o
                0x08028d80                Runtime_Tick
 .text.Get_CurrentRunningUs
                0x08028dfc        0xc build/runtime.o
                0x08028dfc                Get_CurrentRunningUs
 .text.Get_CurrentRunningMs
                0x08028e08       0x18 build/runtime.o
                0x08028e08                Get_CurrentRunningMs
 .text.Get_CurrentRunningS
                0x08028e20       0x12 build/runtime.o
                0x08028e20                Get_CurrentRunningS
 *fill*         0x08028e32        0x2 
 .text.Get_TargetRunTime
                0x08028e34       0x14 build/runtime.o
                0x08028e34                Get_TargetRunTime
 .text.RuntimeObj_CompareWithCurrent
                0x08028e48       0x20 build/runtime.o
                0x08028e48                RuntimeObj_CompareWithCurrent
 .text.Runtime_DelayMs
                0x08028e68       0x2c build/runtime.o
                0x08028e68                Runtime_DelayMs
 .text.Disk_Get_MinWriteByte
                0x08028e94        0xc build/DiskIO.o
 .text.Disk_GetCard_Info
                0x08028ea0       0x18 build/DiskIO.o
 .text.Disk_Get_StartSectionOfCluster
                0x08028eb8       0x18 build/DiskIO.o
 .text.Disk_Search_FreeCluster
                0x08028ed0       0x80 build/DiskIO.o
 .text.Disk_GetClusterState
                0x08028f50       0x44 build/DiskIO.o
 .text.Disk_isFolder
                0x08028f94        0xe build/DiskIO.o
 *fill*         0x08028fa2        0x2 
 .text.Disk_Update_File_Cluster
                0x08028fa4       0x84 build/DiskIO.o
 .text.Disk_ExtModule_InitError
                0x08029028       0x18 build/DiskIO.o
 .text.Disk_FreeCluster_SearchError
                0x08029040       0x14 build/DiskIO.o
 .text.Disk_FSINFO_ReadError
                0x08029054       0x14 build/DiskIO.o
 .text.Disk_SFN_Match
                0x08029068       0x48 build/DiskIO.o
 .text.Disk_ClearCluster
                0x080290b0       0x58 build/DiskIO.o
 .text.ExtDisk_Init
                0x08029108       0x6c build/DiskIO.o
 .text.Disk_Get_NextCluster
                0x08029174       0x48 build/DiskIO.o
 .text.Disk_ParseFSINFO
                0x080291bc       0xd8 build/DiskIO.o
 .text.Disk_UpdateFSINFO
                0x08029294       0x84 build/DiskIO.o
 .text.Disk_Update_FreeCluster
                0x08029318       0xf4 build/DiskIO.o
 .text.Disk_Establish_ClusterLink
                0x0802940c       0xbc build/DiskIO.o
 .text.Disk_FileSize_Update
                0x080294c8       0x60 build/DiskIO.o
 .text.Disk_WriteFile_From_Head
                0x08029528       0xf4 build/DiskIO.o
 .text.Disk_WriteData_ToFile
                0x0802961c      0x2d4 build/DiskIO.o
 .text.Disk_GetPath_Layer
                0x080298f0       0x18 build/DiskIO.o
 .text.Disk_GetFolderName_ByIndex
                0x08029908       0xd0 build/DiskIO.o
 .text.Disk_SFN_LegallyCheck
                0x080299d8      0x158 build/DiskIO.o
 .text.Disk_Name_ConvertTo83Frame
                0x08029b30      0x104 build/DiskIO.o
 .text.Disk_Fill_Attr
                0x08029c34       0x98 build/DiskIO.o
 .text.Disk_Parse_Attribute
                0x08029ccc      0x194 build/DiskIO.o
 .text.Disk_MatchTaget
                0x08029e60      0x140 build/DiskIO.o
 .text.Disk_Get_DirStartCluster
                0x08029fa0       0xd2 build/DiskIO.o
 *fill*         0x0802a072        0x2 
 .text.Disk_Open
                0x0802a074       0xf0 build/DiskIO.o
 .text.Disk_WriteTo_TargetFFTable
                0x0802a164      0x3bc build/DiskIO.o
 .text.Disk_Create_Folder
                0x0802a520       0xca build/DiskIO.o
 *fill*         0x0802a5ea        0x2 
 .text.Disk_ParseMBR
                0x0802a5ec       0xe0 build/DiskIO.o
 .text.Disk_ParseDBR
                0x0802a6cc      0x1f4 build/DiskIO.o
 .text.Disk_Printf
                0x0802a8c0       0x48 build/DiskIO.o
 .text.Disk_Create_File
                0x0802a908      0x298 build/DiskIO.o
 .text.Disk_Init
                0x0802aba0      0x144 build/DiskIO.o
 .text.shellExtNumType
                0x0802ace4       0x50 build/shell_ext.o
 .text.shellExtToNum
                0x0802ad34       0x2e build/shell_ext.o
 *fill*         0x0802ad62        0x2 
 .text.shellExtParseChar
                0x0802ad64       0x88 build/shell_ext.o
 .text.shellExtParseString
                0x0802adec       0x40 build/shell_ext.o
 .text.shellExtParseNumber
                0x0802ae2c       0xbe build/shell_ext.o
 .text.shellExtParseVar
                0x0802aeea       0x1e build/shell_ext.o
 .text.shellExtParsePara
                0x0802af08       0x4a build/shell_ext.o
                0x0802af08                shellExtParsePara
 .text.shellExtRun
                0x0802af52       0xe6 build/shell_ext.o
                0x0802af52                shellExtRun
 .text.shellStringCopy
                0x0802b038       0x1a build/shell.o
 .text.shellStringCompare
                0x0802b052       0x22 build/shell.o
 .text.shellGetCommandDesc
                0x0802b074       0x22 build/shell.o
 .text.shellParserParam
                0x0802b096       0x8a build/shell.o
 .text.shellHistoryAdd
                0x0802b120       0x70 build/shell.o
 .text.shellRemoveParamQuotes
                0x0802b190       0x54 build/shell.o
 .text.shellGetCurrent
                0x0802b1e4       0x2c build/shell.o
                0x0802b1e4                shellGetCurrent
 .text.shellWriteByte
                0x0802b210       0x18 build/shell.o
                0x0802b210                shellWriteByte
 .text.shellRight
                0x0802b228       0x1a build/shell.o
                0x0802b228                shellRight
 .text.shellLeft
                0x0802b242       0x18 build/shell.o
                0x0802b242                shellLeft
 .text.shellWriteString
                0x0802b25a       0x18 build/shell.o
                0x0802b25a                shellWriteString
 *fill*         0x0802b272        0x2 
 .text.shellSetUser
                0x0802b274       0x60 build/shell.o
 .text.shellWriteCommandLine
                0x0802b2d4       0x60 build/shell.o
 .text.shellCheckPassword
                0x0802b334       0x40 build/shell.o
 .text.shellClear
                0x0802b374       0x14 build/shell.o
                0x0802b374                shellClear
 .text.shellCheckPermission
                0x0802b388       0x3c build/shell.o
                0x0802b388                shellCheckPermission
 .text.shellToHex
                0x0802b3c4       0x28 build/shell.o
                0x0802b3c4                shellToHex
 .text.shellGetCommandName
                0x0802b3ec       0x44 build/shell.o
 .text.shellToDec
                0x0802b430       0x5c build/shell.o
                0x0802b430                shellToDec
 .text.shellWriteReturnValue
                0x0802b48c       0x7c build/shell.o
 .text.shellListItem
                0x0802b508       0x90 build/shell.o
                0x0802b508                shellListItem
 .text.shellListCommand
                0x0802b598       0x48 build/shell.o
                0x0802b598                shellListCommand
 .text.shellCmds
                0x0802b5e0        0xe build/shell.o
                0x0802b5e0                shellCmds
 *fill*         0x0802b5ee        0x2 
 .text.shellListVar
                0x0802b5f0       0x4c build/shell.o
                0x0802b5f0                shellListVar
 .text.shellVars
                0x0802b63c        0xe build/shell.o
                0x0802b63c                shellVars
 *fill*         0x0802b64a        0x2 
 .text.shellListUser
                0x0802b64c       0x48 build/shell.o
                0x0802b64c                shellListUser
 .text.shellUsers
                0x0802b694        0xe build/shell.o
                0x0802b694                shellUsers
 *fill*         0x0802b6a2        0x2 
 .text.shellListKey
                0x0802b6a4       0x48 build/shell.o
                0x0802b6a4                shellListKey
 .text.shellKeys
                0x0802b6ec        0xe build/shell.o
                0x0802b6ec                shellKeys
 .text.shellListAll
                0x0802b6fa        0x8 build/shell.o
                0x0802b6fa                shellListAll
 *fill*         0x0802b702        0x2 
 .text.shellDeleteCommandLine
                0x0802b704       0x1c build/shell.o
                0x0802b704                shellDeleteCommandLine
 .text.shellClearCommandLine
                0x0802b720       0x28 build/shell.o
                0x0802b720                shellClearCommandLine
 .text.shellHistory
                0x0802b748       0x98 build/shell.o
 .text.shellUp  0x0802b7e0        0xa build/shell.o
                0x0802b7e0                shellUp
 .text.shellDown
                0x0802b7ea        0xc build/shell.o
                0x0802b7ea                shellDown
 *fill*         0x0802b7f6        0x2 
 .text.shellTab
                0x0802b7f8      0x114 build/shell.o
                0x0802b7f8                shellTab
 .text.shellDeleteByte
                0x0802b90c       0xc4 build/shell.o
                0x0802b90c                shellDeleteByte
 .text.shellBackspace
                0x0802b9d0        0xa build/shell.o
                0x0802b9d0                shellBackspace
 .text.shellDelete
                0x0802b9da        0xc build/shell.o
                0x0802b9da                shellDelete
 .text.shellSeekCommand
                0x0802b9e6       0x6e build/shell.o
                0x0802b9e6                shellSeekCommand
 .text.shellHelp
                0x0802ba54       0x7c build/shell.o
                0x0802ba54                shellHelp
 .text.shellGetVarValue
                0x0802bad0       0x44 build/shell.o
                0x0802bad0                shellGetVarValue
 .text.shellShowVar
                0x0802bb14       0xbc build/shell.o
 .text.shellSetVarValue
                0x0802bbd0       0x78 build/shell.o
                0x0802bbd0                shellSetVarValue
 .text.shellSetVar
                0x0802bc48       0x64 build/shell.o
                0x0802bc48                shellSetVar
 .text.shellRunCommand
                0x0802bcac       0x94 build/shell.o
                0x0802bcac                shellRunCommand
 .text.shellExec
                0x0802bd40       0x68 build/shell.o
                0x0802bd40                shellExec
 .text.shellEnter
                0x0802bda8       0x12 build/shell.o
                0x0802bda8                shellEnter
 *fill*         0x0802bdba        0x2 
 .text.USB_DEVICE_Init
                0x0802bdbc       0x54 build/usb_device.o
                0x0802bdbc                USB_DEVICE_Init
 .text.USBD_FS_DeviceDescriptor
                0x0802be10        0xc build/usbd_desc.o
                0x0802be10                USBD_FS_DeviceDescriptor
 .text.USBD_FS_LangIDStrDescriptor
                0x0802be1c        0xc build/usbd_desc.o
                0x0802be1c                USBD_FS_LangIDStrDescriptor
 .text.IntToUnicode
                0x0802be28       0x38 build/usbd_desc.o
 .text.Get_SerialNum
                0x0802be60       0x34 build/usbd_desc.o
 .text.USBD_FS_SerialStrDescriptor
                0x0802be94       0x14 build/usbd_desc.o
                0x0802be94                USBD_FS_SerialStrDescriptor
 .text.USBD_FS_ProductStrDescriptor
                0x0802bea8       0x24 build/usbd_desc.o
                0x0802bea8                USBD_FS_ProductStrDescriptor
 .text.USBD_FS_ManufacturerStrDescriptor
                0x0802becc       0x1c build/usbd_desc.o
                0x0802becc                USBD_FS_ManufacturerStrDescriptor
 .text.USBD_FS_ConfigStrDescriptor
                0x0802bee8       0x24 build/usbd_desc.o
                0x0802bee8                USBD_FS_ConfigStrDescriptor
 .text.USBD_FS_InterfaceStrDescriptor
                0x0802bf0c       0x24 build/usbd_desc.o
                0x0802bf0c                USBD_FS_InterfaceStrDescriptor
 .text.CDC_DeInit_FS
                0x0802bf30        0x4 build/usbd_cdc_if.o
 .text.CDC_Control_FS
                0x0802bf34        0x4 build/usbd_cdc_if.o
 .text.CDC_TransmitCplt_FS
                0x0802bf38        0x4 build/usbd_cdc_if.o
 .text.CDC_Receive_FS
                0x0802bf3c       0x2c build/usbd_cdc_if.o
 .text.CDC_Init_FS
                0x0802bf68       0x28 build/usbd_cdc_if.o
 .text.CDC_Transmit_FS
                0x0802bf90       0x2c build/usbd_cdc_if.o
                0x0802bf90                CDC_Transmit_FS
 .text.usb_printf
                0x0802bfbc       0x30 build/usbd_cdc_if.o
                0x0802bfbc                usb_printf
 .text.usb_setrec_callback
                0x0802bfec        0xc build/usbd_cdc_if.o
                0x0802bfec                usb_setrec_callback
 .text.HAL_PCD_MspInit
                0x0802bff8       0xac build/usbd_conf.o
                0x0802bff8                HAL_PCD_MspInit
 .text.HAL_PCD_SetupStageCallback
                0x0802c0a4       0x10 build/usbd_conf.o
                0x0802c0a4                HAL_PCD_SetupStageCallback
 .text.HAL_PCD_DataOutStageCallback
                0x0802c0b4       0x18 build/usbd_conf.o
                0x0802c0b4                HAL_PCD_DataOutStageCallback
 .text.HAL_PCD_DataInStageCallback
                0x0802c0cc       0x16 build/usbd_conf.o
                0x0802c0cc                HAL_PCD_DataInStageCallback
 .text.HAL_PCD_SOFCallback
                0x0802c0e2        0xc build/usbd_conf.o
                0x0802c0e2                HAL_PCD_SOFCallback
 .text.HAL_PCD_ResetCallback
                0x0802c0ee       0x24 build/usbd_conf.o
                0x0802c0ee                HAL_PCD_ResetCallback
 *fill*         0x0802c112        0x2 
 .text.HAL_PCD_SuspendCallback
                0x0802c114       0x30 build/usbd_conf.o
                0x0802c114                HAL_PCD_SuspendCallback
 .text.HAL_PCD_ResumeCallback
                0x0802c144        0xc build/usbd_conf.o
                0x0802c144                HAL_PCD_ResumeCallback
 .text.HAL_PCD_ISOOUTIncompleteCallback
                0x0802c150        0xc build/usbd_conf.o
                0x0802c150                HAL_PCD_ISOOUTIncompleteCallback
 .text.HAL_PCD_ISOINIncompleteCallback
                0x0802c15c        0xc build/usbd_conf.o
                0x0802c15c                HAL_PCD_ISOINIncompleteCallback
 .text.HAL_PCD_ConnectCallback
                0x0802c168        0xc build/usbd_conf.o
                0x0802c168                HAL_PCD_ConnectCallback
 .text.HAL_PCD_DisconnectCallback
                0x0802c174        0xc build/usbd_conf.o
                0x0802c174                HAL_PCD_DisconnectCallback
 .text.USBD_LL_Init
                0x0802c180       0x68 build/usbd_conf.o
                0x0802c180                USBD_LL_Init
 .text.USBD_LL_IsStallEP
                0x0802c1e8       0x2e build/usbd_conf.o
                0x0802c1e8                USBD_LL_IsStallEP
 .text.USBD_LL_GetRxDataSize
                0x0802c216        0xc build/usbd_conf.o
                0x0802c216                USBD_LL_GetRxDataSize
 *fill*         0x0802c222        0x2 
 .text.USBD_static_malloc
                0x0802c224        0x8 build/usbd_conf.o
                0x0802c224                USBD_static_malloc
 .text.USBD_static_free
                0x0802c22c        0x2 build/usbd_conf.o
                0x0802c22c                USBD_static_free
 .text.USBD_Get_USB_Status
                0x0802c22e       0x14 build/usbd_conf.o
                0x0802c22e                USBD_Get_USB_Status
 .text.USBD_LL_Start
                0x0802c242       0x10 build/usbd_conf.o
                0x0802c242                USBD_LL_Start
 .text.USBD_LL_OpenEP
                0x0802c252       0x16 build/usbd_conf.o
                0x0802c252                USBD_LL_OpenEP
 .text.USBD_LL_CloseEP
                0x0802c268       0x10 build/usbd_conf.o
                0x0802c268                USBD_LL_CloseEP
 .text.USBD_LL_StallEP
                0x0802c278       0x10 build/usbd_conf.o
                0x0802c278                USBD_LL_StallEP
 .text.USBD_LL_ClearStallEP
                0x0802c288       0x10 build/usbd_conf.o
                0x0802c288                USBD_LL_ClearStallEP
 .text.USBD_LL_SetUSBAddress
                0x0802c298       0x10 build/usbd_conf.o
                0x0802c298                USBD_LL_SetUSBAddress
 .text.USBD_LL_Transmit
                0x0802c2a8       0x10 build/usbd_conf.o
                0x0802c2a8                USBD_LL_Transmit
 .text.USBD_LL_PrepareReceive
                0x0802c2b8       0x10 build/usbd_conf.o
                0x0802c2b8                USBD_LL_PrepareReceive
 .text.USBD_Init
                0x0802c2c8       0x38 build/usbd_core.o
                0x0802c2c8                USBD_Init
 .text.USBD_RegisterClass
                0x0802c300       0x28 build/usbd_core.o
                0x0802c300                USBD_RegisterClass
 .text.USBD_Start
                0x0802c328        0x8 build/usbd_core.o
                0x0802c328                USBD_Start
 .text.USBD_SetClassConfig
                0x0802c330       0x12 build/usbd_core.o
                0x0802c330                USBD_SetClassConfig
 .text.USBD_ClrClassConfig
                0x0802c342       0x10 build/usbd_core.o
                0x0802c342                USBD_ClrClassConfig
 .text.USBD_LL_SetupStage
                0x0802c352       0x58 build/usbd_core.o
                0x0802c352                USBD_LL_SetupStage
 .text.USBD_LL_DataOutStage
                0x0802c3aa       0x72 build/usbd_core.o
                0x0802c3aa                USBD_LL_DataOutStage
 .text.USBD_LL_DataInStage
                0x0802c41c       0xb8 build/usbd_core.o
                0x0802c41c                USBD_LL_DataInStage
 .text.USBD_LL_Reset
                0x0802c4d4       0x52 build/usbd_core.o
                0x0802c4d4                USBD_LL_Reset
 .text.USBD_LL_SetSpeed
                0x0802c526        0x6 build/usbd_core.o
                0x0802c526                USBD_LL_SetSpeed
 .text.USBD_LL_Suspend
                0x0802c52c       0x12 build/usbd_core.o
                0x0802c52c                USBD_LL_Suspend
 .text.USBD_LL_Resume
                0x0802c53e       0x16 build/usbd_core.o
                0x0802c53e                USBD_LL_Resume
 .text.USBD_LL_SOF
                0x0802c554       0x1c build/usbd_core.o
                0x0802c554                USBD_LL_SOF
 .text.USBD_LL_IsoINIncomplete
                0x0802c570        0x4 build/usbd_core.o
                0x0802c570                USBD_LL_IsoINIncomplete
 .text.USBD_LL_IsoOUTIncomplete
                0x0802c574        0x4 build/usbd_core.o
                0x0802c574                USBD_LL_IsoOUTIncomplete
 .text.USBD_LL_DevConnected
                0x0802c578        0x4 build/usbd_core.o
                0x0802c578                USBD_LL_DevConnected
 .text.USBD_LL_DevDisconnected
                0x0802c57c       0x18 build/usbd_core.o
                0x0802c57c                USBD_LL_DevDisconnected
 .text.USBD_GetLen
                0x0802c594       0x12 build/usbd_ctlreq.o
 .text.USBD_SetFeature
                0x0802c5a6       0x14 build/usbd_ctlreq.o
 .text.USBD_ParseSetupRequest
                0x0802c5ba       0x28 build/usbd_ctlreq.o
                0x0802c5ba                USBD_ParseSetupRequest
 .text.USBD_CtlError
                0x0802c5e2       0x14 build/usbd_ctlreq.o
                0x0802c5e2                USBD_CtlError
 .text.USBD_GetDescriptor
                0x0802c5f6      0x18a build/usbd_ctlreq.o
 .text.USBD_SetAddress
                0x0802c780       0x4e build/usbd_ctlreq.o
 *fill*         0x0802c7ce        0x2 
 .text.USBD_SetConfig
                0x0802c7d0       0xc4 build/usbd_ctlreq.o
 .text.USBD_GetConfig
                0x0802c894       0x3e build/usbd_ctlreq.o
 .text.USBD_GetStatus
                0x0802c8d2       0x38 build/usbd_ctlreq.o
 .text.USBD_ClrFeature
                0x0802c90a       0x26 build/usbd_ctlreq.o
 .text.USBD_StdDevReq
                0x0802c930       0x70 build/usbd_ctlreq.o
                0x0802c930                USBD_StdDevReq
 .text.USBD_StdItfReq
                0x0802c9a0       0x68 build/usbd_ctlreq.o
                0x0802c9a0                USBD_StdItfReq
 .text.USBD_StdEPReq
                0x0802ca08      0x212 build/usbd_ctlreq.o
                0x0802ca08                USBD_StdEPReq
 .text.USBD_GetString
                0x0802cc1a       0x36 build/usbd_ctlreq.o
                0x0802cc1a                USBD_GetString
 .text.USBD_CtlSendData
                0x0802cc50       0x1a build/usbd_ioreq.o
                0x0802cc50                USBD_CtlSendData
 .text.USBD_CtlContinueSendData
                0x0802cc6a       0x10 build/usbd_ioreq.o
                0x0802cc6a                USBD_CtlContinueSendData
 .text.USBD_CtlPrepareRx
                0x0802cc7a       0x1e build/usbd_ioreq.o
                0x0802cc7a                USBD_CtlPrepareRx
 .text.USBD_CtlContinueRx
                0x0802cc98       0x10 build/usbd_ioreq.o
                0x0802cc98                USBD_CtlContinueRx
 .text.USBD_CtlSendStatus
                0x0802cca8       0x16 build/usbd_ioreq.o
                0x0802cca8                USBD_CtlSendStatus
 .text.USBD_CtlReceiveStatus
                0x0802ccbe       0x16 build/usbd_ioreq.o
                0x0802ccbe                USBD_CtlReceiveStatus
 .text.USBD_CDC_EP0_RxReady
                0x0802ccd4       0x28 build/usbd_cdc.o
 .text.USBD_CDC_GetFSCfgDesc
                0x0802ccfc        0xc build/usbd_cdc.o
 .text.USBD_CDC_GetHSCfgDesc
                0x0802cd08        0xc build/usbd_cdc.o
 .text.USBD_CDC_GetOtherSpeedCfgDesc
                0x0802cd14        0xc build/usbd_cdc.o
 .text.USBD_CDC_GetDeviceQualifierDescriptor
                0x0802cd20        0xc build/usbd_cdc.o
                0x0802cd20                USBD_CDC_GetDeviceQualifierDescriptor
 .text.USBD_CDC_DataOut
                0x0802cd2c       0x2a build/usbd_cdc.o
 .text.USBD_CDC_DataIn
                0x0802cd56       0x64 build/usbd_cdc.o
 .text.USBD_CDC_Setup
                0x0802cdba       0xe0 build/usbd_cdc.o
 .text.USBD_CDC_DeInit
                0x0802ce9a       0x48 build/usbd_cdc.o
 .text.USBD_CDC_Init
                0x0802cee2       0xc2 build/usbd_cdc.o
 .text.USBD_CDC_RegisterInterface
                0x0802cfa4        0xe build/usbd_cdc.o
                0x0802cfa4                USBD_CDC_RegisterInterface
 .text.USBD_CDC_SetTxBuffer
                0x0802cfb2       0x10 build/usbd_cdc.o
                0x0802cfb2                USBD_CDC_SetTxBuffer
 .text.USBD_CDC_SetRxBuffer
                0x0802cfc2        0xc build/usbd_cdc.o
                0x0802cfc2                USBD_CDC_SetRxBuffer
 .text.USBD_CDC_TransmitPacket
                0x0802cfce       0x34 build/usbd_cdc.o
                0x0802cfce                USBD_CDC_TransmitPacket
 .text.USBD_CDC_ReceivePacket
                0x0802d002       0x32 build/usbd_cdc.o
                0x0802d002                USBD_CDC_ReceivePacket
 .text.NMI_Handler
                0x0802d034        0x2 build/stm32h7xx_it.o
                0x0802d034                NMI_Handler
 .text.HardFault_Handler
                0x0802d036        0x2 build/stm32h7xx_it.o
                0x0802d036                HardFault_Handler
 .text.MemManage_Handler
                0x0802d038        0x2 build/stm32h7xx_it.o
                0x0802d038                MemManage_Handler
 .text.BusFault_Handler
                0x0802d03a        0x2 build/stm32h7xx_it.o
                0x0802d03a                BusFault_Handler
 .text.UsageFault_Handler
                0x0802d03c        0x2 build/stm32h7xx_it.o
                0x0802d03c                UsageFault_Handler
 .text.SVC_Handler
                0x0802d03e        0xc build/stm32h7xx_it.o
                0x0802d03e                SVC_Handler
 .text.DebugMon_Handler
                0x0802d04a        0x2 build/stm32h7xx_it.o
                0x0802d04a                DebugMon_Handler
 .text.PendSV_Handler
                0x0802d04c        0x8 build/stm32h7xx_it.o
                0x0802d04c                PendSV_Handler
 .text.SysTick_Handler
                0x0802d054       0x54 build/stm32h7xx_it.o
                0x0802d054                SysTick_Handler
 .text.OTG_FS_IRQHandler
                0x0802d0a8       0x10 build/stm32h7xx_it.o
                0x0802d0a8                OTG_FS_IRQHandler
 .text.EXTI0_IRQHandler
                0x0802d0b8        0xa build/stm32h7xx_it.o
                0x0802d0b8                EXTI0_IRQHandler
 .text.EXTI1_IRQHandler
                0x0802d0c2        0xa build/stm32h7xx_it.o
                0x0802d0c2                EXTI1_IRQHandler
 .text.EXTI2_IRQHandler
                0x0802d0cc        0xa build/stm32h7xx_it.o
                0x0802d0cc                EXTI2_IRQHandler
 .text.EXTI3_IRQHandler
                0x0802d0d6        0xa build/stm32h7xx_it.o
                0x0802d0d6                EXTI3_IRQHandler
 .text.EXTI4_IRQHandler
                0x0802d0e0        0xa build/stm32h7xx_it.o
                0x0802d0e0                EXTI4_IRQHandler
 .text.EXTI9_5_IRQHandler
                0x0802d0ea       0x26 build/stm32h7xx_it.o
                0x0802d0ea                EXTI9_5_IRQHandler
 .text.EXTI15_10_IRQHandler
                0x0802d110       0x34 build/stm32h7xx_it.o
                0x0802d110                EXTI15_10_IRQHandler
 .text.SDMMC1_IRQHandler
                0x0802d144       0x10 build/stm32h7xx_it.o
                0x0802d144                SDMMC1_IRQHandler
 .text.MDMA_IRQHandler
                0x0802d154       0x10 build/stm32h7xx_it.o
                0x0802d154                MDMA_IRQHandler
 .text.DMA2_Stream7_IRQHandler
                0x0802d164       0x10 build/stm32h7xx_it.o
                0x0802d164                DMA2_Stream7_IRQHandler
 .text.DMA1_Stream0_IRQHandler
                0x0802d174       0x18 build/stm32h7xx_it.o
                0x0802d174                DMA1_Stream0_IRQHandler
 .text.DMA1_Stream1_IRQHandler
                0x0802d18c       0x18 build/stm32h7xx_it.o
                0x0802d18c                DMA1_Stream1_IRQHandler
 .text.DMA1_Stream2_IRQHandler
                0x0802d1a4       0x18 build/stm32h7xx_it.o
                0x0802d1a4                DMA1_Stream2_IRQHandler
 .text.DMA1_Stream3_IRQHandler
                0x0802d1bc       0x18 build/stm32h7xx_it.o
                0x0802d1bc                DMA1_Stream3_IRQHandler
 .text.DMA1_Stream4_IRQHandler
                0x0802d1d4       0x18 build/stm32h7xx_it.o
                0x0802d1d4                DMA1_Stream4_IRQHandler
 .text.DMA1_Stream5_IRQHandler
                0x0802d1ec       0x18 build/stm32h7xx_it.o
                0x0802d1ec                DMA1_Stream5_IRQHandler
 .text.UART4_IRQHandler
                0x0802d204       0x24 build/stm32h7xx_it.o
                0x0802d204                UART4_IRQHandler
 .text.USART6_IRQHandler
                0x0802d228       0x24 build/stm32h7xx_it.o
                0x0802d228                USART6_IRQHandler
 .text.UART7_IRQHandler
                0x0802d24c       0x24 build/stm32h7xx_it.o
                0x0802d24c                UART7_IRQHandler
 .text.SystemInit
                0x0802d270       0xcc build/system_stm32h7xx.o
                0x0802d270                SystemInit
 .text.SystemCoreClockUpdate
                0x0802d33c      0x214 build/system_stm32h7xx.o
                0x0802d33c                SystemCoreClockUpdate
 .text.HAL_MspInit
                0x0802d550        0x2 build/stm32h7xx_hal.o
                0x0802d550                HAL_MspInit
 *fill*         0x0802d552        0x2 
 .text.HAL_InitTick
                0x0802d554       0x50 build/stm32h7xx_hal.o
                0x0802d554                HAL_InitTick
 .text.HAL_Init
                0x0802d5a4       0x5c build/stm32h7xx_hal.o
                0x0802d5a4                HAL_Init
 .text.HAL_IncTick
                0x0802d600       0x18 build/stm32h7xx_hal.o
                0x0802d600                HAL_IncTick
 .text.HAL_GetTick
                0x0802d618        0xc build/stm32h7xx_hal.o
                0x0802d618                HAL_GetTick
 .text.HAL_Delay
                0x0802d624       0x28 build/stm32h7xx_hal.o
                0x0802d624                HAL_Delay
 .text.HAL_GetREVID
                0x0802d64c        0xc build/stm32h7xx_hal.o
                0x0802d64c                HAL_GetREVID
 .text.HAL_NVIC_SetPriorityGrouping
                0x0802d658       0x24 build/stm32h7xx_hal_cortex.o
                0x0802d658                HAL_NVIC_SetPriorityGrouping
 .text.HAL_NVIC_SetPriority
                0x0802d67c       0x64 build/stm32h7xx_hal_cortex.o
                0x0802d67c                HAL_NVIC_SetPriority
 .text.HAL_NVIC_EnableIRQ
                0x0802d6e0       0x1c build/stm32h7xx_hal_cortex.o
                0x0802d6e0                HAL_NVIC_EnableIRQ
 .text.HAL_NVIC_DisableIRQ
                0x0802d6fc       0x24 build/stm32h7xx_hal_cortex.o
                0x0802d6fc                HAL_NVIC_DisableIRQ
 .text.HAL_SYSTICK_Config
                0x0802d720       0x2c build/stm32h7xx_hal_cortex.o
                0x0802d720                HAL_SYSTICK_Config
 .text.HAL_RCC_OscConfig
                0x0802d74c      0x674 build/stm32h7xx_hal_rcc.o
                0x0802d74c                HAL_RCC_OscConfig
 .text.HAL_RCC_GetSysClockFreq
                0x0802ddc0      0x1f4 build/stm32h7xx_hal_rcc.o
                0x0802ddc0                HAL_RCC_GetSysClockFreq
 .text.HAL_RCC_ClockConfig
                0x0802dfb4      0x294 build/stm32h7xx_hal_rcc.o
                0x0802dfb4                HAL_RCC_ClockConfig
 .text.HAL_RCC_GetHCLKFreq
                0x0802e248       0x44 build/stm32h7xx_hal_rcc.o
                0x0802e248                HAL_RCC_GetHCLKFreq
 .text.HAL_RCC_GetPCLK1Freq
                0x0802e28c       0x24 build/stm32h7xx_hal_rcc.o
                0x0802e28c                HAL_RCC_GetPCLK1Freq
 .text.HAL_RCC_GetPCLK2Freq
                0x0802e2b0       0x24 build/stm32h7xx_hal_rcc.o
                0x0802e2b0                HAL_RCC_GetPCLK2Freq
 .text.TIM_OC1_SetConfig
                0x0802e2d4       0xa4 build/stm32h7xx_hal_tim.o
 .text.TIM_OC3_SetConfig
                0x0802e378       0x94 build/stm32h7xx_hal_tim.o
 .text.TIM_OC4_SetConfig
                0x0802e40c       0x74 build/stm32h7xx_hal_tim.o
 .text.TIM_OC5_SetConfig
                0x0802e480       0x74 build/stm32h7xx_hal_tim.o
 .text.TIM_OC6_SetConfig
                0x0802e4f4       0x74 build/stm32h7xx_hal_tim.o
 .text.HAL_TIM_PWM_MspInit
                0x0802e568        0x2 build/stm32h7xx_hal_tim.o
                0x0802e568                HAL_TIM_PWM_MspInit
 *fill*         0x0802e56a        0x2 
 .text.TIM_Base_SetConfig
                0x0802e56c      0x100 build/stm32h7xx_hal_tim.o
                0x0802e56c                TIM_Base_SetConfig
 .text.HAL_TIM_PWM_Init
                0x0802e66c       0x60 build/stm32h7xx_hal_tim.o
                0x0802e66c                HAL_TIM_PWM_Init
 .text.TIM_OC2_SetConfig
                0x0802e6cc       0x94 build/stm32h7xx_hal_tim.o
                0x0802e6cc                TIM_OC2_SetConfig
 .text.HAL_TIM_PWM_ConfigChannel
                0x0802e760      0x13a build/stm32h7xx_hal_tim.o
                0x0802e760                HAL_TIM_PWM_ConfigChannel
 .text.TIM_CCxChannelCmd
                0x0802e89a       0x24 build/stm32h7xx_hal_tim.o
                0x0802e89a                TIM_CCxChannelCmd
 *fill*         0x0802e8be        0x2 
 .text.HAL_TIM_PWM_Start
                0x0802e8c0      0x168 build/stm32h7xx_hal_tim.o
                0x0802e8c0                HAL_TIM_PWM_Start
 .text.HAL_TIMEx_MasterConfigSynchronization
                0x0802ea28       0xa0 build/stm32h7xx_hal_tim_ex.o
                0x0802ea28                HAL_TIMEx_MasterConfigSynchronization
 .text.RCCEx_PLL2_Config
                0x0802eac8      0x10c build/stm32h7xx_hal_rcc_ex.o
 .text.RCCEx_PLL3_Config
                0x0802ebd4      0x10c build/stm32h7xx_hal_rcc_ex.o
 .text.HAL_RCCEx_PeriphCLKConfig
                0x0802ece0      0x9c4 build/stm32h7xx_hal_rcc_ex.o
                0x0802ece0                HAL_RCCEx_PeriphCLKConfig
 .text.HAL_RCCEx_GetD3PCLK1Freq
                0x0802f6a4       0x24 build/stm32h7xx_hal_rcc_ex.o
                0x0802f6a4                HAL_RCCEx_GetD3PCLK1Freq
 .text.HAL_RCCEx_GetPLL2ClockFreq
                0x0802f6c8      0x1fc build/stm32h7xx_hal_rcc_ex.o
                0x0802f6c8                HAL_RCCEx_GetPLL2ClockFreq
 .text.HAL_RCCEx_GetPLL3ClockFreq
                0x0802f8c4      0x1fc build/stm32h7xx_hal_rcc_ex.o
                0x0802f8c4                HAL_RCCEx_GetPLL3ClockFreq
 .text.HAL_RCCEx_GetPLL1ClockFreq
                0x0802fac0      0x1fc build/stm32h7xx_hal_rcc_ex.o
                0x0802fac0                HAL_RCCEx_GetPLL1ClockFreq
 .text.HAL_RCCEx_GetPeriphCLKFreq
                0x0802fcbc      0x614 build/stm32h7xx_hal_rcc_ex.o
                0x0802fcbc                HAL_RCCEx_GetPeriphCLKFreq
 .text.UART_EndTxTransfer
                0x080302d0       0x32 build/stm32h7xx_hal_uart.o
 *fill*         0x08030302        0x2 
 .text.UART_EndRxTransfer
                0x08030304       0x58 build/stm32h7xx_hal_uart.o
 .text.HAL_UART_MspInit
                0x0803035c        0x2 build/stm32h7xx_hal_uart.o
                0x0803035c                HAL_UART_MspInit
 *fill*         0x0803035e        0x2 
 .text.HAL_UART_Transmit_DMA
                0x08030360       0xc0 build/stm32h7xx_hal_uart.o
                0x08030360                HAL_UART_Transmit_DMA
 .text.UART_DMATransmitCplt
                0x08030420       0x46 build/stm32h7xx_hal_uart.o
 .text.UART_EndTransmit_IT
                0x08030466       0x24 build/stm32h7xx_hal_uart.o
 .text.HAL_UART_TxHalfCpltCallback
                0x0803048a        0x2 build/stm32h7xx_hal_uart.o
                0x0803048a                HAL_UART_TxHalfCpltCallback
 .text.UART_DMATxHalfCplt
                0x0803048c        0xa build/stm32h7xx_hal_uart.o
 .text.HAL_UART_RxHalfCpltCallback
                0x08030496        0x2 build/stm32h7xx_hal_uart.o
                0x08030496                HAL_UART_RxHalfCpltCallback
 .text.HAL_UART_ErrorCallback
                0x08030498        0x2 build/stm32h7xx_hal_uart.o
                0x08030498                HAL_UART_ErrorCallback
 .text.UART_DMAError
                0x0803049a       0x58 build/stm32h7xx_hal_uart.o
 .text.UART_DMAAbortOnError
                0x080304f2       0x14 build/stm32h7xx_hal_uart.o
 .text.HAL_UARTEx_RxEventCallback
                0x08030506        0x2 build/stm32h7xx_hal_uart.o
                0x08030506                HAL_UARTEx_RxEventCallback
 .text.HAL_UART_IRQHandler
                0x08030508      0x3a4 build/stm32h7xx_hal_uart.o
                0x08030508                HAL_UART_IRQHandler
 .text.UART_RxISR_8BIT
                0x080308ac       0xb2 build/stm32h7xx_hal_uart.o
 .text.UART_RxISR_16BIT
                0x0803095e       0xb0 build/stm32h7xx_hal_uart.o
 *fill*         0x08030a0e        0x2 
 .text.UART_RxISR_8BIT_FIFOEN
                0x08030a10      0x1a0 build/stm32h7xx_hal_uart.o
 .text.UART_RxISR_16BIT_FIFOEN
                0x08030bb0      0x19c build/stm32h7xx_hal_uart.o
 .text.UART_DMARxHalfCplt
                0x08030d4c       0x1c build/stm32h7xx_hal_uart.o
 .text.UART_DMAReceiveCplt
                0x08030d68       0x8c build/stm32h7xx_hal_uart.o
 .text.HAL_UART_GetState
                0x08030df4        0xc build/stm32h7xx_hal_uart.o
                0x08030df4                HAL_UART_GetState
 .text.UART_SetConfig
                0x08030e00      0x5fc build/stm32h7xx_hal_uart.o
                0x08030e00                UART_SetConfig
 .text.UART_AdvFeatureConfig
                0x080313fc       0xca build/stm32h7xx_hal_uart.o
                0x080313fc                UART_AdvFeatureConfig
 .text.UART_WaitOnFlagUntilTimeout
                0x080314c6       0xd8 build/stm32h7xx_hal_uart.o
                0x080314c6                UART_WaitOnFlagUntilTimeout
 .text.UART_CheckIdleState
                0x0803159e       0x74 build/stm32h7xx_hal_uart.o
                0x0803159e                UART_CheckIdleState
 .text.HAL_UART_Init
                0x08031612       0x66 build/stm32h7xx_hal_uart.o
                0x08031612                HAL_UART_Init
 .text.UART_Start_Receive_IT
                0x08031678      0x148 build/stm32h7xx_hal_uart.o
                0x08031678                UART_Start_Receive_IT
 .text.HAL_UART_Receive_IT
                0x080317c0       0x64 build/stm32h7xx_hal_uart.o
                0x080317c0                HAL_UART_Receive_IT
 .text.UART_Start_Receive_DMA
                0x08031824       0xb4 build/stm32h7xx_hal_uart.o
                0x08031824                UART_Start_Receive_DMA
 .text.HAL_UART_Receive_DMA
                0x080318d8       0x64 build/stm32h7xx_hal_uart.o
                0x080318d8                HAL_UART_Receive_DMA
 .text.UARTEx_SetNbDataToProcess
                0x0803193c       0x4c build/stm32h7xx_hal_uart_ex.o
 .text.HAL_UARTEx_WakeupCallback
                0x08031988        0x2 build/stm32h7xx_hal_uart_ex.o
                0x08031988                HAL_UARTEx_WakeupCallback
 .text.HAL_UARTEx_RxFifoFullCallback
                0x0803198a        0x2 build/stm32h7xx_hal_uart_ex.o
                0x0803198a                HAL_UARTEx_RxFifoFullCallback
 .text.HAL_UARTEx_TxFifoEmptyCallback
                0x0803198c        0x2 build/stm32h7xx_hal_uart_ex.o
                0x0803198c                HAL_UARTEx_TxFifoEmptyCallback
 .text.HAL_UARTEx_DisableFifoMode
                0x0803198e       0x3e build/stm32h7xx_hal_uart_ex.o
                0x0803198e                HAL_UARTEx_DisableFifoMode
 .text.HAL_UARTEx_SetTxFifoThreshold
                0x080319cc       0x4a build/stm32h7xx_hal_uart_ex.o
                0x080319cc                HAL_UARTEx_SetTxFifoThreshold
 .text.HAL_UARTEx_SetRxFifoThreshold
                0x08031a16       0x4a build/stm32h7xx_hal_uart_ex.o
                0x08031a16                HAL_UARTEx_SetRxFifoThreshold
 .text.HAL_GPIO_Init
                0x08031a60      0x1ec build/stm32h7xx_hal_gpio.o
                0x08031a60                HAL_GPIO_Init
 .text.HAL_GPIO_DeInit
                0x08031c4c      0x154 build/stm32h7xx_hal_gpio.o
                0x08031c4c                HAL_GPIO_DeInit
 .text.HAL_GPIO_ReadPin
                0x08031da0        0xe build/stm32h7xx_hal_gpio.o
                0x08031da0                HAL_GPIO_ReadPin
 .text.HAL_GPIO_WritePin
                0x08031dae        0xc build/stm32h7xx_hal_gpio.o
                0x08031dae                HAL_GPIO_WritePin
 .text.HAL_GPIO_EXTI_IRQHandler
                0x08031dba       0x1e build/stm32h7xx_hal_gpio.o
                0x08031dba                HAL_GPIO_EXTI_IRQHandler
 .text.DMA_SetConfig
                0x08031dd8      0x1b0 build/stm32h7xx_hal_dma.o
 .text.DMA_CalcBaseAndBitshift
                0x08031f88       0xb4 build/stm32h7xx_hal_dma.o
 .text.DMA_CheckFifoParam
                0x0803203c       0x92 build/stm32h7xx_hal_dma.o
 *fill*         0x080320ce        0x2 
 .text.DMA_CalcDMAMUXChannelBaseAndMask
                0x080320d0       0xb0 build/stm32h7xx_hal_dma.o
 .text.DMA_CalcDMAMUXRequestGenBaseAndMask
                0x08032180       0x7c build/stm32h7xx_hal_dma.o
 .text.HAL_DMA_Init
                0x080321fc      0x394 build/stm32h7xx_hal_dma.o
                0x080321fc                HAL_DMA_Init
 .text.HAL_DMA_Start_IT
                0x08032590      0x298 build/stm32h7xx_hal_dma.o
                0x08032590                HAL_DMA_Start_IT
 .text.HAL_DMA_Abort
                0x08032828      0x340 build/stm32h7xx_hal_dma.o
                0x08032828                HAL_DMA_Abort
 .text.HAL_DMA_Abort_IT
                0x08032b68      0x270 build/stm32h7xx_hal_dma.o
                0x08032b68                HAL_DMA_Abort_IT
 .text.HAL_DMA_IRQHandler
                0x08032dd8      0x738 build/stm32h7xx_hal_dma.o
                0x08032dd8                HAL_DMA_IRQHandler
 .text.HAL_DMA_RegisterCallback
                0x08033510       0x5a build/stm32h7xx_hal_dma.o
                0x08033510                HAL_DMA_RegisterCallback
 .text.MDMA_Init
                0x0803356a       0xb8 build/stm32h7xx_hal_mdma.o
 .text.HAL_MDMA_Init
                0x08033622       0x60 build/stm32h7xx_hal_mdma.o
                0x08033622                HAL_MDMA_Init
 *fill*         0x08033682        0x2 
 .text.HAL_MDMA_IRQHandler
                0x08033684      0x1b4 build/stm32h7xx_hal_mdma.o
                0x08033684                HAL_MDMA_IRQHandler
 .text.HAL_PWREx_ConfigSupply
                0x08033838       0x54 build/stm32h7xx_hal_pwr_ex.o
                0x08033838                HAL_PWREx_ConfigSupply
 .text.HAL_PWREx_EnableUSBVoltageDetector
                0x0803388c       0x10 build/stm32h7xx_hal_pwr_ex.o
                0x0803388c                HAL_PWREx_EnableUSBVoltageDetector
 .text.SPI_CloseTransfer
                0x0803389c       0xd0 build/stm32h7xx_hal_spi.o
 .text.SPI_GetPacketSize
                0x0803396c       0x10 build/stm32h7xx_hal_spi.o
 .text.SPI_WaitOnFlagUntilTimeout
                0x0803397c       0x46 build/stm32h7xx_hal_spi.o
 .text.HAL_SPI_MspInit
                0x080339c2        0x2 build/stm32h7xx_hal_spi.o
                0x080339c2                HAL_SPI_MspInit
 .text.HAL_SPI_Init
                0x080339c4      0x168 build/stm32h7xx_hal_spi.o
                0x080339c4                HAL_SPI_Init
 .text.HAL_SPI_Transmit
                0x08033b2c      0x2cc build/stm32h7xx_hal_spi.o
                0x08033b2c                HAL_SPI_Transmit
 .text.HAL_SPI_TransmitReceive
                0x08033df8      0x426 build/stm32h7xx_hal_spi.o
                0x08033df8                HAL_SPI_TransmitReceive
 *fill*         0x0803421e        0x2 
 .text.HAL_SPI_Receive
                0x08034220      0x2c0 build/stm32h7xx_hal_spi.o
                0x08034220                HAL_SPI_Receive
 .text.PCD_WriteEmptyTxFifo
                0x080344e0       0xd2 build/stm32h7xx_hal_pcd.o
 .text.HAL_PCD_Init
                0x080345b2      0x134 build/stm32h7xx_hal_pcd.o
                0x080345b2                HAL_PCD_Init
 .text.HAL_PCD_Start
                0x080346e6       0x42 build/stm32h7xx_hal_pcd.o
                0x080346e6                HAL_PCD_Start
 .text.PCD_EP_OutXfrComplete_int
                0x08034728       0xf8 build/stm32h7xx_hal_pcd.o
 .text.PCD_EP_OutSetupPacket_int
                0x08034820       0x50 build/stm32h7xx_hal_pcd.o
 .text.HAL_PCD_IRQHandler
                0x08034870      0x4ec build/stm32h7xx_hal_pcd.o
                0x08034870                HAL_PCD_IRQHandler
 .text.HAL_PCD_SetAddress
                0x08034d5c       0x28 build/stm32h7xx_hal_pcd.o
                0x08034d5c                HAL_PCD_SetAddress
 .text.HAL_PCD_EP_Open
                0x08034d84       0x86 build/stm32h7xx_hal_pcd.o
                0x08034d84                HAL_PCD_EP_Open
 .text.HAL_PCD_EP_Close
                0x08034e0a       0x72 build/stm32h7xx_hal_pcd.o
                0x08034e0a                HAL_PCD_EP_Close
 .text.HAL_PCD_EP_Receive
                0x08034e7c       0x5e build/stm32h7xx_hal_pcd.o
                0x08034e7c                HAL_PCD_EP_Receive
 .text.HAL_PCD_EP_GetRxCount
                0x08034eda       0x12 build/stm32h7xx_hal_pcd.o
                0x08034eda                HAL_PCD_EP_GetRxCount
 .text.HAL_PCD_EP_Transmit
                0x08034eec       0x56 build/stm32h7xx_hal_pcd.o
                0x08034eec                HAL_PCD_EP_Transmit
 .text.HAL_PCD_EP_SetStall
                0x08034f42       0x88 build/stm32h7xx_hal_pcd.o
                0x08034f42                HAL_PCD_EP_SetStall
 .text.HAL_PCD_EP_ClrStall
                0x08034fca       0x76 build/stm32h7xx_hal_pcd.o
                0x08034fca                HAL_PCD_EP_ClrStall
 .text.HAL_PCDEx_SetTxFiFo
                0x08035040       0x48 build/stm32h7xx_hal_pcd_ex.o
                0x08035040                HAL_PCDEx_SetTxFiFo
 .text.HAL_PCDEx_SetRxFiFo
                0x08035088        0x8 build/stm32h7xx_hal_pcd_ex.o
                0x08035088                HAL_PCDEx_SetRxFiFo
 .text.HAL_PCDEx_ActivateLPM
                0x08035090       0x28 build/stm32h7xx_hal_pcd_ex.o
                0x08035090                HAL_PCDEx_ActivateLPM
 .text.HAL_PCDEx_LPM_Callback
                0x080350b8        0x2 build/stm32h7xx_hal_pcd_ex.o
                0x080350b8                HAL_PCDEx_LPM_Callback
 .text.SD_Read_IT
                0x080350ba       0x3a build/stm32h7xx_hal_sd.o
 .text.SD_Write_IT
                0x080350f4       0x4a build/stm32h7xx_hal_sd.o
 *fill*         0x0803513e        0x2 
 .text.SD_SendSDStatus
                0x08035140      0x108 build/stm32h7xx_hal_sd.o
 .text.SD_FindSCR
                0x08035248      0x108 build/stm32h7xx_hal_sd.o
 .text.SD_WideBus_Enable
                0x08035350       0x4e build/stm32h7xx_hal_sd.o
 .text.SD_WideBus_Disable
                0x0803539e       0x4e build/stm32h7xx_hal_sd.o
 .text.SD_SendStatus
                0x080353ec       0x2c build/stm32h7xx_hal_sd.o
 .text.HAL_SD_MspInit
                0x08035418        0x2 build/stm32h7xx_hal_sd.o
                0x08035418                HAL_SD_MspInit
 *fill*         0x0803541a        0x2 
 .text.HAL_SD_ReadBlocks_DMA
                0x0803541c       0xe0 build/stm32h7xx_hal_sd.o
                0x0803541c                HAL_SD_ReadBlocks_DMA
 .text.HAL_SD_WriteBlocks_DMA
                0x080354fc       0xe0 build/stm32h7xx_hal_sd.o
                0x080354fc                HAL_SD_WriteBlocks_DMA
 .text.HAL_SD_Erase
                0x080355dc       0xf8 build/stm32h7xx_hal_sd.o
                0x080355dc                HAL_SD_Erase
 .text.HAL_SD_GetState
                0x080356d4        0x6 build/stm32h7xx_hal_sd.o
                0x080356d4                HAL_SD_GetState
 .text.HAL_SD_DriveTransceiver_1_8V_Callback
                0x080356da        0x2 build/stm32h7xx_hal_sd.o
                0x080356da                HAL_SD_DriveTransceiver_1_8V_Callback
 .text.SD_PowerON
                0x080356dc      0x178 build/stm32h7xx_hal_sd.o
 .text.HAL_SD_GetCardCSD
                0x08035854      0x1bc build/stm32h7xx_hal_sd.o
                0x08035854                HAL_SD_GetCardCSD
 .text.SD_InitCard
                0x08035a10       0xfc build/stm32h7xx_hal_sd.o
 .text.HAL_SD_InitCard
                0x08035b0c       0xd8 build/stm32h7xx_hal_sd.o
                0x08035b0c                HAL_SD_InitCard
 .text.HAL_SD_GetCardStatus
                0x08035be4       0xd0 build/stm32h7xx_hal_sd.o
                0x08035be4                HAL_SD_GetCardStatus
 .text.HAL_SD_GetCardInfo
                0x08035cb4       0x24 build/stm32h7xx_hal_sd.o
                0x08035cb4                HAL_SD_GetCardInfo
 .text.HAL_SD_ConfigWideBusOperation
                0x08035cd8      0x158 build/stm32h7xx_hal_sd.o
                0x08035cd8                HAL_SD_ConfigWideBusOperation
 .text.HAL_SD_GetCardState
                0x08035e30       0x22 build/stm32h7xx_hal_sd.o
                0x08035e30                HAL_SD_GetCardState
 .text.HAL_SD_Init
                0x08035e52       0xc2 build/stm32h7xx_hal_sd.o
                0x08035e52                HAL_SD_Init
 .text.HAL_SD_Abort
                0x08035f14       0x48 build/stm32h7xx_hal_sd.o
                0x08035f14                HAL_SD_Abort
 .text.HAL_SDEx_Read_DMADoubleBuf0CpltCallback
                0x08035f5c        0x2 build/stm32h7xx_hal_sd.o
                0x08035f5c                HAL_SDEx_Read_DMADoubleBuf0CpltCallback
 .text.HAL_SDEx_Read_DMADoubleBuf1CpltCallback
                0x08035f5e        0x2 build/stm32h7xx_hal_sd.o
                0x08035f5e                HAL_SDEx_Read_DMADoubleBuf1CpltCallback
 .text.HAL_SDEx_Write_DMADoubleBuf0CpltCallback
                0x08035f60        0x2 build/stm32h7xx_hal_sd.o
                0x08035f60                HAL_SDEx_Write_DMADoubleBuf0CpltCallback
 .text.HAL_SDEx_Write_DMADoubleBuf1CpltCallback
                0x08035f62        0x2 build/stm32h7xx_hal_sd.o
                0x08035f62                HAL_SDEx_Write_DMADoubleBuf1CpltCallback
 .text.HAL_SD_IRQHandler
                0x08035f64      0x22c build/stm32h7xx_hal_sd.o
                0x08035f64                HAL_SD_IRQHandler
 .text.SDMMC_GetCmdError
                0x08036190       0x3c build/stm32h7xx_ll_sdmmc.o
 .text.SDMMC_Init
                0x080361cc       0x34 build/stm32h7xx_ll_sdmmc.o
                0x080361cc                SDMMC_Init
 .text.SDMMC_ReadFIFO
                0x08036200        0x6 build/stm32h7xx_ll_sdmmc.o
                0x08036200                SDMMC_ReadFIFO
 .text.SDMMC_WriteFIFO
                0x08036206        0xa build/stm32h7xx_ll_sdmmc.o
                0x08036206                SDMMC_WriteFIFO
 .text.SDMMC_PowerState_ON
                0x08036210        0xc build/stm32h7xx_ll_sdmmc.o
                0x08036210                SDMMC_PowerState_ON
 .text.SDMMC_GetPowerState
                0x0803621c        0x8 build/stm32h7xx_ll_sdmmc.o
                0x0803621c                SDMMC_GetPowerState
 .text.SDMMC_SendCommand
                0x08036224       0x24 build/stm32h7xx_ll_sdmmc.o
                0x08036224                SDMMC_SendCommand
 .text.SDMMC_GetCommandResponse
                0x08036248        0x6 build/stm32h7xx_ll_sdmmc.o
                0x08036248                SDMMC_GetCommandResponse
 .text.SDMMC_GetResponse
                0x0803624e        0x6 build/stm32h7xx_ll_sdmmc.o
                0x0803624e                SDMMC_GetResponse
 .text.SDMMC_ConfigData
                0x08036254       0x24 build/stm32h7xx_ll_sdmmc.o
                0x08036254                SDMMC_ConfigData
 .text.SDMMC_CmdGoIdleState
                0x08036278       0x26 build/stm32h7xx_ll_sdmmc.o
                0x08036278                SDMMC_CmdGoIdleState
 *fill*         0x0803629e        0x2 
 .text.SDMMC_GetCmdResp1
                0x080362a0      0x160 build/stm32h7xx_ll_sdmmc.o
                0x080362a0                SDMMC_GetCmdResp1
 .text.SDMMC_CmdBlockLength
                0x08036400       0x32 build/stm32h7xx_ll_sdmmc.o
                0x08036400                SDMMC_CmdBlockLength
 .text.SDMMC_CmdReadSingleBlock
                0x08036432       0x32 build/stm32h7xx_ll_sdmmc.o
                0x08036432                SDMMC_CmdReadSingleBlock
 .text.SDMMC_CmdReadMultiBlock
                0x08036464       0x32 build/stm32h7xx_ll_sdmmc.o
                0x08036464                SDMMC_CmdReadMultiBlock
 .text.SDMMC_CmdWriteSingleBlock
                0x08036496       0x32 build/stm32h7xx_ll_sdmmc.o
                0x08036496                SDMMC_CmdWriteSingleBlock
 .text.SDMMC_CmdWriteMultiBlock
                0x080364c8       0x32 build/stm32h7xx_ll_sdmmc.o
                0x080364c8                SDMMC_CmdWriteMultiBlock
 .text.SDMMC_CmdSDEraseStartAdd
                0x080364fa       0x32 build/stm32h7xx_ll_sdmmc.o
                0x080364fa                SDMMC_CmdSDEraseStartAdd
 .text.SDMMC_CmdSDEraseEndAdd
                0x0803652c       0x32 build/stm32h7xx_ll_sdmmc.o
                0x0803652c                SDMMC_CmdSDEraseEndAdd
 .text.SDMMC_CmdErase
                0x0803655e       0x32 build/stm32h7xx_ll_sdmmc.o
                0x0803655e                SDMMC_CmdErase
 .text.SDMMC_CmdStopTransfer
                0x08036590       0x58 build/stm32h7xx_ll_sdmmc.o
                0x08036590                SDMMC_CmdStopTransfer
 .text.SDMMC_CmdSelDesel
                0x080365e8       0x32 build/stm32h7xx_ll_sdmmc.o
                0x080365e8                SDMMC_CmdSelDesel
 .text.SDMMC_CmdAppCommand
                0x0803661a       0x32 build/stm32h7xx_ll_sdmmc.o
                0x0803661a                SDMMC_CmdAppCommand
 .text.SDMMC_CmdBusWidth
                0x0803664c       0x32 build/stm32h7xx_ll_sdmmc.o
                0x0803664c                SDMMC_CmdBusWidth
 .text.SDMMC_CmdSendSCR
                0x0803667e       0x32 build/stm32h7xx_ll_sdmmc.o
                0x0803667e                SDMMC_CmdSendSCR
 .text.SDMMC_CmdSendStatus
                0x080366b0       0x32 build/stm32h7xx_ll_sdmmc.o
                0x080366b0                SDMMC_CmdSendStatus
 .text.SDMMC_CmdStatusRegister
                0x080366e2       0x32 build/stm32h7xx_ll_sdmmc.o
                0x080366e2                SDMMC_CmdStatusRegister
 .text.SDMMC_CmdVoltageSwitch
                0x08036714       0x32 build/stm32h7xx_ll_sdmmc.o
                0x08036714                SDMMC_CmdVoltageSwitch
 *fill*         0x08036746        0x2 
 .text.SDMMC_GetCmdResp2
                0x08036748       0x60 build/stm32h7xx_ll_sdmmc.o
                0x08036748                SDMMC_GetCmdResp2
 .text.SDMMC_CmdSendCID
                0x080367a8       0x2c build/stm32h7xx_ll_sdmmc.o
                0x080367a8                SDMMC_CmdSendCID
 .text.SDMMC_CmdSendCSD
                0x080367d4       0x2c build/stm32h7xx_ll_sdmmc.o
                0x080367d4                SDMMC_CmdSendCSD
 .text.SDMMC_GetCmdResp3
                0x08036800       0x50 build/stm32h7xx_ll_sdmmc.o
                0x08036800                SDMMC_GetCmdResp3
 .text.SDMMC_CmdAppOperCommand
                0x08036850       0x2c build/stm32h7xx_ll_sdmmc.o
                0x08036850                SDMMC_CmdAppOperCommand
 .text.SDMMC_GetCmdResp6
                0x0803687c       0xa4 build/stm32h7xx_ll_sdmmc.o
                0x0803687c                SDMMC_GetCmdResp6
 .text.SDMMC_CmdSetRelAdd
                0x08036920       0x32 build/stm32h7xx_ll_sdmmc.o
                0x08036920                SDMMC_CmdSetRelAdd
 *fill*         0x08036952        0x2 
 .text.SDMMC_GetCmdResp7
                0x08036954       0x64 build/stm32h7xx_ll_sdmmc.o
                0x08036954                SDMMC_GetCmdResp7
 .text.SDMMC_CmdOperCond
                0x080369b8       0x30 build/stm32h7xx_ll_sdmmc.o
                0x080369b8                SDMMC_CmdOperCond
 .text.USB_CoreReset
                0x080369e8       0x4c build/stm32h7xx_ll_usb.o
 .text.USB_CoreInit
                0x08036a34       0x9c build/stm32h7xx_ll_usb.o
                0x08036a34                USB_CoreInit
 .text.USB_SetTurnaroundTime
                0x08036ad0       0xe4 build/stm32h7xx_ll_usb.o
                0x08036ad0                USB_SetTurnaroundTime
 .text.USB_EnableGlobalInt
                0x08036bb4        0xc build/stm32h7xx_ll_usb.o
                0x08036bb4                USB_EnableGlobalInt
 .text.USB_DisableGlobalInt
                0x08036bc0        0xc build/stm32h7xx_ll_usb.o
                0x08036bc0                USB_DisableGlobalInt
 .text.USB_FlushTxFifo
                0x08036bcc       0x4c build/stm32h7xx_ll_usb.o
                0x08036bcc                USB_FlushTxFifo
 .text.USB_FlushRxFifo
                0x08036c18       0x48 build/stm32h7xx_ll_usb.o
                0x08036c18                USB_FlushRxFifo
 .text.USB_SetDevSpeed
                0x08036c60        0xe build/stm32h7xx_ll_usb.o
                0x08036c60                USB_SetDevSpeed
 *fill*         0x08036c6e        0x2 
 .text.USB_DevInit
                0x08036c70      0x190 build/stm32h7xx_ll_usb.o
                0x08036c70                USB_DevInit
 .text.USB_GetDevSpeed
                0x08036e00       0x1e build/stm32h7xx_ll_usb.o
                0x08036e00                USB_GetDevSpeed
 *fill*         0x08036e1e        0x2 
 .text.USB_ActivateEndpoint
                0x08036e20       0x90 build/stm32h7xx_ll_usb.o
                0x08036e20                USB_ActivateEndpoint
 .text.USB_DeactivateEndpoint
                0x08036eb0       0xdc build/stm32h7xx_ll_usb.o
                0x08036eb0                USB_DeactivateEndpoint
 .text.USB_EP0StartXfer
                0x08036f8c      0x118 build/stm32h7xx_ll_usb.o
                0x08036f8c                USB_EP0StartXfer
 .text.USB_WritePacket