Archive member included to satisfy reference by file (symbol)

/usr/local/arm-none-eabi-gcc/gcc-arm-none-eabi-10-2020-q4-major/bin/../lib/gcc/arm-none-eabi/10.2.1/../../../../arm-none-eabi/lib/thumb/v7e-m+dp/hard/libc_nano.a(lib_a-exit.o)
                              /usr/local/arm-none-eabi-gcc/gcc-arm-none-eabi-10-2020-q4-major/bin/../lib/gcc/arm-none-eabi/10.2.1/../../../../arm-none-eabi/lib/thumb/v7e-m+dp/hard/crt0.o (exit)
/usr/local/arm-none-eabi-gcc/gcc-arm-none-eabi-10-2020-q4-major/bin/../lib/gcc/arm-none-eabi/10.2.1/../../../../arm-none-eabi/lib/thumb/v7e-m+dp/hard/libc_nano.a(lib_a-impure.o)
                              /usr/local/arm-none-eabi-gcc/gcc-arm-none-eabi-10-2020-q4-major/bin/../lib/gcc/arm-none-eabi/10.2.1/../../../../arm-none-eabi/lib/thumb/v7e-m+dp/hard/libc_nano.a(lib_a-exit.o) (_global_impure_ptr)
/usr/local/arm-none-eabi-gcc/gcc-arm-none-eabi-10-2020-q4-major/bin/../lib/gcc/arm-none-eabi/10.2.1/../../../../arm-none-eabi/lib/thumb/v7e-m+dp/hard/libc_nano.a(lib_a-init.o)
                              /usr/local/arm-none-eabi-gcc/gcc-arm-none-eabi-10-2020-q4-major/bin/../lib/gcc/arm-none-eabi/10.2.1/../../../../arm-none-eabi/lib/thumb/v7e-m+dp/hard/crt0.o (__libc_init_array)
/usr/local/arm-none-eabi-gcc/gcc-arm-none-eabi-10-2020-q4-major/bin/../lib/gcc/arm-none-eabi/10.2.1/../../../../arm-none-eabi/lib/thumb/v7e-m+dp/hard/libc_nano.a(lib_a-memcpy-stub.o)
                              build/kernel.o (memcpy)
/usr/local/arm-none-eabi-gcc/gcc-arm-none-eabi-10-2020-q4-major/bin/../lib/gcc/arm-none-eabi/10.2.1/../../../../arm-none-eabi/lib/thumb/v7e-m+dp/hard/libc_nano.a(lib_a-memset.o)
                              /usr/local/arm-none-eabi-gcc/gcc-arm-none-eabi-10-2020-q4-major/bin/../lib/gcc/arm-none-eabi/10.2.1/../../../../arm-none-eabi/lib/thumb/v7e-m+dp/hard/crt0.o (memset)
/usr/local/arm-none-eabi-gcc/gcc-arm-none-eabi-10-2020-q4-major/bin/../lib/gcc/arm-none-eabi/10.2.1/../../../../arm-none-eabi/lib/thumb/v7e-m+dp/hard/libnosys.a(_exit.o)
                              /usr/local/arm-none-eabi-gcc/gcc-arm-none-eabi-10-2020-q4-major/bin/../lib/gcc/arm-none-eabi/10.2.1/../../../../arm-none-eabi/lib/thumb/v7e-m+dp/hard/libc_nano.a(lib_a-exit.o) (_exit)
/usr/local/arm-none-eabi-gcc/gcc-arm-none-eabi-10-2020-q4-major/bin/../lib/gcc/arm-none-eabi/10.2.1/thumb/v7e-m+dp/hard/libgcc.a(_aeabi_uldivmod.o)
                              build/main.o (__aeabi_uldivmod)
/usr/local/arm-none-eabi-gcc/gcc-arm-none-eabi-10-2020-q4-major/bin/../lib/gcc/arm-none-eabi/10.2.1/thumb/v7e-m+dp/hard/libgcc.a(_udivmoddi4.o)
                              /usr/local/arm-none-eabi-gcc/gcc-arm-none-eabi-10-2020-q4-major/bin/../lib/gcc/arm-none-eabi/10.2.1/thumb/v7e-m+dp/hard/libgcc.a(_aeabi_uldivmod.o) (__udivmoddi4)
/usr/local/arm-none-eabi-gcc/gcc-arm-none-eabi-10-2020-q4-major/bin/../lib/gcc/arm-none-eabi/10.2.1/thumb/v7e-m+dp/hard/libgcc.a(_dvmd_tls.o)
                              /usr/local/arm-none-eabi-gcc/gcc-arm-none-eabi-10-2020-q4-major/bin/../lib/gcc/arm-none-eabi/10.2.1/thumb/v7e-m+dp/hard/libgcc.a(_aeabi_uldivmod.o) (__aeabi_ldiv0)

Discarded input sections

 .text          0x0000000000000000        0x0 /usr/local/arm-none-eabi-gcc/gcc-arm-none-eabi-10-2020-q4-major/bin/../lib/gcc/arm-none-eabi/10.2.1/thumb/v7e-m+dp/hard/crti.o
 .data          0x0000000000000000        0x0 /usr/local/arm-none-eabi-gcc/gcc-arm-none-eabi-10-2020-q4-major/bin/../lib/gcc/arm-none-eabi/10.2.1/thumb/v7e-m+dp/hard/crti.o
 .bss           0x0000000000000000        0x0 /usr/local/arm-none-eabi-gcc/gcc-arm-none-eabi-10-2020-q4-major/bin/../lib/gcc/arm-none-eabi/10.2.1/thumb/v7e-m+dp/hard/crti.o
 .data          0x0000000000000000        0x4 /usr/local/arm-none-eabi-gcc/gcc-arm-none-eabi-10-2020-q4-major/bin/../lib/gcc/arm-none-eabi/10.2.1/thumb/v7e-m+dp/hard/crtbegin.o
 .rodata        0x0000000000000000       0x24 /usr/local/arm-none-eabi-gcc/gcc-arm-none-eabi-10-2020-q4-major/bin/../lib/gcc/arm-none-eabi/10.2.1/thumb/v7e-m+dp/hard/crtbegin.o
 .text          0x0000000000000000       0x7c /usr/local/arm-none-eabi-gcc/gcc-arm-none-eabi-10-2020-q4-major/bin/../lib/gcc/arm-none-eabi/10.2.1/../../../../arm-none-eabi/lib/thumb/v7e-m+dp/hard/crt0.o
 .data          0x0000000000000000        0x0 /usr/local/arm-none-eabi-gcc/gcc-arm-none-eabi-10-2020-q4-major/bin/../lib/gcc/arm-none-eabi/10.2.1/../../../../arm-none-eabi/lib/thumb/v7e-m+dp/hard/crt0.o
 .bss           0x0000000000000000        0x0 /usr/local/arm-none-eabi-gcc/gcc-arm-none-eabi-10-2020-q4-major/bin/../lib/gcc/arm-none-eabi/10.2.1/../../../../arm-none-eabi/lib/thumb/v7e-m+dp/hard/crt0.o
 .ARM.extab     0x0000000000000000        0x0 /usr/local/arm-none-eabi-gcc/gcc-arm-none-eabi-10-2020-q4-major/bin/../lib/gcc/arm-none-eabi/10.2.1/../../../../arm-none-eabi/lib/thumb/v7e-m+dp/hard/crt0.o
[...]
Memory Configuration

Name             Origin             Length             Attributes
DTCMRAM          0x0000000020000000 0x0000000000020000 xrw
RAM_D1           0x0000000024000000 0x0000000000080000 xrw
RAM_D2           0x0000000030000000 0x0000000000048000 xrw
RAM_D3           0x0000000038000000 0x0000000000010000 xrw
ITCMRAM          0x0000000000000000 0x0000000000010000 xrw
FLASH            0x0000000008000000 0x0000000000200000 xr
ITCM_RAM         0x0000000000000000 0xffffffffffffffff
*default*        0x0000000000000000 0xffffffffffffffff

Linker script and memory map

LOAD /usr/local/arm-none-eabi-gcc/gcc-arm-none-eabi-10-2020-q4-major/bin/../lib/gcc/arm-none-eabi/10.2.1/thumb/v7e-m+dp/hard/crti.o
LOAD /usr/local/arm-none-eabi-gcc/gcc-arm-none-eabi-10-2020-q4-major/bin/../lib/gcc/arm-none-eabi/10.2.1/thumb/v7e-m+dp/hard/crtbegin.o
LOAD /usr/local/arm-none-eabi-gcc/gcc-arm-none-eabi-10-2020-q4-major/bin/../lib/gcc/arm-none-eabi/10.2.1/../../../../arm-none-eabi/lib/thumb/v7e-m+dp/hard/crt0.o
LOAD build/main.o
LOAD build/debug_util.o
LOAD build/Bsp_GPIO.o
LOAD build/Dev_Led.o
LOAD build/Dev_W25Qxx.o
LOAD build/kernel.o
LOAD build/runtime.o
LOAD build/stm32h7xx_it.o
LOAD build/system_stm32h7xx.o
LOAD build/stm32h7xx_hal.o
LOAD build/stm32h7xx_hal_cortex.o
LOAD build/stm32h7xx_hal_rcc.o
LOAD build/stm32h7xx_hal_tim.o
LOAD build/stm32h7xx_hal_tim_ex.o
LOAD build/stm32h7xx_hal_rcc_ex.o
LOAD build/stm32h7xx_hal_flash.o
LOAD build/stm32h7xx_hal_flash_ex.o
LOAD build/stm32h7xx_hal_gpio.o
LOAD build/stm32h7xx_hal_hsem.o
LOAD build/stm32h7xx_hal_dma.o
LOAD build/stm32h7xx_hal_dma_ex.o
LOAD build/stm32h7xx_hal_mdma.o
LOAD build/stm32h7xx_hal_pwr.o
LOAD build/stm32h7xx_hal_pwr_ex.o
LOAD build/stm32h7xx_hal_i2c.o
LOAD build/stm32h7xx_hal_i2c_ex.o
LOAD build/stm32h7xx_hal_exti.o
LOAD build/stm32h7xx_hal_spi.o
LOAD build/startup_stm32h743xx.o
LOAD /usr/local/arm-none-eabi-gcc/gcc-arm-none-eabi-10-2020-q4-major/bin/../lib/gcc/arm-none-eabi/10.2.1/../../../../arm-none-eabi/lib/thumb/v7e-m+dp/hard/libc_nano.a
LOAD /usr/local/arm-none-eabi-gcc/gcc-arm-none-eabi-10-2020-q4-major/bin/../lib/gcc/arm-none-eabi/10.2.1/../../../../arm-none-eabi/lib/thumb/v7e-m+dp/hard/libm.a
LOAD /usr/local/arm-none-eabi-gcc/gcc-arm-none-eabi-10-2020-q4-major/bin/../lib/gcc/arm-none-eabi/10.2.1/../../../../arm-none-eabi/lib/thumb/v7e-m+dp/hard/libnosys.a
START GROUP
LOAD /usr/local/arm-none-eabi-gcc/gcc-arm-none-eabi-10-2020-q4-major/bin/../lib/gcc/arm-none-eabi/10.2.1/thumb/v7e-m+dp/hard/libgcc.a
LOAD /usr/local/arm-none-eabi-gcc/gcc-arm-none-eabi-10-2020-q4-major/bin/../lib/gcc/arm-none-eabi/10.2.1/../../../../arm-none-eabi/lib/thumb/v7e-m+dp/hard/libc_nano.a
END GROUP
START GROUP
LOAD /usr/local/arm-none-eabi-gcc/gcc-arm-none-eabi-10-2020-q4-major/bin/../lib/gcc/arm-none-eabi/10.2.1/thumb/v7e-m+dp/hard/libgcc.a
LOAD /usr/local/arm-none-eabi-gcc/gcc-arm-none-eabi-10-2020-q4-major/bin/../lib/gcc/arm-none-eabi/10.2.1/../../../../arm-none-eabi/lib/thumb/v7e-m+dp/hard/libc_nano.a
END GROUP
LOAD /usr/local/arm-none-eabi-gcc/gcc-arm-none-eabi-10-2020-q4-major/bin/../lib/gcc/arm-none-eabi/10.2.1/thumb/v7e-m+dp/hard/crtend.o
LOAD /usr/local/arm-none-eabi-gcc/gcc-arm-none-eabi-10-2020-q4-major/bin/../lib/gcc/arm-none-eabi/10.2.1/thumb/v7e-m+dp/hard/crtn.o
                0x0000000020020000                _estack = 0x20020000
                0x0000000000000800                _Min_Heap_Size = 0x800
                0x0000000000000800                _Min_Stack_Size = 0x800
                0x0000000000000000                tcm_code = LOADADDR (.tcm_code)

.tcm_code       0x0000000000000000        0x0
                0x0000000000000000                . = ALIGN (0x4)
                0x0000000000000000                tcm_code_start = .
 *(.tcm_code)
 *(.tcm_code*)
                0x0000000000000000                . = ALIGN (0x4)
                0x0000000000000000                tcm_code_end = .

.isr_vector     0x0000000008000000      0x298
                0x0000000008000000                . = ALIGN (0x4)
 *(.isr_vector)
 .isr_vector    0x0000000008000000      0x298 build/startup_stm32h743xx.o
                0x0000000008000000                g_pfnVectors
                0x0000000008000298                . = ALIGN (0x4)

.text           0x0000000008000298     0x2800
                0x0000000008000298                . = ALIGN (0x4)
 *(.text)
 .text          0x0000000008000298       0x40 /usr/local/arm-none-eabi-gcc/gcc-arm-none-eabi-10-2020-q4-major/bin/../lib/gcc/arm-none-eabi/10.2.1/thumb/v7e-m+dp/hard/crtbegin.o
 .text          0x00000000080002d8       0x30 /usr/local/arm-none-eabi-gcc/gcc-arm-none-eabi-10-2020-q4-major/bin/../lib/gcc/arm-none-eabi/10.2.1/thumb/v7e-m+dp/hard/libgcc.a(_aeabi_uldivmod.o)
                0x00000000080002d8                __aeabi_uldivmod
 .text          0x0000000008000308      0x2d0 /usr/local/arm-none-eabi-gcc/gcc-arm-none-eabi-10-2020-q4-major/bin/../lib/gcc/arm-none-eabi/10.2.1/thumb/v7e-m+dp/hard/libgcc.a(_udivmoddi4.o)
                0x0000000008000308                __udivmoddi4
 .text          0x00000000080005d8        0x4 /usr/local/arm-none-eabi-gcc/gcc-arm-none-eabi-10-2020-q4-major/bin/../lib/gcc/arm-none-eabi/10.2.1/thumb/v7e-m+dp/hard/libgcc.a(_dvmd_tls.o)
                0x00000000080005d8                __aeabi_ldiv0
                0x00000000080005d8                __aeabi_idiv0
 *(.text*)
 .text.main     0x00000000080005dc       0x7c build/main.o
                0x00000000080005dc                main
 .text.BspGPIO_Write
                0x0000000008000658        0x8 build/Bsp_GPIO.o
 .text.BspGPIO_Read
                0x0000000008000660        0xe build/Bsp_GPIO.o
 *fill*         0x000000000800066e        0x2 
 .text.BspGPIO_Init
                0x0000000008000670      0x1fc build/Bsp_GPIO.o
 .text.DevLed_Init
                0x000000000800086c       0x6c build/Dev_Led.o
 .text.DevLed_Ctl
                0x00000000080008d8       0x28 build/Dev_Led.o
 .text.KernelClock_Init
                0x0000000008000900      0x120 build/kernel.o
 .text.Kernel_Init
                0x0000000008000a20       0xb4 build/kernel.o
                0x0000000008000a20                Kernel_Init
 .text.Runtime_Config
                0x0000000008000ad4       0x90 build/runtime.o
                0x0000000008000ad4                Runtime_Config
 .text.Runtime_Start
                0x0000000008000b64       0x20 build/runtime.o
                0x0000000008000b64                Runtime_Start
 .text.Runtime_Tick
                0x0000000008000b84       0x3c build/runtime.o
                0x0000000008000b84                Runtime_Tick
 .text.Get_CurrentRunningMs
                0x0000000008000bc0       0x18 build/runtime.o
                0x0000000008000bc0                Get_CurrentRunningMs
 .text.NMI_Handler
                0x0000000008000bd8        0x2 build/stm32h7xx_it.o
                0x0000000008000bd8                NMI_Handler
 .text.HardFault_Handler
                0x0000000008000bda        0x2 build/stm32h7xx_it.o
                0x0000000008000bda                HardFault_Handler
 .text.MemManage_Handler
                0x0000000008000bdc        0x2 build/stm32h7xx_it.o
                0x0000000008000bdc                MemManage_Handler
 .text.BusFault_Handler
                0x0000000008000bde        0x2 build/stm32h7xx_it.o
                0x0000000008000bde                BusFault_Handler
 .text.UsageFault_Handler
                0x0000000008000be0        0x2 build/stm32h7xx_it.o
                0x0000000008000be0                UsageFault_Handler
 .text.SVC_Handler
                0x0000000008000be2        0x2 build/stm32h7xx_it.o
                0x0000000008000be2                SVC_Handler
 .text.DebugMon_Handler
                0x0000000008000be4        0x2 build/stm32h7xx_it.o
                0x0000000008000be4                DebugMon_Handler
 .text.PendSV_Handler
                0x0000000008000be6        0x2 build/stm32h7xx_it.o
                0x0000000008000be6                PendSV_Handler
 .text.SysTick_Handler
                0x0000000008000be8        0x8 build/stm32h7xx_it.o
                0x0000000008000be8                SysTick_Handler
 .text.SystemInit
                0x0000000008000bf0       0xcc build/system_stm32h7xx.o
                0x0000000008000bf0                SystemInit
 .text.SystemCoreClockUpdate
                0x0000000008000cbc      0x214 build/system_stm32h7xx.o
                0x0000000008000cbc                SystemCoreClockUpdate
 .text.HAL_MspInit
                0x0000000008000ed0        0x2 build/stm32h7xx_hal.o
                0x0000000008000ed0                HAL_MspInit
 *fill*         0x0000000008000ed2        0x2 
 .text.HAL_InitTick
                0x0000000008000ed4       0x50 build/stm32h7xx_hal.o
                0x0000000008000ed4                HAL_InitTick
 .text.HAL_Init
                0x0000000008000f24       0x5c build/stm32h7xx_hal.o
                0x0000000008000f24                HAL_Init
 .text.HAL_GetTick
                0x0000000008000f80        0xc build/stm32h7xx_hal.o
                0x0000000008000f80                HAL_GetTick
 .text.HAL_GetREVID
                0x0000000008000f8c        0xc build/stm32h7xx_hal.o
                0x0000000008000f8c                HAL_GetREVID
 .text.HAL_NVIC_SetPriorityGrouping
                0x0000000008000f98       0x24 build/stm32h7xx_hal_cortex.o
                0x0000000008000f98                HAL_NVIC_SetPriorityGrouping
 .text.HAL_NVIC_SetPriority
                0x0000000008000fbc       0x6c build/stm32h7xx_hal_cortex.o
                0x0000000008000fbc                HAL_NVIC_SetPriority
 .text.HAL_SYSTICK_Config
                0x0000000008001028       0x28 build/stm32h7xx_hal_cortex.o
                0x0000000008001028                HAL_SYSTICK_Config
 .text.HAL_RCC_OscConfig
                0x0000000008001050      0x674 build/stm32h7xx_hal_rcc.o
                0x0000000008001050                HAL_RCC_OscConfig
 .text.HAL_RCC_GetSysClockFreq
                0x00000000080016c4      0x1f4 build/stm32h7xx_hal_rcc.o
                0x00000000080016c4                HAL_RCC_GetSysClockFreq
 .text.HAL_RCC_ClockConfig
                0x00000000080018b8      0x294 build/stm32h7xx_hal_rcc.o
                0x00000000080018b8                HAL_RCC_ClockConfig
 .text.RCCEx_PLL2_Config
                0x0000000008001b4c      0x10c build/stm32h7xx_hal_rcc_ex.o
 .text.RCCEx_PLL3_Config
                0x0000000008001c58      0x10c build/stm32h7xx_hal_rcc_ex.o
 .text.HAL_RCCEx_PeriphCLKConfig
                0x0000000008001d64      0x9c4 build/stm32h7xx_hal_rcc_ex.o
                0x0000000008001d64                HAL_RCCEx_PeriphCLKConfig
 .text.HAL_GPIO_Init
                0x0000000008002728      0x220 build/stm32h7xx_hal_gpio.o
                0x0000000008002728                HAL_GPIO_Init
 .text.HAL_GPIO_ReadPin
                0x0000000008002948        0xe build/stm32h7xx_hal_gpio.o
                0x0000000008002948                HAL_GPIO_ReadPin
 .text.HAL_GPIO_WritePin
                0x0000000008002956        0xc build/stm32h7xx_hal_gpio.o
                0x0000000008002956                HAL_GPIO_WritePin
 *fill*         0x0000000008002962        0x2 
 .text.HAL_PWREx_ConfigSupply
                0x0000000008002964       0x54 build/stm32h7xx_hal_pwr_ex.o
                0x0000000008002964                HAL_PWREx_ConfigSupply
 .text.Reset_Handler
                0x00000000080029b8       0x50 build/startup_stm32h743xx.o
                0x00000000080029b8                Reset_Handler
 .text.Default_Handler
                0x0000000008002a08        0x2 build/startup_stm32h743xx.o
                0x0000000008002a08                DMA1_Stream3_IRQHandler
                0x0000000008002a08                EXTI2_IRQHandler
                0x0000000008002a08                TIM8_CC_IRQHandler
                0x0000000008002a08                HRTIM1_Master_IRQHandler
                0x0000000008002a08                UART8_IRQHandler
                0x0000000008002a08                SPI4_IRQHandler
                0x0000000008002a08                TIM1_CC_IRQHandler
                0x0000000008002a08                BDMA_Channel6_IRQHandler
                0x0000000008002a08                DMA2_Stream5_IRQHandler
                0x0000000008002a08                HRTIM1_FLT_IRQHandler
                0x0000000008002a08                JPEG_IRQHandler
                0x0000000008002a08                DMA1_Stream5_IRQHandler
                0x0000000008002a08                BDMA_Channel1_IRQHandler
                0x0000000008002a08                HRTIM1_TIMD_IRQHandler
                0x0000000008002a08                TAMP_STAMP_IRQHandler
                0x0000000008002a08                EXTI3_IRQHandler
                0x0000000008002a08                LPTIM4_IRQHandler
                0x0000000008002a08                TIM8_TRG_COM_TIM14_IRQHandler
                0x0000000008002a08                LPTIM2_IRQHandler
                0x0000000008002a08                DFSDM1_FLT1_IRQHandler
                0x0000000008002a08                DMAMUX2_OVR_IRQHandler
                0x0000000008002a08                TIM8_UP_TIM13_IRQHandler
                0x0000000008002a08                I2C3_ER_IRQHandler
                0x0000000008002a08                DFSDM1_FLT2_IRQHandler
                0x0000000008002a08                MDMA_IRQHandler
                0x0000000008002a08                LPTIM3_IRQHandler
                0x0000000008002a08                HSEM1_IRQHandler
                0x0000000008002a08                EXTI0_IRQHandler
                0x0000000008002a08                I2C2_EV_IRQHandler
                0x0000000008002a08                DMA1_Stream2_IRQHandler
                0x0000000008002a08                FPU_IRQHandler
                0x0000000008002a08                OTG_HS_WKUP_IRQHandler
                0x0000000008002a08                FDCAN1_IT1_IRQHandler
                0x0000000008002a08                LTDC_ER_IRQHandler
                0x0000000008002a08                DMA2_Stream2_IRQHandler
                0x0000000008002a08                HRTIM1_TIME_IRQHandler
                0x0000000008002a08                SPI1_IRQHandler
                0x0000000008002a08                TIM6_DAC_IRQHandler
                0x0000000008002a08                DCMI_IRQHandler
                0x0000000008002a08                HRTIM1_TIMC_IRQHandler
                0x0000000008002a08                DMA2_Stream3_IRQHandler
                0x0000000008002a08                SAI2_IRQHandler
                0x0000000008002a08                DFSDM1_FLT3_IRQHandler
                0x0000000008002a08                USART6_IRQHandler
                0x0000000008002a08                TIM17_IRQHandler
                0x0000000008002a08                USART3_IRQHandler
                0x0000000008002a08                BDMA_Channel7_IRQHandler
                0x0000000008002a08                LPTIM5_IRQHandler
                0x0000000008002a08                UART5_IRQHandler
                0x0000000008002a08                ADC3_IRQHandler
                0x0000000008002a08                DMA2_Stream0_IRQHandler
                0x0000000008002a08                TIM4_IRQHandler
                0x0000000008002a08                BDMA_Channel2_IRQHandler
                0x0000000008002a08                QUADSPI_IRQHandler
                0x0000000008002a08                I2C1_EV_IRQHandler
                0x0000000008002a08                DMA1_Stream6_IRQHandler
                0x0000000008002a08                DMAMUX1_OVR_IRQHandler
                0x0000000008002a08                DMA1_Stream1_IRQHandler
                0x0000000008002a08                TIM16_IRQHandler
                0x0000000008002a08                UART4_IRQHandler
                0x0000000008002a08                BDMA_Channel5_IRQHandler
                0x0000000008002a08                TIM3_IRQHandler
                0x0000000008002a08                RCC_IRQHandler
                0x0000000008002a08                TIM8_BRK_TIM12_IRQHandler
                0x0000000008002a08                TIM1_TRG_COM_IRQHandler
                0x0000000008002a08                Default_Handler
                0x0000000008002a08                ECC_IRQHandler
                0x0000000008002a08                CEC_IRQHandler
                0x0000000008002a08                EXTI15_10_IRQHandler
                0x0000000008002a08                BDMA_Channel0_IRQHandler
                0x0000000008002a08                ADC_IRQHandler
                0x0000000008002a08                DMA1_Stream7_IRQHandler
                0x0000000008002a08                HRTIM1_TIMA_IRQHandler
                0x0000000008002a08                SPI5_IRQHandler
                0x0000000008002a08                TIM7_IRQHandler
                0x0000000008002a08                SDMMC1_IRQHandler
                0x0000000008002a08                TIM5_IRQHandler
                0x0000000008002a08                DMA2_Stream7_IRQHandler
                0x0000000008002a08                TIM15_IRQHandler
                0x0000000008002a08                PVD_AVD_IRQHandler
                0x0000000008002a08                I2C3_EV_IRQHandler
                0x0000000008002a08                EXTI9_5_IRQHandler
                0x0000000008002a08                RTC_WKUP_IRQHandler
                0x0000000008002a08                LTDC_IRQHandler
                0x0000000008002a08                SAI3_IRQHandler
                0x0000000008002a08                ETH_WKUP_IRQHandler
                0x0000000008002a08                SPDIF_RX_IRQHandler
                0x0000000008002a08                SPI2_IRQHandler
                0x0000000008002a08                OTG_HS_EP1_IN_IRQHandler
                0x0000000008002a08                DMA1_Stream0_IRQHandler
                0x0000000008002a08                CRS_IRQHandler
                0x0000000008002a08                EXTI4_IRQHandler
                0x0000000008002a08                RNG_IRQHandler
                0x0000000008002a08                HRTIM1_TIMB_IRQHandler
                0x0000000008002a08                FDCAN2_IT1_IRQHandler
                0x0000000008002a08                ETH_IRQHandler
                0x0000000008002a08                TIM1_UP_IRQHandler
                0x0000000008002a08                BDMA_Channel4_IRQHandler
                0x0000000008002a08                OTG_HS_EP1_OUT_IRQHandler
                0x0000000008002a08                WWDG_IRQHandler
                0x0000000008002a08                SPI6_IRQHandler
                0x0000000008002a08                MDIOS_IRQHandler
                0x0000000008002a08                I2C4_EV_IRQHandler
                0x0000000008002a08                FDCAN2_IT0_IRQHandler
                0x0000000008002a08                LPUART1_IRQHandler
                0x0000000008002a08                FDCAN1_IT0_IRQHandler
                0x0000000008002a08                TIM2_IRQHandler
                0x0000000008002a08                OTG_FS_WKUP_IRQHandler
                0x0000000008002a08                OTG_HS_IRQHandler
                0x0000000008002a08                DMA2D_IRQHandler
                0x0000000008002a08                TIM1_BRK_IRQHandler
                0x0000000008002a08                EXTI1_IRQHandler
                0x0000000008002a08                SDMMC2_IRQHandler
                0x0000000008002a08                OTG_FS_EP1_OUT_IRQHandler
                0x0000000008002a08                BDMA_Channel3_IRQHandler
                0x0000000008002a08                UART7_IRQHandler
                0x0000000008002a08                MDIOS_WKUP_IRQHandler
                0x0000000008002a08                USART2_IRQHandler
                0x0000000008002a08                DFSDM1_FLT0_IRQHandler
                0x0000000008002a08                SAI4_IRQHandler
                0x0000000008002a08                I2C2_ER_IRQHandler
                0x0000000008002a08                DMA2_Stream1_IRQHandler
                0x0000000008002a08                FLASH_IRQHandler
                0x0000000008002a08                DMA2_Stream4_IRQHandler
                0x0000000008002a08                USART1_IRQHandler
                0x0000000008002a08                OTG_FS_IRQHandler
                0x0000000008002a08                SPI3_IRQHandler
                0x0000000008002a08                WAKEUP_PIN_IRQHandler
                0x0000000008002a08                DMA1_Stream4_IRQHandler
                0x0000000008002a08                OTG_FS_EP1_IN_IRQHandler
                0x0000000008002a08                I2C1_ER_IRQHandler
                0x0000000008002a08                FMC_IRQHandler
                0x0000000008002a08                FDCAN_CAL_IRQHandler
                0x0000000008002a08                SWPMI1_IRQHandler
                0x0000000008002a08                COMP1_IRQHandler
                0x0000000008002a08                LPTIM1_IRQHandler
                0x0000000008002a08                I2C4_ER_IRQHandler
                0x0000000008002a08                DMA2_Stream6_IRQHandler
                0x0000000008002a08                SAI1_IRQHandler
                0x0000000008002a08                RTC_Alarm_IRQHandler
 *fill*         0x0000000008002a0a        0x2 
 .text.__libc_init_array
                0x0000000008002a0c       0x48 /usr/local/arm-none-eabi-gcc/gcc-arm-none-eabi-10-2020-q4-major/bin/../lib/gcc/arm-none-eabi/10.2.1/../../../../arm-none-eabi/lib/thumb/v7e-m+dp/hard/libc_nano.a(lib_a-init.o)
                0x0000000008002a0c                __libc_init_array
 .text.memcpy   0x0000000008002a54       0x1c /usr/local/arm-none-eabi-gcc/gcc-arm-none-eabi-10-2020-q4-major/bin/../lib/gcc/arm-none-eabi/10.2.1/../../../../arm-none-eabi/lib/thumb/v7e-m+dp/hard/libc_nano.a(lib_a-memcpy-stub.o)
                0x0000000008002a54                memcpy
 .text.memset   0x0000000008002a70       0x10 /usr/local/arm-none-eabi-gcc/gcc-arm-none-eabi-10-2020-q4-major/bin/../lib/gcc/arm-none-eabi/10.2.1/../../../../arm-none-eabi/lib/thumb/v7e-m+dp/hard/libc_nano.a(lib_a-memset.o)
                0x0000000008002a70                memset
 *(.glue_7)
 .glue_7        0x0000000008002a80        0x0 linker stubs
 *(.glue_7t)
 .glue_7t       0x0000000008002a80        0x0 linker stubs
 *(.eh_frame)
 .eh_frame      0x0000000008002a80        0x0 /usr/local/arm-none-eabi-gcc/gcc-arm-none-eabi-10-2020-q4-major/bin/../lib/gcc/arm-none-eabi/10.2.1/thumb/v7e-m+dp/hard/crtbegin.o
 *(.init)
 .init          0x0000000008002a80        0x4 /usr/local/arm-none-eabi-gcc/gcc-arm-none-eabi-10-2020-q4-major/bin/../lib/gcc/arm-none-eabi/10.2.1/thumb/v7e-m+dp/hard/crti.o
                0x0000000008002a80                _init
 .init          0x0000000008002a84        0x8 /usr/local/arm-none-eabi-gcc/gcc-arm-none-eabi-10-2020-q4-major/bin/../lib/gcc/arm-none-eabi/10.2.1/thumb/v7e-m+dp/hard/crtn.o
 *(.fini)
 .fini          0x0000000008002a8c        0x4 /usr/local/arm-none-eabi-gcc/gcc-arm-none-eabi-10-2020-q4-major/bin/../lib/gcc/arm-none-eabi/10.2.1/thumb/v7e-m+dp/hard/crti.o
                0x0000000008002a8c                _fini
 .fini          0x0000000008002a90        0x8 /usr/local/arm-none-eabi-gcc/gcc-arm-none-eabi-10-2020-q4-major/bin/../lib/gcc/arm-none-eabi/10.2.1/thumb/v7e-m+dp/hard/crtn.o
                0x0000000008002a98                . = ALIGN (0x4)
                0x0000000008002a98                _etext = .

.vfp11_veneer   0x0000000008002a98        0x0
 .vfp11_veneer  0x0000000008002a98        0x0 linker stubs

.v4_bx          0x0000000008002a98        0x0
 .v4_bx         0x0000000008002a98        0x0 linker stubs

.iplt           0x0000000008002a98        0x0
 .iplt          0x0000000008002a98        0x0 /usr/local/arm-none-eabi-gcc/gcc-arm-none-eabi-10-2020-q4-major/bin/../lib/gcc/arm-none-eabi/10.2.1/thumb/v7e-m+dp/hard/crtbegin.o

.rodata         0x0000000008002a98       0x10
                0x0000000008002a98                . = ALIGN (0x4)
 *(.rodata)
 *(.rodata*)
 .rodata.D1CorePrescTable
                0x0000000008002a98       0x10 build/system_stm32h7xx.o
                0x0000000008002a98                D1CorePrescTable
                0x0000000008002aa8                . = ALIGN (0x4)

.ARM.extab
 *(.ARM.extab* .gnu.linkonce.armextab.*)

.ARM            0x0000000008002aa8        0x8
                0x0000000008002aa8                __exidx_start = .
 *(.ARM.exidx*)
 .ARM.exidx     0x0000000008002aa8        0x8 /usr/local/arm-none-eabi-gcc/gcc-arm-none-eabi-10-2020-q4-major/bin/../lib/gcc/arm-none-eabi/10.2.1/thumb/v7e-m+dp/hard/libgcc.a(_udivmoddi4.o)
                0x0000000008002ab0                __exidx_end = .

.rel.dyn        0x0000000008002ab0        0x0
 .rel.iplt      0x0000000008002ab0        0x0 /usr/local/arm-none-eabi-gcc/gcc-arm-none-eabi-10-2020-q4-major/bin/../lib/gcc/arm-none-eabi/10.2.1/thumb/v7e-m+dp/hard/crtbegin.o

.preinit_array  0x0000000008002ab0        0x0
                0x0000000008002ab0                PROVIDE (__preinit_array_start = .)
 *(.preinit_array*)
                0x0000000008002ab0                PROVIDE (__preinit_array_end = .)

.init_array     0x0000000008002ab0        0x4
                0x0000000008002ab0                PROVIDE (__init_array_start = .)
 *(SORT_BY_NAME(.init_array.*))
 *(.init_array*)
 .init_array    0x0000000008002ab0        0x4 /usr/local/arm-none-eabi-gcc/gcc-arm-none-eabi-10-2020-q4-major/bin/../lib/gcc/arm-none-eabi/10.2.1/thumb/v7e-m+dp/hard/crtbegin.o
                0x0000000008002ab4                PROVIDE (__init_array_end = .)

.fini_array     0x0000000008002ab4        0x4
                [!provide]                        PROVIDE (__fini_array_start = .)
 *(SORT_BY_NAME(.fini_array.*))
 *(.fini_array*)
 .fini_array    0x0000000008002ab4        0x4 /usr/local/arm-none-eabi-gcc/gcc-arm-none-eabi-10-2020-q4-major/bin/../lib/gcc/arm-none-eabi/10.2.1/thumb/v7e-m+dp/hard/crtbegin.o
                [!provide]                        PROVIDE (__fini_array_end = .)
                0x0000000008002ab8                _sidata = LOADADDR (.data)

.data           0x0000000020000000       0x2c load address 0x0000000008002ab8
                0x0000000020000000                . = ALIGN (0x4)
                0x0000000020000000                _sdata = .
 *(.data)
 *(.data*)
 .data.Led1     0x0000000020000000        0x8 build/main.o
                0x0000000020000000                Led1
 .data.BspGPIO  0x0000000020000008        0xc build/Bsp_GPIO.o
                0x0000000020000008                BspGPIO
 .data.DevLED   0x0000000020000014        0x8 build/Dev_Led.o
                0x0000000020000014                DevLED
 .data.SystemCoreClock
                0x000000002000001c        0x4 build/system_stm32h7xx.o
                0x000000002000001c                SystemCoreClock
 .data.SystemD2Clock
                0x0000000020000020        0x4 build/system_stm32h7xx.o
                0x0000000020000020                SystemD2Clock
 .data.uwTickFreq
                0x0000000020000024        0x1 build/stm32h7xx_hal.o
                0x0000000020000024                uwTickFreq
 *fill*         0x0000000020000025        0x3 
 .data.uwTickPrio
                0x0000000020000028        0x4 build/stm32h7xx_hal.o
                0x0000000020000028                uwTickPrio
                0x000000002000002c                . = ALIGN (0x4)
                0x000000002000002c                _edata = .

.igot.plt       0x000000002000002c        0x0 load address 0x0000000008002ae4
 .igot.plt      0x000000002000002c        0x0 /usr/local/arm-none-eabi-gcc/gcc-arm-none-eabi-10-2020-q4-major/bin/../lib/gcc/arm-none-eabi/10.2.1/thumb/v7e-m+dp/hard/crtbegin.o
                0x000000002000002c                . = ALIGN (0x4)

.bss            0x0000000020000030       0x48 load address 0x0000000008002ae4
                0x0000000020000030                _sbss = .
                0x0000000020000030                __bss_start__ = _sbss
 *(.bss)
 .bss           0x0000000020000030       0x1c /usr/local/arm-none-eabi-gcc/gcc-arm-none-eabi-10-2020-q4-major/bin/../lib/gcc/arm-none-eabi/10.2.1/thumb/v7e-m+dp/hard/crtbegin.o
 *(.bss*)
 *fill*         0x000000002000004c        0x4 
 .bss.RunTime   0x0000000020000050       0x20 build/runtime.o
 .bss.sysclock  0x0000000020000070        0x4 build/runtime.o
 .bss.uwTick    0x0000000020000074        0x4 build/stm32h7xx_hal.o
                0x0000000020000074                uwTick
 *(COMMON)
                0x0000000020000078                . = ALIGN (0x4)
                0x0000000020000078                _ebss = .
                0x0000000020000078                __bss_end__ = _ebss

._user_heap_stack
                0x0000000020000078     0x1000 load address 0x0000000008002ae4
                0x0000000020000078                . = ALIGN (0x8)
                [!provide]                        PROVIDE (end = .)
                [!provide]                        PROVIDE (_end = .)
                0x0000000020000878                . = (. + _Min_Heap_Size)
 *fill*         0x0000000020000078      0x800 
                0x0000000020001078                . = (. + _Min_Stack_Size)
 *fill*         0x0000000020000878      0x800 
                0x0000000020001078                . = ALIGN (0x8)

/DISCARD/
 libc.a(*)
 libm.a(*)
 libgcc.a(*)

.ARM.attributes
                0x0000000000000000       0x2e
 *(.ARM.attributes)
 .ARM.attributes
                0x0000000000000000       0x1e /usr/local/arm-none-eabi-gcc/gcc-arm-none-eabi-10-2020-q4-major/bin/../lib/gcc/arm-none-eabi/10.2.1/thumb/v7e-m+dp/hard/crti.o
 .ARM.attributes
                0x000000000000001e       0x32 /usr/local/arm-none-eabi-gcc/gcc-arm-none-eabi-10-2020-q4-major/bin/../lib/gcc/arm-none-eabi/10.2.1/thumb/v7e-m+dp/hard/crtbegin.o
 .ARM.attributes
                0x0000000000000050       0x32 build/main.o
 .ARM.attributes
                0x0000000000000082       0x32 build/Bsp_GPIO.o
 .ARM.attributes
                0x00000000000000b4       0x32 build/Dev_Led.o
 .ARM.attributes
                0x00000000000000e6       0x32 build/kernel.o
 .ARM.attributes
                0x0000000000000118       0x32 build/runtime.o
 .ARM.attributes
                0x000000000000014a       0x32 build/stm32h7xx_it.o
 .ARM.attributes
                0x000000000000017c       0x32 build/system_stm32h7xx.o
 .ARM.attributes
                0x00000000000001ae       0x32 build/stm32h7xx_hal.o
 .ARM.attributes
                0x00000000000001e0       0x32 build/stm32h7xx_hal_cortex.o
 .ARM.attributes
                0x0000000000000212       0x32 build/stm32h7xx_hal_rcc.o
 .ARM.attributes
                0x0000000000000244       0x32 build/stm32h7xx_hal_rcc_ex.o
 .ARM.attributes
                0x0000000000000276       0x32 build/stm32h7xx_hal_gpio.o
 .ARM.attributes
                0x00000000000002a8       0x32 build/stm32h7xx_hal_pwr_ex.o
 .ARM.attributes
                0x00000000000002da       0x21 build/startup_stm32h743xx.o
 .ARM.attributes
                0x00000000000002fb       0x32 /usr/local/arm-none-eabi-gcc/gcc-arm-none-eabi-10-2020-q4-major/bin/../lib/gcc/arm-none-eabi/10.2.1/../../../../arm-none-eabi/lib/thumb/v7e-m+dp/hard/libc_nano.a(lib_a-init.o)
 .ARM.attributes
                0x000000000000032d       0x32 /usr/local/arm-none-eabi-gcc/gcc-arm-none-eabi-10-2020-q4-major/bin/../lib/gcc/arm-none-eabi/10.2.1/../../../../arm-none-eabi/lib/thumb/v7e-m+dp/hard/libc_nano.a(lib_a-memcpy-stub.o)
 .ARM.attributes
                0x000000000000035f       0x32 /usr/local/arm-none-eabi-gcc/gcc-arm-none-eabi-10-2020-q4-major/bin/../lib/gcc/arm-none-eabi/10.2.1/../../../../arm-none-eabi/lib/thumb/v7e-m+dp/hard/libc_nano.a(lib_a-memset.o)
 .ARM.attributes
                0x0000000000000391       0x1e /usr/local/arm-none-eabi-gcc/gcc-arm-none-eabi-10-2020-q4-major/bin/../lib/gcc/arm-none-eabi/10.2.1/thumb/v7e-m+dp/hard/libgcc.a(_aeabi_uldivmod.o)
 .ARM.attributes
                0x00000000000003af       0x32 /usr/local/arm-none-eabi-gcc/gcc-arm-none-eabi-10-2020-q4-major/bin/../lib/gcc/arm-none-eabi/10.2.1/thumb/v7e-m+dp/hard/libgcc.a(_udivmoddi4.o)
 .ARM.attributes
                0x00000000000003e1       0x1e /usr/local/arm-none-eabi-gcc/gcc-arm-none-eabi-10-2020-q4-major/bin/../lib/gcc/arm-none-eabi/10.2.1/thumb/v7e-m+dp/hard/libgcc.a(_dvmd_tls.o)
 .ARM.attributes
                0x00000000000003ff       0x1e /usr/local/arm-none-eabi-gcc/gcc-arm-none-eabi-10-2020-q4-major/bin/../lib/gcc/arm-none-eabi/10.2.1/thumb/v7e-m+dp/hard/crtn.o
OUTPUT(build/H7FC.elf elf32-littlearm)
LOAD linker stubs
LOAD /usr/local/arm-none-eabi-gcc/gcc-arm-none-eabi-10-2020-q4-major/bin/../lib/gcc/arm-none-eabi/10.2.1/../../../../arm-none-eabi/lib/thumb/v7e-m+dp/hard/libc.a
LOAD /usr/local/arm-none-eabi-gcc/gcc-arm-none-eabi-10-2020-q4-major/bin/../lib/gcc/arm-none-eabi/10.2.1/../../../../arm-none-eabi/lib/thumb/v7e-m+dp/hard/libm.a
LOAD /usr/local/arm-none-eabi-gcc/gcc-arm-none-eabi-10-2020-q4-major/bin/../lib/gcc/arm-none-eabi/10.2.1/thumb/v7e-m+dp/hard/libgcc.a

.debug_info     0x0000000000000000     0xc731
 .debug_info    0x0000000000000000      0x353 build/main.o
 .debug_info    0x0000000000000353      0x9ed build/Bsp_GPIO.o
 .debug_info    0x0000000000000d40      0x45f build/Dev_Led.o
 .debug_info    0x000000000000119f     0x1550 build/kernel.o
 .debug_info    0x00000000000026ef      0xf7d build/runtime.o
 .debug_info    0x000000000000366c      0x161 build/stm32h7xx_it.o
 .debug_info    0x00000000000037cd      0xeb5 build/system_stm32h7xx.o
 .debug_info    0x0000000000004682     0x18de build/stm32h7xx_hal.o
 .debug_info    0x0000000000005f60     0x1507 build/stm32h7xx_hal_cortex.o
 .debug_info    0x0000000000007467     0x13ce build/stm32h7xx_hal_rcc.o
 .debug_info    0x0000000000008835     0x1c06 build/stm32h7xx_hal_rcc_ex.o
 .debug_info    0x000000000000a43b      0xee1 build/stm32h7xx_hal_gpio.o
 .debug_info    0x000000000000b31c     0x13f3 build/stm32h7xx_hal_pwr_ex.o
 .debug_info    0x000000000000c70f       0x22 build/startup_stm32h743xx.o

.debug_abbrev   0x0000000000000000     0x1c95
 .debug_abbrev  0x0000000000000000      0x1ac build/main.o
 .debug_abbrev  0x00000000000001ac      0x20b build/Bsp_GPIO.o
 .debug_abbrev  0x00000000000003b7      0x1b4 build/Dev_Led.o
 .debug_abbrev  0x000000000000056b      0x249 build/kernel.o
 .debug_abbrev  0x00000000000007b4      0x322 build/runtime.o
 .debug_abbrev  0x0000000000000ad6       0x81 build/stm32h7xx_it.o
 .debug_abbrev  0x0000000000000b57      0x12a build/system_stm32h7xx.o
 .debug_abbrev  0x0000000000000c81      0x261 build/stm32h7xx_hal.o
 .debug_abbrev  0x0000000000000ee2      0x395 build/stm32h7xx_hal_cortex.o
 .debug_abbrev  0x0000000000001277      0x27d build/stm32h7xx_hal_rcc.o
 .debug_abbrev  0x00000000000014f4      0x286 build/stm32h7xx_hal_rcc_ex.o
 .debug_abbrev  0x000000000000177a      0x253 build/stm32h7xx_hal_gpio.o
 .debug_abbrev  0x00000000000019cd      0x2b6 build/stm32h7xx_hal_pwr_ex.o
 .debug_abbrev  0x0000000000001c83       0x12 build/startup_stm32h743xx.o

.debug_loc      0x0000000000000000     0x468f
 .debug_loc     0x0000000000000000       0x4f build/main.o
 .debug_loc     0x000000000000004f      0x163 build/Bsp_GPIO.o
 .debug_loc     0x00000000000001b2       0xbc build/Dev_Led.o
 .debug_loc     0x000000000000026e       0xe8 build/kernel.o
 .debug_loc     0x0000000000000356      0x345 build/runtime.o
 .debug_loc     0x000000000000069b       0x20 build/stm32h7xx_it.o
 .debug_loc     0x00000000000006bb      0x1d8 build/system_stm32h7xx.o
 .debug_loc     0x0000000000000893      0x526 build/stm32h7xx_hal.o
 .debug_loc     0x0000000000000db9      0x786 build/stm32h7xx_hal_cortex.o
 .debug_loc     0x000000000000153f      0xa9b build/stm32h7xx_hal_rcc.o
 .debug_loc     0x0000000000001fda     0x1bd8 build/stm32h7xx_hal_rcc_ex.o
 .debug_loc     0x0000000000003bb2      0x482 build/stm32h7xx_hal_gpio.o
 .debug_loc     0x0000000000004034      0x65b build/stm32h7xx_hal_pwr_ex.o

.debug_aranges  0x0000000000000000      0x760
 .debug_aranges
                0x0000000000000000       0x20 build/main.o
 .debug_aranges
                0x0000000000000020       0x30 build/Bsp_GPIO.o
 .debug_aranges
                0x0000000000000050       0x28 build/Dev_Led.o
 .debug_aranges
                0x0000000000000078       0x28 build/kernel.o
 .debug_aranges
                0x00000000000000a0       0x98 build/runtime.o
 .debug_aranges
                0x0000000000000138       0x60 build/stm32h7xx_it.o
 .debug_aranges
                0x0000000000000198       0x28 build/system_stm32h7xx.o
 .debug_aranges
                0x00000000000001c0      0x198 build/stm32h7xx_hal.o
 .debug_aranges
                0x0000000000000358       0xb0 build/stm32h7xx_hal_cortex.o
 .debug_aranges
                0x0000000000000408       0x88 build/stm32h7xx_hal_rcc.o
 .debug_aranges
                0x0000000000000490       0xf8 build/stm32h7xx_hal_rcc_ex.o
 .debug_aranges
                0x0000000000000588       0x58 build/stm32h7xx_hal_gpio.o
 .debug_aranges
                0x00000000000005e0      0x158 build/stm32h7xx_hal_pwr_ex.o
 .debug_aranges
                0x0000000000000738       0x28 build/startup_stm32h743xx.o

.debug_ranges   0x0000000000000000      0x7b8
 .debug_ranges  0x0000000000000000       0x10 build/main.o
 .debug_ranges  0x0000000000000010       0x20 build/Bsp_GPIO.o
 .debug_ranges  0x0000000000000030       0x18 build/Dev_Led.o
 .debug_ranges  0x0000000000000048       0x18 build/kernel.o
 .debug_ranges  0x0000000000000060       0x88 build/runtime.o
 .debug_ranges  0x00000000000000e8       0x50 build/stm32h7xx_it.o
 .debug_ranges  0x0000000000000138       0x18 build/system_stm32h7xx.o
 .debug_ranges  0x0000000000000150      0x188 build/stm32h7xx_hal.o
 .debug_ranges  0x00000000000002d8      0x100 build/stm32h7xx_hal_cortex.o
 .debug_ranges  0x00000000000003d8       0xe8 build/stm32h7xx_hal_rcc.o
 .debug_ranges  0x00000000000004c0       0xe8 build/stm32h7xx_hal_rcc_ex.o
 .debug_ranges  0x00000000000005a8       0x48 build/stm32h7xx_hal_gpio.o
 .debug_ranges  0x00000000000005f0      0x1a8 build/stm32h7xx_hal_pwr_ex.o
 .debug_ranges  0x0000000000000798       0x20 build/startup_stm32h743xx.o

.debug_line     0x0000000000000000     0x6a6e
 .debug_line    0x0000000000000000      0x1fb build/main.o
 .debug_line    0x00000000000001fb      0x2a7 build/Bsp_GPIO.o
 .debug_line    0x00000000000004a2      0x235 build/Dev_Led.o
 .debug_line    0x00000000000006d7      0x5ed build/kernel.o
 .debug_line    0x0000000000000cc4      0x546 build/runtime.o
 .debug_line    0x000000000000120a      0x15c build/stm32h7xx_it.o
 .debug_line    0x0000000000001366      0x471 build/system_stm32h7xx.o
 .debug_line    0x00000000000017d7      0x8db build/stm32h7xx_hal.o
 .debug_line    0x00000000000020b2      0x7a6 build/stm32h7xx_hal_cortex.o
 .debug_line    0x0000000000002858     0x1281 build/stm32h7xx_hal_rcc.o
 .debug_line    0x0000000000003ad9     0x1db7 build/stm32h7xx_hal_rcc_ex.o
 .debug_line    0x0000000000005890      0x6cd build/stm32h7xx_hal_gpio.o
 .debug_line    0x0000000000005f5d      0xa9b build/stm32h7xx_hal_pwr_ex.o
 .debug_line    0x00000000000069f8       0x76 build/startup_stm32h743xx.o

.debug_str      0x0000000000000000     0x34ae
 .debug_str     0x0000000000000000      0x231 build/main.o
                                        0x29e (size before relaxing)
 .debug_str     0x0000000000000231      0x32f build/Bsp_GPIO.o
                                        0x518 (size before relaxing)
 .debug_str     0x0000000000000560       0x3e build/Dev_Led.o
                                        0x2f3 (size before relaxing)
 .debug_str     0x000000000000059e      0x7c0 build/kernel.o
                                        0xb96 (size before relaxing)
 .debug_str     0x0000000000000d5e      0xb90 build/runtime.o
                                        0xf40 (size before relaxing)
 .debug_str     0x00000000000018ee       0xb0 build/stm32h7xx_it.o
                                        0x21a (size before relaxing)
 .debug_str     0x000000000000199e      0x216 build/system_stm32h7xx.o
                                        0x716 (size before relaxing)
 .debug_str     0x0000000000001bb4      0x733 build/stm32h7xx_hal.o
                                       0x148f (size before relaxing)
 .debug_str     0x00000000000022e7      0x3fe build/stm32h7xx_hal_cortex.o
                                       0x1027 (size before relaxing)
 .debug_str     0x00000000000026e5      0x19f build/stm32h7xx_hal_rcc.o
                                        0x9f9 (size before relaxing)
 .debug_str     0x0000000000002884      0x5da build/stm32h7xx_hal_rcc_ex.o
                                        0xedb (size before relaxing)
 .debug_str     0x0000000000002e5e       0xdb build/stm32h7xx_hal_gpio.o
                                        0x6b3 (size before relaxing)
 .debug_str     0x0000000000002f39      0x551 build/stm32h7xx_hal_pwr_ex.o
                                        0xa28 (size before relaxing)
 .debug_str     0x000000000000348a       0x24 build/startup_stm32h743xx.o
                                         0x47 (size before relaxing)

.comment        0x0000000000000000       0x4d
 .comment       0x0000000000000000       0x4d build/main.o
                                         0x4e (size before relaxing)
 .comment       0x000000000000004d       0x4e build/Bsp_GPIO.o
 .comment       0x000000000000004d       0x4e build/Dev_Led.o
 .comment       0x000000000000004d       0x4e build/kernel.o
 .comment       0x000000000000004d       0x4e build/runtime.o
 .comment       0x000000000000004d       0x4e build/stm32h7xx_it.o
 .comment       0x000000000000004d       0x4e build/system_stm32h7xx.o
 .comment       0x000000000000004d       0x4e build/stm32h7xx_hal.o
 .comment       0x000000000000004d       0x4e build/stm32h7xx_hal_cortex.o
 .comment       0x000000000000004d       0x4e build/stm32h7xx_hal_rcc.o
 .comment       0x000000000000004d       0x4e build/stm32h7xx_hal_rcc_ex.o
 .comment       0x000000000000004d       0x4e build/stm32h7xx_hal_gpio.o
 .comment       0x000000000000004d       0x4e build/stm32h7xx_hal_pwr_ex.o

.debug_frame    0x0000000000000000     0x10b4
 .debug_frame   0x0000000000000000       0x2c build/main.o
 .debug_frame   0x000000000000002c       0x6c build/Bsp_GPIO.o
 .debug_frame   0x0000000000000098       0x50 build/Dev_Led.o
 .debug_frame   0x00000000000000e8       0x48 build/kernel.o
 .debug_frame   0x0000000000000130      0x154 build/runtime.o
 .debug_frame   0x0000000000000284       0xa8 build/stm32h7xx_it.o
 .debug_frame   0x000000000000032c       0x3c build/system_stm32h7xx.o
 .debug_frame   0x0000000000000368      0x360 build/stm32h7xx_hal.o
 .debug_frame   0x00000000000006c8      0x158 build/stm32h7xx_hal_cortex.o
 .debug_frame   0x0000000000000820      0x18c build/stm32h7xx_hal_rcc.o
 .debug_frame   0x00000000000009ac      0x26c build/stm32h7xx_hal_rcc_ex.o
 .debug_frame   0x0000000000000c18       0xd4 build/stm32h7xx_hal_gpio.o
 .debug_frame   0x0000000000000cec      0x2f4 build/stm32h7xx_hal_pwr_ex.o
 .debug_frame   0x0000000000000fe0       0x2c /usr/local/arm-none-eabi-gcc/gcc-arm-none-eabi-10-2020-q4-major/bin/../lib/gcc/arm-none-eabi/10.2.1/../../../../arm-none-eabi/lib/thumb/v7e-m+dp/hard/libc_nano.a(lib_a-init.o)
 .debug_frame   0x000000000000100c       0x28 /usr/local/arm-none-eabi-gcc/gcc-arm-none-eabi-10-2020-q4-major/bin/../lib/gcc/arm-none-eabi/10.2.1/../../../../arm-none-eabi/lib/thumb/v7e-m+dp/hard/libc_nano.a(lib_a-memcpy-stub.o)
 .debug_frame   0x0000000000001034       0x20 /usr/local/arm-none-eabi-gcc/gcc-arm-none-eabi-10-2020-q4-major/bin/../lib/gcc/arm-none-eabi/10.2.1/../../../../arm-none-eabi/lib/thumb/v7e-m+dp/hard/libc_nano.a(lib_a-memset.o)
 .debug_frame   0x0000000000001054       0x2c /usr/local/arm-none-eabi-gcc/gcc-arm-none-eabi-10-2020-q4-major/bin/../lib/gcc/arm-none-eabi/10.2.1/thumb/v7e-m+dp/hard/libgcc.a(_aeabi_uldivmod.o)
 .debug_frame   0x0000000000001080       0x34 /usr/local/arm-none-eabi-gcc/gcc-arm-none-eabi-10-2020-q4-major/bin/../lib/gcc/arm-none-eabi/10.2.1/thumb/v7e-m+dp/hard/libgcc.a(_udivmoddi4.o)

Cross Reference Table

Symbol                                            File
ADC3_IRQHandler                                   build/startup_stm32h743xx.o
ADC_IRQHandler                                    build/startup_stm32h743xx.o
BDMA_Channel0_IRQHandler                          build/startup_stm32h743xx.o
BDMA_Channel1_IRQHandler                          build/startup_stm32h743xx.o
BDMA_Channel2_IRQHandler                          build/startup_stm32h743xx.o
BDMA_Channel3_IRQHandler                          build/startup_stm32h743xx.o
BDMA_Channel4_IRQHandler                          build/startup_stm32h743xx.o
BDMA_Channel5_IRQHandler                          build/startup_stm32h743xx.o
BDMA_Channel6_IRQHandler                          build/startup_stm32h743xx.o
BDMA_Channel7_IRQHandler                          build/startup_stm32h743xx.o
BspGPIO                                           build/Bsp_GPIO.o
                                                  build/Dev_Led.o
                                                  build/debug_util.o
BusFault_Handler                                  build/stm32h7xx_it.o
CEC_IRQHandler                                    build/startup_stm32h743xx.o
COMP1_IRQHandler                                  build/startup_stm32h743xx.o
CRS_IRQHandler                                    build/startup_stm32h743xx.o
D1CorePrescTable                                  build/system_stm32h7xx.o
                                                  build/stm32h7xx_hal_rcc_ex.o
                                                  build/stm32h7xx_hal_rcc.o
                                                  build/stm32h7xx_hal.o
DCMI_IRQHandler                                   build/startup_stm32h743xx.o
DFSDM1_FLT0_IRQHandler                            build/startup_stm32h743xx.o
DFSDM1_FLT1_IRQHandler                            build/startup_stm32h743xx.o
DFSDM1_FLT2_IRQHandler                            build/startup_stm32h743xx.o
DFSDM1_FLT3_IRQHandler                            build/startup_stm32h743xx.o
DMA1_Stream0_IRQHandler                           build/startup_stm32h743xx.o
DMA1_Stream1_IRQHandler                           build/startup_stm32h743xx.o
DMA1_Stream2_IRQHandler                           build/startup_stm32h743xx.o
DMA1_Stream3_IRQHandler                           build/startup_stm32h743xx.o
DMA1_Stream4_IRQHandler                           build/startup_stm32h743xx.o
DMA1_Stream5_IRQHandler                           build/startup_stm32h743xx.o
DMA1_Stream6_IRQHandler                           build/startup_stm32h743xx.o
DMA1_Stream7_IRQHandler                           build/startup_stm32h743xx.o
DMA2D_IRQHandler                                  build/startup_stm32h743xx.o
DMA2_Stream0_IRQHandler                           build/startup_stm32h743xx.o
DMA2_Stream1_IRQHandler                           build/startup_stm32h743xx.o
DMA2_Stream2_IRQHandler                           build/startup_stm32h743xx.o
DMA2_Stream3_IRQHandler                           build/startup_stm32h743xx.o
DMA2_Stream4_IRQHandler                           build/startup_stm32h743xx.o
DMA2_Stream5_IRQHandler                           build/startup_stm32h743xx.o
DMA2_Stream6_IRQHandler                           build/startup_stm32h743xx.o
DMA2_Stream7_IRQHandler                           build/startup_stm32h743xx.o
DMAMUX1_OVR_IRQHandler                            build/startup_stm32h743xx.o
DMAMUX2_OVR_IRQHandler                            build/startup_stm32h743xx.o
DebugMon_Handler                                  build/stm32h7xx_it.o
DebugPin                                          build/debug_util.o
Default_Handler                                   build/startup_stm32h743xx.o
DevLED                                            build/Dev_Led.o
                                                  build/main.o
ECC_IRQHandler                                    build/startup_stm32h743xx.o
ETH_IRQHandler                                    build/startup_stm32h743xx.o
ETH_WKUP_IRQHandler                               build/startup_stm32h743xx.o
EXTI0_IRQHandler                                  build/startup_stm32h743xx.o
EXTI15_10_IRQHandler                              build/startup_stm32h743xx.o
EXTI1_IRQHandler                                  build/startup_stm32h743xx.o
EXTI2_IRQHandler                                  build/startup_stm32h743xx.o
EXTI3_IRQHandler                                  build/startup_stm32h743xx.o
EXTI4_IRQHandler                                  build/startup_stm32h743xx.o
EXTI9_5_IRQHandler                                build/startup_stm32h743xx.o
FDCAN1_IT0_IRQHandler                             build/startup_stm32h743xx.o
FDCAN1_IT1_IRQHandler                             build/startup_stm32h743xx.o
FDCAN2_IT0_IRQHandler                             build/startup_stm32h743xx.o
FDCAN2_IT1_IRQHandler                             build/startup_stm32h743xx.o
FDCAN_CAL_IRQHandler                              build/startup_stm32h743xx.o
FLASH_CRC_WaitForLastOperation                    build/stm32h7xx_hal_flash.o
                                                  build/stm32h7xx_hal_flash_ex.o
FLASH_Erase_Sector                                build/stm32h7xx_hal_flash_ex.o
                                                  build/stm32h7xx_hal_flash.o
FLASH_IRQHandler                                  build/startup_stm32h743xx.o
FLASH_OB_WaitForLastOperation                     build/stm32h7xx_hal_flash.o
                                                  build/stm32h7xx_hal_flash_ex.o
FLASH_WaitForLastOperation                        build/stm32h7xx_hal_flash.o
                                                  build/stm32h7xx_hal_flash_ex.o
FMC_IRQHandler                                    build/startup_stm32h743xx.o
FPU_IRQHandler                                    build/startup_stm32h743xx.o
Get_CurrentRunningMs                              build/runtime.o
                                                  build/main.o
Get_CurrentRunningS                               build/runtime.o
Get_CurrentRunningUs                              build/runtime.o
Get_RuntimeState                                  build/runtime.o
Get_TargetRunTime                                 build/runtime.o
Get_TimeDifference_Between                        build/runtime.o
HAL_DBGMCU_DisableDBGSleepMode                    build/stm32h7xx_hal.o
HAL_DBGMCU_DisableDBGStandbyMode                  build/stm32h7xx_hal.o
HAL_DBGMCU_DisableDBGStopMode                     build/stm32h7xx_hal.o
HAL_DBGMCU_EnableDBGSleepMode                     build/stm32h7xx_hal.o
HAL_DBGMCU_EnableDBGStandbyMode                   build/stm32h7xx_hal.o
HAL_DBGMCU_EnableDBGStopMode                      build/stm32h7xx_hal.o
HAL_DMAEx_ChangeMemory                            build/stm32h7xx_hal_dma_ex.o
HAL_DMAEx_ConfigMuxRequestGenerator               build/stm32h7xx_hal_dma_ex.o
HAL_DMAEx_ConfigMuxSync                           build/stm32h7xx_hal_dma_ex.o
HAL_DMAEx_DisableMuxRequestGenerator              build/stm32h7xx_hal_dma_ex.o
HAL_DMAEx_EnableMuxRequestGenerator               build/stm32h7xx_hal_dma_ex.o
HAL_DMAEx_MUX_IRQHandler                          build/stm32h7xx_hal_dma_ex.o
HAL_DMAEx_MultiBufferStart                        build/stm32h7xx_hal_dma_ex.o
HAL_DMAEx_MultiBufferStart_IT                     build/stm32h7xx_hal_dma_ex.o
HAL_DMA_Abort                                     build/stm32h7xx_hal_dma.o
HAL_DMA_Abort_IT                                  build/stm32h7xx_hal_dma.o
                                                  build/stm32h7xx_hal_i2c.o
HAL_DMA_DeInit                                    build/stm32h7xx_hal_dma.o
HAL_DMA_GetError                                  build/stm32h7xx_hal_dma.o
                                                  build/stm32h7xx_hal_i2c.o
HAL_DMA_GetState                                  build/stm32h7xx_hal_dma.o
                                                  build/stm32h7xx_hal_i2c.o
HAL_DMA_IRQHandler                                build/stm32h7xx_hal_dma.o
HAL_DMA_Init                                      build/stm32h7xx_hal_dma.o
HAL_DMA_PollForTransfer                           build/stm32h7xx_hal_dma.o
HAL_DMA_RegisterCallback                          build/stm32h7xx_hal_dma.o
HAL_DMA_Start                                     build/stm32h7xx_hal_dma.o
HAL_DMA_Start_IT                                  build/stm32h7xx_hal_dma.o
                                                  build/stm32h7xx_hal_i2c.o
HAL_DMA_UnRegisterCallback                        build/stm32h7xx_hal_dma.o
HAL_DeInit                                        build/stm32h7xx_hal.o
HAL_Delay                                         build/stm32h7xx_hal.o
HAL_DisableCompensationCell                       build/stm32h7xx_hal.o
HAL_EXTI_ClearConfigLine                          build/stm32h7xx_hal_exti.o
HAL_EXTI_ClearPending                             build/stm32h7xx_hal_exti.o
HAL_EXTI_D1_ClearFlag                             build/stm32h7xx_hal.o
HAL_EXTI_D1_EventInputConfig                      build/stm32h7xx_hal.o
HAL_EXTI_D3_EventInputConfig                      build/stm32h7xx_hal.o
HAL_EXTI_EdgeConfig                               build/stm32h7xx_hal.o
HAL_EXTI_GenerateSWI                              build/stm32h7xx_hal_exti.o
HAL_EXTI_GenerateSWInterrupt                      build/stm32h7xx_hal.o
HAL_EXTI_GetConfigLine                            build/stm32h7xx_hal_exti.o
HAL_EXTI_GetHandle                                build/stm32h7xx_hal_exti.o
HAL_EXTI_GetPending                               build/stm32h7xx_hal_exti.o
HAL_EXTI_IRQHandler                               build/stm32h7xx_hal_exti.o
HAL_EXTI_RegisterCallback                         build/stm32h7xx_hal_exti.o
HAL_EXTI_SetConfigLine                            build/stm32h7xx_hal_exti.o
HAL_EnableCompensationCell                        build/stm32h7xx_hal.o
HAL_FLASHEx_ComputeCRC                            build/stm32h7xx_hal_flash_ex.o
HAL_FLASHEx_Erase                                 build/stm32h7xx_hal_flash_ex.o
HAL_FLASHEx_Erase_IT                              build/stm32h7xx_hal_flash_ex.o
HAL_FLASHEx_Lock_Bank1                            build/stm32h7xx_hal_flash_ex.o
HAL_FLASHEx_Lock_Bank2                            build/stm32h7xx_hal_flash_ex.o
HAL_FLASHEx_OBGetConfig                           build/stm32h7xx_hal_flash_ex.o
HAL_FLASHEx_OBProgram                             build/stm32h7xx_hal_flash_ex.o
HAL_FLASHEx_Unlock_Bank1                          build/stm32h7xx_hal_flash_ex.o
HAL_FLASHEx_Unlock_Bank2                          build/stm32h7xx_hal_flash_ex.o
HAL_FLASH_EndOfOperationCallback                  build/stm32h7xx_hal_flash.o
HAL_FLASH_GetError                                build/stm32h7xx_hal_flash.o
HAL_FLASH_IRQHandler                              build/stm32h7xx_hal_flash.o
HAL_FLASH_Lock                                    build/stm32h7xx_hal_flash.o
HAL_FLASH_OB_Launch                               build/stm32h7xx_hal_flash.o
HAL_FLASH_OB_Lock                                 build/stm32h7xx_hal_flash.o
HAL_FLASH_OB_Unlock                               build/stm32h7xx_hal_flash.o
HAL_FLASH_OperationErrorCallback                  build/stm32h7xx_hal_flash.o
HAL_FLASH_Program                                 build/stm32h7xx_hal_flash.o
HAL_FLASH_Program_IT                              build/stm32h7xx_hal_flash.o
HAL_FLASH_Unlock                                  build/stm32h7xx_hal_flash.o
HAL_GPIO_DeInit                                   build/stm32h7xx_hal_gpio.o
HAL_GPIO_EXTI_Callback                            build/stm32h7xx_hal_gpio.o
HAL_GPIO_EXTI_IRQHandler                          build/stm32h7xx_hal_gpio.o
HAL_GPIO_Init                                     build/stm32h7xx_hal_gpio.o
                                                  build/stm32h7xx_hal_rcc.o
                                                  build/Bsp_GPIO.o
HAL_GPIO_LockPin                                  build/stm32h7xx_hal_gpio.o
HAL_GPIO_ReadPin                                  build/stm32h7xx_hal_gpio.o
                                                  build/Bsp_GPIO.o
HAL_GPIO_TogglePin                                build/stm32h7xx_hal_gpio.o
HAL_GPIO_WritePin                                 build/stm32h7xx_hal_gpio.o
                                                  build/Bsp_GPIO.o
HAL_GetCurrentCPUID                               build/stm32h7xx_hal_cortex.o
HAL_GetDEVID                                      build/stm32h7xx_hal.o
HAL_GetFMCMemorySwappingConfig                    build/stm32h7xx_hal.o
HAL_GetHalVersion                                 build/stm32h7xx_hal.o
HAL_GetREVID                                      build/stm32h7xx_hal.o
                                                  build/stm32h7xx_hal_rcc_ex.o
                                                  build/stm32h7xx_hal_rcc.o
HAL_GetTick                                       build/stm32h7xx_hal.o
                                                  build/stm32h7xx_hal_i2c.o
                                                  build/stm32h7xx_hal_pwr_ex.o
                                                  build/stm32h7xx_hal_mdma.o
                                                  build/stm32h7xx_hal_dma.o
                                                  build/stm32h7xx_hal_flash.o
                                                  build/stm32h7xx_hal_rcc_ex.o
                                                  build/stm32h7xx_hal_rcc.o
HAL_GetTickFreq                                   build/stm32h7xx_hal.o
HAL_GetTickPrio                                   build/stm32h7xx_hal.o
HAL_GetUIDw0                                      build/stm32h7xx_hal.o
HAL_GetUIDw1                                      build/stm32h7xx_hal.o
HAL_GetUIDw2                                      build/stm32h7xx_hal.o
HAL_HSEM_ActivateNotification                     build/stm32h7xx_hal_hsem.o
HAL_HSEM_DeactivateNotification                   build/stm32h7xx_hal_hsem.o
HAL_HSEM_FastTake                                 build/stm32h7xx_hal_hsem.o
HAL_HSEM_FreeCallback                             build/stm32h7xx_hal_hsem.o
HAL_HSEM_GetClearKey                              build/stm32h7xx_hal_hsem.o
HAL_HSEM_IRQHandler                               build/stm32h7xx_hal_hsem.o
HAL_HSEM_IsSemTaken                               build/stm32h7xx_hal_hsem.o
HAL_HSEM_Release                                  build/stm32h7xx_hal_hsem.o
HAL_HSEM_ReleaseAll                               build/stm32h7xx_hal_hsem.o
HAL_HSEM_SetClearKey                              build/stm32h7xx_hal_hsem.o
HAL_HSEM_Take                                     build/stm32h7xx_hal_hsem.o
HAL_I2CEx_ConfigAnalogFilter                      build/stm32h7xx_hal_i2c_ex.o
HAL_I2CEx_ConfigDigitalFilter                     build/stm32h7xx_hal_i2c_ex.o
HAL_I2CEx_DisableFastModePlus                     build/stm32h7xx_hal_i2c_ex.o
HAL_I2CEx_DisableWakeUp                           build/stm32h7xx_hal_i2c_ex.o
HAL_I2CEx_EnableFastModePlus                      build/stm32h7xx_hal_i2c_ex.o
HAL_I2CEx_EnableWakeUp                            build/stm32h7xx_hal_i2c_ex.o
HAL_I2C_AbortCpltCallback                         build/stm32h7xx_hal_i2c.o
HAL_I2C_AddrCallback                              build/stm32h7xx_hal_i2c.o
HAL_I2C_DeInit                                    build/stm32h7xx_hal_i2c.o
HAL_I2C_DisableListen_IT                          build/stm32h7xx_hal_i2c.o
HAL_I2C_ER_IRQHandler                             build/stm32h7xx_hal_i2c.o
HAL_I2C_EV_IRQHandler                             build/stm32h7xx_hal_i2c.o
HAL_I2C_EnableListen_IT                           build/stm32h7xx_hal_i2c.o
HAL_I2C_ErrorCallback                             build/stm32h7xx_hal_i2c.o
HAL_I2C_GetError                                  build/stm32h7xx_hal_i2c.o
HAL_I2C_GetMode                                   build/stm32h7xx_hal_i2c.o
HAL_I2C_GetState                                  build/stm32h7xx_hal_i2c.o
HAL_I2C_Init                                      build/stm32h7xx_hal_i2c.o
HAL_I2C_IsDeviceReady                             build/stm32h7xx_hal_i2c.o
HAL_I2C_ListenCpltCallback                        build/stm32h7xx_hal_i2c.o
HAL_I2C_MasterRxCpltCallback                      build/stm32h7xx_hal_i2c.o
HAL_I2C_MasterTxCpltCallback                      build/stm32h7xx_hal_i2c.o
HAL_I2C_Master_Abort_IT                           build/stm32h7xx_hal_i2c.o
HAL_I2C_Master_Receive                            build/stm32h7xx_hal_i2c.o
HAL_I2C_Master_Receive_DMA                        build/stm32h7xx_hal_i2c.o
HAL_I2C_Master_Receive_IT                         build/stm32h7xx_hal_i2c.o
HAL_I2C_Master_Seq_Receive_DMA                    build/stm32h7xx_hal_i2c.o
HAL_I2C_Master_Seq_Receive_IT                     build/stm32h7xx_hal_i2c.o
HAL_I2C_Master_Seq_Transmit_DMA                   build/stm32h7xx_hal_i2c.o
HAL_I2C_Master_Seq_Transmit_IT                    build/stm32h7xx_hal_i2c.o
HAL_I2C_Master_Transmit                           build/stm32h7xx_hal_i2c.o
HAL_I2C_Master_Transmit_DMA                       build/stm32h7xx_hal_i2c.o
HAL_I2C_Master_Transmit_IT                        build/stm32h7xx_hal_i2c.o
HAL_I2C_MemRxCpltCallback                         build/stm32h7xx_hal_i2c.o
HAL_I2C_MemTxCpltCallback                         build/stm32h7xx_hal_i2c.o
HAL_I2C_Mem_Read                                  build/stm32h7xx_hal_i2c.o
HAL_I2C_Mem_Read_DMA                              build/stm32h7xx_hal_i2c.o
HAL_I2C_Mem_Read_IT                               build/stm32h7xx_hal_i2c.o
HAL_I2C_Mem_Write                                 build/stm32h7xx_hal_i2c.o
HAL_I2C_Mem_Write_DMA                             build/stm32h7xx_hal_i2c.o
HAL_I2C_Mem_Write_IT                              build/stm32h7xx_hal_i2c.o
HAL_I2C_MspDeInit                                 build/stm32h7xx_hal_i2c.o
HAL_I2C_MspInit                                   build/stm32h7xx_hal_i2c.o
HAL_I2C_SlaveRxCpltCallback                       build/stm32h7xx_hal_i2c.o
HAL_I2C_SlaveTxCpltCallback                       build/stm32h7xx_hal_i2c.o
HAL_I2C_Slave_Receive                             build/stm32h7xx_hal_i2c.o
HAL_I2C_Slave_Receive_DMA                         build/stm32h7xx_hal_i2c.o
HAL_I2C_Slave_Receive_IT                          build/stm32h7xx_hal_i2c.o
HAL_I2C_Slave_Seq_Receive_DMA                     build/stm32h7xx_hal_i2c.o
HAL_I2C_Slave_Seq_Receive_IT                      build/stm32h7xx_hal_i2c.o
HAL_I2C_Slave_Seq_Transmit_DMA                    build/stm32h7xx_hal_i2c.o
HAL_I2C_Slave_Seq_Transmit_IT                     build/stm32h7xx_hal_i2c.o
HAL_I2C_Slave_Transmit                            build/stm32h7xx_hal_i2c.o
HAL_I2C_Slave_Transmit_DMA                        build/stm32h7xx_hal_i2c.o
HAL_I2C_Slave_Transmit_IT                         build/stm32h7xx_hal_i2c.o
HAL_IncTick                                       build/stm32h7xx_hal.o
HAL_Init                                          build/stm32h7xx_hal.o
                                                  build/kernel.o
HAL_InitTick                                      build/stm32h7xx_hal.o
                                                  build/stm32h7xx_hal_rcc.o
HAL_MDMA_Abort                                    build/stm32h7xx_hal_mdma.o
HAL_MDMA_Abort_IT                                 build/stm32h7xx_hal_mdma.o
HAL_MDMA_ConfigPostRequestMask                    build/stm32h7xx_hal_mdma.o
HAL_MDMA_DeInit                                   build/stm32h7xx_hal_mdma.o
HAL_MDMA_GenerateSWRequest                        build/stm32h7xx_hal_mdma.o
HAL_MDMA_GetError                                 build/stm32h7xx_hal_mdma.o
HAL_MDMA_GetState                                 build/stm32h7xx_hal_mdma.o
HAL_MDMA_IRQHandler                               build/stm32h7xx_hal_mdma.o
HAL_MDMA_Init                                     build/stm32h7xx_hal_mdma.o
HAL_MDMA_LinkedList_AddNode                       build/stm32h7xx_hal_mdma.o
HAL_MDMA_LinkedList_CreateNode                    build/stm32h7xx_hal_mdma.o
HAL_MDMA_LinkedList_DisableCircularMode           build/stm32h7xx_hal_mdma.o
HAL_MDMA_LinkedList_EnableCircularMode            build/stm32h7xx_hal_mdma.o
HAL_MDMA_LinkedList_RemoveNode                    build/stm32h7xx_hal_mdma.o
HAL_MDMA_PollForTransfer                          build/stm32h7xx_hal_mdma.o
HAL_MDMA_RegisterCallback                         build/stm32h7xx_hal_mdma.o
HAL_MDMA_Start                                    build/stm32h7xx_hal_mdma.o
HAL_MDMA_Start_IT                                 build/stm32h7xx_hal_mdma.o
HAL_MDMA_UnRegisterCallback                       build/stm32h7xx_hal_mdma.o
HAL_MPU_ConfigRegion                              build/stm32h7xx_hal_cortex.o
HAL_MPU_Disable                                   build/stm32h7xx_hal_cortex.o
HAL_MPU_Enable                                    build/stm32h7xx_hal_cortex.o
HAL_MspDeInit                                     build/stm32h7xx_hal.o
HAL_MspInit                                       build/stm32h7xx_hal.o
HAL_NVIC_ClearPendingIRQ                          build/stm32h7xx_hal_cortex.o
HAL_NVIC_DisableIRQ                               build/stm32h7xx_hal_cortex.o
HAL_NVIC_EnableIRQ                                build/stm32h7xx_hal_cortex.o
HAL_NVIC_GetActive                                build/stm32h7xx_hal_cortex.o
HAL_NVIC_GetPendingIRQ                            build/stm32h7xx_hal_cortex.o
HAL_NVIC_GetPriority                              build/stm32h7xx_hal_cortex.o
HAL_NVIC_GetPriorityGrouping                      build/stm32h7xx_hal_cortex.o
HAL_NVIC_SetPendingIRQ                            build/stm32h7xx_hal_cortex.o
HAL_NVIC_SetPriority                              build/stm32h7xx_hal_cortex.o
                                                  build/stm32h7xx_hal.o
HAL_NVIC_SetPriorityGrouping                      build/stm32h7xx_hal_cortex.o
                                                  build/stm32h7xx_hal.o
HAL_NVIC_SystemReset                              build/stm32h7xx_hal_cortex.o
HAL_PWREx_AVDCallback                             build/stm32h7xx_hal_pwr_ex.o
HAL_PWREx_ClearPendingEvent                       build/stm32h7xx_hal_pwr_ex.o
HAL_PWREx_ClearWakeupFlag                         build/stm32h7xx_hal_pwr_ex.o
HAL_PWREx_ConfigAVD                               build/stm32h7xx_hal_pwr_ex.o
HAL_PWREx_ConfigD3Domain                          build/stm32h7xx_hal_pwr_ex.o
HAL_PWREx_ConfigSupply                            build/stm32h7xx_hal_pwr_ex.o
                                                  build/kernel.o
HAL_PWREx_ControlStopModeVoltageScaling           build/stm32h7xx_hal_pwr_ex.o
HAL_PWREx_ControlVoltageScaling                   build/stm32h7xx_hal_pwr_ex.o
HAL_PWREx_DisableAVD                              build/stm32h7xx_hal_pwr_ex.o
HAL_PWREx_DisableBatteryCharging                  build/stm32h7xx_hal_pwr_ex.o
HAL_PWREx_DisableBkUpReg                          build/stm32h7xx_hal_pwr_ex.o
HAL_PWREx_DisableFlashPowerDown                   build/stm32h7xx_hal_pwr_ex.o
HAL_PWREx_DisableMonitoring                       build/stm32h7xx_hal_pwr_ex.o
HAL_PWREx_DisableUSBReg                           build/stm32h7xx_hal_pwr_ex.o
HAL_PWREx_DisableUSBVoltageDetector               build/stm32h7xx_hal_pwr_ex.o
HAL_PWREx_DisableWakeUpPin                        build/stm32h7xx_hal_pwr_ex.o
HAL_PWREx_EnableAVD                               build/stm32h7xx_hal_pwr_ex.o
HAL_PWREx_EnableBatteryCharging                   build/stm32h7xx_hal_pwr_ex.o
HAL_PWREx_EnableBkUpReg                           build/stm32h7xx_hal_pwr_ex.o
HAL_PWREx_EnableFlashPowerDown                    build/stm32h7xx_hal_pwr_ex.o
HAL_PWREx_EnableMonitoring                        build/stm32h7xx_hal_pwr_ex.o
HAL_PWREx_EnableUSBReg                            build/stm32h7xx_hal_pwr_ex.o
HAL_PWREx_EnableUSBVoltageDetector                build/stm32h7xx_hal_pwr_ex.o
HAL_PWREx_EnableWakeUpPin                         build/stm32h7xx_hal_pwr_ex.o
HAL_PWREx_EnterSTANDBYMode                        build/stm32h7xx_hal_pwr_ex.o
HAL_PWREx_EnterSTOPMode                           build/stm32h7xx_hal_pwr_ex.o
HAL_PWREx_GetStopModeVoltageRange                 build/stm32h7xx_hal_pwr_ex.o
HAL_PWREx_GetSupplyConfig                         build/stm32h7xx_hal_pwr_ex.o
HAL_PWREx_GetTemperatureLevel                     build/stm32h7xx_hal_pwr_ex.o
HAL_PWREx_GetVBATLevel                            build/stm32h7xx_hal_pwr_ex.o
HAL_PWREx_GetVoltageRange                         build/stm32h7xx_hal_pwr_ex.o
HAL_PWREx_GetWakeupFlag                           build/stm32h7xx_hal_pwr_ex.o
HAL_PWREx_PVD_AVD_IRQHandler                      build/stm32h7xx_hal_pwr_ex.o
HAL_PWREx_WAKEUP_PIN_IRQHandler                   build/stm32h7xx_hal_pwr_ex.o
HAL_PWREx_WKUP1_Callback                          build/stm32h7xx_hal_pwr_ex.o
HAL_PWREx_WKUP2_Callback                          build/stm32h7xx_hal_pwr_ex.o
HAL_PWREx_WKUP3_Callback                          build/stm32h7xx_hal_pwr_ex.o
HAL_PWREx_WKUP4_Callback                          build/stm32h7xx_hal_pwr_ex.o
HAL_PWREx_WKUP5_Callback                          build/stm32h7xx_hal_pwr_ex.o
HAL_PWREx_WKUP6_Callback                          build/stm32h7xx_hal_pwr_ex.o
HAL_PWR_ConfigPVD                                 build/stm32h7xx_hal_pwr.o
HAL_PWR_DeInit                                    build/stm32h7xx_hal_pwr.o
HAL_PWR_DisableBkUpAccess                         build/stm32h7xx_hal_pwr.o
HAL_PWR_DisablePVD                                build/stm32h7xx_hal_pwr.o
HAL_PWR_DisableSEVOnPend                          build/stm32h7xx_hal_pwr.o
HAL_PWR_DisableSleepOnExit                        build/stm32h7xx_hal_pwr.o
HAL_PWR_DisableWakeUpPin                          build/stm32h7xx_hal_pwr.o
HAL_PWR_EnableBkUpAccess                          build/stm32h7xx_hal_pwr.o
HAL_PWR_EnablePVD                                 build/stm32h7xx_hal_pwr.o
HAL_PWR_EnableSEVOnPend                           build/stm32h7xx_hal_pwr.o
HAL_PWR_EnableSleepOnExit                         build/stm32h7xx_hal_pwr.o
HAL_PWR_EnableWakeUpPin                           build/stm32h7xx_hal_pwr.o
HAL_PWR_EnterSLEEPMode                            build/stm32h7xx_hal_pwr.o
HAL_PWR_EnterSTANDBYMode                          build/stm32h7xx_hal_pwr.o
HAL_PWR_EnterSTOPMode                             build/stm32h7xx_hal_pwr.o
HAL_PWR_PVDCallback                               build/stm32h7xx_hal_pwr.o
                                                  build/stm32h7xx_hal_pwr_ex.o
HAL_PWR_PVD_IRQHandler                            build/stm32h7xx_hal_pwr.o
HAL_RCCEx_CRSConfig                               build/stm32h7xx_hal_rcc_ex.o
HAL_RCCEx_CRSGetSynchronizationInfo               build/stm32h7xx_hal_rcc_ex.o
HAL_RCCEx_CRSSoftwareSynchronizationGenerate      build/stm32h7xx_hal_rcc_ex.o
HAL_RCCEx_CRSWaitSynchronization                  build/stm32h7xx_hal_rcc_ex.o
HAL_RCCEx_CRS_ErrorCallback                       build/stm32h7xx_hal_rcc_ex.o
HAL_RCCEx_CRS_ExpectedSyncCallback                build/stm32h7xx_hal_rcc_ex.o
HAL_RCCEx_CRS_IRQHandler                          build/stm32h7xx_hal_rcc_ex.o
HAL_RCCEx_CRS_SyncOkCallback                      build/stm32h7xx_hal_rcc_ex.o
HAL_RCCEx_CRS_SyncWarnCallback                    build/stm32h7xx_hal_rcc_ex.o
HAL_RCCEx_DisableLSECSS                           build/stm32h7xx_hal_rcc_ex.o
HAL_RCCEx_EnableLSECSS                            build/stm32h7xx_hal_rcc_ex.o
HAL_RCCEx_EnableLSECSS_IT                         build/stm32h7xx_hal_rcc_ex.o
HAL_RCCEx_GetD1PCLK1Freq                          build/stm32h7xx_hal_rcc_ex.o
HAL_RCCEx_GetD1SysClockFreq                       build/stm32h7xx_hal_rcc_ex.o
HAL_RCCEx_GetD3PCLK1Freq                          build/stm32h7xx_hal_rcc_ex.o
HAL_RCCEx_GetPLL1ClockFreq                        build/stm32h7xx_hal_rcc_ex.o
HAL_RCCEx_GetPLL2ClockFreq                        build/stm32h7xx_hal_rcc_ex.o
HAL_RCCEx_GetPLL3ClockFreq                        build/stm32h7xx_hal_rcc_ex.o
HAL_RCCEx_GetPeriphCLKConfig                      build/stm32h7xx_hal_rcc_ex.o
HAL_RCCEx_GetPeriphCLKFreq                        build/stm32h7xx_hal_rcc_ex.o
HAL_RCCEx_KerWakeUpStopCLKConfig                  build/stm32h7xx_hal_rcc_ex.o
HAL_RCCEx_LSECSS_Callback                         build/stm32h7xx_hal_rcc_ex.o
HAL_RCCEx_LSECSS_IRQHandler                       build/stm32h7xx_hal_rcc_ex.o
HAL_RCCEx_PeriphCLKConfig                         build/stm32h7xx_hal_rcc_ex.o
                                                  build/kernel.o
HAL_RCCEx_WWDGxSysResetConfig                     build/stm32h7xx_hal_rcc_ex.o
HAL_RCCEx_WakeUpStopCLKConfig                     build/stm32h7xx_hal_rcc_ex.o
HAL_RCC_CSSCallback                               build/stm32h7xx_hal_rcc.o
HAL_RCC_ClockConfig                               build/stm32h7xx_hal_rcc.o
                                                  build/kernel.o
HAL_RCC_DeInit                                    build/stm32h7xx_hal_rcc.o
HAL_RCC_DisableCSS                                build/stm32h7xx_hal_rcc.o
HAL_RCC_EnableCSS                                 build/stm32h7xx_hal_rcc.o
HAL_RCC_GetClockConfig                            build/stm32h7xx_hal_rcc.o
HAL_RCC_GetHCLKFreq                               build/stm32h7xx_hal_rcc.o
                                                  build/stm32h7xx_hal_rcc_ex.o
HAL_RCC_GetOscConfig                              build/stm32h7xx_hal_rcc.o
HAL_RCC_GetPCLK1Freq                              build/stm32h7xx_hal_rcc.o
HAL_RCC_GetPCLK2Freq                              build/stm32h7xx_hal_rcc.o
HAL_RCC_GetSysClockFreq                           build/stm32h7xx_hal_rcc.o
                                                  build/stm32h7xx_hal_rcc_ex.o
                                                  build/stm32h7xx_hal.o
                                                  build/runtime.o
HAL_RCC_MCOConfig                                 build/stm32h7xx_hal_rcc.o
HAL_RCC_NMI_IRQHandler                            build/stm32h7xx_hal_rcc.o
HAL_RCC_OscConfig                                 build/stm32h7xx_hal_rcc.o
                                                  build/kernel.o
HAL_ResumeTick                                    build/stm32h7xx_hal.o
HAL_SYSCFG_AnalogSwitchConfig                     build/stm32h7xx_hal.o
HAL_SYSCFG_CM7BootAddConfig                       build/stm32h7xx_hal.o
HAL_SYSCFG_CompensationCodeConfig                 build/stm32h7xx_hal.o
HAL_SYSCFG_CompensationCodeSelect                 build/stm32h7xx_hal.o
HAL_SYSCFG_DisableBOOST                           build/stm32h7xx_hal.o
HAL_SYSCFG_DisableIOSpeedOptimize                 build/stm32h7xx_hal.o
HAL_SYSCFG_DisableVREFBUF                         build/stm32h7xx_hal.o
HAL_SYSCFG_ETHInterfaceSelect                     build/stm32h7xx_hal.o
HAL_SYSCFG_EnableBOOST                            build/stm32h7xx_hal.o
HAL_SYSCFG_EnableIOSpeedOptimize                  build/stm32h7xx_hal.o
HAL_SYSCFG_EnableVREFBUF                          build/stm32h7xx_hal.o
HAL_SYSCFG_VREFBUF_HighImpedanceConfig            build/stm32h7xx_hal.o
HAL_SYSCFG_VREFBUF_TrimmingConfig                 build/stm32h7xx_hal.o
HAL_SYSCFG_VREFBUF_VoltageScalingConfig           build/stm32h7xx_hal.o
HAL_SYSTICK_CLKSourceConfig                       build/stm32h7xx_hal_cortex.o
HAL_SYSTICK_Callback                              build/stm32h7xx_hal_cortex.o
HAL_SYSTICK_Config                                build/stm32h7xx_hal_cortex.o
                                                  build/stm32h7xx_hal.o
HAL_SYSTICK_IRQHandler                            build/stm32h7xx_hal_cortex.o
HAL_SetFMCMemorySwappingConfig                    build/stm32h7xx_hal.o
HAL_SetTickFreq                                   build/stm32h7xx_hal.o
HAL_SuspendTick                                   build/stm32h7xx_hal.o
HRTIM1_FLT_IRQHandler                             build/startup_stm32h743xx.o
HRTIM1_Master_IRQHandler                          build/startup_stm32h743xx.o
HRTIM1_TIMA_IRQHandler                            build/startup_stm32h743xx.o
HRTIM1_TIMB_IRQHandler                            build/startup_stm32h743xx.o
HRTIM1_TIMC_IRQHandler                            build/startup_stm32h743xx.o
HRTIM1_TIMD_IRQHandler                            build/startup_stm32h743xx.o
HRTIM1_TIME_IRQHandler                            build/startup_stm32h743xx.o
HSEM1_IRQHandler                                  build/startup_stm32h743xx.o
HardFault_Handler                                 build/stm32h7xx_it.o
I2C1_ER_IRQHandler                                build/startup_stm32h743xx.o
I2C1_EV_IRQHandler                                build/startup_stm32h743xx.o
I2C2_ER_IRQHandler                                build/startup_stm32h743xx.o
I2C2_EV_IRQHandler                                build/startup_stm32h743xx.o
I2C3_ER_IRQHandler                                build/startup_stm32h743xx.o
I2C3_EV_IRQHandler                                build/startup_stm32h743xx.o
I2C4_ER_IRQHandler                                build/startup_stm32h743xx.o
I2C4_EV_IRQHandler                                build/startup_stm32h743xx.o
JPEG_IRQHandler                                   build/startup_stm32h743xx.o
Kernel_Init                                       build/kernel.o
                                                  build/main.o
LPTIM1_IRQHandler                                 build/startup_stm32h743xx.o
LPTIM2_IRQHandler                                 build/startup_stm32h743xx.o
LPTIM3_IRQHandler                                 build/startup_stm32h743xx.o
LPTIM4_IRQHandler                                 build/startup_stm32h743xx.o
LPTIM5_IRQHandler                                 build/startup_stm32h743xx.o
LPUART1_IRQHandler                                build/startup_stm32h743xx.o
LTDC_ER_IRQHandler                                build/startup_stm32h743xx.o
LTDC_IRQHandler                                   build/startup_stm32h743xx.o
Led1                                              build/main.o
MDIOS_IRQHandler                                  build/startup_stm32h743xx.o
MDIOS_WKUP_IRQHandler                             build/startup_stm32h743xx.o
MDMA_IRQHandler                                   build/startup_stm32h743xx.o
MemManage_Handler                                 build/stm32h7xx_it.o
NMI_Handler                                       build/stm32h7xx_it.o
OTG_FS_EP1_IN_IRQHandler                          build/startup_stm32h743xx.o
OTG_FS_EP1_OUT_IRQHandler                         build/startup_stm32h743xx.o
OTG_FS_IRQHandler                                 build/startup_stm32h743xx.o
OTG_FS_WKUP_IRQHandler                            build/startup_stm32h743xx.o
OTG_HS_EP1_IN_IRQHandler                          build/startup_stm32h743xx.o
OTG_HS_EP1_OUT_IRQHandler                         build/startup_stm32h743xx.o
OTG_HS_IRQHandler                                 build/startup_stm32h743xx.o
OTG_HS_WKUP_IRQHandler                            build/startup_stm32h743xx.o
PVD_AVD_IRQHandler                                build/startup_stm32h743xx.o
PendSV_Handler                                    build/stm32h7xx_it.o
QUADSPI_IRQHandler                                build/startup_stm32h743xx.o
RCC_IRQHandler                                    build/startup_stm32h743xx.o
RNG_IRQHandler                                    build/startup_stm32h743xx.o
RTC_Alarm_IRQHandler                              build/startup_stm32h743xx.o
RTC_WKUP_IRQHandler                               build/startup_stm32h743xx.o
Reset_Handler                                     build/startup_stm32h743xx.o
RuntimeObj_Compare                                build/runtime.o
RuntimeObj_CompareWithCurrent                     build/runtime.o
RuntimeObj_Reset                                  build/runtime.o
Runtime_Config                                    build/runtime.o
                                                  build/main.o
Runtime_GetTickBase                               build/runtime.o
Runtime_GetTickFrq                                build/runtime.o
Runtime_SetCallback                               build/runtime.o
Runtime_Start                                     build/runtime.o
                                                  build/main.o
Runtime_Stop                                      build/runtime.o
Runtime_Tick                                      build/runtime.o
                                                  build/stm32h7xx_it.o
SAI1_IRQHandler                                   build/startup_stm32h743xx.o
SAI2_IRQHandler                                   build/startup_stm32h743xx.o
SAI3_IRQHandler                                   build/startup_stm32h743xx.o
SAI4_IRQHandler                                   build/startup_stm32h743xx.o
SDMMC1_IRQHandler                                 build/startup_stm32h743xx.o
SDMMC2_IRQHandler                                 build/startup_stm32h743xx.o
SPDIF_RX_IRQHandler                               build/startup_stm32h743xx.o
SPI1_IRQHandler                                   build/startup_stm32h743xx.o
SPI2_IRQHandler                                   build/startup_stm32h743xx.o
SPI3_IRQHandler                                   build/startup_stm32h743xx.o
SPI4_IRQHandler                                   build/startup_stm32h743xx.o
SPI5_IRQHandler                                   build/startup_stm32h743xx.o
SPI6_IRQHandler                                   build/startup_stm32h743xx.o
SVC_Handler                                       build/stm32h7xx_it.o
SWPMI1_IRQHandler                                 build/startup_stm32h743xx.o
SysTick_Handler                                   build/stm32h7xx_it.o
SystemCoreClock                                   build/system_stm32h7xx.o
                                                  build/stm32h7xx_hal_mdma.o
                                                  build/stm32h7xx_hal_dma.o
                                                  build/stm32h7xx_hal_rcc_ex.o
                                                  build/stm32h7xx_hal_rcc.o
                                                  build/stm32h7xx_hal.o
                                                  build/runtime.o
SystemCoreClockUpdate                             build/system_stm32h7xx.o
                                                  build/runtime.o
SystemD2Clock                                     build/system_stm32h7xx.o
                                                  build/stm32h7xx_hal_rcc_ex.o
                                                  build/stm32h7xx_hal_rcc.o
                                                  build/stm32h7xx_hal.o
SystemInit                                        build/system_stm32h7xx.o
                                                  build/startup_stm32h743xx.o
TAMP_STAMP_IRQHandler                             build/startup_stm32h743xx.o
TIM15_IRQHandler                                  build/startup_stm32h743xx.o
TIM16_IRQHandler                                  build/startup_stm32h743xx.o
TIM17_IRQHandler                                  build/startup_stm32h743xx.o
TIM1_BRK_IRQHandler                               build/startup_stm32h743xx.o
TIM1_CC_IRQHandler                                build/startup_stm32h743xx.o
TIM1_TRG_COM_IRQHandler                           build/startup_stm32h743xx.o
TIM1_UP_IRQHandler                                build/startup_stm32h743xx.o
TIM2_IRQHandler                                   build/startup_stm32h743xx.o
TIM3_IRQHandler                                   build/startup_stm32h743xx.o
TIM4_IRQHandler                                   build/startup_stm32h743xx.o
TIM5_IRQHandler                                   build/startup_stm32h743xx.o
TIM6_DAC_IRQHandler                               build/startup_stm32h743xx.o
TIM7_IRQHandler                                   build/startup_stm32h743xx.o
TIM8_BRK_TIM12_IRQHandler                         build/startup_stm32h743xx.o
TIM8_CC_IRQHandler                                build/startup_stm32h743xx.o
TIM8_TRG_COM_TIM14_IRQHandler                     build/startup_stm32h743xx.o
TIM8_UP_TIM13_IRQHandler                          build/startup_stm32h743xx.o
UART4_IRQHandler                                  build/startup_stm32h743xx.o
UART5_IRQHandler                                  build/startup_stm32h743xx.o
UART7_IRQHandler                                  build/startup_stm32h743xx.o
UART8_IRQHandler                                  build/startup_stm32h743xx.o
USART1_IRQHandler                                 build/startup_stm32h743xx.o
USART2_IRQHandler                                 build/startup_stm32h743xx.o
USART3_IRQHandler                                 build/startup_stm32h743xx.o
USART6_IRQHandler                                 build/startup_stm32h743xx.o
UsageFault_Handler                                build/stm32h7xx_it.o
WAKEUP_PIN_IRQHandler                             build/startup_stm32h743xx.o
WWDG_IRQHandler                                   build/startup_stm32h743xx.o
__aeabi_idiv0                                     /usr/local/arm-none-eabi-gcc/gcc-arm-none-eabi-10-2020-q4-major/bin/../lib/gcc/arm-none-eabi/10.2.1/thumb/v7e-m+dp/hard/libgcc.a(_dvmd_tls.o)
__aeabi_ldiv0                                     /usr/local/arm-none-eabi-gcc/gcc-arm-none-eabi-10-2020-q4-major/bin/../lib/gcc/arm-none-eabi/10.2.1/thumb/v7e-m+dp/hard/libgcc.a(_dvmd_tls.o)
                                                  /usr/local/arm-none-eabi-gcc/gcc-arm-none-eabi-10-2020-q4-major/bin/../lib/gcc/arm-none-eabi/10.2.1/thumb/v7e-m+dp/hard/libgcc.a(_aeabi_uldivmod.o)
__aeabi_uldivmod                                  /usr/local/arm-none-eabi-gcc/gcc-arm-none-eabi-10-2020-q4-major/bin/../lib/gcc/arm-none-eabi/10.2.1/thumb/v7e-m+dp/hard/libgcc.a(_aeabi_uldivmod.o)
                                                  build/runtime.o
                                                  build/main.o
__bss_end__                                       /usr/local/arm-none-eabi-gcc/gcc-arm-none-eabi-10-2020-q4-major/bin/../lib/gcc/arm-none-eabi/10.2.1/../../../../arm-none-eabi/lib/thumb/v7e-m+dp/hard/crt0.o
__bss_start__                                     /usr/local/arm-none-eabi-gcc/gcc-arm-none-eabi-10-2020-q4-major/bin/../lib/gcc/arm-none-eabi/10.2.1/../../../../arm-none-eabi/lib/thumb/v7e-m+dp/hard/crt0.o
__call_exitprocs                                  /usr/local/arm-none-eabi-gcc/gcc-arm-none-eabi-10-2020-q4-major/bin/../lib/gcc/arm-none-eabi/10.2.1/../../../../arm-none-eabi/lib/thumb/v7e-m+dp/hard/libc_nano.a(lib_a-exit.o)
__deregister_frame_info                           /usr/local/arm-none-eabi-gcc/gcc-arm-none-eabi-10-2020-q4-major/bin/../lib/gcc/arm-none-eabi/10.2.1/thumb/v7e-m+dp/hard/crtbegin.o
__dso_handle                                      /usr/local/arm-none-eabi-gcc/gcc-arm-none-eabi-10-2020-q4-major/bin/../lib/gcc/arm-none-eabi/10.2.1/thumb/v7e-m+dp/hard/crtbegin.o
__init_array_end                                  /usr/local/arm-none-eabi-gcc/gcc-arm-none-eabi-10-2020-q4-major/bin/../lib/gcc/arm-none-eabi/10.2.1/../../../../arm-none-eabi/lib/thumb/v7e-m+dp/hard/libc_nano.a(lib_a-init.o)
__init_array_start                                /usr/local/arm-none-eabi-gcc/gcc-arm-none-eabi-10-2020-q4-major/bin/../lib/gcc/arm-none-eabi/10.2.1/../../../../arm-none-eabi/lib/thumb/v7e-m+dp/hard/libc_nano.a(lib_a-init.o)
__libc_fini_array                                 /usr/local/arm-none-eabi-gcc/gcc-arm-none-eabi-10-2020-q4-major/bin/../lib/gcc/arm-none-eabi/10.2.1/../../../../arm-none-eabi/lib/thumb/v7e-m+dp/hard/crt0.o
__libc_init_array                                 /usr/local/arm-none-eabi-gcc/gcc-arm-none-eabi-10-2020-q4-major/bin/../lib/gcc/arm-none-eabi/10.2.1/../../../../arm-none-eabi/lib/thumb/v7e-m+dp/hard/libc_nano.a(lib_a-init.o)
                                                  build/startup_stm32h743xx.o
                                                  /usr/local/arm-none-eabi-gcc/gcc-arm-none-eabi-10-2020-q4-major/bin/../lib/gcc/arm-none-eabi/10.2.1/../../../../arm-none-eabi/lib/thumb/v7e-m+dp/hard/crt0.o
__preinit_array_end                               /usr/local/arm-none-eabi-gcc/gcc-arm-none-eabi-10-2020-q4-major/bin/../lib/gcc/arm-none-eabi/10.2.1/../../../../arm-none-eabi/lib/thumb/v7e-m+dp/hard/libc_nano.a(lib_a-init.o)
__preinit_array_start                             /usr/local/arm-none-eabi-gcc/gcc-arm-none-eabi-10-2020-q4-major/bin/../lib/gcc/arm-none-eabi/10.2.1/../../../../arm-none-eabi/lib/thumb/v7e-m+dp/hard/libc_nano.a(lib_a-init.o)
__register_frame_info                             /usr/local/arm-none-eabi-gcc/gcc-arm-none-eabi-10-2020-q4-major/bin/../lib/gcc/arm-none-eabi/10.2.1/thumb/v7e-m+dp/hard/crtbegin.o
__sf_fake_stderr                                  /usr/local/arm-none-eabi-gcc/gcc-arm-none-eabi-10-2020-q4-major/bin/../lib/gcc/arm-none-eabi/10.2.1/../../../../arm-none-eabi/lib/thumb/v7e-m+dp/hard/libc_nano.a(lib_a-impure.o)
__sf_fake_stdin                                   /usr/local/arm-none-eabi-gcc/gcc-arm-none-eabi-10-2020-q4-major/bin/../lib/gcc/arm-none-eabi/10.2.1/../../../../arm-none-eabi/lib/thumb/v7e-m+dp/hard/libc_nano.a(lib_a-impure.o)
__sf_fake_stdout                                  /usr/local/arm-none-eabi-gcc/gcc-arm-none-eabi-10-2020-q4-major/bin/../lib/gcc/arm-none-eabi/10.2.1/../../../../arm-none-eabi/lib/thumb/v7e-m+dp/hard/libc_nano.a(lib_a-impure.o)
__stack                                           /usr/local/arm-none-eabi-gcc/gcc-arm-none-eabi-10-2020-q4-major/bin/../lib/gcc/arm-none-eabi/10.2.1/../../../../arm-none-eabi/lib/thumb/v7e-m+dp/hard/crt0.o
__udivmoddi4                                      /usr/local/arm-none-eabi-gcc/gcc-arm-none-eabi-10-2020-q4-major/bin/../lib/gcc/arm-none-eabi/10.2.1/thumb/v7e-m+dp/hard/libgcc.a(_udivmoddi4.o)
                                                  /usr/local/arm-none-eabi-gcc/gcc-arm-none-eabi-10-2020-q4-major/bin/../lib/gcc/arm-none-eabi/10.2.1/thumb/v7e-m+dp/hard/libgcc.a(_aeabi_uldivmod.o)
_ebss                                             build/startup_stm32h743xx.o
_edata                                            build/startup_stm32h743xx.o
_estack                                           build/startup_stm32h743xx.o
_exit                                             /usr/local/arm-none-eabi-gcc/gcc-arm-none-eabi-10-2020-q4-major/bin/../lib/gcc/arm-none-eabi/10.2.1/../../../../arm-none-eabi/lib/thumb/v7e-m+dp/hard/libnosys.a(_exit.o)
                                                  /usr/local/arm-none-eabi-gcc/gcc-arm-none-eabi-10-2020-q4-major/bin/../lib/gcc/arm-none-eabi/10.2.1/../../../../arm-none-eabi/lib/thumb/v7e-m+dp/hard/libc_nano.a(lib_a-exit.o)
_fini                                             /usr/local/arm-none-eabi-gcc/gcc-arm-none-eabi-10-2020-q4-major/bin/../lib/gcc/arm-none-eabi/10.2.1/thumb/v7e-m+dp/hard/crti.o
_global_impure_ptr                                /usr/local/arm-none-eabi-gcc/gcc-arm-none-eabi-10-2020-q4-major/bin/../lib/gcc/arm-none-eabi/10.2.1/../../../../arm-none-eabi/lib/thumb/v7e-m+dp/hard/libc_nano.a(lib_a-impure.o)
                                                  /usr/local/arm-none-eabi-gcc/gcc-arm-none-eabi-10-2020-q4-major/bin/../lib/gcc/arm-none-eabi/10.2.1/../../../../arm-none-eabi/lib/thumb/v7e-m+dp/hard/libc_nano.a(lib_a-exit.o)
_impure_ptr                                       /usr/local/arm-none-eabi-gcc/gcc-arm-none-eabi-10-2020-q4-major/bin/../lib/gcc/arm-none-eabi/10.2.1/../../../../arm-none-eabi/lib/thumb/v7e-m+dp/hard/libc_nano.a(lib_a-impure.o)
_init                                             /usr/local/arm-none-eabi-gcc/gcc-arm-none-eabi-10-2020-q4-major/bin/../lib/gcc/arm-none-eabi/10.2.1/thumb/v7e-m+dp/hard/crti.o
                                                  /usr/local/arm-none-eabi-gcc/gcc-arm-none-eabi-10-2020-q4-major/bin/../lib/gcc/arm-none-eabi/10.2.1/../../../../arm-none-eabi/lib/thumb/v7e-m+dp/hard/libc_nano.a(lib_a-init.o)
_mainCRTStartup                                   /usr/local/arm-none-eabi-gcc/gcc-arm-none-eabi-10-2020-q4-major/bin/../lib/gcc/arm-none-eabi/10.2.1/../../../../arm-none-eabi/lib/thumb/v7e-m+dp/hard/crt0.o
_sbss                                             build/startup_stm32h743xx.o
_sdata                                            build/startup_stm32h743xx.o
_sidata                                           build/startup_stm32h743xx.o
_stack_init                                       /usr/local/arm-none-eabi-gcc/gcc-arm-none-eabi-10-2020-q4-major/bin/../lib/gcc/arm-none-eabi/10.2.1/../../../../arm-none-eabi/lib/thumb/v7e-m+dp/hard/crt0.o
_start                                            /usr/local/arm-none-eabi-gcc/gcc-arm-none-eabi-10-2020-q4-major/bin/../lib/gcc/arm-none-eabi/10.2.1/../../../../arm-none-eabi/lib/thumb/v7e-m+dp/hard/crt0.o
assert                                            build/debug_util.o
atexit                                            /usr/local/arm-none-eabi-gcc/gcc-arm-none-eabi-10-2020-q4-major/bin/../lib/gcc/arm-none-eabi/10.2.1/../../../../arm-none-eabi/lib/thumb/v7e-m+dp/hard/crt0.o
exit                                              /usr/local/arm-none-eabi-gcc/gcc-arm-none-eabi-10-2020-q4-major/bin/../lib/gcc/arm-none-eabi/10.2.1/../../../../arm-none-eabi/lib/thumb/v7e-m+dp/hard/libc_nano.a(lib_a-exit.o)
                                                  /usr/local/arm-none-eabi-gcc/gcc-arm-none-eabi-10-2020-q4-major/bin/../lib/gcc/arm-none-eabi/10.2.1/../../../../arm-none-eabi/lib/thumb/v7e-m+dp/hard/crt0.o
g_pfnVectors                                      build/startup_stm32h743xx.o
hardware_init_hook                                /usr/local/arm-none-eabi-gcc/gcc-arm-none-eabi-10-2020-q4-major/bin/../lib/gcc/arm-none-eabi/10.2.1/../../../../arm-none-eabi/lib/thumb/v7e-m+dp/hard/crt0.o
main                                              build/main.o
                                                  build/startup_stm32h743xx.o