Archive member included to satisfy reference by file (symbol)

c:/program files (x86)/gnu arm embedded toolchain/10 2020-q4-major/bin/../lib/gcc/arm-none-eabi/10.2.1/../../../../arm-none-eabi/lib/thumb/v7e-m+dp/hard\libc_nano.a(lib_a-ctype_.o)
                              build/DiskIO.o (_ctype_)
c:/program files (x86)/gnu arm embedded toolchain/10 2020-q4-major/bin/../lib/gcc/arm-none-eabi/10.2.1/../../../../arm-none-eabi/lib/thumb/v7e-m+dp/hard\libc_nano.a(lib_a-exit.o)
                              c:/program files (x86)/gnu arm embedded toolchain/10 2020-q4-major/bin/../lib/gcc/arm-none-eabi/10.2.1/../../../../arm-none-eabi/lib/thumb/v7e-m+dp/hard/crt0.o (exit)
c:/program files (x86)/gnu arm embedded toolchain/10 2020-q4-major/bin/../lib/gcc/arm-none-eabi/10.2.1/../../../../arm-none-eabi/lib/thumb/v7e-m+dp/hard\libc_nano.a(lib_a-impure.o)
                              c:/program files (x86)/gnu arm embedded toolchain/10 2020-q4-major/bin/../lib/gcc/arm-none-eabi/10.2.1/../../../../arm-none-eabi/lib/thumb/v7e-m+dp/hard\libc_nano.a(lib_a-exit.o) (_global_impure_ptr)
c:/program files (x86)/gnu arm embedded toolchain/10 2020-q4-major/bin/../lib/gcc/arm-none-eabi/10.2.1/../../../../arm-none-eabi/lib/thumb/v7e-m+dp/hard\libc_nano.a(lib_a-init.o)
                              c:/program files (x86)/gnu arm embedded toolchain/10 2020-q4-major/bin/../lib/gcc/arm-none-eabi/10.2.1/../../../../arm-none-eabi/lib/thumb/v7e-m+dp/hard/crt0.o (__libc_init_array)
c:/program files (x86)/gnu arm embedded toolchain/10 2020-q4-major/bin/../lib/gcc/arm-none-eabi/10.2.1/../../../../arm-none-eabi/lib/thumb/v7e-m+dp/hard\libc_nano.a(lib_a-memcmp.o)
                              build/DiskIO.o (memcmp)
c:/program files (x86)/gnu arm embedded toolchain/10 2020-q4-major/bin/../lib/gcc/arm-none-eabi/10.2.1/../../../../arm-none-eabi/lib/thumb/v7e-m+dp/hard\libc_nano.a(lib_a-memcpy-stub.o)
                              build/Bsp_SPI.o (memcpy)
c:/program files (x86)/gnu arm embedded toolchain/10 2020-q4-major/bin/../lib/gcc/arm-none-eabi/10.2.1/../../../../arm-none-eabi/lib/thumb/v7e-m+dp/hard\libc_nano.a(lib_a-memset.o)
                              c:/program files (x86)/gnu arm embedded toolchain/10 2020-q4-major/bin/../lib/gcc/arm-none-eabi/10.2.1/../../../../arm-none-eabi/lib/thumb/v7e-m+dp/hard/crt0.o (memset)
c:/program files (x86)/gnu arm embedded toolchain/10 2020-q4-major/bin/../lib/gcc/arm-none-eabi/10.2.1/../../../../arm-none-eabi/lib/thumb/v7e-m+dp/hard\libc_nano.a(lib_a-strchr.o)
                              build/DiskIO.o (strchr)
c:/program files (x86)/gnu arm embedded toolchain/10 2020-q4-major/bin/../lib/gcc/arm-none-eabi/10.2.1/../../../../arm-none-eabi/lib/thumb/v7e-m+dp/hard\libc_nano.a(lib_a-strcmp.o)
                              build/shell.o (strcmp)
c:/program files (x86)/gnu arm embedded toolchain/10 2020-q4-major/bin/../lib/gcc/arm-none-eabi/10.2.1/../../../../arm-none-eabi/lib/thumb/v7e-m+dp/hard\libc_nano.a(lib_a-strlen.o)
                              build/error_log.o (strlen)
c:/program files (x86)/gnu arm embedded toolchain/10 2020-q4-major/bin/../lib/gcc/arm-none-eabi/10.2.1/../../../../arm-none-eabi/lib/thumb/v7e-m+dp/hard\libc_nano.a(lib_a-strncmp.o)
                              build/shell.o (strncmp)
c:/program files (x86)/gnu arm embedded toolchain/10 2020-q4-major/bin/../lib/gcc/arm-none-eabi/10.2.1/../../../../arm-none-eabi/lib/thumb/v7e-m+dp/hard\libc_nano.a(lib_a-strtok.o)
                              build/DiskIO.o (strtok)
c:/program files (x86)/gnu arm embedded toolchain/10 2020-q4-major/bin/../lib/gcc/arm-none-eabi/10.2.1/../../../../arm-none-eabi/lib/thumb/v7e-m+dp/hard\libc_nano.a(lib_a-strtok_r.o)
                              c:/program files (x86)/gnu arm embedded toolchain/10 2020-q4-major/bin/../lib/gcc/arm-none-eabi/10.2.1/../../../../arm-none-eabi/lib/thumb/v7e-m+dp/hard\libc_nano.a(lib_a-strtok.o) (__strtok_r)
c:/program files (x86)/gnu arm embedded toolchain/10 2020-q4-major/bin/../lib/gcc/arm-none-eabi/10.2.1/../../../../arm-none-eabi/lib/thumb/v7e-m+dp/hard\libc_nano.a(lib_a-vsnprintf.o)
                              build/error_log.o (vsnprintf)
c:/program files (x86)/gnu arm embedded toolchain/10 2020-q4-major/bin/../lib/gcc/arm-none-eabi/10.2.1/../../../../arm-none-eabi/lib/thumb/v7e-m+dp/hard\libc_nano.a(lib_a-vsscanf.o)
                              build/shell.o (vsscanf)
c:/program files (x86)/gnu arm embedded toolchain/10 2020-q4-major/bin/../lib/gcc/arm-none-eabi/10.2.1/../../../../arm-none-eabi/lib/thumb/v7e-m+dp/hard\libc_nano.a(lib_a-assert.o)
                              c:/program files (x86)/gnu arm embedded toolchain/10 2020-q4-major/bin/../lib/gcc/arm-none-eabi/10.2.1/../../../../arm-none-eabi/lib/thumb/v7e-m+dp/hard\libc_nano.a(lib_a-strtok.o) (__assert_func)
c:/program files (x86)/gnu arm embedded toolchain/10 2020-q4-major/bin/../lib/gcc/arm-none-eabi/10.2.1/../../../../arm-none-eabi/lib/thumb/v7e-m+dp/hard\libc_nano.a(lib_a-fprintf.o)
[...]
Memory Configuration

Name             Origin             Length             Attributes
DTCMRAM          0x20000000         0x00020000         xrw
RAM_D1           0x24000000         0x00080000         xrw
RAM_D2           0x30000000         0x00048000         xrw
RAM_D3           0x38000000         0x00010000         xrw
ITCMRAM          0x00000000         0x00010000         xrw
FLASH            0x08000000         0x00200000         xr
*default*        0x00000000         0xffffffff

Linker script and memory map

LOAD c:/program files (x86)/gnu arm embedded toolchain/10 2020-q4-major/bin/../lib/gcc/arm-none-eabi/10.2.1/thumb/v7e-m+dp/hard/crti.o
LOAD c:/program files (x86)/gnu arm embedded toolchain/10 2020-q4-major/bin/../lib/gcc/arm-none-eabi/10.2.1/thumb/v7e-m+dp/hard/crtbegin.o
LOAD c:/program files (x86)/gnu arm embedded toolchain/10 2020-q4-major/bin/../lib/gcc/arm-none-eabi/10.2.1/../../../../arm-none-eabi/lib/thumb/v7e-m+dp/hard/crt0.o
LOAD build/main.o
LOAD build/debug_util.o
LOAD build/Task_Protocol.o
LOAD build/Task_Manager.o
LOAD build/Task_SensorInertial.o
LOAD build/IO_Definition.o
LOAD build/Bsp_GPIO.o
LOAD build/Bsp_SPI.o
LOAD build/Bsp_SDMMC.o
LOAD build/Dev_MPU6000.o
LOAD build/Dev_ICM20602.o
LOAD build/Dev_Led.o
LOAD build/Dev_W25Qxx.o
LOAD build/Dev_Card.o
LOAD build/SrvMPU_Sample.o
LOAD build/Data_Convert_Util.o
LOAD build/queue.o
LOAD build/linked_list.o
LOAD build/binary_tree.o
LOAD build/reboot.o
LOAD build/error_log.o
LOAD build/mmu.o
LOAD build/scheduler.o
LOAD build/kernel.o
LOAD build/runtime.o
LOAD build/DiskIO.o
LOAD build/shell_cmd_list.o
LOAD build/shell_companion.o
LOAD build/shell_ext.o
LOAD build/shell_port.o
LOAD build/shell.o
LOAD build/usb_device.o
LOAD build/usbd_desc.o
LOAD build/usbd_cdc_if.o
LOAD build/usbd_conf.o
LOAD build/usbd_core.o
LOAD build/usbd_ctlreq.o
LOAD build/usbd_ioreq.o
LOAD build/usbd_cdc.o
LOAD build/stm32h7xx_it.o
LOAD build/system_stm32h7xx.o
LOAD build/stm32h7xx_hal.o
LOAD build/stm32h7xx_hal_cortex.o
LOAD build/stm32h7xx_hal_rcc.o
LOAD build/stm32h7xx_hal_tim.o
LOAD build/stm32h7xx_hal_tim_ex.o
LOAD build/stm32h7xx_hal_rcc_ex.o
LOAD build/stm32h7xx_hal_flash.o
LOAD build/stm32h7xx_hal_flash_ex.o
LOAD build/stm32h7xx_hal_gpio.o
LOAD build/stm32h7xx_hal_hsem.o
LOAD build/stm32h7xx_hal_dma.o
LOAD build/stm32h7xx_hal_dma_ex.o
LOAD build/stm32h7xx_hal_mdma.o
LOAD build/stm32h7xx_hal_pwr.o
LOAD build/stm32h7xx_hal_pwr_ex.o
LOAD build/stm32h7xx_hal_i2c.o
LOAD build/stm32h7xx_hal_i2c_ex.o
LOAD build/stm32h7xx_hal_exti.o
LOAD build/stm32h7xx_hal_spi.o
LOAD build/stm32h7xx_hal_pcd.o
LOAD build/stm32h7xx_hal_pcd_ex.o
LOAD build/stm32h7xx_hal_sd.o
LOAD build/stm32h7xx_ll_sdmmc.o
LOAD build/stm32h7xx_ll_usb.o
LOAD build/startup_stm32h743xx.o
LOAD c:/program files (x86)/gnu arm embedded toolchain/10 2020-q4-major/bin/../lib/gcc/arm-none-eabi/10.2.1/../../../../arm-none-eabi/lib/thumb/v7e-m+dp/hard\libc_nano.a
LOAD c:/program files (x86)/gnu arm embedded toolchain/10 2020-q4-major/bin/../lib/gcc/arm-none-eabi/10.2.1/../../../../arm-none-eabi/lib/thumb/v7e-m+dp/hard\libm.a
LOAD c:/program files (x86)/gnu arm embedded toolchain/10 2020-q4-major/bin/../lib/gcc/arm-none-eabi/10.2.1/../../../../arm-none-eabi/lib/thumb/v7e-m+dp/hard\libnosys.a
START GROUP
LOAD c:/program files (x86)/gnu arm embedded toolchain/10 2020-q4-major/bin/../lib/gcc/arm-none-eabi/10.2.1/thumb/v7e-m+dp/hard\libgcc.a
LOAD c:/program files (x86)/gnu arm embedded toolchain/10 2020-q4-major/bin/../lib/gcc/arm-none-eabi/10.2.1/../../../../arm-none-eabi/lib/thumb/v7e-m+dp/hard\libc_nano.a
END GROUP
START GROUP
LOAD c:/program files (x86)/gnu arm embedded toolchain/10 2020-q4-major/bin/../lib/gcc/arm-none-eabi/10.2.1/thumb/v7e-m+dp/hard\libgcc.a
LOAD c:/program files (x86)/gnu arm embedded toolchain/10 2020-q4-major/bin/../lib/gcc/arm-none-eabi/10.2.1/../../../../arm-none-eabi/lib/thumb/v7e-m+dp/hard\libc_nano.a
END GROUP
LOAD c:/program files (x86)/gnu arm embedded toolchain/10 2020-q4-major/bin/../lib/gcc/arm-none-eabi/10.2.1/thumb/v7e-m+dp/hard/crtend.o
LOAD c:/program files (x86)/gnu arm embedded toolchain/10 2020-q4-major/bin/../lib/gcc/arm-none-eabi/10.2.1/thumb/v7e-m+dp/hard/crtn.o
                0x20020000                _estack = 0x20020000
                0x00001000                _Min_Heap_Size = 0x1000
                0x00000800                _Min_Stack_Size = 0x800

.isr_vector     0x08000000      0x298
                0x08000000                . = ALIGN (0x4)
 *(.isr_vector)
 .isr_vector    0x08000000      0x298 build/startup_stm32h743xx.o
                0x08000000                g_pfnVectors
                0x08000298                . = ALIGN (0x4)

.MMU_Section    0x24000000    0x10000 load address 0x08000298
                0x24000000                . = ALIGN (0x4)
                0x24000000                MMU_s = .
 *(.MMU_Section)
 .MMU_Section   0x24000000    0x10000 build/mmu.o
                0x24000000                Mem_Buff
 *(.MMU_Section*)
                0x24010000                . = ALIGN (0x4)
                0x24010000                MMU_e = .

.text           0x080102a0     0xfa40
                0x080102a0                . = ALIGN (0x4)
 *(.text)
 .text          0x080102a0       0x40 c:/program files (x86)/gnu arm embedded toolchain/10 2020-q4-major/bin/../lib/gcc/arm-none-eabi/10.2.1/thumb/v7e-m+dp/hard/crtbegin.o
 .text          0x080102e0       0x14 c:/program files (x86)/gnu arm embedded toolchain/10 2020-q4-major/bin/../lib/gcc/arm-none-eabi/10.2.1/../../../../arm-none-eabi/lib/thumb/v7e-m+dp/hard\libc_nano.a(lib_a-strcmp.o)
                0x080102e0                strcmp
 .text          0x080102f4       0x10 c:/program files (x86)/gnu arm embedded toolchain/10 2020-q4-major/bin/../lib/gcc/arm-none-eabi/10.2.1/../../../../arm-none-eabi/lib/thumb/v7e-m+dp/hard\libc_nano.a(lib_a-strlen.o)
                0x080102f4                strlen
 *fill*         0x08010304        0xc 
 .text          0x08010310       0xa0 c:/program files (x86)/gnu arm embedded toolchain/10 2020-q4-major/bin/../lib/gcc/arm-none-eabi/10.2.1/../../../../arm-none-eabi/lib/thumb/v7e-m+dp/hard\libc_nano.a(lib_a-memchr.o)
                0x08010310                memchr
 .text          0x080103b0      0x21c c:/program files (x86)/gnu arm embedded toolchain/10 2020-q4-major/bin/../lib/gcc/arm-none-eabi/10.2.1/thumb/v7e-m+dp/hard\libgcc.a(_arm_addsubsf3.o)
                0x080103b0                __aeabi_frsub
                0x080103b8                __subsf3
                0x080103b8                __aeabi_fsub
                0x080103bc                __aeabi_fadd
                0x080103bc                __addsf3
                0x0801051c                __aeabi_ui2f
                0x0801051c                __floatunsisf
                0x08010524                __aeabi_i2f
                0x08010524                __floatsisf
                0x08010540                __aeabi_ul2f
                0x08010540                __floatundisf
                0x08010550                __aeabi_l2f
                0x08010550                __floatdisf
 .text          0x080105cc       0x30 c:/program files (x86)/gnu arm embedded toolchain/10 2020-q4-major/bin/../lib/gcc/arm-none-eabi/10.2.1/thumb/v7e-m+dp/hard\libgcc.a(_aeabi_uldivmod.o)
                0x080105cc                __aeabi_uldivmod
 .text          0x080105fc      0x2d0 c:/program files (x86)/gnu arm embedded toolchain/10 2020-q4-major/bin/../lib/gcc/arm-none-eabi/10.2.1/thumb/v7e-m+dp/hard\libgcc.a(_udivmoddi4.o)
                0x080105fc                __udivmoddi4
 .text          0x080108cc        0x4 c:/program files (x86)/gnu arm embedded toolchain/10 2020-q4-major/bin/../lib/gcc/arm-none-eabi/10.2.1/thumb/v7e-m+dp/hard\libgcc.a(_dvmd_tls.o)
                0x080108cc                __aeabi_idiv0
                0x080108cc                __aeabi_ldiv0
 *(.text*)
 .text.main     0x080108d0       0x18 build/main.o
                0x080108d0                main
 .text.DebugPin_Init
                0x080108e8       0x28 build/debug_util.o
 .text.DebugPin_Ctl
                0x08010910       0x28 build/debug_util.o
 .text.assert   0x08010938        0x6 build/debug_util.o
                0x08010938                assert
 *fill*         0x0801093e        0x2 
 .text.TaskProto_PushProtocolQueue
                0x08010940       0x9c build/Task_Protocol.o
                0x08010940                TaskProto_PushProtocolQueue
 .text.TaskProtocol_Rec
                0x080109dc        0xc build/Task_Protocol.o
 .text.TaskProtocol_TransBuff
                0x080109e8       0x10 build/Task_Protocol.o
 .text.shell_test
                0x080109f8       0x10 build/Task_Protocol.o
 .text.TaskProtocol_Init
                0x08010a08       0x6c build/Task_Protocol.o
                0x08010a08                TaskProtocol_Init
 .text.TaskProtocol_Core
                0x08010a74       0xd0 build/Task_Protocol.o
                0x08010a74                TaskProtocol_Core
 .text.Test2    0x08010b44       0x78 build/Task_Manager.o
                0x08010b44                Test2
 .text.Task_Manager_Init
                0x08010bbc       0xcc build/Task_Manager.o
                0x08010bbc                Task_Manager_Init
 .text.Task_Manager_CreateTask
                0x08010c88       0x80 build/Task_Manager.o
                0x08010c88                Task_Manager_CreateTask
 .text.TaskInertial_Init
                0x08010d08       0x20 build/Task_SensorInertial.o
                0x08010d08                TaskInertial_Init
 .text.TaskInertical_Core
                0x08010d28       0x44 build/Task_SensorInertial.o
                0x08010d28                TaskInertical_Core
 .text.BspGPIO_GetEXTI_Index
                0x08010d6c       0x16 build/Bsp_GPIO.o
 *fill*         0x08010d82        0x2 
 .text.BspGPIO_CLK_Enable
                0x08010d84      0x1c4 build/Bsp_GPIO.o
 .text.BspGPIO_ResetExtiCallback
                0x08010f48       0x24 build/Bsp_GPIO.o
 .text.BspGPIO_Write
                0x08010f6c        0x8 build/Bsp_GPIO.o
 .text.BspGPIO_Input_Init
                0x08010f74       0x2e build/Bsp_GPIO.o
 .text.BspGPIO_Output_Init
                0x08010fa2       0x3e build/Bsp_GPIO.o
 .text.BspGPIO_GetExti_IRQnID
                0x08010fe0       0xcc build/Bsp_GPIO.o
 .text.BspGPIO_ExtiSetMode
                0x080110ac       0x8e build/Bsp_GPIO.o
 *fill*         0x0801113a        0x2 
 .text.BspGPIO_ExtiInit
                0x0801113c       0x74 build/Bsp_GPIO.o
 .text.BspGPIO_Read
                0x080111b0       0x1e build/Bsp_GPIO.o
 *fill*         0x080111ce        0x2 
 .text.HAL_GPIO_EXTI_Callback
                0x080111d0       0x18 build/Bsp_GPIO.o
                0x080111d0                HAL_GPIO_EXTI_Callback
 .text.BspSPI_PinCLK_Enable
                0x080111e8      0x198 build/Bsp_SPI.o
 .text.BspSPI_Set_CLKSpeed
                0x08011380        0xc build/Bsp_SPI.o
 .text.BspSPI_TransReceive
                0x0801138c       0x1a build/Bsp_SPI.o
 .text.BspSPI_Receive
                0x080113a6       0x10 build/Bsp_SPI.o
 .text.BspSPI_Trans
                0x080113b6       0x10 build/Bsp_SPI.o
 *fill*         0x080113c6        0x2 
 .text.BspSPI_DeInit
                0x080113c8       0xd4 build/Bsp_SPI.o
 .text.BspSPI_PinInit
                0x0801149c       0x68 build/Bsp_SPI.o
 .text.BspSPI_NormalMode_Init
                0x08011504      0x178 build/Bsp_SPI.o
 .text.BspSDMMC_PinCLK_Enable
                0x0801167c      0x198 build/Bsp_SDMMC.o
 .text.BspSDMMC_GetInfo
                0x08011814       0x2a build/Bsp_SDMMC.o
 .text.BspSDMMC_GetStatus
                0x0801183e       0x18 build/Bsp_SDMMC.o
 .text.BspSDMMC_Erase
                0x08011856       0x12 build/Bsp_SDMMC.o
 .text.BspSDMMC_Write
                0x08011868       0x1c build/Bsp_SDMMC.o
 .text.BspSDMMC_Read
                0x08011884       0x1c build/Bsp_SDMMC.o
 .text.BspSDMMC_PortCLK_Init
                0x080118a0       0x5c build/Bsp_SDMMC.o
 .text.BspSDMMC_Pin_Init
                0x080118fc       0xa8 build/Bsp_SDMMC.o
 .text.BspSDMMC_Init
                0x080119a4       0x62 build/Bsp_SDMMC.o
 .text.Dev_MPU6000_Regs_Read
                0x08011a06       0x5a build/Dev_MPU6000.o
 .text.DevMPU6000_Reg_Read
                0x08011a60       0x54 build/Dev_MPU6000.o
 .text.DevMPU6000_Reg_Write
                0x08011ab4       0x4c build/Dev_MPU6000.o
 .text.DevMPU6000_Config
                0x08011b00       0xb4 build/Dev_MPU6000.o
 .text.DevMPU6000_PreInit
                0x08011bb4        0xc build/Dev_MPU6000.o
 .text.DevMPU6000_Init
                0x08011bc0      0x17e build/Dev_MPU6000.o
 .text.DevMPU6000_Get_InitError
                0x08011d3e        0x6 build/Dev_MPU6000.o
 .text.DevMPU6000_SetDRDY
                0x08011d44        0x6 build/Dev_MPU6000.o
 .text.DevMPU6000_GetReady
                0x08011d4a        0x4 build/Dev_MPU6000.o
 .text.DevMPU6000_SwReset
                0x08011d4e        0x4 build/Dev_MPU6000.o
 .text.DevMPU6000_Sample
                0x08011d52       0xe2 build/Dev_MPU6000.o
 .text.DevMPU6000_Get_Data
                0x08011e34       0x42 build/Dev_MPU6000.o
                0x08011e34                DevMPU6000_Get_Data
 .text.DevICM20602_Reg_Read
                0x08011e76       0x54 build/Dev_ICM20602.o
 .text.DevICM20602_Reg_Write
                0x08011eca       0x4c build/Dev_ICM20602.o
 *fill*         0x08011f16        0x2 
 .text.DevICM20602_Config
                0x08011f18       0x84 build/Dev_ICM20602.o
 .text.DevICM20602_PreInit
                0x08011f9c        0xc build/Dev_ICM20602.o
 .text.DevICM20602_SetDRDY
                0x08011fa8        0x6 build/Dev_ICM20602.o
 .text.DevICM20602_SwReset
                0x08011fae       0x1a build/Dev_ICM20602.o
 .text.DevICM20602_Init
                0x08011fc8      0x184 build/Dev_ICM20602.o
 .text.DevICM20602_GetReady
                0x0801214c        0x4 build/Dev_ICM20602.o
 .text.DevICM20602_Sample
                0x08012150        0xa build/Dev_ICM20602.o
 .text.DevICM20602_Get_Data
                0x0801215a       0x70 build/Dev_ICM20602.o
 .text.DevICM20602_Get_InitError
                0x080121ca        0x4 build/Dev_ICM20602.o
 *fill*         0x080121ce        0x2 
 .text.DevLed_Init
                0x080121d0       0x28 build/Dev_Led.o
 .text.DevLed_Ctl
                0x080121f8       0x28 build/Dev_Led.o
 .text.DevCard_Init
                0x08012220       0xa0 build/Dev_Card.o
 .text.DevCard_GetError
                0x080122c0        0xc build/Dev_Card.o
 .text.DevCard_GetInfo
                0x080122cc       0x50 build/Dev_Card.o
 .text.DevCard_Write
                0x0801231c       0x5c build/Dev_Card.o
 .text.DevCard_Read
                0x08012378       0x48 build/Dev_Card.o
 .text.SrvIMU_PriIMU_Init
                0x080123c0       0xe8 build/SrvMPU_Sample.o
 .text.SrvIMU_SecIMU_Init
                0x080124a8       0xe8 build/SrvMPU_Sample.o
 .text.SrvIMU_PriIMU_CS_Ctl
                0x08012590       0x1c build/SrvMPU_Sample.o
 .text.SrvIMU_SecIMU_CS_Ctl
                0x080125ac       0x1c build/SrvMPU_Sample.o
 .text.SrvIMU_PriIMU_BusTrans_Rec
                0x080125c8       0x24 build/SrvMPU_Sample.o
 .text.SrvIMU_SecIMU_BusTrans_Rec
                0x080125ec       0x24 build/SrvMPU_Sample.o
 .text.SrvIMU_ErrorProc
                0x08012610       0x18 build/SrvMPU_Sample.o
 .text.SrvIMU_PriIMU_ExtiCallback
                0x08012628       0x24 build/SrvMPU_Sample.o
 .text.SrvIMU_SecIMU_ExtiCallback
                0x0801264c       0x24 build/SrvMPU_Sample.o
 .text.SrvIMU_PriDev_InitError
                0x08012670        0x8 build/SrvMPU_Sample.o
 .text.SrvIMU_SecDev_InitError
                0x08012678        0x8 build/SrvMPU_Sample.o
 .text.SrvIMU_AllModule_InitError
                0x08012680        0x8 build/SrvMPU_Sample.o
 .text.SrvIMU_Get_Data
                0x08012688       0xd8 build/SrvMPU_Sample.o
 .text.SrvIMU_Init
                0x08012760      0x114 build/SrvMPU_Sample.o
 .text.SrvIMU_Sample
                0x08012874      0x16c build/SrvMPU_Sample.o
 .text.LEndian2Word
                0x080129e0       0x16 build/Data_Convert_Util.o
                0x080129e0                LEndian2Word
 .text.LEndian2HalfWord
                0x080129f6        0xa build/Data_Convert_Util.o
                0x080129f6                LEndian2HalfWord
 .text.LEndianWord2BytesArray
                0x08012a00       0x1e build/Data_Convert_Util.o
                0x08012a00                LEndianWord2BytesArray
 .text.Queue_UpdateState
                0x08012a1e       0x38 build/queue.o
 .text.Queue_Push
                0x08012a56       0x6e build/queue.o
 .text.Queue_Pop
                0x08012ac4       0x78 build/queue.o
 .text.Queue_Check
                0x08012b3c       0x48 build/queue.o
 .text.Queue_GetState
                0x08012b84        0xe build/queue.o
 .text.Queue_GetSize
                0x08012b92        0xe build/queue.o
 .text.Queue_Reset
                0x08012ba0       0x3a build/queue.o
 .text.Queue_Create
                0x08012bda       0x4c build/queue.o
 .text.Item_SwapLRData
                0x08012c26        0xa build/linked_list.o
 .text.List_Init
                0x08012c30       0x1c build/linked_list.o
                0x08012c30                List_Init
 .text.List_ItemClear
                0x08012c4c       0x14 build/linked_list.o
                0x08012c4c                List_ItemClear
 .text.List_ItemInit
                0x08012c60       0x10 build/linked_list.o
                0x08012c60                List_ItemInit
 .text.List_InsertToPrv
                0x08012c70       0x14 build/linked_list.o
                0x08012c70                List_InsertToPrv
 .text.List_InsertByOrder
                0x08012c84       0x14 build/linked_list.o
                0x08012c84                List_InsertByOrder
 .text.List_InsertByCondition
                0x08012c98       0x3c build/linked_list.o
                0x08012c98                List_InsertByCondition
 .text.List_Insert_Item
                0x08012cd4       0x32 build/linked_list.o
                0x08012cd4                List_Insert_Item
 .text.List_traverse
                0x08012d06       0x5a build/linked_list.o
                0x08012d06                List_traverse
 .text.Tree_Get_Depth
                0x08012d60       0x2e build/binary_tree.o
 .text.Tree_Get_BalanceFactory
                0x08012d8e       0x24 build/binary_tree.o
 .text.Tree_Search_RootNode
                0x08012db2       0x16 build/binary_tree.o
 .text.TreeNode_RightRotate
                0x08012dc8       0x60 build/binary_tree.o
 .text.TreeNode_LeftRotate
                0x08012e28       0x60 build/binary_tree.o
 .text.TreeNoe_Dynamic_Trim
                0x08012e88       0x5e build/binary_tree.o
 .text.TreeNode_Insert
                0x08012ee6       0x68 build/binary_tree.o
 .text.TreeNode_Update_BalanceFactory
                0x08012f4e       0x36 build/binary_tree.o
 .text.Tree_RootUpdate
                0x08012f84       0x1a build/binary_tree.o
 .text.TreeNode_Init
                0x08012f9e       0x4a build/binary_tree.o
 .text.TreeNode_Pre_Traverse
                0x08012fe8       0x26 build/binary_tree.o
 .text.TreeNode_Mid_Traverse
                0x0801300e       0x24 build/binary_tree.o
 .text.TreeNode_Bck_Traverse
                0x08013032       0x24 build/binary_tree.o
 .text.Tree_Traverse
                0x08013056       0x32 build/binary_tree.o
 .text.TreeNode_Search
                0x08013088       0x6e build/binary_tree.o
 .text.Tree_Search
                0x080130f6       0x40 build/binary_tree.o
 .text.Tree_Insert
                0x08013136       0x50 build/binary_tree.o
 .text.BinaryTree_Create
                0x08013186       0x38 build/binary_tree.o
 *fill*         0x080131be        0x2 
 .text.ReBoot   0x080131c0       0x28 build/reboot.o
                0x080131c0                ReBoot
 .text.Error_InsertPriority_Compare
                0x080131e8       0x40 build/error_log.o
 .text.Error_Search
                0x08013228       0x52 build/error_log.o
 *fill*         0x0801327a        0x2 
 .text.Error_Register
                0x0801327c       0x38 build/error_log.o
 .text.Error_Set_Callback
                0x080132b4       0x20 build/error_log.o
 .text.Error_DescToQueue
                0x080132d4       0x6c build/error_log.o
 .text.ErrorTree_Create
                0x08013340       0x80 build/error_log.o
 .text.Error_Proc
                0x080133c0       0xe4 build/error_log.o
 .text.Error_Trigger
                0x080134a4      0x130 build/error_log.o
 .text.MMU_InsertFreeBlock
                0x080135d4       0x70 build/mmu.o
 .text.MMU_Init
                0x08013644       0x54 build/mmu.o
 .text.MMU_Malloc
                0x08013698       0xc0 build/mmu.o
                0x08013698                MMU_Malloc
 .text.MMU_Free
                0x08013758       0x3c build/mmu.o
                0x08013758                MMU_Free
 .text.Os_Set_TaskReady
                0x08013794       0x38 build/scheduler.o
 .text.Os_Clr_TaskReady
                0x080137cc       0x40 build/scheduler.o
 .text.Os_Clr_TaskPending
                0x0801380c       0x40 build/scheduler.o
 .text.Os_TaskExit
                0x0801384c        0x2 build/scheduler.o
 *fill*         0x0801384e        0x2 
 .text.Os_Get_HighestRank_RdyTask
                0x08013850       0x60 build/scheduler.o
 .text.Os_Get_HighestRank_PndTask
                0x080138b0       0x60 build/scheduler.o
 .text.Os_TaskPri_Compare
                0x08013910      0x168 build/scheduler.o
 .text.Os_ResetTask_Data
                0x08013a78       0x26 build/scheduler.o
 *fill*         0x08013a9e        0x2 
 .text.Os_TaskCrtList_TraverseCallback
                0x08013aa0       0x40 build/scheduler.o
 .text.Os_Idle  0x08013ae0       0x4c build/scheduler.o
 .text.Os_Set_TaskStk
                0x08013b2c       0x58 build/scheduler.o
 .text.Os_CreateIdle
                0x08013b84       0x50 build/scheduler.o
 .text.Os_TaskExec
                0x08013bd4       0xf8 build/scheduler.o
 *fill*         0x08013ccc        0x4 
 .text.Os_LoadFirstTask
                0x08013cd0       0x24 build/scheduler.o
                0x08013cd0                Os_LoadFirstTask
 *fill*         0x08013cf4        0xc 
 .text.Os_SwitchContext
                0x08013d00       0x60 build/scheduler.o
                0x08013d00                Os_SwitchContext
 .text.Os_SwitchTaskStack
                0x08013d60       0x28 build/scheduler.o
                0x08013d60                Os_SwitchTaskStack
 .text.Os_Init  0x08013d88       0x8c build/scheduler.o
                0x08013d88                Os_Init
 .text.Os_Start
                0x08013e14       0x54 build/scheduler.o
                0x08013e14                Os_Start
 .text.Os_CreateTask
                0x08013e68      0x180 build/scheduler.o
                0x08013e68                Os_CreateTask
 .text.Os_Set_TaskPending
                0x08013fe8       0x3c build/scheduler.o
                0x08013fe8                Os_Set_TaskPending
 .text.Os_SchedulerRun
                0x08014024       0xe0 build/scheduler.o
 .text.Os_TaskCaller
                0x08014104       0x38 build/scheduler.o
 .text.KernelClock_Init
                0x0801413c      0x16c build/kernel.o
 .text.Kernel_Init
                0x080142a8        0xe build/kernel.o
                0x080142a8                Kernel_Init
 *fill*         0x080142b6        0x2 
 .text.Kernel_LoadProcess
                0x080142b8       0x20 build/kernel.o
                0x080142b8                Kernel_LoadProcess
 .text.Kernel_EnablePendSV
                0x080142d8       0x10 build/kernel.o
                0x080142d8                Kernel_EnablePendSV
 .text.Kernel_TriggerPendSV
                0x080142e8       0x10 build/kernel.o
                0x080142e8                Kernel_TriggerPendSV
 .text.Runtime_SetCallback
                0x080142f8       0x2c build/runtime.o
                0x080142f8                Runtime_SetCallback
 .text.Runtime_GetTickBase
                0x08014324        0xc build/runtime.o
                0x08014324                Runtime_GetTickBase
 .text.Runtime_Config
                0x08014330       0xb0 build/runtime.o
                0x08014330                Runtime_Config
 .text.Runtime_Start
                0x080143e0       0x20 build/runtime.o
                0x080143e0                Runtime_Start
 .text.RuntimeObj_Reset
                0x08014400        0xa build/runtime.o
                0x08014400                RuntimeObj_Reset
 .text.Get_TimeDifference_Between
                0x0801440a       0x18 build/runtime.o
                0x0801440a                Get_TimeDifference_Between
 *fill*         0x08014422        0x2 
 .text.Runtime_Tick
                0x08014424       0x74 build/runtime.o
                0x08014424                Runtime_Tick
 .text.Get_CurrentRunningUs
                0x08014498        0xc build/runtime.o
                0x08014498                Get_CurrentRunningUs
 .text.Get_CurrentRunningMs
                0x080144a4       0x18 build/runtime.o
                0x080144a4                Get_CurrentRunningMs
 .text.Get_CurrentRunningS
                0x080144bc       0x12 build/runtime.o
                0x080144bc                Get_CurrentRunningS
 *fill*         0x080144ce        0x2 
 .text.Get_TargetRunTime
                0x080144d0       0x14 build/runtime.o
                0x080144d0                Get_TargetRunTime
 .text.RuntimeObj_CompareWithCurrent
                0x080144e4       0x1c build/runtime.o
                0x080144e4                RuntimeObj_CompareWithCurrent
 .text.Runtime_DelayMs
                0x08014500       0x2c build/runtime.o
                0x08014500                Runtime_DelayMs
 .text.Disk_GetCard_Info
                0x0801452c       0x18 build/DiskIO.o
 .text.Disk_Get_StartSectionOfCluster
                0x08014544       0x18 build/DiskIO.o
 .text.Disk_Search_FreeCluster
                0x0801455c       0x80 build/DiskIO.o
 .text.Disk_GetClusterState
                0x080145dc       0x44 build/DiskIO.o
 .text.Disk_ExtModule_InitError
                0x08014620       0x18 build/DiskIO.o
 .text.Disk_FreeCluster_SearchError
                0x08014638       0x14 build/DiskIO.o
 .text.Disk_FSINFO_ReadError
                0x0801464c       0x14 build/DiskIO.o
 .text.ExtDisk_Init
                0x08014660       0x70 build/DiskIO.o
 .text.Disk_ClearCluster
                0x080146d0       0x4c build/DiskIO.o
 .text.Disk_Printf
                0x0801471c       0x48 build/DiskIO.o
 .text.Disk_SFN_Match
                0x08014764       0x58 build/DiskIO.o
 .text.Disk_ParseMBR
                0x080147bc       0xe4 build/DiskIO.o
 .text.Disk_ParseDBR
                0x080148a0      0x1f0 build/DiskIO.o
 .text.Disk_ParseFSINFO
                0x08014a90       0xd8 build/DiskIO.o
 .text.Disk_Parse_Attribute
                0x08014b68      0x198 build/DiskIO.o
 .text.Disk_Get_NextCluster
                0x08014d00       0x48 build/DiskIO.o
 .text.Disk_GetPath_Layer
                0x08014d48       0x1a build/DiskIO.o
 *fill*         0x08014d62        0x2 
 .text.Disk_GetFolderName_ByIndex
                0x08014d64       0xd0 build/DiskIO.o
 .text.Disk_SFN_LegallyCheck
                0x08014e34      0x158 build/DiskIO.o
 .text.Disk_Name_ConvertTo83Frame
                0x08014f8c       0xf4 build/DiskIO.o
 .text.Disk_Fill_Attr
                0x08015080       0x96 build/DiskIO.o
 *fill*         0x08015116        0x2 
 .text.Disk_Establish_ClusterLink
                0x08015118       0xb4 build/DiskIO.o
 .text.Disk_UpdateFSINFO
                0x080151cc       0x84 build/DiskIO.o
 .text.Disk_Update_FreeCluster
                0x08015250       0xf4 build/DiskIO.o
 .text.Disk_WriteTo_TargetFFTable
                0x08015344      0x3c0 build/DiskIO.o
 .text.Disk_Create_Folder
                0x08015704       0x74 build/DiskIO.o
 .text.Disk_Create
                0x08015778       0x44 build/DiskIO.o
 .text.Disk_Init
                0x080157bc      0x1a0 build/DiskIO.o
                0x080157bc                Disk_Init
 .text.shellExtNumType
                0x0801595c       0x50 build/shell_ext.o
 .text.shellExtToNum
                0x080159ac       0x2e build/shell_ext.o
 *fill*         0x080159da        0x2 
 .text.shellExtParseChar
                0x080159dc       0x88 build/shell_ext.o
 .text.shellExtParseString
                0x08015a64       0x40 build/shell_ext.o
 .text.shellExtParseNumber
                0x08015aa4       0xbe build/shell_ext.o
 .text.shellExtParseVar
                0x08015b62       0x1e build/shell_ext.o
 .text.shellExtParsePara
                0x08015b80       0x4a build/shell_ext.o
                0x08015b80                shellExtParsePara
 .text.shellExtRun
                0x08015bca       0xee build/shell_ext.o
                0x08015bca                shellExtRun
 .text.Shell_Init
                0x08015cb8       0x1c build/shell_port.o
                0x08015cb8                Shell_Init
 .text.shellAdd
                0x08015cd4       0x24 build/shell.o
 .text.shellStringCopy
                0x08015cf8       0x16 build/shell.o
 .text.shellStringCompare
                0x08015d0e       0x2e build/shell.o
 .text.shellGetCommandDesc
                0x08015d3c       0x22 build/shell.o
 .text.shellParserParam
                0x08015d5e       0x90 build/shell.o
 .text.shellHistoryAdd
                0x08015dee       0x70 build/shell.o
 .text.shellRemoveParamQuotes
                0x08015e5e       0x54 build/shell.o
 *fill*         0x08015eb2        0x2 
 .text.shellGetCurrent
                0x08015eb4       0x2c build/shell.o
                0x08015eb4                shellGetCurrent
 .text.shellWriteByte
                0x08015ee0       0x18 build/shell.o
                0x08015ee0                shellWriteByte
 .text.shellRight
                0x08015ef8       0x1a build/shell.o
                0x08015ef8                shellRight
 .text.shellLeft
                0x08015f12       0x18 build/shell.o
                0x08015f12                shellLeft
 .text.shellWriteString
                0x08015f2a       0x18 build/shell.o
                0x08015f2a                shellWriteString
 *fill*         0x08015f42        0x2 
 .text.shellSetUser
                0x08015f44       0x60 build/shell.o
 .text.shellWriteCommandLine
                0x08015fa4       0x60 build/shell.o
 .text.shellCheckPassword
                0x08016004       0x40 build/shell.o
 .text.shellClear
                0x08016044       0x14 build/shell.o
                0x08016044                shellClear
 .text.shellCheckPermission
                0x08016058       0x3c build/shell.o
                0x08016058                shellCheckPermission
 .text.shellToHex
                0x08016094       0x28 build/shell.o
                0x08016094                shellToHex
 .text.shellGetCommandName
                0x080160bc       0x44 build/shell.o
 .text.shellToDec
                0x08016100       0x60 build/shell.o
                0x08016100                shellToDec
 .text.shellWriteReturnValue
                0x08016160       0x7c build/shell.o
 .text.shellListItem
                0x080161dc       0x90 build/shell.o
                0x080161dc                shellListItem
 .text.shellListCommand
                0x0801626c       0x48 build/shell.o
                0x0801626c                shellListCommand
 .text.shellCmds
                0x080162b4        0xe build/shell.o
                0x080162b4                shellCmds
 *fill*         0x080162c2        0x2 
 .text.shellListVar
                0x080162c4       0x4c build/shell.o
                0x080162c4                shellListVar
 .text.shellVars
                0x08016310        0xe build/shell.o
                0x08016310                shellVars
 *fill*         0x0801631e        0x2 
 .text.shellListUser
                0x08016320       0x48 build/shell.o
                0x08016320                shellListUser
 .text.shellUsers
                0x08016368        0xe build/shell.o
                0x08016368                shellUsers
 *fill*         0x08016376        0x2 
 .text.shellListKey
                0x08016378       0x48 build/shell.o
                0x08016378                shellListKey
 .text.shellKeys
                0x080163c0        0xe build/shell.o
                0x080163c0                shellKeys
 .text.shellListAll
                0x080163ce        0x8 build/shell.o
                0x080163ce                shellListAll
 *fill*         0x080163d6        0x2 
 .text.shellDeleteCommandLine
                0x080163d8       0x20 build/shell.o
                0x080163d8                shellDeleteCommandLine
 .text.shellClearCommandLine
                0x080163f8       0x28 build/shell.o
                0x080163f8                shellClearCommandLine
 .text.shellHistory
                0x08016420       0x98 build/shell.o
 .text.shellUp  0x080164b8        0xa build/shell.o
                0x080164b8                shellUp
 .text.shellDown
                0x080164c2        0xc build/shell.o
                0x080164c2                shellDown
 *fill*         0x080164ce        0x2 
 .text.shellTab
                0x080164d0      0x114 build/shell.o
                0x080164d0                shellTab
 .text.shellDeleteByte
                0x080165e4       0xc4 build/shell.o
                0x080165e4                shellDeleteByte
 .text.shellBackspace
                0x080166a8        0xa build/shell.o
                0x080166a8                shellBackspace
 .text.shellDelete
                0x080166b2        0xc build/shell.o
                0x080166b2                shellDelete
 .text.shellSeekCommand
                0x080166be       0x72 build/shell.o
                0x080166be                shellSeekCommand
 .text.shellInit
                0x08016730       0x90 build/shell.o
                0x08016730                shellInit
 .text.shellHelp
                0x080167c0       0x7c build/shell.o
                0x080167c0                shellHelp
 .text.shellGetVarValue
                0x0801683c       0x44 build/shell.o
                0x0801683c                shellGetVarValue
 .text.shellShowVar
                0x08016880       0xbc build/shell.o
 .text.shellSetVarValue
                0x0801693c       0x78 build/shell.o
                0x0801693c                shellSetVarValue
 .text.shellSetVar
                0x080169b4       0x64 build/shell.o
                0x080169b4                shellSetVar
 .text.shellRunCommand
                0x08016a18       0x94 build/shell.o
                0x08016a18                shellRunCommand
 .text.shellExec
                0x08016aac       0x68 build/shell.o
                0x08016aac                shellExec
 .text.shellEnter
                0x08016b14       0x12 build/shell.o
                0x08016b14                shellEnter
 *fill*         0x08016b26        0x2 
 .text.USB_DEVICE_Init
                0x08016b28       0x54 build/usb_device.o
                0x08016b28                USB_DEVICE_Init
 .text.USBD_FS_DeviceDescriptor
                0x08016b7c        0xc build/usbd_desc.o
                0x08016b7c                USBD_FS_DeviceDescriptor
 .text.USBD_FS_LangIDStrDescriptor
                0x08016b88        0xc build/usbd_desc.o
                0x08016b88                USBD_FS_LangIDStrDescriptor
 .text.IntToUnicode
                0x08016b94       0x46 build/usbd_desc.o
 *fill*         0x08016bda        0x2 
 .text.Get_SerialNum
                0x08016bdc       0x38 build/usbd_desc.o
 .text.USBD_FS_SerialStrDescriptor
                0x08016c14       0x14 build/usbd_desc.o
                0x08016c14                USBD_FS_SerialStrDescriptor
 .text.USBD_FS_ProductStrDescriptor
                0x08016c28       0x24 build/usbd_desc.o
                0x08016c28                USBD_FS_ProductStrDescriptor
 .text.USBD_FS_ManufacturerStrDescriptor
                0x08016c4c       0x1c build/usbd_desc.o
                0x08016c4c                USBD_FS_ManufacturerStrDescriptor
 .text.USBD_FS_ConfigStrDescriptor
                0x08016c68       0x24 build/usbd_desc.o
                0x08016c68                USBD_FS_ConfigStrDescriptor
 .text.USBD_FS_InterfaceStrDescriptor
                0x08016c8c       0x24 build/usbd_desc.o
                0x08016c8c                USBD_FS_InterfaceStrDescriptor
 .text.CDC_DeInit_FS
                0x08016cb0        0x4 build/usbd_cdc_if.o
 .text.CDC_Control_FS
                0x08016cb4        0x4 build/usbd_cdc_if.o
 .text.CDC_TransmitCplt_FS
                0x08016cb8        0x4 build/usbd_cdc_if.o
 .text.CDC_Receive_FS
                0x08016cbc       0x2c build/usbd_cdc_if.o
 .text.CDC_Init_FS
                0x08016ce8       0x28 build/usbd_cdc_if.o
 .text.CDC_Transmit_FS
                0x08016d10       0x2c build/usbd_cdc_if.o
                0x08016d10                CDC_Transmit_FS
 .text.usb_printf
                0x08016d3c       0x30 build/usbd_cdc_if.o
                0x08016d3c                usb_printf
 .text.usb_setrec_callback
                0x08016d6c        0xc build/usbd_cdc_if.o
                0x08016d6c                usb_setrec_callback
 .text.HAL_PCD_MspInit
                0x08016d78       0xac build/usbd_conf.o
                0x08016d78                HAL_PCD_MspInit
 .text.HAL_PCD_SetupStageCallback
                0x08016e24       0x10 build/usbd_conf.o
                0x08016e24                HAL_PCD_SetupStageCallback
 .text.HAL_PCD_DataOutStageCallback
                0x08016e34       0x18 build/usbd_conf.o
                0x08016e34                HAL_PCD_DataOutStageCallback
 .text.HAL_PCD_DataInStageCallback
                0x08016e4c       0x16 build/usbd_conf.o
                0x08016e4c                HAL_PCD_DataInStageCallback
 .text.HAL_PCD_SOFCallback
                0x08016e62        0xc build/usbd_conf.o
                0x08016e62                HAL_PCD_SOFCallback
 .text.HAL_PCD_ResetCallback
                0x08016e6e       0x24 build/usbd_conf.o
                0x08016e6e                HAL_PCD_ResetCallback
 *fill*         0x08016e92        0x2 
 .text.HAL_PCD_SuspendCallback
                0x08016e94       0x30 build/usbd_conf.o
                0x08016e94                HAL_PCD_SuspendCallback
 .text.HAL_PCD_ResumeCallback
                0x08016ec4        0xc build/usbd_conf.o
                0x08016ec4                HAL_PCD_ResumeCallback
 .text.HAL_PCD_ISOOUTIncompleteCallback
                0x08016ed0        0xc build/usbd_conf.o
                0x08016ed0                HAL_PCD_ISOOUTIncompleteCallback
 .text.HAL_PCD_ISOINIncompleteCallback
                0x08016edc        0xc build/usbd_conf.o
                0x08016edc                HAL_PCD_ISOINIncompleteCallback
 .text.HAL_PCD_ConnectCallback
                0x08016ee8        0xc build/usbd_conf.o
                0x08016ee8                HAL_PCD_ConnectCallback
 .text.HAL_PCD_DisconnectCallback
                0x08016ef4        0xc build/usbd_conf.o
                0x08016ef4                HAL_PCD_DisconnectCallback
 .text.USBD_LL_Init
                0x08016f00       0x68 build/usbd_conf.o
                0x08016f00                USBD_LL_Init
 .text.USBD_LL_IsStallEP
                0x08016f68       0x2e build/usbd_conf.o
                0x08016f68                USBD_LL_IsStallEP
 .text.USBD_LL_GetRxDataSize
                0x08016f96        0xc build/usbd_conf.o
                0x08016f96                USBD_LL_GetRxDataSize
 *fill*         0x08016fa2        0x2 
 .text.USBD_static_malloc
                0x08016fa4        0x8 build/usbd_conf.o
                0x08016fa4                USBD_static_malloc
 .text.USBD_static_free
                0x08016fac        0x2 build/usbd_conf.o
                0x08016fac                USBD_static_free
 .text.USBD_Get_USB_Status
                0x08016fae       0x14 build/usbd_conf.o
                0x08016fae                USBD_Get_USB_Status
 .text.USBD_LL_Start
                0x08016fc2       0x10 build/usbd_conf.o
                0x08016fc2                USBD_LL_Start
 .text.USBD_LL_OpenEP
                0x08016fd2       0x16 build/usbd_conf.o
                0x08016fd2                USBD_LL_OpenEP
 .text.USBD_LL_CloseEP
                0x08016fe8       0x10 build/usbd_conf.o
                0x08016fe8                USBD_LL_CloseEP
 .text.USBD_LL_StallEP
                0x08016ff8       0x10 build/usbd_conf.o
                0x08016ff8                USBD_LL_StallEP
 .text.USBD_LL_ClearStallEP
                0x08017008       0x10 build/usbd_conf.o
                0x08017008                USBD_LL_ClearStallEP
 .text.USBD_LL_SetUSBAddress
                0x08017018       0x10 build/usbd_conf.o
                0x08017018                USBD_LL_SetUSBAddress
 .text.USBD_LL_Transmit
                0x08017028       0x10 build/usbd_conf.o
                0x08017028                USBD_LL_Transmit
 .text.USBD_LL_PrepareReceive
                0x08017038       0x10 build/usbd_conf.o
                0x08017038                USBD_LL_PrepareReceive
 .text.USBD_Init
                0x08017048       0x38 build/usbd_core.o
                0x08017048                USBD_Init
 .text.USBD_RegisterClass
                0x08017080       0x28 build/usbd_core.o
                0x08017080                USBD_RegisterClass
 .text.USBD_Start
                0x080170a8        0x8 build/usbd_core.o
                0x080170a8                USBD_Start
 .text.USBD_SetClassConfig
                0x080170b0       0x12 build/usbd_core.o
                0x080170b0                USBD_SetClassConfig
 .text.USBD_ClrClassConfig
                0x080170c2       0x10 build/usbd_core.o
                0x080170c2                USBD_ClrClassConfig
 .text.USBD_LL_SetupStage
                0x080170d2       0x58 build/usbd_core.o
                0x080170d2                USBD_LL_SetupStage
 .text.USBD_LL_DataOutStage
                0x0801712a       0x72 build/usbd_core.o
                0x0801712a                USBD_LL_DataOutStage
 .text.USBD_LL_DataInStage
                0x0801719c       0xb8 build/usbd_core.o
                0x0801719c                USBD_LL_DataInStage
 .text.USBD_LL_Reset
                0x08017254       0x52 build/usbd_core.o
                0x08017254                USBD_LL_Reset
 .text.USBD_LL_SetSpeed
                0x080172a6        0x6 build/usbd_core.o
                0x080172a6                USBD_LL_SetSpeed
 .text.USBD_LL_Suspend
                0x080172ac       0x12 build/usbd_core.o
                0x080172ac                USBD_LL_Suspend
 .text.USBD_LL_Resume
                0x080172be       0x16 build/usbd_core.o
                0x080172be                USBD_LL_Resume
 .text.USBD_LL_SOF
                0x080172d4       0x1c build/usbd_core.o
                0x080172d4                USBD_LL_SOF
 .text.USBD_LL_IsoINIncomplete
                0x080172f0        0x4 build/usbd_core.o
                0x080172f0                USBD_LL_IsoINIncomplete
 .text.USBD_LL_IsoOUTIncomplete
                0x080172f4        0x4 build/usbd_core.o
                0x080172f4                USBD_LL_IsoOUTIncomplete
 .text.USBD_LL_DevConnected
                0x080172f8        0x4 build/usbd_core.o
                0x080172f8                USBD_LL_DevConnected
 .text.USBD_LL_DevDisconnected
                0x080172fc       0x18 build/usbd_core.o
                0x080172fc                USBD_LL_DevDisconnected
 .text.USBD_GetLen
                0x08017314       0x14 build/usbd_ctlreq.o
 .text.USBD_SetFeature
                0x08017328       0x14 build/usbd_ctlreq.o
 .text.USBD_ParseSetupRequest
                0x0801733c       0x28 build/usbd_ctlreq.o
                0x0801733c                USBD_ParseSetupRequest
 .text.USBD_CtlError
                0x08017364       0x14 build/usbd_ctlreq.o
                0x08017364                USBD_CtlError
 .text.USBD_GetDescriptor
                0x08017378      0x18a build/usbd_ctlreq.o
 .text.USBD_SetAddress
                0x08017502       0x4e build/usbd_ctlreq.o
 .text.USBD_SetConfig
                0x08017550       0xc4 build/usbd_ctlreq.o
 .text.USBD_GetConfig
                0x08017614       0x3e build/usbd_ctlreq.o
 .text.USBD_GetStatus
                0x08017652       0x38 build/usbd_ctlreq.o
 .text.USBD_ClrFeature
                0x0801768a       0x26 build/usbd_ctlreq.o
 .text.USBD_StdDevReq
                0x080176b0       0x70 build/usbd_ctlreq.o
                0x080176b0                USBD_StdDevReq
 .text.USBD_StdItfReq
                0x08017720       0x68 build/usbd_ctlreq.o
                0x08017720                USBD_StdItfReq
 .text.USBD_StdEPReq
                0x08017788      0x1ea build/usbd_ctlreq.o
                0x08017788                USBD_StdEPReq
 .text.USBD_GetString
                0x08017972       0x3a build/usbd_ctlreq.o
                0x08017972                USBD_GetString
 .text.USBD_CtlSendData
                0x080179ac       0x1a build/usbd_ioreq.o
                0x080179ac                USBD_CtlSendData
 .text.USBD_CtlContinueSendData
                0x080179c6       0x10 build/usbd_ioreq.o
                0x080179c6                USBD_CtlContinueSendData
 .text.USBD_CtlPrepareRx
                0x080179d6       0x1e build/usbd_ioreq.o
                0x080179d6                USBD_CtlPrepareRx
 .text.USBD_CtlContinueRx
                0x080179f4       0x10 build/usbd_ioreq.o
                0x080179f4                USBD_CtlContinueRx
 .text.USBD_CtlSendStatus
                0x08017a04       0x16 build/usbd_ioreq.o
                0x08017a04                USBD_CtlSendStatus
 .text.USBD_CtlReceiveStatus
                0x08017a1a       0x16 build/usbd_ioreq.o
                0x08017a1a                USBD_CtlReceiveStatus
 .text.USBD_CDC_EP0_RxReady
                0x08017a30       0x28 build/usbd_cdc.o
 .text.USBD_CDC_GetFSCfgDesc
                0x08017a58        0xc build/usbd_cdc.o
 .text.USBD_CDC_GetHSCfgDesc
                0x08017a64        0xc build/usbd_cdc.o
 .text.USBD_CDC_GetOtherSpeedCfgDesc
                0x08017a70        0xc build/usbd_cdc.o
 .text.USBD_CDC_GetDeviceQualifierDescriptor
                0x08017a7c        0xc build/usbd_cdc.o
                0x08017a7c                USBD_CDC_GetDeviceQualifierDescriptor
 .text.USBD_CDC_DataOut
                0x08017a88       0x2a build/usbd_cdc.o
 .text.USBD_CDC_DataIn
                0x08017ab2       0x64 build/usbd_cdc.o
 .text.USBD_CDC_Setup
                0x08017b16       0xe0 build/usbd_cdc.o
 .text.USBD_CDC_DeInit
                0x08017bf6       0x48 build/usbd_cdc.o
 .text.USBD_CDC_Init
                0x08017c3e       0xc2 build/usbd_cdc.o
 .text.USBD_CDC_RegisterInterface
                0x08017d00        0xe build/usbd_cdc.o
                0x08017d00                USBD_CDC_RegisterInterface
 .text.USBD_CDC_SetTxBuffer
                0x08017d0e       0x10 build/usbd_cdc.o
                0x08017d0e                USBD_CDC_SetTxBuffer
 .text.USBD_CDC_SetRxBuffer
                0x08017d1e        0xc build/usbd_cdc.o
                0x08017d1e                USBD_CDC_SetRxBuffer
 .text.USBD_CDC_TransmitPacket
                0x08017d2a       0x34 build/usbd_cdc.o
                0x08017d2a                USBD_CDC_TransmitPacket
 .text.USBD_CDC_ReceivePacket
                0x08017d5e       0x32 build/usbd_cdc.o
                0x08017d5e                USBD_CDC_ReceivePacket
 .text.NMI_Handler
                0x08017d90        0x2 build/stm32h7xx_it.o
                0x08017d90                NMI_Handler
 .text.HardFault_Handler
                0x08017d92        0x2 build/stm32h7xx_it.o
                0x08017d92                HardFault_Handler
 .text.MemManage_Handler
                0x08017d94        0x2 build/stm32h7xx_it.o
                0x08017d94                MemManage_Handler
 .text.BusFault_Handler
                0x08017d96        0x2 build/stm32h7xx_it.o
                0x08017d96                BusFault_Handler
 .text.UsageFault_Handler
                0x08017d98        0x2 build/stm32h7xx_it.o
                0x08017d98                UsageFault_Handler
 .text.SVC_Handler
                0x08017d9a        0xc build/stm32h7xx_it.o
                0x08017d9a                SVC_Handler
 .text.DebugMon_Handler
                0x08017da6        0x2 build/stm32h7xx_it.o
                0x08017da6                DebugMon_Handler
 .text.PendSV_Handler
                0x08017da8        0x8 build/stm32h7xx_it.o
                0x08017da8                PendSV_Handler
 .text.SysTick_Handler
                0x08017db0       0x54 build/stm32h7xx_it.o
                0x08017db0                SysTick_Handler
 .text.OTG_FS_IRQHandler
                0x08017e04       0x10 build/stm32h7xx_it.o
                0x08017e04                OTG_FS_IRQHandler
 .text.EXTI0_IRQHandler
                0x08017e14        0xa build/stm32h7xx_it.o
                0x08017e14                EXTI0_IRQHandler
 .text.EXTI1_IRQHandler
                0x08017e1e        0xa build/stm32h7xx_it.o
                0x08017e1e                EXTI1_IRQHandler
 .text.EXTI2_IRQHandler
                0x08017e28        0xa build/stm32h7xx_it.o
                0x08017e28                EXTI2_IRQHandler
 .text.EXTI3_IRQHandler
                0x08017e32        0xa build/stm32h7xx_it.o
                0x08017e32                EXTI3_IRQHandler
 .text.EXTI4_IRQHandler
                0x08017e3c        0xa build/stm32h7xx_it.o
                0x08017e3c                EXTI4_IRQHandler
 .text.EXTI9_5_IRQHandler
                0x08017e46       0x26 build/stm32h7xx_it.o
                0x08017e46                EXTI9_5_IRQHandler
 .text.EXTI15_10_IRQHandler
                0x08017e6c       0x34 build/stm32h7xx_it.o
                0x08017e6c                EXTI15_10_IRQHandler
 .text.SystemInit
                0x08017ea0       0xcc build/system_stm32h7xx.o
                0x08017ea0                SystemInit
 .text.SystemCoreClockUpdate
                0x08017f6c      0x214 build/system_stm32h7xx.o
                0x08017f6c                SystemCoreClockUpdate
 .text.HAL_MspInit
                0x08018180        0x2 build/stm32h7xx_hal.o
                0x08018180                HAL_MspInit
 *fill*         0x08018182        0x2 
 .text.HAL_InitTick
                0x08018184       0x50 build/stm32h7xx_hal.o
                0x08018184                HAL_InitTick
 .text.HAL_Init
                0x080181d4       0x5c build/stm32h7xx_hal.o
                0x080181d4                HAL_Init
 .text.HAL_IncTick
                0x08018230       0x18 build/stm32h7xx_hal.o
                0x08018230                HAL_IncTick
 .text.HAL_GetTick
                0x08018248        0xc build/stm32h7xx_hal.o
                0x08018248                HAL_GetTick
 .text.HAL_Delay
                0x08018254       0x28 build/stm32h7xx_hal.o
                0x08018254                HAL_Delay
 .text.HAL_GetREVID
                0x0801827c        0xc build/stm32h7xx_hal.o
                0x0801827c                HAL_GetREVID
 .text.HAL_NVIC_SetPriorityGrouping
                0x08018288       0x24 build/stm32h7xx_hal_cortex.o
                0x08018288                HAL_NVIC_SetPriorityGrouping
 .text.HAL_NVIC_SetPriority
                0x080182ac       0x6c build/stm32h7xx_hal_cortex.o
                0x080182ac                HAL_NVIC_SetPriority
 .text.HAL_NVIC_EnableIRQ
                0x08018318       0x1c build/stm32h7xx_hal_cortex.o
                0x08018318                HAL_NVIC_EnableIRQ
 .text.HAL_NVIC_DisableIRQ
                0x08018334       0x24 build/stm32h7xx_hal_cortex.o
                0x08018334                HAL_NVIC_DisableIRQ
 .text.HAL_SYSTICK_Config
                0x08018358       0x28 build/stm32h7xx_hal_cortex.o
                0x08018358                HAL_SYSTICK_Config
 .text.HAL_RCC_OscConfig
                0x08018380      0x674 build/stm32h7xx_hal_rcc.o
                0x08018380                HAL_RCC_OscConfig
 .text.HAL_RCC_GetSysClockFreq
                0x080189f4      0x1f4 build/stm32h7xx_hal_rcc.o
                0x080189f4                HAL_RCC_GetSysClockFreq
 .text.HAL_RCC_ClockConfig
                0x08018be8      0x294 build/stm32h7xx_hal_rcc.o
                0x08018be8                HAL_RCC_ClockConfig
 .text.HAL_RCC_GetHCLKFreq
                0x08018e7c       0x44 build/stm32h7xx_hal_rcc.o
                0x08018e7c                HAL_RCC_GetHCLKFreq
 .text.RCCEx_PLL2_Config
                0x08018ec0      0x10c build/stm32h7xx_hal_rcc_ex.o
 .text.RCCEx_PLL3_Config
                0x08018fcc      0x10c build/stm32h7xx_hal_rcc_ex.o
 .text.HAL_RCCEx_PeriphCLKConfig
                0x080190d8      0x9c4 build/stm32h7xx_hal_rcc_ex.o
                0x080190d8                HAL_RCCEx_PeriphCLKConfig
 .text.HAL_RCCEx_GetD3PCLK1Freq
                0x08019a9c       0x24 build/stm32h7xx_hal_rcc_ex.o
                0x08019a9c                HAL_RCCEx_GetD3PCLK1Freq
 .text.HAL_RCCEx_GetPLL2ClockFreq
                0x08019ac0      0x1f8 build/stm32h7xx_hal_rcc_ex.o
                0x08019ac0                HAL_RCCEx_GetPLL2ClockFreq
 .text.HAL_RCCEx_GetPLL3ClockFreq
                0x08019cb8      0x1f8 build/stm32h7xx_hal_rcc_ex.o
                0x08019cb8                HAL_RCCEx_GetPLL3ClockFreq
 .text.HAL_RCCEx_GetPLL1ClockFreq
                0x08019eb0      0x1f8 build/stm32h7xx_hal_rcc_ex.o
                0x08019eb0                HAL_RCCEx_GetPLL1ClockFreq
 .text.HAL_RCCEx_GetPeriphCLKFreq
                0x0801a0a8      0x614 build/stm32h7xx_hal_rcc_ex.o
                0x0801a0a8                HAL_RCCEx_GetPeriphCLKFreq
 .text.HAL_GPIO_Init
                0x0801a6bc      0x220 build/stm32h7xx_hal_gpio.o
                0x0801a6bc                HAL_GPIO_Init
 .text.HAL_GPIO_DeInit
                0x0801a8dc      0x150 build/stm32h7xx_hal_gpio.o
                0x0801a8dc                HAL_GPIO_DeInit
 .text.HAL_GPIO_ReadPin
                0x0801aa2c        0xe build/stm32h7xx_hal_gpio.o
                0x0801aa2c                HAL_GPIO_ReadPin
 .text.HAL_GPIO_WritePin
                0x0801aa3a        0xc build/stm32h7xx_hal_gpio.o
                0x0801aa3a                HAL_GPIO_WritePin
 .text.HAL_GPIO_EXTI_IRQHandler
                0x0801aa46       0x1e build/stm32h7xx_hal_gpio.o
                0x0801aa46                HAL_GPIO_EXTI_IRQHandler
 .text.HAL_PWREx_ConfigSupply
                0x0801aa64       0x54 build/stm32h7xx_hal_pwr_ex.o
                0x0801aa64                HAL_PWREx_ConfigSupply
 .text.HAL_PWREx_EnableUSBVoltageDetector
                0x0801aab8       0x10 build/stm32h7xx_hal_pwr_ex.o
                0x0801aab8                HAL_PWREx_EnableUSBVoltageDetector
 .text.SPI_CloseTransfer
                0x0801aac8       0xd0 build/stm32h7xx_hal_spi.o
 .text.SPI_GetPacketSize
                0x0801ab98       0x10 build/stm32h7xx_hal_spi.o
 .text.SPI_WaitOnFlagUntilTimeout
                0x0801aba8       0x48 build/stm32h7xx_hal_spi.o
 .text.HAL_SPI_MspInit
                0x0801abf0        0x2 build/stm32h7xx_hal_spi.o
                0x0801abf0                HAL_SPI_MspInit
 *fill*         0x0801abf2        0x2 
 .text.HAL_SPI_Init
                0x0801abf4      0x168 build/stm32h7xx_hal_spi.o
                0x0801abf4                HAL_SPI_Init
 .text.HAL_SPI_Transmit
                0x0801ad5c      0x2c4 build/stm32h7xx_hal_spi.o
                0x0801ad5c                HAL_SPI_Transmit
 .text.HAL_SPI_TransmitReceive
                0x0801b020      0x420 build/stm32h7xx_hal_spi.o
                0x0801b020                HAL_SPI_TransmitReceive
 .text.HAL_SPI_Receive
                0x0801b440      0x2b8 build/stm32h7xx_hal_spi.o
                0x0801b440                HAL_SPI_Receive
 .text.PCD_WriteEmptyTxFifo
                0x0801b6f8       0xd0 build/stm32h7xx_hal_pcd.o
 .text.HAL_PCD_Init
                0x0801b7c8      0x13c build/stm32h7xx_hal_pcd.o
                0x0801b7c8                HAL_PCD_Init
 .text.HAL_PCD_Start
                0x0801b904       0x42 build/stm32h7xx_hal_pcd.o
                0x0801b904                HAL_PCD_Start
 *fill*         0x0801b946        0x2 
 .text.PCD_EP_OutXfrComplete_int
                0x0801b948       0xf4 build/stm32h7xx_hal_pcd.o
 .text.PCD_EP_OutSetupPacket_int
                0x0801ba3c       0x50 build/stm32h7xx_hal_pcd.o
 .text.HAL_PCD_IRQHandler
                0x0801ba8c      0x4b6 build/stm32h7xx_hal_pcd.o
                0x0801ba8c                HAL_PCD_IRQHandler
 .text.HAL_PCD_SetAddress
                0x0801bf42       0x28 build/stm32h7xx_hal_pcd.o
                0x0801bf42                HAL_PCD_SetAddress
 .text.HAL_PCD_EP_Open
                0x0801bf6a       0x8a build/stm32h7xx_hal_pcd.o
                0x0801bf6a                HAL_PCD_EP_Open
 .text.HAL_PCD_EP_Close
                0x0801bff4       0x72 build/stm32h7xx_hal_pcd.o
                0x0801bff4                HAL_PCD_EP_Close
 .text.HAL_PCD_EP_Receive
                0x0801c066       0x5e build/stm32h7xx_hal_pcd.o
                0x0801c066                HAL_PCD_EP_Receive
 .text.HAL_PCD_EP_GetRxCount
                0x0801c0c4       0x12 build/stm32h7xx_hal_pcd.o
                0x0801c0c4                HAL_PCD_EP_GetRxCount
 .text.HAL_PCD_EP_Transmit
                0x0801c0d6       0x5e build/stm32h7xx_hal_pcd.o
                0x0801c0d6                HAL_PCD_EP_Transmit
 .text.HAL_PCD_EP_SetStall
                0x0801c134       0x88 build/stm32h7xx_hal_pcd.o
                0x0801c134                HAL_PCD_EP_SetStall
 .text.HAL_PCD_EP_ClrStall
                0x0801c1bc       0x76 build/stm32h7xx_hal_pcd.o
                0x0801c1bc                HAL_PCD_EP_ClrStall
 .text.HAL_PCDEx_SetTxFiFo
                0x0801c232       0x4c build/stm32h7xx_hal_pcd_ex.o
                0x0801c232                HAL_PCDEx_SetTxFiFo
 .text.HAL_PCDEx_SetRxFiFo
                0x0801c27e        0x8 build/stm32h7xx_hal_pcd_ex.o
                0x0801c27e                HAL_PCDEx_SetRxFiFo
 *fill*         0x0801c286        0x2 
 .text.HAL_PCDEx_ActivateLPM
                0x0801c288       0x28 build/stm32h7xx_hal_pcd_ex.o
                0x0801c288                HAL_PCDEx_ActivateLPM
 .text.HAL_PCDEx_LPM_Callback
                0x0801c2b0        0x2 build/stm32h7xx_hal_pcd_ex.o
                0x0801c2b0                HAL_PCDEx_LPM_Callback
 *fill*         0x0801c2b2        0x2 
 .text.SD_SendSDStatus
                0x0801c2b4      0x108 build/stm32h7xx_hal_sd.o
 .text.SD_FindSCR
                0x0801c3bc      0x108 build/stm32h7xx_hal_sd.o
 .text.SD_WideBus_Enable
                0x0801c4c4       0x4e build/stm32h7xx_hal_sd.o
 .text.SD_WideBus_Disable
                0x0801c512       0x4e build/stm32h7xx_hal_sd.o
 .text.SD_SendStatus
                0x0801c560       0x2c build/stm32h7xx_hal_sd.o
 .text.HAL_SD_MspInit
                0x0801c58c        0x2 build/stm32h7xx_hal_sd.o
                0x0801c58c                HAL_SD_MspInit
 *fill*         0x0801c58e        0x2 
 .text.HAL_SD_ReadBlocks
                0x0801c590      0x204 build/stm32h7xx_hal_sd.o
                0x0801c590                HAL_SD_ReadBlocks
 .text.HAL_SD_WriteBlocks
                0x0801c794      0x214 build/stm32h7xx_hal_sd.o
                0x0801c794                HAL_SD_WriteBlocks
 .text.HAL_SD_Erase
                0x0801c9a8       0xf8 build/stm32h7xx_hal_sd.o
                0x0801c9a8                HAL_SD_Erase
 .text.HAL_SD_DriveTransceiver_1_8V_Callback
                0x0801caa0        0x2 build/stm32h7xx_hal_sd.o
                0x0801caa0                HAL_SD_DriveTransceiver_1_8V_Callback
 *fill*         0x0801caa2        0x2 
 .text.SD_PowerON
                0x0801caa4      0x178 build/stm32h7xx_hal_sd.o
 .text.HAL_SD_GetCardCSD
                0x0801cc1c      0x1b8 build/stm32h7xx_hal_sd.o
                0x0801cc1c                HAL_SD_GetCardCSD
 .text.SD_InitCard
                0x0801cdd4       0xfc build/stm32h7xx_hal_sd.o
 .text.HAL_SD_InitCard
                0x0801ced0       0xd8 build/stm32h7xx_hal_sd.o
                0x0801ced0                HAL_SD_InitCard
 .text.HAL_SD_GetCardStatus
                0x0801cfa8       0xd0 build/stm32h7xx_hal_sd.o
                0x0801cfa8                HAL_SD_GetCardStatus
 .text.HAL_SD_GetCardInfo
                0x0801d078       0x24 build/stm32h7xx_hal_sd.o
                0x0801d078                HAL_SD_GetCardInfo
 .text.HAL_SD_ConfigWideBusOperation
                0x0801d09c      0x158 build/stm32h7xx_hal_sd.o
                0x0801d09c                HAL_SD_ConfigWideBusOperation
 .text.HAL_SD_GetCardState
                0x0801d1f4       0x22 build/stm32h7xx_hal_sd.o
                0x0801d1f4                HAL_SD_GetCardState
 .text.HAL_SD_Init
                0x0801d216       0xc2 build/stm32h7xx_hal_sd.o
                0x0801d216                HAL_SD_Init
 .text.SDMMC_GetCmdError
                0x0801d2d8       0x3c build/stm32h7xx_ll_sdmmc.o
 .text.SDMMC_Init
                0x0801d314       0x30 build/stm32h7xx_ll_sdmmc.o
                0x0801d314                SDMMC_Init
 .text.SDMMC_ReadFIFO
                0x0801d344        0x6 build/stm32h7xx_ll_sdmmc.o
                0x0801d344                SDMMC_ReadFIFO
 .text.SDMMC_WriteFIFO
                0x0801d34a        0xa build/stm32h7xx_ll_sdmmc.o
                0x0801d34a                SDMMC_WriteFIFO
 .text.SDMMC_PowerState_ON
                0x0801d354        0xc build/stm32h7xx_ll_sdmmc.o
                0x0801d354                SDMMC_PowerState_ON
 .text.SDMMC_GetPowerState
                0x0801d360        0x8 build/stm32h7xx_ll_sdmmc.o
                0x0801d360                SDMMC_GetPowerState
 .text.SDMMC_SendCommand
                0x0801d368       0x24 build/stm32h7xx_ll_sdmmc.o
                0x0801d368                SDMMC_SendCommand
 .text.SDMMC_GetCommandResponse
                0x0801d38c        0x6 build/stm32h7xx_ll_sdmmc.o
                0x0801d38c                SDMMC_GetCommandResponse
 .text.SDMMC_GetResponse
                0x0801d392        0x6 build/stm32h7xx_ll_sdmmc.o
                0x0801d392                SDMMC_GetResponse
 .text.SDMMC_ConfigData
                0x0801d398       0x24 build/stm32h7xx_ll_sdmmc.o
                0x0801d398                SDMMC_ConfigData
 .text.SDMMC_CmdGoIdleState
                0x0801d3bc       0x26 build/stm32h7xx_ll_sdmmc.o
                0x0801d3bc                SDMMC_CmdGoIdleState
 *fill*         0x0801d3e2        0x2 
 .text.SDMMC_GetCmdResp1
                0x0801d3e4      0x160 build/stm32h7xx_ll_sdmmc.o
                0x0801d3e4                SDMMC_GetCmdResp1
 .text.SDMMC_CmdBlockLength
                0x0801d544       0x32 build/stm32h7xx_ll_sdmmc.o
                0x0801d544                SDMMC_CmdBlockLength
 .text.SDMMC_CmdReadSingleBlock
                0x0801d576       0x32 build/stm32h7xx_ll_sdmmc.o
                0x0801d576                SDMMC_CmdReadSingleBlock
 .text.SDMMC_CmdReadMultiBlock
                0x0801d5a8       0x32 build/stm32h7xx_ll_sdmmc.o
                0x0801d5a8                SDMMC_CmdReadMultiBlock
 .text.SDMMC_CmdWriteSingleBlock
                0x0801d5da       0x32 build/stm32h7xx_ll_sdmmc.o
                0x0801d5da                SDMMC_CmdWriteSingleBlock
 .text.SDMMC_CmdWriteMultiBlock
                0x0801d60c       0x32 build/stm32h7xx_ll_sdmmc.o
                0x0801d60c                SDMMC_CmdWriteMultiBlock
 .text.SDMMC_CmdSDEraseStartAdd
                0x0801d63e       0x32 build/stm32h7xx_ll_sdmmc.o
                0x0801d63e                SDMMC_CmdSDEraseStartAdd
 .text.SDMMC_CmdSDEraseEndAdd
                0x0801d670       0x32 build/stm32h7xx_ll_sdmmc.o
                0x0801d670                SDMMC_CmdSDEraseEndAdd
 .text.SDMMC_CmdErase
                0x0801d6a2       0x32 build/stm32h7xx_ll_sdmmc.o
                0x0801d6a2                SDMMC_CmdErase
 .text.SDMMC_CmdStopTransfer
                0x0801d6d4       0x58 build/stm32h7xx_ll_sdmmc.o
                0x0801d6d4                SDMMC_CmdStopTransfer
 .text.SDMMC_CmdSelDesel
                0x0801d72c       0x32 build/stm32h7xx_ll_sdmmc.o
                0x0801d72c                SDMMC_CmdSelDesel
 .text.SDMMC_CmdAppCommand
                0x0801d75e       0x32 build/stm32h7xx_ll_sdmmc.o
                0x0801d75e                SDMMC_CmdAppCommand
 .text.SDMMC_CmdBusWidth
                0x0801d790       0x32 build/stm32h7xx_ll_sdmmc.o
                0x0801d790                SDMMC_CmdBusWidth
 .text.SDMMC_CmdSendSCR
                0x0801d7c2       0x32 build/stm32h7xx_ll_sdmmc.o
                0x0801d7c2                SDMMC_CmdSendSCR
 .text.SDMMC_CmdSendStatus
                0x0801d7f4       0x32 build/stm32h7xx_ll_sdmmc.o
                0x0801d7f4                SDMMC_CmdSendStatus
 .text.SDMMC_CmdStatusRegister
                0x0801d826       0x32 build/stm32h7xx_ll_sdmmc.o
                0x0801d826                SDMMC_CmdStatusRegister
 .text.SDMMC_CmdVoltageSwitch
                0x0801d858       0x32 build/stm32h7xx_ll_sdmmc.o
                0x0801d858                SDMMC_CmdVoltageSwitch
 *fill*         0x0801d88a        0x2 
 .text.SDMMC_GetCmdResp2
                0x0801d88c       0x60 build/stm32h7xx_ll_sdmmc.o
                0x0801d88c                SDMMC_GetCmdResp2
 .text.SDMMC_CmdSendCID
                0x0801d8ec       0x2c build/stm32h7xx_ll_sdmmc.o
                0x0801d8ec                SDMMC_CmdSendCID
 .text.SDMMC_CmdSendCSD
                0x0801d918       0x2c build/stm32h7xx_ll_sdmmc.o
                0x0801d918                SDMMC_CmdSendCSD
 .text.SDMMC_GetCmdResp3
                0x0801d944       0x50 build/stm32h7xx_ll_sdmmc.o
                0x0801d944                SDMMC_GetCmdResp3
 .text.SDMMC_CmdAppOperCommand
                0x0801d994       0x2c build/stm32h7xx_ll_sdmmc.o
                0x0801d994                SDMMC_CmdAppOperCommand
 .text.SDMMC_GetCmdResp6
                0x0801d9c0       0xa4 build/stm32h7xx_ll_sdmmc.o
                0x0801d9c0                SDMMC_GetCmdResp6
 .text.SDMMC_CmdSetRelAdd
                0x0801da64       0x32 build/stm32h7xx_ll_sdmmc.o
                0x0801da64                SDMMC_CmdSetRelAdd
 *fill*         0x0801da96        0x2 
 .text.SDMMC_GetCmdResp7
                0x0801da98       0x64 build/stm32h7xx_ll_sdmmc.o
                0x0801da98                SDMMC_GetCmdResp7
 .text.SDMMC_CmdOperCond
                0x0801dafc       0x30 build/stm32h7xx_ll_sdmmc.o
                0x0801dafc                SDMMC_CmdOperCond
 .text.USB_CoreReset
                0x0801db2c       0x4c build/stm32h7xx_ll_usb.o
 .text.USB_CoreInit
                0x0801db78       0x9c build/stm32h7xx_ll_usb.o
                0x0801db78                USB_CoreInit
 .text.USB_SetTurnaroundTime
                0x0801dc14       0xe4 build/stm32h7xx_ll_usb.o
                0x0801dc14                USB_SetTurnaroundTime
 .text.USB_EnableGlobalInt
                0x0801dcf8        0xc build/stm32h7xx_ll_usb.o
                0x0801dcf8                USB_EnableGlobalInt
 .text.USB_DisableGlobalInt
                0x0801dd04        0xc build/stm32h7xx_ll_usb.o
                0x0801dd04                USB_DisableGlobalInt
 .text.USB_FlushTxFifo
                0x0801dd10       0x4c build/stm32h7xx_ll_usb.o
                0x0801dd10                USB_FlushTxFifo
 .text.USB_FlushRxFifo
                0x0801dd5c       0x48 build/stm32h7xx_ll_usb.o
                0x0801dd5c                USB_FlushRxFifo
 .text.USB_SetDevSpeed
                0x0801dda4        0xe build/stm32h7xx_ll_usb.o
                0x0801dda4                USB_SetDevSpeed
 *fill*         0x0801ddb2        0x2 
 .text.USB_DevInit
                0x0801ddb4      0x188 build/stm32h7xx_ll_usb.o
                0x0801ddb4                USB_DevInit
 .text.USB_GetDevSpeed
                0x0801df3c       0x1e build/stm32h7xx_ll_usb.o
                0x0801df3c                USB_GetDevSpeed
 *fill*         0x0801df5a        0x2 
 .text.USB_ActivateEndpoint
                0x0801df5c       0x9c build/stm32h7xx_ll_usb.o
                0x0801df5c                USB_ActivateEndpoint
 .text.USB_DeactivateEndpoint
                0x0801dff8       0xe0 build/stm32h7xx_ll_usb.o
                0x0801dff8                USB_DeactivateEndpoint
 .text.USB_EP0StartXfer
                0x0801e0d8      0x11c build/stm32h7xx_ll_usb.o
                0x0801e0d8                USB_EP0StartXfer
 .text.USB_WritePacket
                0x0801e1f4       0x2e build/stm32h7xx_ll_usb.o
                0x0801e1f4                USB_WritePacket
 *fill*         0x0801e222        0x2 
 .text.USB_EPStartXfer
                0x0801e224      0x234 build/stm32h7xx_ll_usb.o
                0x0801e224                USB_EPStartXfer
 .text.USB_ReadPacket
                0x0801e458       0x54 build/stm32h7xx_ll_usb.o
                0x0801e458                USB_ReadPacket
 .text.USB_EPSetStall
                0x0801e4ac       0x5a build/stm32h7xx_ll_usb.o
                0x0801e4ac                USB_EPSetStall
 .text.USB_EPClearStall
                0x0801e506       0x5c build/stm32h7xx_ll_usb.o
                0x0801e506                USB_EPClearStall
 .text.USB_SetDevAddress
                0x0801e562       0x20 build/stm32h7xx_ll_usb.o
                0x0801e562                USB_SetDevAddress
 .text.USB_DevConnect
                0x0801e582       0x1c build/stm32h7xx_ll_usb.o
                0x0801e582                USB_DevConnect
 .text.USB_DevDisconnect
                0x0801e59e       0x1c build/stm32h7xx_ll_usb.o
                0x0801e59e                USB_DevDisconnect
 .text.USB_ReadInterrupts
                0x0801e5ba        0x8 build/stm32h7xx_ll_usb.o
                0x0801e5ba                USB_ReadInterrupts
 .text.USB_ReadDevAllOutEpInterrupt
                0x0801e5c2       0x10 build/stm32h7xx_ll_usb.o
                0x0801e5c2                USB_ReadDevAllOutEpInterrupt
 .text.USB_ReadDevAllInEpInterrupt
                0x0801e5d2       0x10 build/stm32h7xx_ll_usb.o
                0x0801e5d2                USB_ReadDevAllInEpInterrupt
 .text.USB_ReadDevOutEPInterrupt
                0x0801e5e2       0x12 build/stm32h7xx_ll_usb.o
                0x0801e5e2                USB_ReadDevOutEPInterrupt
 .text.USB_ReadDevInEPInterrupt
                0x0801e5f4       0x28 build/stm32h7xx_ll_usb.o
                0x0801e5f4                USB_ReadDevInEPInterrupt
 .text.USB_GetMode
                0x0801e61c        0x8 build/stm32h7xx_ll_usb.o
                0x0801e61c                USB_GetMode
 .text.USB_SetCurrentMode
                0x0801e624       0x62 build/stm32h7xx_ll_usb.o
                0x0801e624                USB_SetCurrentMode
 *fill*         0x0801e686        0x2 
 .text.USB_ActivateSetup
                0x0801e688       0x20 build/stm32h7xx_ll_usb.o
                0x0801e688                USB_ActivateSetup
 .text.USB_EP0_OutStart
                0x0801e6a8       0x60 build/stm32h7xx_ll_usb.o
                0x0801e6a8                USB_EP0_OutStart
 .text.Reset_Handler
                0x0801e708       0x50 build/startup_stm32h743xx.o
                0x0801e708                Reset_Handler
 .text.Default_Handler
                0x0801e758        0x2 build/startup_stm32h743xx.o
                0x0801e758                RTC_Alarm_IRQHandler
                0x0801e758                TIM8_CC_IRQHandler
                0x0801e758                HRTIM1_Master_IRQHandler
                0x0801e758                UART8_IRQHandler
                0x0801e758                SPI4_IRQHandler
                0x0801e758                TIM1_CC_IRQHandler
                0x0801e758                BDMA_Channel6_IRQHandler
                0x0801e758                DMA2_Stream5_IRQHandler
                0x0801e758                HRTIM1_FLT_IRQHandler
                0x0801e758                JPEG_IRQHandler
                0x0801e758                DMA1_Stream5_IRQHandler
                0x0801e758                BDMA_Channel1_IRQHandler
                0x0801e758                HRTIM1_TIMD_IRQHandler
                0x0801e758                TAMP_STAMP_IRQHandler
                0x0801e758                LPTIM4_IRQHandler
                0x0801e758                TIM8_TRG_COM_TIM14_IRQHandler
                0x0801e758                LPTIM2_IRQHandler
                0x0801e758                DFSDM1_FLT1_IRQHandler
                0x0801e758                DMAMUX2_OVR_IRQHandler
                0x0801e758                TIM8_UP_TIM13_IRQHandler
                0x0801e758                I2C3_ER_IRQHandler
                0x0801e758                DFSDM1_FLT2_IRQHandler
                0x0801e758                MDMA_IRQHandler
                0x0801e758                LPTIM3_IRQHandler
                0x0801e758                HSEM1_IRQHandler
                0x0801e758                I2C2_EV_IRQHandler
                0x0801e758                DMA1_Stream2_IRQHandler
                0x0801e758                FPU_IRQHandler
                0x0801e758                OTG_HS_WKUP_IRQHandler
                0x0801e758                FDCAN1_IT1_IRQHandler
                0x0801e758                LTDC_ER_IRQHandler
                0x0801e758                DMA2_Stream2_IRQHandler
                0x0801e758                HRTIM1_TIME_IRQHandler
                0x0801e758                SPI1_IRQHandler
                0x0801e758                TIM6_DAC_IRQHandler
                0x0801e758                DCMI_IRQHandler
                0x0801e758                HRTIM1_TIMC_IRQHandler
                0x0801e758                DMA2_Stream3_IRQHandler
                0x0801e758                SAI2_IRQHandler
                0x0801e758                DFSDM1_FLT3_IRQHandler
                0x0801e758                USART6_IRQHandler
                0x0801e758                TIM17_IRQHandler
                0x0801e758                USART3_IRQHandler
                0x0801e758                BDMA_Channel7_IRQHandler
                0x0801e758                LPTIM5_IRQHandler
                0x0801e758                UART5_IRQHandler
                0x0801e758                ADC3_IRQHandler
                0x0801e758                DMA2_Stream0_IRQHandler
                0x0801e758                TIM4_IRQHandler
                0x0801e758                BDMA_Channel2_IRQHandler
                0x0801e758                QUADSPI_IRQHandler
                0x0801e758                I2C1_EV_IRQHandler
                0x0801e758                DMA1_Stream6_IRQHandler
                0x0801e758                DMAMUX1_OVR_IRQHandler
                0x0801e758                DMA1_Stream1_IRQHandler
                0x0801e758                TIM16_IRQHandler
                0x0801e758                UART4_IRQHandler
                0x0801e758                BDMA_Channel5_IRQHandler
                0x0801e758                TIM3_IRQHandler
                0x0801e758                RCC_IRQHandler
                0x0801e758                TIM8_BRK_TIM12_IRQHandler
                0x0801e758                TIM1_TRG_COM_IRQHandler
                0x0801e758                Default_Handler
                0x0801e758                ECC_IRQHandler
                0x0801e758                CEC_IRQHandler
                0x0801e758                BDMA_Channel0_IRQHandler
                0x0801e758                ADC_IRQHandler
                0x0801e758                DMA1_Stream7_IRQHandler
                0x0801e758                HRTIM1_TIMA_IRQHandler
                0x0801e758                SPI5_IRQHandler
                0x0801e758                TIM7_IRQHandler
                0x0801e758                SDMMC1_IRQHandler
                0x0801e758                TIM5_IRQHandler
                0x0801e758                DMA2_Stream7_IRQHandler
                0x0801e758                TIM15_IRQHandler
                0x0801e758                PVD_AVD_IRQHandler
                0x0801e758                I2C3_EV_IRQHandler
                0x0801e758                RTC_WKUP_IRQHandler
                0x0801e758                LTDC_IRQHandler
                0x0801e758                SAI3_IRQHandler
                0x0801e758                ETH_WKUP_IRQHandler
                0x0801e758                SPDIF_RX_IRQHandler
                0x0801e758                SPI2_IRQHandler
                0x0801e758                OTG_HS_EP1_IN_IRQHandler
                0x0801e758                DMA1_Stream0_IRQHandler
                0x0801e758                CRS_IRQHandler
                0x0801e758                RNG_IRQHandler
                0x0801e758                HRTIM1_TIMB_IRQHandler
                0x0801e758                FDCAN2_IT1_IRQHandler
                0x0801e758                ETH_IRQHandler
                0x0801e758                TIM1_UP_IRQHandler
                0x0801e758                BDMA_Channel4_IRQHandler
                0x0801e758                OTG_HS_EP1_OUT_IRQHandler
                0x0801e758                WWDG_IRQHandler
                0x0801e758                SPI6_IRQHandler
                0x0801e758                MDIOS_IRQHandler
                0x0801e758                I2C4_EV_IRQHandler
                0x0801e758                FDCAN2_IT0_IRQHandler
                0x0801e758                LPUART1_IRQHandler
                0x0801e758                FDCAN1_IT0_IRQHandler
                0x0801e758                TIM2_IRQHandler
                0x0801e758                OTG_FS_WKUP_IRQHandler
                0x0801e758                OTG_HS_IRQHandler
                0x0801e758                DMA2D_IRQHandler
                0x0801e758                TIM1_BRK_IRQHandler
                0x0801e758                SDMMC2_IRQHandler
                0x0801e758                OTG_FS_EP1_OUT_IRQHandler
                0x0801e758                BDMA_Channel3_IRQHandler
                0x0801e758                UART7_IRQHandler
                0x0801e758                MDIOS_WKUP_IRQHandler
                0x0801e758                USART2_IRQHandler
                0x0801e758                DFSDM1_FLT0_IRQHandler
                0x0801e758                SAI4_IRQHandler
                0x0801e758                I2C2_ER_IRQHandler
                0x0801e758                DMA2_Stream1_IRQHandler
                0x0801e758                FLASH_IRQHandler
                0x0801e758                DMA2_Stream4_IRQHandler
                0x0801e758                USART1_IRQHandler
                0x0801e758                SPI3_IRQHandler
                0x0801e758                WAKEUP_PIN_IRQHandler
                0x0801e758                DMA1_Stream4_IRQHandler
                0x0801e758                OTG_FS_EP1_IN_IRQHandler
                0x0801e758                I2C1_ER_IRQHandler
                0x0801e758                FMC_IRQHandler
                0x0801e758                FDCAN_CAL_IRQHandler
                0x0801e758                SWPMI1_IRQHandler
                0x0801e758                COMP1_IRQHandler
                0x0801e758                LPTIM1_IRQHandler
                0x0801e758                I2C4_ER_IRQHandler
                0x0801e758                DMA2_Stream6_IRQHandler
                0x0801e758                SAI1_IRQHandler
                0x0801e758                DMA1_Stream3_IRQHandler
 *fill*         0x0801e75a        0x2 
 .text.__libc_init_array
                0x0801e75c       0x48 c:/program files (x86)/gnu arm embedded toolchain/10 2020-q4-major/bin/../lib/gcc/arm-none-eabi/10.2.1/../../../../arm-none-eabi/lib/thumb/v7e-m+dp/hard\libc_nano.a(lib_a-init.o)
                0x0801e75c                __libc_init_array
 .text.memcmp   0x0801e7a4       0x20 c:/program files (x86)/gnu arm embedded toolchain/10 2020-q4-major/bin/../lib/gcc/arm-none-eabi/10.2.1/../../../../arm-none-eabi/lib/thumb/v7e-m+dp/hard\libc_nano.a(lib_a-memcmp.o)
                0x0801e7a4                memcmp
 .text.memcpy   0x0801e7c4       0x1c c:/program files (x86)/gnu arm embedded toolchain/10 2020-q4-major/bin/../lib/gcc/arm-none-eabi/10.2.1/../../../../arm-none-eabi/lib/thumb/v7e-m+dp/hard\libc_nano.a(lib_a-memcpy-stub.o)
                0x0801e7c4                memcpy
 .text.memset   0x0801e7e0       0x10 c:/program files (x86)/gnu arm embedded toolchain/10 2020-q4-major/bin/../lib/gcc/arm-none-eabi/10.2.1/../../../../arm-none-eabi/lib/thumb/v7e-m+dp/hard\libc_nano.a(lib_a-memset.o)
                0x0801e7e0                memset
 .text.strchr   0x0801e7f0       0x1a c:/program files (x86)/gnu arm embedded toolchain/10 2020-q4-major/bin/../lib/gcc/arm-none-eabi/10.2.1/../../../../arm-none-eabi/lib/thumb/v7e-m+dp/hard\libc_nano.a(lib_a-strchr.o)
                0x0801e7f0                strchr
 .text.strncmp  0x0801e80a       0x28 c:/program files (x86)/gnu arm embedded toolchain/10 2020-q4-major/bin/../lib/gcc/arm-none-eabi/10.2.1/../../../../arm-none-eabi/lib/thumb/v7e-m+dp/hard\libc_nano.a(lib_a-strncmp.o)
                0x0801e80a                strncmp
 *fill*         0x0801e832        0x2 
 .text.strtok   0x0801e834       0x68 c:/program files (x86)/gnu arm embedded toolchain/10 2020-q4-major/bin/../lib/gcc/arm-none-eabi/10.2.1/../../../../arm-none-eabi/lib/thumb/v7e-m+dp/hard\libc_nano.a(lib_a-strtok.o)
                0x0801e834                strtok
 .text.__strtok_r
                0x0801e89c       0x50 c:/program files (x86)/gnu arm embedded toolchain/10 2020-q4-major/bin/../lib/gcc/arm-none-eabi/10.2.1/../../../../arm-none-eabi/lib/thumb/v7e-m+dp/hard\libc_nano.a(lib_a-strtok_r.o)
                0x0801e89c                __strtok_r
 .text._vsnprintf_r
                0x0801e8ec       0x56 c:/program files (x86)/gnu arm embedded toolchain/10 2020-q4-major/bin/../lib/gcc/arm-none-eabi/10.2.1/../../../../arm-none-eabi/lib/thumb/v7e-m+dp/hard\libc_nano.a(lib_a-vsnprintf.o)
                0x0801e8ec                _vsniprintf_r
                0x0801e8ec                _vsnprintf_r
 *fill*         0x0801e942        0x2 
 .text.vsnprintf
                0x0801e944       0x1c c:/program files (x86)/gnu arm embedded toolchain/10 2020-q4-major/bin/../lib/gcc/arm-none-eabi/10.2.1/../../../../arm-none-eabi/lib/thumb/v7e-m+dp/hard\libc_nano.a(lib_a-vsnprintf.o)
                0x0801e944                vsniprintf
                0x0801e944                vsnprintf
 .text.__assert_func
                0x0801e960       0x3c c:/program files (x86)/gnu arm embedded toolchain/10 2020-q4-major/bin/../lib/gcc/arm-none-eabi/10.2.1/../../../../arm-none-eabi/lib/thumb/v7e-m+dp/hard\libc_nano.a(lib_a-assert.o)
                0x0801e960                __assert_func
 .text.fprintf  0x0801e99c       0x24 c:/program files (x86)/gnu arm embedded toolchain/10 2020-q4-major/bin/../lib/gcc/arm-none-eabi/10.2.1/../../../../arm-none-eabi/lib/thumb/v7e-m+dp/hard\libc_nano.a(lib_a-fprintf.o)
                0x0801e99c                fiprintf
                0x0801e99c                fprintf
 .text.malloc   0x0801e9c0       0x10 c:/program files (x86)/gnu arm embedded toolchain/10 2020-q4-major/bin/../lib/gcc/arm-none-eabi/10.2.1/../../../../arm-none-eabi/lib/thumb/v7e-m+dp/hard\libc_nano.a(lib_a-malloc.o)
                0x0801e9c0                malloc
 .text._free_r  0x0801e9d0       0x98 c:/program files (x86)/gnu arm embedded toolchain/10 2020-q4-major/bin/../lib/gcc/arm-none-eabi/10.2.1/../../../../arm-none-eabi/lib/thumb/v7e-m+dp/hard\libc_nano.a(lib_a-nano-freer.o)
                0x0801e9d0                _free_r
 .text._malloc_r
                0x0801ea68       0xb4 c:/program files (x86)/gnu arm embedded toolchain/10 2020-q4-major/bin/../lib/gcc/arm-none-eabi/10.2.1/../../../../arm-none-eabi/lib/thumb/v7e-m+dp/hard\libc_nano.a(lib_a-nano-mallocr.o)
                0x0801ea68                _malloc_r
 .text.__ssputs_r
                0x0801eb1c       0xb6 c:/program files (x86)/gnu arm embedded toolchain/10 2020-q4-major/bin/../lib/gcc/arm-none-eabi/10.2.1/../../../../arm-none-eabi/lib/thumb/v7e-m+dp/hard\libc_nano.a(lib_a-nano-svfprintf.o)
                0x0801eb1c                __ssputs_r
 *fill*         0x0801ebd2        0x2 
 .text._svfprintf_r
                0x0801ebd4      0x200 c:/program files (x86)/gnu arm embedded toolchain/10 2020-q4-major/bin/../lib/gcc/arm-none-eabi/10.2.1/../../../../arm-none-eabi/lib/thumb/v7e-m+dp/hard\libc_nano.a(lib_a-nano-svfprintf.o)
                0x0801ebd4                _svfiprintf_r
                0x0801ebd4                _svfprintf_r
 .text.__sfputc_r
                0x0801edd4       0x2e c:/program files (x86)/gnu arm embedded toolchain/10 2020-q4-major/bin/../lib/gcc/arm-none-eabi/10.2.1/../../../../arm-none-eabi/lib/thumb/v7e-m+dp/hard\libc_nano.a(lib_a-nano-vfprintf.o)
 .text.__sfputs_r
                0x0801ee02       0x24 c:/program files (x86)/gnu arm embedded toolchain/10 2020-q4-major/bin/../lib/gcc/arm-none-eabi/10.2.1/../../../../arm-none-eabi/lib/thumb/v7e-m+dp/hard\libc_nano.a(lib_a-nano-vfprintf.o)
                0x0801ee02                __sfputs_r
 *fill*         0x0801ee26        0x2 
 .text._vfprintf_r
                0x0801ee28      0x260 c:/program files (x86)/gnu arm embedded toolchain/10 2020-q4-major/bin/../lib/gcc/arm-none-eabi/10.2.1/../../../../arm-none-eabi/lib/thumb/v7e-m+dp/hard\libc_nano.a(lib_a-nano-vfprintf.o)
                0x0801ee28                _vfprintf_r
                0x0801ee28                _vfiprintf_r
 .text._printf_common
                0x0801f088       0xda c:/program files (x86)/gnu arm embedded toolchain/10 2020-q4-major/bin/../lib/gcc/arm-none-eabi/10.2.1/../../../../arm-none-eabi/lib/thumb/v7e-m+dp/hard\libc_nano.a(lib_a-nano-vfprintf_i.o)
                0x0801f088                _printf_common
 *fill*         0x0801f162        0x2 
 .text._printf_i
                0x0801f164      0x24c c:/program files (x86)/gnu arm embedded toolchain/10 2020-q4-major/bin/../lib/gcc/arm-none-eabi/10.2.1/../../../../arm-none-eabi/lib/thumb/v7e-m+dp/hard\libc_nano.a(lib_a-nano-vfprintf_i.o)
                0x0801f164                _printf_i
 .text._sbrk_r  0x0801f3b0       0x20 c:/program files (x86)/gnu arm embedded toolchain/10 2020-q4-major/bin/../lib/gcc/arm-none-eabi/10.2.1/../../../../arm-none-eabi/lib/thumb/v7e-m+dp/hard\libc_nano.a(lib_a-sbrkr.o)
                0x0801f3b0                _sbrk_r
 .text.__sread  0x0801f3d0       0x22 c:/program files (x86)/gnu arm embedded toolchain/10 2020-q4-major/bin/../lib/gcc/arm-none-eabi/10.2.1/../../../../arm-none-eabi/lib/thumb/v7e-m+dp/hard\libc_nano.a(lib_a-stdio.o)
                0x0801f3d0                __sread
 .text.__swrite
                0x0801f3f2       0x38 c:/program files (x86)/gnu arm embedded toolchain/10 2020-q4-major/bin/../lib/gcc/arm-none-eabi/10.2.1/../../../../arm-none-eabi/lib/thumb/v7e-m+dp/hard\libc_nano.a(lib_a-stdio.o)
                0x0801f3f2                __swrite
 .text.__sseek  0x0801f42a       0x24 c:/program files (x86)/gnu arm embedded toolchain/10 2020-q4-major/bin/../lib/gcc/arm-none-eabi/10.2.1/../../../../arm-none-eabi/lib/thumb/v7e-m+dp/hard\libc_nano.a(lib_a-stdio.o)
                0x0801f42a                __sseek
 .text.__sclose
                0x0801f44e        0x8 c:/program files (x86)/gnu arm embedded toolchain/10 2020-q4-major/bin/../lib/gcc/arm-none-eabi/10.2.1/../../../../arm-none-eabi/lib/thumb/v7e-m+dp/hard\libc_nano.a(lib_a-stdio.o)
                0x0801f44e                __sclose
 *fill*         0x0801f456        0x2 
 .text.__swbuf_r
                0x0801f458       0xa4 c:/program files (x86)/gnu arm embedded toolchain/10 2020-q4-major/bin/../lib/gcc/arm-none-eabi/10.2.1/../../../../arm-none-eabi/lib/thumb/v7e-m+dp/hard\libc_nano.a(lib_a-wbuf.o)
                0x0801f458                __swbuf_r
 .text._write_r
                0x0801f4fc       0x24 c:/program files (x86)/gnu arm embedded toolchain/10 2020-q4-major/bin/../lib/gcc/arm-none-eabi/10.2.1/../../../../arm-none-eabi/lib/thumb/v7e-m+dp/hard\libc_nano.a(lib_a-writer.o)
                0x0801f4fc                _write_r
 .text.__swsetup_r
                0x0801f520       0xdc c:/program files (x86)/gnu arm embedded toolchain/10 2020-q4-major/bin/../lib/gcc/arm-none-eabi/10.2.1/../../../../arm-none-eabi/lib/thumb/v7e-m+dp/hard\libc_nano.a(lib_a-wsetup.o)
                0x0801f520                __swsetup_r
 .text.abort    0x0801f5fc        0xe c:/program files (x86)/gnu arm embedded toolchain/10 2020-q4-major/bin/../lib/gcc/arm-none-eabi/10.2.1/../../../../arm-none-eabi/lib/thumb/v7e-m+dp/hard\libc_nano.a(lib_a-abort.o)
                0x0801f5fc                abort
 *fill*         0x0801f60a        0x2 
 .text._close_r
                0x0801f60c       0x20 c:/program files (x86)/gnu arm embedded toolchain/10 2020-q4-major/bin/../lib/gcc/arm-none-eabi/10.2.1/../../../../arm-none-eabi/lib/thumb/v7e-m+dp/hard\libc_nano.a(lib_a-closer.o)
                0x0801f60c                _close_r
 .text.__sflush_r
                0x0801f62c      0x10c c:/program files (x86)/gnu arm embedded toolchain/10 2020-q4-major/bin/../lib/gcc/arm-none-eabi/10.2.1/../../../../arm-none-eabi/lib/thumb/v7e-m+dp/hard\libc_nano.a(lib_a-fflush.o)
                0x0801f62c                __sflush_r
 .text._fflush_r
                0x0801f738       0x78 c:/program files (x86)/gnu arm embedded toolchain/10 2020-q4-major/bin/../lib/gcc/arm-none-eabi/10.2.1/../../../../arm-none-eabi/lib/thumb/v7e-m+dp/hard\libc_nano.a(lib_a-fflush.o)
                0x0801f738                _fflush_r
 .text.std      0x0801f7b0       0x48 c:/program files (x86)/gnu arm embedded toolchain/10 2020-q4-major/bin/../lib/gcc/arm-none-eabi/10.2.1/../../../../arm-none-eabi/lib/thumb/v7e-m+dp/hard\libc_nano.a(lib_a-findfp.o)
 .text._cleanup_r
                0x0801f7f8        0xc c:/program files (x86)/gnu arm embedded toolchain/10 2020-q4-major/bin/../lib/gcc/arm-none-eabi/10.2.1/../../../../arm-none-eabi/lib/thumb/v7e-m+dp/hard\libc_nano.a(lib_a-findfp.o)
                0x0801f7f8                _cleanup_r
 .text.__sfmoreglue
                0x0801f804       0x2c c:/program files (x86)/gnu arm embedded toolchain/10 2020-q4-major/bin/../lib/gcc/arm-none-eabi/10.2.1/../../../../arm-none-eabi/lib/thumb/v7e-m+dp/hard\libc_nano.a(lib_a-findfp.o)
                0x0801f804                __sfmoreglue
 .text.__sfp_lock_acquire
                0x0801f830        0xc c:/program files (x86)/gnu arm embedded toolchain/10 2020-q4-major/bin/../lib/gcc/arm-none-eabi/10.2.1/../../../../arm-none-eabi/lib/thumb/v7e-m+dp/hard\libc_nano.a(lib_a-findfp.o)
                0x0801f830                __sfp_lock_acquire
 .text.__sfp_lock_release
                0x0801f83c        0xc c:/program files (x86)/gnu arm embedded toolchain/10 2020-q4-major/bin/../lib/gcc/arm-none-eabi/10.2.1/../../../../arm-none-eabi/lib/thumb/v7e-m+dp/hard\libc_nano.a(lib_a-findfp.o)
                0x0801f83c                __sfp_lock_release
 .text.__sinit_lock_acquire
                0x0801f848        0xc c:/program files (x86)/gnu arm embedded toolchain/10 2020-q4-major/bin/../lib/gcc/arm-none-eabi/10.2.1/../../../../arm-none-eabi/lib/thumb/v7e-m+dp/hard\libc_nano.a(lib_a-findfp.o)
                0x0801f848                __sinit_lock_acquire
 .text.__sinit_lock_release
                0x0801f854        0xc c:/program files (x86)/gnu arm embedded toolchain/10 2020-q4-major/bin/../lib/gcc/arm-none-eabi/10.2.1/../../../../arm-none-eabi/lib/thumb/v7e-m+dp/hard\libc_nano.a(lib_a-findfp.o)
                0x0801f854                __sinit_lock_release
 .text.__sinit  0x0801f860       0x70 c:/program files (x86)/gnu arm embedded toolchain/10 2020-q4-major/bin/../lib/gcc/arm-none-eabi/10.2.1/../../../../arm-none-eabi/lib/thumb/v7e-m+dp/hard\libc_nano.a(lib_a-findfp.o)
                0x0801f860                __sinit
 .text.__sfp    0x0801f8d0       0x8c c:/program files (x86)/gnu arm embedded toolchain/10 2020-q4-major/bin/../lib/gcc/arm-none-eabi/10.2.1/../../../../arm-none-eabi/lib/thumb/v7e-m+dp/hard\libc_nano.a(lib_a-findfp.o)
                0x0801f8d0                __sfp
 .text._fwalk_reent
                0x0801f95c       0x3e c:/program files (x86)/gnu arm embedded toolchain/10 2020-q4-major/bin/../lib/gcc/arm-none-eabi/10.2.1/../../../../arm-none-eabi/lib/thumb/v7e-m+dp/hard\libc_nano.a(lib_a-fwalk.o)
                0x0801f95c                _fwalk_reent
 .text.__retarget_lock_init_recursive
                0x0801f99a        0x2 c:/program files (x86)/gnu arm embedded toolchain/10 2020-q4-major/bin/../lib/gcc/arm-none-eabi/10.2.1/../../../../arm-none-eabi/lib/thumb/v7e-m+dp/hard\libc_nano.a(lib_a-lock.o)
                0x0801f99a                __retarget_lock_init_recursive
 .text.__retarget_lock_acquire_recursive
                0x0801f99c        0x2 c:/program files (x86)/gnu arm embedded toolchain/10 2020-q4-major/bin/../lib/gcc/arm-none-eabi/10.2.1/../../../../arm-none-eabi/lib/thumb/v7e-m+dp/hard\libc_nano.a(lib_a-lock.o)
                0x0801f99c                __retarget_lock_acquire_recursive
 .text.__retarget_lock_release_recursive
                0x0801f99e        0x2 c:/program files (x86)/gnu arm embedded toolchain/10 2020-q4-major/bin/../lib/gcc/arm-none-eabi/10.2.1/../../../../arm-none-eabi/lib/thumb/v7e-m+dp/hard\libc_nano.a(lib_a-lock.o)
                0x0801f99e                __retarget_lock_release_recursive
 .text._lseek_r
                0x0801f9a0       0x24 c:/program files (x86)/gnu arm embedded toolchain/10 2020-q4-major/bin/../lib/gcc/arm-none-eabi/10.2.1/../../../../arm-none-eabi/lib/thumb/v7e-m+dp/hard\libc_nano.a(lib_a-lseekr.o)
                0x0801f9a0                _lseek_r
 .text.__swhatbuf_r
                0x0801f9c4       0x4a c:/program files (x86)/gnu arm embedded toolchain/10 2020-q4-major/bin/../lib/gcc/arm-none-eabi/10.2.1/../../../../arm-none-eabi/lib/thumb/v7e-m+dp/hard\libc_nano.a(lib_a-makebuf.o)
                0x0801f9c4                __swhatbuf_r
 *fill*         0x0801fa0e        0x2 
 .text.__smakebuf_r