Archive member included to satisfy reference by file (symbol)

/usr/local/arm-none-eabi-gcc/gcc-arm-none-eabi-10-2020-q4-major/bin/../lib/gcc/arm-none-eabi/10.2.1/../../../../arm-none-eabi/lib/thumb/v7e-m+dp/hard/libc_nano.a(lib_a-ctype_.o)
                              build/DiskIO.o (_ctype_)
/usr/local/arm-none-eabi-gcc/gcc-arm-none-eabi-10-2020-q4-major/bin/../lib/gcc/arm-none-eabi/10.2.1/../../../../arm-none-eabi/lib/thumb/v7e-m+dp/hard/libc_nano.a(lib_a-exit.o)
                              /usr/local/arm-none-eabi-gcc/gcc-arm-none-eabi-10-2020-q4-major/bin/../lib/gcc/arm-none-eabi/10.2.1/../../../../arm-none-eabi/lib/thumb/v7e-m+dp/hard/crt0.o (exit)
/usr/local/arm-none-eabi-gcc/gcc-arm-none-eabi-10-2020-q4-major/bin/../lib/gcc/arm-none-eabi/10.2.1/../../../../arm-none-eabi/lib/thumb/v7e-m+dp/hard/libc_nano.a(lib_a-impure.o)
                              /usr/local/arm-none-eabi-gcc/gcc-arm-none-eabi-10-2020-q4-major/bin/../lib/gcc/arm-none-eabi/10.2.1/../../../../arm-none-eabi/lib/thumb/v7e-m+dp/hard/libc_nano.a(lib_a-exit.o) (_global_impure_ptr)
/usr/local/arm-none-eabi-gcc/gcc-arm-none-eabi-10-2020-q4-major/bin/../lib/gcc/arm-none-eabi/10.2.1/../../../../arm-none-eabi/lib/thumb/v7e-m+dp/hard/libc_nano.a(lib_a-init.o)
                              /usr/local/arm-none-eabi-gcc/gcc-arm-none-eabi-10-2020-q4-major/bin/../lib/gcc/arm-none-eabi/10.2.1/../../../../arm-none-eabi/lib/thumb/v7e-m+dp/hard/crt0.o (__libc_init_array)
/usr/local/arm-none-eabi-gcc/gcc-arm-none-eabi-10-2020-q4-major/bin/../lib/gcc/arm-none-eabi/10.2.1/../../../../arm-none-eabi/lib/thumb/v7e-m+dp/hard/libc_nano.a(lib_a-memcmp.o)
                              build/DiskIO.o (memcmp)
/usr/local/arm-none-eabi-gcc/gcc-arm-none-eabi-10-2020-q4-major/bin/../lib/gcc/arm-none-eabi/10.2.1/../../../../arm-none-eabi/lib/thumb/v7e-m+dp/hard/libc_nano.a(lib_a-memcpy-stub.o)
                              build/Bsp_SPI.o (memcpy)
/usr/local/arm-none-eabi-gcc/gcc-arm-none-eabi-10-2020-q4-major/bin/../lib/gcc/arm-none-eabi/10.2.1/../../../../arm-none-eabi/lib/thumb/v7e-m+dp/hard/libc_nano.a(lib_a-memset.o)
                              /usr/local/arm-none-eabi-gcc/gcc-arm-none-eabi-10-2020-q4-major/bin/../lib/gcc/arm-none-eabi/10.2.1/../../../../arm-none-eabi/lib/thumb/v7e-m+dp/hard/crt0.o (memset)
/usr/local/arm-none-eabi-gcc/gcc-arm-none-eabi-10-2020-q4-major/bin/../lib/gcc/arm-none-eabi/10.2.1/../../../../arm-none-eabi/lib/thumb/v7e-m+dp/hard/libc_nano.a(lib_a-strchr.o)
                              build/DiskIO.o (strchr)
/usr/local/arm-none-eabi-gcc/gcc-arm-none-eabi-10-2020-q4-major/bin/../lib/gcc/arm-none-eabi/10.2.1/../../../../arm-none-eabi/lib/thumb/v7e-m+dp/hard/libc_nano.a(lib_a-strcmp.o)
                              build/shell.o (strcmp)
/usr/local/arm-none-eabi-gcc/gcc-arm-none-eabi-10-2020-q4-major/bin/../lib/gcc/arm-none-eabi/10.2.1/../../../../arm-none-eabi/lib/thumb/v7e-m+dp/hard/libc_nano.a(lib_a-strlen.o)
                              build/error_log.o (strlen)
/usr/local/arm-none-eabi-gcc/gcc-arm-none-eabi-10-2020-q4-major/bin/../lib/gcc/arm-none-eabi/10.2.1/../../../../arm-none-eabi/lib/thumb/v7e-m+dp/hard/libc_nano.a(lib_a-strncmp.o)
                              build/shell.o (strncmp)
/usr/local/arm-none-eabi-gcc/gcc-arm-none-eabi-10-2020-q4-major/bin/../lib/gcc/arm-none-eabi/10.2.1/../../../../arm-none-eabi/lib/thumb/v7e-m+dp/hard/libc_nano.a(lib_a-strtok.o)
                              build/DiskIO.o (strtok)
/usr/local/arm-none-eabi-gcc/gcc-arm-none-eabi-10-2020-q4-major/bin/../lib/gcc/arm-none-eabi/10.2.1/../../../../arm-none-eabi/lib/thumb/v7e-m+dp/hard/libc_nano.a(lib_a-strtok_r.o)
                              /usr/local/arm-none-eabi-gcc/gcc-arm-none-eabi-10-2020-q4-major/bin/../lib/gcc/arm-none-eabi/10.2.1/../../../../arm-none-eabi/lib/thumb/v7e-m+dp/hard/libc_nano.a(lib_a-strtok.o) (__strtok_r)
/usr/local/arm-none-eabi-gcc/gcc-arm-none-eabi-10-2020-q4-major/bin/../lib/gcc/arm-none-eabi/10.2.1/../../../../arm-none-eabi/lib/thumb/v7e-m+dp/hard/libc_nano.a(lib_a-vsnprintf.o)
                              build/error_log.o (vsnprintf)
/usr/local/arm-none-eabi-gcc/gcc-arm-none-eabi-10-2020-q4-major/bin/../lib/gcc/arm-none-eabi/10.2.1/../../../../arm-none-eabi/lib/thumb/v7e-m+dp/hard/libc_nano.a(lib_a-vsscanf.o)
                              build/shell.o (vsscanf)
/usr/local/arm-none-eabi-gcc/gcc-arm-none-eabi-10-2020-q4-major/bin/../lib/gcc/arm-none-eabi/10.2.1/../../../../arm-none-eabi/lib/thumb/v7e-m+dp/hard/libc_nano.a(lib_a-assert.o)
                              /usr/local/arm-none-eabi-gcc/gcc-arm-none-eabi-10-2020-q4-major/bin/../lib/gcc/arm-none-eabi/10.2.1/../../../../arm-none-eabi/lib/thumb/v7e-m+dp/hard/libc_nano.a(lib_a-strtok.o) (__assert_func)
/usr/local/arm-none-eabi-gcc/gcc-arm-none-eabi-10-2020-q4-major/bin/../lib/gcc/arm-none-eabi/10.2.1/../../../../arm-none-eabi/lib/thumb/v7e-m+dp/hard/libc_nano.a(lib_a-fprintf.o)
[...]
Memory Configuration

Name             Origin             Length             Attributes
DTCMRAM          0x0000000020000000 0x0000000000020000 xrw
RAM_D1           0x0000000024000000 0x0000000000080000 xrw
RAM_D2           0x0000000030000000 0x0000000000048000 xrw
RAM_D3           0x0000000038000000 0x0000000000010000 xrw
ITCMRAM          0x0000000000000000 0x0000000000010000 xrw
FLASH            0x0000000008000000 0x0000000000200000 xr
*default*        0x0000000000000000 0xffffffffffffffff

Linker script and memory map

LOAD /usr/local/arm-none-eabi-gcc/gcc-arm-none-eabi-10-2020-q4-major/bin/../lib/gcc/arm-none-eabi/10.2.1/thumb/v7e-m+dp/hard/crti.o
LOAD /usr/local/arm-none-eabi-gcc/gcc-arm-none-eabi-10-2020-q4-major/bin/../lib/gcc/arm-none-eabi/10.2.1/thumb/v7e-m+dp/hard/crtbegin.o
LOAD /usr/local/arm-none-eabi-gcc/gcc-arm-none-eabi-10-2020-q4-major/bin/../lib/gcc/arm-none-eabi/10.2.1/../../../../arm-none-eabi/lib/thumb/v7e-m+dp/hard/crt0.o
LOAD build/main.o
LOAD build/debug_util.o
LOAD build/Task_Protocol.o
LOAD build/Task_Manager.o
LOAD build/Task_SensorInertial.o
LOAD build/IO_Definition.o
LOAD build/Bsp_GPIO.o
LOAD build/Bsp_SPI.o
LOAD build/Bsp_SDMMC.o
LOAD build/Dev_MPU6000.o
LOAD build/Dev_ICM20602.o
LOAD build/Dev_Led.o
LOAD build/Dev_W25Qxx.o
LOAD build/Dev_Card.o
LOAD build/SrvMPU_Sample.o
LOAD build/Data_Convert_Util.o
LOAD build/queue.o
LOAD build/linked_list.o
LOAD build/binary_tree.o
LOAD build/reboot.o
LOAD build/error_log.o
LOAD build/mmu.o
LOAD build/scheduler.o
LOAD build/kernel.o
LOAD build/runtime.o
LOAD build/DiskIO.o
LOAD build/shell_cmd_list.o
LOAD build/shell_companion.o
LOAD build/shell_ext.o
LOAD build/shell_port.o
LOAD build/shell.o
LOAD build/usb_device.o
LOAD build/usbd_desc.o
LOAD build/usbd_cdc_if.o
LOAD build/usbd_conf.o
LOAD build/usbd_core.o
LOAD build/usbd_ctlreq.o
LOAD build/usbd_ioreq.o
LOAD build/usbd_cdc.o
LOAD build/stm32h7xx_it.o
LOAD build/system_stm32h7xx.o
LOAD build/stm32h7xx_hal.o
LOAD build/stm32h7xx_hal_cortex.o
LOAD build/stm32h7xx_hal_rcc.o
LOAD build/stm32h7xx_hal_tim.o
LOAD build/stm32h7xx_hal_tim_ex.o
LOAD build/stm32h7xx_hal_rcc_ex.o
LOAD build/stm32h7xx_hal_flash.o
LOAD build/stm32h7xx_hal_flash_ex.o
LOAD build/stm32h7xx_hal_gpio.o
LOAD build/stm32h7xx_hal_hsem.o
LOAD build/stm32h7xx_hal_dma.o
LOAD build/stm32h7xx_hal_dma_ex.o
LOAD build/stm32h7xx_hal_mdma.o
LOAD build/stm32h7xx_hal_pwr.o
LOAD build/stm32h7xx_hal_pwr_ex.o
LOAD build/stm32h7xx_hal_i2c.o
LOAD build/stm32h7xx_hal_i2c_ex.o
LOAD build/stm32h7xx_hal_exti.o
LOAD build/stm32h7xx_hal_spi.o
LOAD build/stm32h7xx_hal_pcd.o
LOAD build/stm32h7xx_hal_pcd_ex.o
LOAD build/stm32h7xx_hal_sd.o
LOAD build/stm32h7xx_ll_sdmmc.o
LOAD build/stm32h7xx_ll_usb.o
LOAD build/startup_stm32h743xx.o
LOAD /usr/local/arm-none-eabi-gcc/gcc-arm-none-eabi-10-2020-q4-major/bin/../lib/gcc/arm-none-eabi/10.2.1/../../../../arm-none-eabi/lib/thumb/v7e-m+dp/hard/libc_nano.a
LOAD /usr/local/arm-none-eabi-gcc/gcc-arm-none-eabi-10-2020-q4-major/bin/../lib/gcc/arm-none-eabi/10.2.1/../../../../arm-none-eabi/lib/thumb/v7e-m+dp/hard/libm.a
LOAD /usr/local/arm-none-eabi-gcc/gcc-arm-none-eabi-10-2020-q4-major/bin/../lib/gcc/arm-none-eabi/10.2.1/../../../../arm-none-eabi/lib/thumb/v7e-m+dp/hard/libnosys.a
START GROUP
LOAD /usr/local/arm-none-eabi-gcc/gcc-arm-none-eabi-10-2020-q4-major/bin/../lib/gcc/arm-none-eabi/10.2.1/thumb/v7e-m+dp/hard/libgcc.a
LOAD /usr/local/arm-none-eabi-gcc/gcc-arm-none-eabi-10-2020-q4-major/bin/../lib/gcc/arm-none-eabi/10.2.1/../../../../arm-none-eabi/lib/thumb/v7e-m+dp/hard/libc_nano.a
END GROUP
START GROUP
LOAD /usr/local/arm-none-eabi-gcc/gcc-arm-none-eabi-10-2020-q4-major/bin/../lib/gcc/arm-none-eabi/10.2.1/thumb/v7e-m+dp/hard/libgcc.a
LOAD /usr/local/arm-none-eabi-gcc/gcc-arm-none-eabi-10-2020-q4-major/bin/../lib/gcc/arm-none-eabi/10.2.1/../../../../arm-none-eabi/lib/thumb/v7e-m+dp/hard/libc_nano.a
END GROUP
LOAD /usr/local/arm-none-eabi-gcc/gcc-arm-none-eabi-10-2020-q4-major/bin/../lib/gcc/arm-none-eabi/10.2.1/thumb/v7e-m+dp/hard/crtend.o
LOAD /usr/local/arm-none-eabi-gcc/gcc-arm-none-eabi-10-2020-q4-major/bin/../lib/gcc/arm-none-eabi/10.2.1/thumb/v7e-m+dp/hard/crtn.o
                0x0000000020020000                _estack = 0x20020000
                0x0000000000001000                _Min_Heap_Size = 0x1000
                0x0000000000000800                _Min_Stack_Size = 0x800

.isr_vector     0x0000000008000000      0x298
                0x0000000008000000                . = ALIGN (0x4)
 *(.isr_vector)
 .isr_vector    0x0000000008000000      0x298 build/startup_stm32h743xx.o
                0x0000000008000000                g_pfnVectors
                0x0000000008000298                . = ALIGN (0x4)

.MMU_Section    0x0000000024000000    0x10000 load address 0x0000000008000298
                0x0000000024000000                . = ALIGN (0x4)
                0x0000000024000000                MMU_s = .
 *(.MMU_Section)
 .MMU_Section   0x0000000024000000    0x10000 build/mmu.o
                0x0000000024000000                Mem_Buff
 *(.MMU_Section*)
                0x0000000024010000                . = ALIGN (0x4)
                0x0000000024010000                MMU_e = .

.text           0x00000000080102a0     0xf9f8
                0x00000000080102a0                . = ALIGN (0x4)
 *(.text)
 .text          0x00000000080102a0       0x40 /usr/local/arm-none-eabi-gcc/gcc-arm-none-eabi-10-2020-q4-major/bin/../lib/gcc/arm-none-eabi/10.2.1/thumb/v7e-m+dp/hard/crtbegin.o
 .text          0x00000000080102e0       0x14 /usr/local/arm-none-eabi-gcc/gcc-arm-none-eabi-10-2020-q4-major/bin/../lib/gcc/arm-none-eabi/10.2.1/../../../../arm-none-eabi/lib/thumb/v7e-m+dp/hard/libc_nano.a(lib_a-strcmp.o)
                0x00000000080102e0                strcmp
 .text          0x00000000080102f4       0x10 /usr/local/arm-none-eabi-gcc/gcc-arm-none-eabi-10-2020-q4-major/bin/../lib/gcc/arm-none-eabi/10.2.1/../../../../arm-none-eabi/lib/thumb/v7e-m+dp/hard/libc_nano.a(lib_a-strlen.o)
                0x00000000080102f4                strlen
 *fill*         0x0000000008010304        0xc 
 .text          0x0000000008010310       0xa0 /usr/local/arm-none-eabi-gcc/gcc-arm-none-eabi-10-2020-q4-major/bin/../lib/gcc/arm-none-eabi/10.2.1/../../../../arm-none-eabi/lib/thumb/v7e-m+dp/hard/libc_nano.a(lib_a-memchr.o)
                0x0000000008010310                memchr
 .text          0x00000000080103b0      0x21c /usr/local/arm-none-eabi-gcc/gcc-arm-none-eabi-10-2020-q4-major/bin/../lib/gcc/arm-none-eabi/10.2.1/thumb/v7e-m+dp/hard/libgcc.a(_arm_addsubsf3.o)
                0x00000000080103b0                __aeabi_frsub
                0x00000000080103b8                __aeabi_fsub
                0x00000000080103b8                __subsf3
                0x00000000080103bc                __aeabi_fadd
                0x00000000080103bc                __addsf3
                0x000000000801051c                __aeabi_ui2f
                0x000000000801051c                __floatunsisf
                0x0000000008010524                __floatsisf
                0x0000000008010524                __aeabi_i2f
                0x0000000008010540                __aeabi_ul2f
                0x0000000008010540                __floatundisf
                0x0000000008010550                __aeabi_l2f
                0x0000000008010550                __floatdisf
 .text          0x00000000080105cc       0x30 /usr/local/arm-none-eabi-gcc/gcc-arm-none-eabi-10-2020-q4-major/bin/../lib/gcc/arm-none-eabi/10.2.1/thumb/v7e-m+dp/hard/libgcc.a(_aeabi_uldivmod.o)
                0x00000000080105cc                __aeabi_uldivmod
 .text          0x00000000080105fc      0x2d0 /usr/local/arm-none-eabi-gcc/gcc-arm-none-eabi-10-2020-q4-major/bin/../lib/gcc/arm-none-eabi/10.2.1/thumb/v7e-m+dp/hard/libgcc.a(_udivmoddi4.o)
                0x00000000080105fc                __udivmoddi4
 .text          0x00000000080108cc        0x4 /usr/local/arm-none-eabi-gcc/gcc-arm-none-eabi-10-2020-q4-major/bin/../lib/gcc/arm-none-eabi/10.2.1/thumb/v7e-m+dp/hard/libgcc.a(_dvmd_tls.o)
                0x00000000080108cc                __aeabi_ldiv0
                0x00000000080108cc                __aeabi_idiv0
 *(.text*)
 .text.main     0x00000000080108d0       0x18 build/main.o
                0x00000000080108d0                main
 .text.DebugPin_Init
                0x00000000080108e8       0x28 build/debug_util.o
 .text.DebugPin_Ctl
                0x0000000008010910       0x28 build/debug_util.o
 .text.assert   0x0000000008010938        0x6 build/debug_util.o
                0x0000000008010938                assert
 *fill*         0x000000000801093e        0x2 
 .text.TaskProto_PushProtocolQueue
                0x0000000008010940       0x9c build/Task_Protocol.o
                0x0000000008010940                TaskProto_PushProtocolQueue
 .text.TaskProtocol_Rec
                0x00000000080109dc        0xc build/Task_Protocol.o
 .text.TaskProtocol_TransBuff
                0x00000000080109e8       0x10 build/Task_Protocol.o
 .text.shell_test
                0x00000000080109f8       0x10 build/Task_Protocol.o
 .text.TaskProtocol_Init
                0x0000000008010a08       0x6c build/Task_Protocol.o
                0x0000000008010a08                TaskProtocol_Init
 .text.TaskProtocol_Core
                0x0000000008010a74       0xd0 build/Task_Protocol.o
                0x0000000008010a74                TaskProtocol_Core
 .text.Test2    0x0000000008010b44       0x78 build/Task_Manager.o
                0x0000000008010b44                Test2
 .text.Task_Manager_Init
                0x0000000008010bbc       0xcc build/Task_Manager.o
                0x0000000008010bbc                Task_Manager_Init
 .text.Task_Manager_CreateTask
                0x0000000008010c88       0x80 build/Task_Manager.o
                0x0000000008010c88                Task_Manager_CreateTask
 .text.TaskInertial_Init
                0x0000000008010d08       0x20 build/Task_SensorInertial.o
                0x0000000008010d08                TaskInertial_Init
 .text.TaskInertical_Core
                0x0000000008010d28       0x44 build/Task_SensorInertial.o
                0x0000000008010d28                TaskInertical_Core
 .text.BspGPIO_GetEXTI_Index
                0x0000000008010d6c       0x16 build/Bsp_GPIO.o
 *fill*         0x0000000008010d82        0x2 
 .text.BspGPIO_CLK_Enable
                0x0000000008010d84      0x1c4 build/Bsp_GPIO.o
 .text.BspGPIO_ResetExtiCallback
                0x0000000008010f48       0x24 build/Bsp_GPIO.o
 .text.BspGPIO_Write
                0x0000000008010f6c        0x8 build/Bsp_GPIO.o
 .text.BspGPIO_Input_Init
                0x0000000008010f74       0x2e build/Bsp_GPIO.o
 .text.BspGPIO_Output_Init
                0x0000000008010fa2       0x3e build/Bsp_GPIO.o
 .text.BspGPIO_GetExti_IRQnID
                0x0000000008010fe0       0xcc build/Bsp_GPIO.o
 .text.BspGPIO_ExtiSetMode
                0x00000000080110ac       0x8e build/Bsp_GPIO.o
 *fill*         0x000000000801113a        0x2 
 .text.BspGPIO_ExtiInit
                0x000000000801113c       0x74 build/Bsp_GPIO.o
 .text.BspGPIO_Read
                0x00000000080111b0       0x1e build/Bsp_GPIO.o
 *fill*         0x00000000080111ce        0x2 
 .text.HAL_GPIO_EXTI_Callback
                0x00000000080111d0       0x18 build/Bsp_GPIO.o
                0x00000000080111d0                HAL_GPIO_EXTI_Callback
 .text.BspSPI_PinCLK_Enable
                0x00000000080111e8      0x198 build/Bsp_SPI.o
 .text.BspSPI_Set_CLKSpeed
                0x0000000008011380        0xc build/Bsp_SPI.o
 .text.BspSPI_TransReceive
                0x000000000801138c       0x1a build/Bsp_SPI.o
 .text.BspSPI_Receive
                0x00000000080113a6       0x10 build/Bsp_SPI.o
 .text.BspSPI_Trans
                0x00000000080113b6       0x10 build/Bsp_SPI.o
 *fill*         0x00000000080113c6        0x2 
 .text.BspSPI_DeInit
                0x00000000080113c8       0xd4 build/Bsp_SPI.o
 .text.BspSPI_PinInit
                0x000000000801149c       0x68 build/Bsp_SPI.o
 .text.BspSPI_NormalMode_Init
                0x0000000008011504      0x178 build/Bsp_SPI.o
 .text.BspSDMMC_PinCLK_Enable
                0x000000000801167c      0x198 build/Bsp_SDMMC.o
 .text.BspSDMMC_GetInfo
                0x0000000008011814       0x2a build/Bsp_SDMMC.o
 .text.BspSDMMC_GetStatus
                0x000000000801183e       0x18 build/Bsp_SDMMC.o
 .text.BspSDMMC_Erase
                0x0000000008011856       0x12 build/Bsp_SDMMC.o
 .text.BspSDMMC_Write
                0x0000000008011868       0x1c build/Bsp_SDMMC.o
 .text.BspSDMMC_Read
                0x0000000008011884       0x1c build/Bsp_SDMMC.o
 .text.BspSDMMC_PortCLK_Init
                0x00000000080118a0       0x5c build/Bsp_SDMMC.o
 .text.BspSDMMC_Pin_Init
                0x00000000080118fc       0xa8 build/Bsp_SDMMC.o
 .text.BspSDMMC_Init
                0x00000000080119a4       0x62 build/Bsp_SDMMC.o
 .text.Dev_MPU6000_Regs_Read
                0x0000000008011a06       0x5a build/Dev_MPU6000.o
 .text.DevMPU6000_Reg_Read
                0x0000000008011a60       0x54 build/Dev_MPU6000.o
 .text.DevMPU6000_Reg_Write
                0x0000000008011ab4       0x4c build/Dev_MPU6000.o
 .text.DevMPU6000_Config
                0x0000000008011b00       0xb4 build/Dev_MPU6000.o
 .text.DevMPU6000_PreInit
                0x0000000008011bb4        0xc build/Dev_MPU6000.o
 .text.DevMPU6000_Init
                0x0000000008011bc0      0x17e build/Dev_MPU6000.o
 .text.DevMPU6000_Get_InitError
                0x0000000008011d3e        0x6 build/Dev_MPU6000.o
 .text.DevMPU6000_SetDRDY
                0x0000000008011d44        0x6 build/Dev_MPU6000.o
 .text.DevMPU6000_GetReady
                0x0000000008011d4a        0x4 build/Dev_MPU6000.o
 .text.DevMPU6000_SwReset
                0x0000000008011d4e        0x4 build/Dev_MPU6000.o
 .text.DevMPU6000_Sample
                0x0000000008011d52       0xe2 build/Dev_MPU6000.o
 .text.DevMPU6000_Get_Data
                0x0000000008011e34       0x42 build/Dev_MPU6000.o
                0x0000000008011e34                DevMPU6000_Get_Data
 .text.DevICM20602_Reg_Read
                0x0000000008011e76       0x54 build/Dev_ICM20602.o
 .text.DevICM20602_Reg_Write
                0x0000000008011eca       0x4c build/Dev_ICM20602.o
 *fill*         0x0000000008011f16        0x2 
 .text.DevICM20602_Config
                0x0000000008011f18       0x84 build/Dev_ICM20602.o
 .text.DevICM20602_PreInit
                0x0000000008011f9c        0xc build/Dev_ICM20602.o
 .text.DevICM20602_SetDRDY
                0x0000000008011fa8        0x6 build/Dev_ICM20602.o
 .text.DevICM20602_SwReset
                0x0000000008011fae       0x1a build/Dev_ICM20602.o
 .text.DevICM20602_Init
                0x0000000008011fc8      0x184 build/Dev_ICM20602.o
 .text.DevICM20602_GetReady
                0x000000000801214c        0x4 build/Dev_ICM20602.o
 .text.DevICM20602_Sample
                0x0000000008012150        0xa build/Dev_ICM20602.o
 .text.DevICM20602_Get_Data
                0x000000000801215a       0x70 build/Dev_ICM20602.o
 .text.DevICM20602_Get_InitError
                0x00000000080121ca        0x4 build/Dev_ICM20602.o
 *fill*         0x00000000080121ce        0x2 
 .text.DevLed_Init
                0x00000000080121d0       0x28 build/Dev_Led.o
 .text.DevLed_Ctl
                0x00000000080121f8       0x28 build/Dev_Led.o
 .text.DevCard_Init
                0x0000000008012220       0xa0 build/Dev_Card.o
 .text.DevCard_GetError
                0x00000000080122c0        0xc build/Dev_Card.o
 .text.DevCard_GetInfo
                0x00000000080122cc       0x50 build/Dev_Card.o
 .text.DevCard_Write
                0x000000000801231c       0x5c build/Dev_Card.o
 .text.DevCard_Read
                0x0000000008012378       0x48 build/Dev_Card.o
 .text.SrvIMU_PriIMU_Init
                0x00000000080123c0       0xe8 build/SrvMPU_Sample.o
 .text.SrvIMU_SecIMU_Init
                0x00000000080124a8       0xe8 build/SrvMPU_Sample.o
 .text.SrvIMU_PriIMU_CS_Ctl
                0x0000000008012590       0x1c build/SrvMPU_Sample.o
 .text.SrvIMU_SecIMU_CS_Ctl
                0x00000000080125ac       0x1c build/SrvMPU_Sample.o
 .text.SrvIMU_PriIMU_BusTrans_Rec
                0x00000000080125c8       0x24 build/SrvMPU_Sample.o
 .text.SrvIMU_SecIMU_BusTrans_Rec
                0x00000000080125ec       0x24 build/SrvMPU_Sample.o
 .text.SrvIMU_ErrorProc
                0x0000000008012610       0x18 build/SrvMPU_Sample.o
 .text.SrvIMU_PriIMU_ExtiCallback
                0x0000000008012628       0x24 build/SrvMPU_Sample.o
 .text.SrvIMU_SecIMU_ExtiCallback
                0x000000000801264c       0x24 build/SrvMPU_Sample.o
 .text.SrvIMU_PriDev_InitError
                0x0000000008012670        0x8 build/SrvMPU_Sample.o
 .text.SrvIMU_SecDev_InitError
                0x0000000008012678        0x8 build/SrvMPU_Sample.o
 .text.SrvIMU_AllModule_InitError
                0x0000000008012680        0x8 build/SrvMPU_Sample.o
 .text.SrvIMU_Get_Data
                0x0000000008012688       0xd8 build/SrvMPU_Sample.o
 .text.SrvIMU_Init
                0x0000000008012760      0x114 build/SrvMPU_Sample.o
 .text.SrvIMU_Sample
                0x0000000008012874      0x16c build/SrvMPU_Sample.o
 .text.LEndian2Word
                0x00000000080129e0       0x16 build/Data_Convert_Util.o
                0x00000000080129e0                LEndian2Word
 .text.LEndian2HalfWord
                0x00000000080129f6        0xa build/Data_Convert_Util.o
                0x00000000080129f6                LEndian2HalfWord
 .text.LEndianWord2BytesArray
                0x0000000008012a00       0x1e build/Data_Convert_Util.o
                0x0000000008012a00                LEndianWord2BytesArray
 .text.Queue_UpdateState
                0x0000000008012a1e       0x38 build/queue.o
 .text.Queue_Push
                0x0000000008012a56       0x6e build/queue.o
 .text.Queue_Pop
                0x0000000008012ac4       0x78 build/queue.o
 .text.Queue_Check
                0x0000000008012b3c       0x48 build/queue.o
 .text.Queue_GetState
                0x0000000008012b84        0xe build/queue.o
 .text.Queue_GetSize
                0x0000000008012b92        0xe build/queue.o
 .text.Queue_Reset
                0x0000000008012ba0       0x3a build/queue.o
 .text.Queue_Create
                0x0000000008012bda       0x4c build/queue.o
 .text.Item_SwapLRData
                0x0000000008012c26        0xa build/linked_list.o
 .text.List_Init
                0x0000000008012c30       0x1c build/linked_list.o
                0x0000000008012c30                List_Init
 .text.List_ItemClear
                0x0000000008012c4c       0x14 build/linked_list.o
                0x0000000008012c4c                List_ItemClear
 .text.List_ItemInit
                0x0000000008012c60       0x10 build/linked_list.o
                0x0000000008012c60                List_ItemInit
 .text.List_InsertToPrv
                0x0000000008012c70       0x14 build/linked_list.o
                0x0000000008012c70                List_InsertToPrv
 .text.List_InsertByOrder
                0x0000000008012c84       0x14 build/linked_list.o
                0x0000000008012c84                List_InsertByOrder
 .text.List_InsertByCondition
                0x0000000008012c98       0x3c build/linked_list.o
                0x0000000008012c98                List_InsertByCondition
 .text.List_Insert_Item
                0x0000000008012cd4       0x32 build/linked_list.o
                0x0000000008012cd4                List_Insert_Item
 .text.List_traverse
                0x0000000008012d06       0x5a build/linked_list.o
                0x0000000008012d06                List_traverse
 .text.Tree_Get_Depth
                0x0000000008012d60       0x2e build/binary_tree.o
 .text.Tree_Get_BalanceFactory
                0x0000000008012d8e       0x24 build/binary_tree.o
 .text.Tree_Search_RootNode
                0x0000000008012db2       0x16 build/binary_tree.o
 .text.TreeNode_RightRotate
                0x0000000008012dc8       0x60 build/binary_tree.o
 .text.TreeNode_LeftRotate
                0x0000000008012e28       0x60 build/binary_tree.o
 .text.TreeNoe_Dynamic_Trim
                0x0000000008012e88       0x5e build/binary_tree.o
 .text.TreeNode_Insert
                0x0000000008012ee6       0x68 build/binary_tree.o
 .text.TreeNode_Update_BalanceFactory
                0x0000000008012f4e       0x36 build/binary_tree.o
 .text.Tree_RootUpdate
                0x0000000008012f84       0x1a build/binary_tree.o
 .text.TreeNode_Init
                0x0000000008012f9e       0x4a build/binary_tree.o
 .text.TreeNode_Pre_Traverse
                0x0000000008012fe8       0x26 build/binary_tree.o
 .text.TreeNode_Mid_Traverse
                0x000000000801300e       0x24 build/binary_tree.o
 .text.TreeNode_Bck_Traverse
                0x0000000008013032       0x24 build/binary_tree.o
 .text.Tree_Traverse
                0x0000000008013056       0x32 build/binary_tree.o
 .text.TreeNode_Search
                0x0000000008013088       0x6e build/binary_tree.o
 .text.Tree_Search
                0x00000000080130f6       0x40 build/binary_tree.o
 .text.Tree_Insert
                0x0000000008013136       0x50 build/binary_tree.o
 .text.BinaryTree_Create
                0x0000000008013186       0x38 build/binary_tree.o
 *fill*         0x00000000080131be        0x2 
 .text.ReBoot   0x00000000080131c0       0x28 build/reboot.o
                0x00000000080131c0                ReBoot
 .text.Error_InsertPriority_Compare
                0x00000000080131e8       0x40 build/error_log.o
 .text.Error_Search
                0x0000000008013228       0x52 build/error_log.o
 *fill*         0x000000000801327a        0x2 
 .text.Error_Register
                0x000000000801327c       0x38 build/error_log.o
 .text.Error_Set_Callback
                0x00000000080132b4       0x20 build/error_log.o
 .text.Error_DescToQueue
                0x00000000080132d4       0x6c build/error_log.o
 .text.ErrorTree_Create
                0x0000000008013340       0x80 build/error_log.o
 .text.Error_Proc
                0x00000000080133c0       0xe4 build/error_log.o
 .text.Error_Trigger
                0x00000000080134a4      0x130 build/error_log.o
 .text.MMU_InsertFreeBlock
                0x00000000080135d4       0x70 build/mmu.o
 .text.MMU_Init
                0x0000000008013644       0x54 build/mmu.o
 .text.MMU_Malloc
                0x0000000008013698       0xc0 build/mmu.o
                0x0000000008013698                MMU_Malloc
 .text.MMU_Free
                0x0000000008013758       0x3c build/mmu.o
                0x0000000008013758                MMU_Free
 .text.Os_Set_TaskReady
                0x0000000008013794       0x38 build/scheduler.o
 .text.Os_Clr_TaskReady
                0x00000000080137cc       0x40 build/scheduler.o
 .text.Os_Clr_TaskPending
                0x000000000801380c       0x40 build/scheduler.o
 .text.Os_TaskExit
                0x000000000801384c        0x2 build/scheduler.o
 *fill*         0x000000000801384e        0x2 
 .text.Os_Get_HighestRank_RdyTask
                0x0000000008013850       0x60 build/scheduler.o
 .text.Os_Get_HighestRank_PndTask
                0x00000000080138b0       0x60 build/scheduler.o
 .text.Os_TaskPri_Compare
                0x0000000008013910      0x168 build/scheduler.o
 .text.Os_ResetTask_Data
                0x0000000008013a78       0x26 build/scheduler.o
 *fill*         0x0000000008013a9e        0x2 
 .text.Os_TaskCrtList_TraverseCallback
                0x0000000008013aa0       0x40 build/scheduler.o
 .text.Os_Idle  0x0000000008013ae0       0x4c build/scheduler.o
 .text.Os_Set_TaskStk
                0x0000000008013b2c       0x58 build/scheduler.o
 .text.Os_CreateIdle
                0x0000000008013b84       0x50 build/scheduler.o
 .text.Os_TaskExec
                0x0000000008013bd4       0xf8 build/scheduler.o
 *fill*         0x0000000008013ccc        0x4 
 .text.Os_LoadFirstTask
                0x0000000008013cd0       0x24 build/scheduler.o
                0x0000000008013cd0                Os_LoadFirstTask
 *fill*         0x0000000008013cf4        0xc 
 .text.Os_SwitchContext
                0x0000000008013d00       0x60 build/scheduler.o
                0x0000000008013d00                Os_SwitchContext
 .text.Os_SwitchTaskStack
                0x0000000008013d60       0x28 build/scheduler.o
                0x0000000008013d60                Os_SwitchTaskStack
 .text.Os_Init  0x0000000008013d88       0x8c build/scheduler.o
                0x0000000008013d88                Os_Init
 .text.Os_Start
                0x0000000008013e14       0x54 build/scheduler.o
                0x0000000008013e14                Os_Start
 .text.Os_CreateTask
                0x0000000008013e68      0x180 build/scheduler.o
                0x0000000008013e68                Os_CreateTask
 .text.Os_Set_TaskPending
                0x0000000008013fe8       0x3c build/scheduler.o
                0x0000000008013fe8                Os_Set_TaskPending
 .text.Os_SchedulerRun
                0x0000000008014024       0xe0 build/scheduler.o
 .text.Os_TaskCaller
                0x0000000008014104       0x38 build/scheduler.o
 .text.KernelClock_Init
                0x000000000801413c      0x16c build/kernel.o
 .text.Kernel_Init
                0x00000000080142a8        0xe build/kernel.o
                0x00000000080142a8                Kernel_Init
 *fill*         0x00000000080142b6        0x2 
 .text.Kernel_LoadProcess
                0x00000000080142b8       0x20 build/kernel.o
                0x00000000080142b8                Kernel_LoadProcess
 .text.Kernel_EnablePendSV
                0x00000000080142d8       0x10 build/kernel.o
                0x00000000080142d8                Kernel_EnablePendSV
 .text.Kernel_TriggerPendSV
                0x00000000080142e8       0x10 build/kernel.o
                0x00000000080142e8                Kernel_TriggerPendSV
 .text.Runtime_SetCallback
                0x00000000080142f8       0x2c build/runtime.o
                0x00000000080142f8                Runtime_SetCallback
 .text.Runtime_GetTickBase
                0x0000000008014324        0xc build/runtime.o
                0x0000000008014324                Runtime_GetTickBase
 .text.Runtime_Config
                0x0000000008014330       0xb0 build/runtime.o
                0x0000000008014330                Runtime_Config
 .text.Runtime_Start
                0x00000000080143e0       0x20 build/runtime.o
                0x00000000080143e0                Runtime_Start
 .text.RuntimeObj_Reset
                0x0000000008014400        0xa build/runtime.o
                0x0000000008014400                RuntimeObj_Reset
 .text.Get_TimeDifference_Between
                0x000000000801440a       0x18 build/runtime.o
                0x000000000801440a                Get_TimeDifference_Between
 *fill*         0x0000000008014422        0x2 
 .text.Runtime_Tick
                0x0000000008014424       0x74 build/runtime.o
                0x0000000008014424                Runtime_Tick
 .text.Get_CurrentRunningUs
                0x0000000008014498        0xc build/runtime.o
                0x0000000008014498                Get_CurrentRunningUs
 .text.Get_CurrentRunningMs
                0x00000000080144a4       0x18 build/runtime.o
                0x00000000080144a4                Get_CurrentRunningMs
 .text.Get_CurrentRunningS
                0x00000000080144bc       0x12 build/runtime.o
                0x00000000080144bc                Get_CurrentRunningS
 *fill*         0x00000000080144ce        0x2 
 .text.Get_TargetRunTime
                0x00000000080144d0       0x14 build/runtime.o
                0x00000000080144d0                Get_TargetRunTime
 .text.RuntimeObj_CompareWithCurrent
                0x00000000080144e4       0x1c build/runtime.o
                0x00000000080144e4                RuntimeObj_CompareWithCurrent
 .text.Runtime_DelayMs
                0x0000000008014500       0x2c build/runtime.o
                0x0000000008014500                Runtime_DelayMs
 .text.Disk_GetCard_Info
                0x000000000801452c       0x18 build/DiskIO.o
 .text.Disk_Get_StartSectionOfCluster
                0x0000000008014544       0x18 build/DiskIO.o
 .text.Disk_Search_FreeCluster
                0x000000000801455c       0x80 build/DiskIO.o
 .text.Disk_GetClusterState
                0x00000000080145dc       0x44 build/DiskIO.o
 .text.Disk_ExtModule_InitError
                0x0000000008014620       0x18 build/DiskIO.o
 .text.Disk_FreeCluster_SearchError
                0x0000000008014638       0x14 build/DiskIO.o
 .text.Disk_FSINFO_ReadError
                0x000000000801464c       0x14 build/DiskIO.o
 .text.ExtDisk_Init
                0x0000000008014660       0x70 build/DiskIO.o
 .text.Disk_ClearCluster
                0x00000000080146d0       0x4c build/DiskIO.o
 .text.Disk_Printf
                0x000000000801471c       0x48 build/DiskIO.o
 .text.Disk_SFN_Match
                0x0000000008014764       0x58 build/DiskIO.o
 .text.Disk_ParseMBR
                0x00000000080147bc       0xe4 build/DiskIO.o
 .text.Disk_ParseDBR
                0x00000000080148a0      0x1f0 build/DiskIO.o
 .text.Disk_ParseFSINFO
                0x0000000008014a90       0xd8 build/DiskIO.o
 .text.Disk_Parse_Attribute
                0x0000000008014b68      0x198 build/DiskIO.o
 .text.Disk_Get_NextCluster
                0x0000000008014d00       0x48 build/DiskIO.o
 .text.Disk_GetPath_Layer
                0x0000000008014d48       0x1a build/DiskIO.o
 *fill*         0x0000000008014d62        0x2 
 .text.Disk_GetFolderName_ByIndex
                0x0000000008014d64       0xd0 build/DiskIO.o
 .text.Disk_SFN_LegallyCheck
                0x0000000008014e34      0x158 build/DiskIO.o
 .text.Disk_Name_ConvertTo83Frame
                0x0000000008014f8c       0xf4 build/DiskIO.o
 .text.Disk_Fill_Attr
                0x0000000008015080       0x96 build/DiskIO.o
 *fill*         0x0000000008015116        0x2 
 .text.Disk_Establish_ClusterLink
                0x0000000008015118       0xb4 build/DiskIO.o
 .text.Disk_UpdateFSINFO
                0x00000000080151cc       0x84 build/DiskIO.o
 .text.Disk_Update_FreeCluster
                0x0000000008015250       0xf4 build/DiskIO.o
 .text.Disk_WriteTo_TargetFFTable
                0x0000000008015344      0x3c4 build/DiskIO.o
 .text.Disk_Create_Folder
                0x0000000008015708       0x74 build/DiskIO.o
 .text.Disk_Create_File
                0x000000000801577c       0x2a build/DiskIO.o
 *fill*         0x00000000080157a6        0x2 
 .text.Disk_Init
                0x00000000080157a8      0x16c build/DiskIO.o
                0x00000000080157a8                Disk_Init
 .text.shellExtNumType
                0x0000000008015914       0x50 build/shell_ext.o
 .text.shellExtToNum
                0x0000000008015964       0x2e build/shell_ext.o
 *fill*         0x0000000008015992        0x2 
 .text.shellExtParseChar
                0x0000000008015994       0x88 build/shell_ext.o
 .text.shellExtParseString
                0x0000000008015a1c       0x40 build/shell_ext.o
 .text.shellExtParseNumber
                0x0000000008015a5c       0xbe build/shell_ext.o
 .text.shellExtParseVar
                0x0000000008015b1a       0x1e build/shell_ext.o
 .text.shellExtParsePara
                0x0000000008015b38       0x4a build/shell_ext.o
                0x0000000008015b38                shellExtParsePara
 .text.shellExtRun
                0x0000000008015b82       0xee build/shell_ext.o
                0x0000000008015b82                shellExtRun
 .text.Shell_Init
                0x0000000008015c70       0x1c build/shell_port.o
                0x0000000008015c70                Shell_Init
 .text.shellAdd
                0x0000000008015c8c       0x24 build/shell.o
 .text.shellStringCopy
                0x0000000008015cb0       0x16 build/shell.o
 .text.shellStringCompare
                0x0000000008015cc6       0x2e build/shell.o
 .text.shellGetCommandDesc
                0x0000000008015cf4       0x22 build/shell.o
 .text.shellParserParam
                0x0000000008015d16       0x90 build/shell.o
 .text.shellHistoryAdd
                0x0000000008015da6       0x70 build/shell.o
 .text.shellRemoveParamQuotes
                0x0000000008015e16       0x54 build/shell.o
 *fill*         0x0000000008015e6a        0x2 
 .text.shellGetCurrent
                0x0000000008015e6c       0x2c build/shell.o
                0x0000000008015e6c                shellGetCurrent
 .text.shellWriteByte
                0x0000000008015e98       0x18 build/shell.o
                0x0000000008015e98                shellWriteByte
 .text.shellRight
                0x0000000008015eb0       0x1a build/shell.o
                0x0000000008015eb0                shellRight
 .text.shellLeft
                0x0000000008015eca       0x18 build/shell.o
                0x0000000008015eca                shellLeft
 .text.shellWriteString
                0x0000000008015ee2       0x18 build/shell.o
                0x0000000008015ee2                shellWriteString
 *fill*         0x0000000008015efa        0x2 
 .text.shellSetUser
                0x0000000008015efc       0x60 build/shell.o
 .text.shellWriteCommandLine
                0x0000000008015f5c       0x60 build/shell.o
 .text.shellCheckPassword
                0x0000000008015fbc       0x40 build/shell.o
 .text.shellClear
                0x0000000008015ffc       0x14 build/shell.o
                0x0000000008015ffc                shellClear
 .text.shellCheckPermission
                0x0000000008016010       0x3c build/shell.o
                0x0000000008016010                shellCheckPermission
 .text.shellToHex
                0x000000000801604c       0x28 build/shell.o
                0x000000000801604c                shellToHex
 .text.shellGetCommandName
                0x0000000008016074       0x44 build/shell.o
 .text.shellToDec
                0x00000000080160b8       0x60 build/shell.o
                0x00000000080160b8                shellToDec
 .text.shellWriteReturnValue
                0x0000000008016118       0x7c build/shell.o
 .text.shellListItem
                0x0000000008016194       0x90 build/shell.o
                0x0000000008016194                shellListItem
 .text.shellListCommand
                0x0000000008016224       0x48 build/shell.o
                0x0000000008016224                shellListCommand
 .text.shellCmds
                0x000000000801626c        0xe build/shell.o
                0x000000000801626c                shellCmds
 *fill*         0x000000000801627a        0x2 
 .text.shellListVar
                0x000000000801627c       0x4c build/shell.o
                0x000000000801627c                shellListVar
 .text.shellVars
                0x00000000080162c8        0xe build/shell.o
                0x00000000080162c8                shellVars
 *fill*         0x00000000080162d6        0x2 
 .text.shellListUser
                0x00000000080162d8       0x48 build/shell.o
                0x00000000080162d8                shellListUser
 .text.shellUsers
                0x0000000008016320        0xe build/shell.o
                0x0000000008016320                shellUsers
 *fill*         0x000000000801632e        0x2 
 .text.shellListKey
                0x0000000008016330       0x48 build/shell.o
                0x0000000008016330                shellListKey
 .text.shellKeys
                0x0000000008016378        0xe build/shell.o
                0x0000000008016378                shellKeys
 .text.shellListAll
                0x0000000008016386        0x8 build/shell.o
                0x0000000008016386                shellListAll
 *fill*         0x000000000801638e        0x2 
 .text.shellDeleteCommandLine
                0x0000000008016390       0x20 build/shell.o
                0x0000000008016390                shellDeleteCommandLine
 .text.shellClearCommandLine
                0x00000000080163b0       0x28 build/shell.o
                0x00000000080163b0                shellClearCommandLine
 .text.shellHistory
                0x00000000080163d8       0x98 build/shell.o
 .text.shellUp  0x0000000008016470        0xa build/shell.o
                0x0000000008016470                shellUp
 .text.shellDown
                0x000000000801647a        0xc build/shell.o
                0x000000000801647a                shellDown
 *fill*         0x0000000008016486        0x2 
 .text.shellTab
                0x0000000008016488      0x114 build/shell.o
                0x0000000008016488                shellTab
 .text.shellDeleteByte
                0x000000000801659c       0xc4 build/shell.o
                0x000000000801659c                shellDeleteByte
 .text.shellBackspace
                0x0000000008016660        0xa build/shell.o
                0x0000000008016660                shellBackspace
 .text.shellDelete
                0x000000000801666a        0xc build/shell.o
                0x000000000801666a                shellDelete
 .text.shellSeekCommand
                0x0000000008016676       0x72 build/shell.o
                0x0000000008016676                shellSeekCommand
 .text.shellInit
                0x00000000080166e8       0x90 build/shell.o
                0x00000000080166e8                shellInit
 .text.shellHelp
                0x0000000008016778       0x7c build/shell.o
                0x0000000008016778                shellHelp
 .text.shellGetVarValue
                0x00000000080167f4       0x44 build/shell.o
                0x00000000080167f4                shellGetVarValue
 .text.shellShowVar
                0x0000000008016838       0xbc build/shell.o
 .text.shellSetVarValue
                0x00000000080168f4       0x78 build/shell.o
                0x00000000080168f4                shellSetVarValue
 .text.shellSetVar
                0x000000000801696c       0x64 build/shell.o
                0x000000000801696c                shellSetVar
 .text.shellRunCommand
                0x00000000080169d0       0x94 build/shell.o
                0x00000000080169d0                shellRunCommand
 .text.shellExec
                0x0000000008016a64       0x68 build/shell.o
                0x0000000008016a64                shellExec
 .text.shellEnter
                0x0000000008016acc       0x12 build/shell.o
                0x0000000008016acc                shellEnter
 *fill*         0x0000000008016ade        0x2 
 .text.USB_DEVICE_Init
                0x0000000008016ae0       0x54 build/usb_device.o
                0x0000000008016ae0                USB_DEVICE_Init
 .text.USBD_FS_DeviceDescriptor
                0x0000000008016b34        0xc build/usbd_desc.o
                0x0000000008016b34                USBD_FS_DeviceDescriptor
 .text.USBD_FS_LangIDStrDescriptor
                0x0000000008016b40        0xc build/usbd_desc.o
                0x0000000008016b40                USBD_FS_LangIDStrDescriptor
 .text.IntToUnicode
                0x0000000008016b4c       0x46 build/usbd_desc.o
 *fill*         0x0000000008016b92        0x2 
 .text.Get_SerialNum
                0x0000000008016b94       0x38 build/usbd_desc.o
 .text.USBD_FS_SerialStrDescriptor
                0x0000000008016bcc       0x14 build/usbd_desc.o
                0x0000000008016bcc                USBD_FS_SerialStrDescriptor
 .text.USBD_FS_ProductStrDescriptor
                0x0000000008016be0       0x24 build/usbd_desc.o
                0x0000000008016be0                USBD_FS_ProductStrDescriptor
 .text.USBD_FS_ManufacturerStrDescriptor
                0x0000000008016c04       0x1c build/usbd_desc.o
                0x0000000008016c04                USBD_FS_ManufacturerStrDescriptor
 .text.USBD_FS_ConfigStrDescriptor
                0x0000000008016c20       0x24 build/usbd_desc.o
                0x0000000008016c20                USBD_FS_ConfigStrDescriptor
 .text.USBD_FS_InterfaceStrDescriptor
                0x0000000008016c44       0x24 build/usbd_desc.o
                0x0000000008016c44                USBD_FS_InterfaceStrDescriptor
 .text.CDC_DeInit_FS
                0x0000000008016c68        0x4 build/usbd_cdc_if.o
 .text.CDC_Control_FS
                0x0000000008016c6c        0x4 build/usbd_cdc_if.o
 .text.CDC_TransmitCplt_FS
                0x0000000008016c70        0x4 build/usbd_cdc_if.o
 .text.CDC_Receive_FS
                0x0000000008016c74       0x2c build/usbd_cdc_if.o
 .text.CDC_Init_FS
                0x0000000008016ca0       0x28 build/usbd_cdc_if.o
 .text.CDC_Transmit_FS
                0x0000000008016cc8       0x2c build/usbd_cdc_if.o
                0x0000000008016cc8                CDC_Transmit_FS
 .text.usb_printf
                0x0000000008016cf4       0x30 build/usbd_cdc_if.o
                0x0000000008016cf4                usb_printf
 .text.usb_setrec_callback
                0x0000000008016d24        0xc build/usbd_cdc_if.o
                0x0000000008016d24                usb_setrec_callback
 .text.HAL_PCD_MspInit
                0x0000000008016d30       0xac build/usbd_conf.o
                0x0000000008016d30                HAL_PCD_MspInit
 .text.HAL_PCD_SetupStageCallback
                0x0000000008016ddc       0x10 build/usbd_conf.o
                0x0000000008016ddc                HAL_PCD_SetupStageCallback
 .text.HAL_PCD_DataOutStageCallback
                0x0000000008016dec       0x18 build/usbd_conf.o
                0x0000000008016dec                HAL_PCD_DataOutStageCallback
 .text.HAL_PCD_DataInStageCallback
                0x0000000008016e04       0x16 build/usbd_conf.o
                0x0000000008016e04                HAL_PCD_DataInStageCallback
 .text.HAL_PCD_SOFCallback
                0x0000000008016e1a        0xc build/usbd_conf.o
                0x0000000008016e1a                HAL_PCD_SOFCallback
 .text.HAL_PCD_ResetCallback
                0x0000000008016e26       0x24 build/usbd_conf.o
                0x0000000008016e26                HAL_PCD_ResetCallback
 *fill*         0x0000000008016e4a        0x2 
 .text.HAL_PCD_SuspendCallback
                0x0000000008016e4c       0x30 build/usbd_conf.o
                0x0000000008016e4c                HAL_PCD_SuspendCallback
 .text.HAL_PCD_ResumeCallback
                0x0000000008016e7c        0xc build/usbd_conf.o
                0x0000000008016e7c                HAL_PCD_ResumeCallback
 .text.HAL_PCD_ISOOUTIncompleteCallback
                0x0000000008016e88        0xc build/usbd_conf.o
                0x0000000008016e88                HAL_PCD_ISOOUTIncompleteCallback
 .text.HAL_PCD_ISOINIncompleteCallback
                0x0000000008016e94        0xc build/usbd_conf.o
                0x0000000008016e94                HAL_PCD_ISOINIncompleteCallback
 .text.HAL_PCD_ConnectCallback
                0x0000000008016ea0        0xc build/usbd_conf.o
                0x0000000008016ea0                HAL_PCD_ConnectCallback
 .text.HAL_PCD_DisconnectCallback
                0x0000000008016eac        0xc build/usbd_conf.o
                0x0000000008016eac                HAL_PCD_DisconnectCallback
 .text.USBD_LL_Init
                0x0000000008016eb8       0x68 build/usbd_conf.o
                0x0000000008016eb8                USBD_LL_Init
 .text.USBD_LL_IsStallEP
                0x0000000008016f20       0x2e build/usbd_conf.o
                0x0000000008016f20                USBD_LL_IsStallEP
 .text.USBD_LL_GetRxDataSize
                0x0000000008016f4e        0xc build/usbd_conf.o
                0x0000000008016f4e                USBD_LL_GetRxDataSize
 *fill*         0x0000000008016f5a        0x2 
 .text.USBD_static_malloc
                0x0000000008016f5c        0x8 build/usbd_conf.o
                0x0000000008016f5c                USBD_static_malloc
 .text.USBD_static_free
                0x0000000008016f64        0x2 build/usbd_conf.o
                0x0000000008016f64                USBD_static_free
 .text.USBD_Get_USB_Status
                0x0000000008016f66       0x14 build/usbd_conf.o
                0x0000000008016f66                USBD_Get_USB_Status
 .text.USBD_LL_Start
                0x0000000008016f7a       0x10 build/usbd_conf.o
                0x0000000008016f7a                USBD_LL_Start
 .text.USBD_LL_OpenEP
                0x0000000008016f8a       0x16 build/usbd_conf.o
                0x0000000008016f8a                USBD_LL_OpenEP
 .text.USBD_LL_CloseEP
                0x0000000008016fa0       0x10 build/usbd_conf.o
                0x0000000008016fa0                USBD_LL_CloseEP
 .text.USBD_LL_StallEP
                0x0000000008016fb0       0x10 build/usbd_conf.o
                0x0000000008016fb0                USBD_LL_StallEP
 .text.USBD_LL_ClearStallEP
                0x0000000008016fc0       0x10 build/usbd_conf.o
                0x0000000008016fc0                USBD_LL_ClearStallEP
 .text.USBD_LL_SetUSBAddress
                0x0000000008016fd0       0x10 build/usbd_conf.o
                0x0000000008016fd0                USBD_LL_SetUSBAddress
 .text.USBD_LL_Transmit
                0x0000000008016fe0       0x10 build/usbd_conf.o
                0x0000000008016fe0                USBD_LL_Transmit
 .text.USBD_LL_PrepareReceive
                0x0000000008016ff0       0x10 build/usbd_conf.o
                0x0000000008016ff0                USBD_LL_PrepareReceive
 .text.USBD_Init
                0x0000000008017000       0x38 build/usbd_core.o
                0x0000000008017000                USBD_Init
 .text.USBD_RegisterClass
                0x0000000008017038       0x28 build/usbd_core.o
                0x0000000008017038                USBD_RegisterClass
 .text.USBD_Start
                0x0000000008017060        0x8 build/usbd_core.o
                0x0000000008017060                USBD_Start
 .text.USBD_SetClassConfig
                0x0000000008017068       0x12 build/usbd_core.o
                0x0000000008017068                USBD_SetClassConfig
 .text.USBD_ClrClassConfig
                0x000000000801707a       0x10 build/usbd_core.o
                0x000000000801707a                USBD_ClrClassConfig
 .text.USBD_LL_SetupStage
                0x000000000801708a       0x58 build/usbd_core.o
                0x000000000801708a                USBD_LL_SetupStage
 .text.USBD_LL_DataOutStage
                0x00000000080170e2       0x72 build/usbd_core.o
                0x00000000080170e2                USBD_LL_DataOutStage
 .text.USBD_LL_DataInStage
                0x0000000008017154       0xb8 build/usbd_core.o
                0x0000000008017154                USBD_LL_DataInStage
 .text.USBD_LL_Reset
                0x000000000801720c       0x52 build/usbd_core.o
                0x000000000801720c                USBD_LL_Reset
 .text.USBD_LL_SetSpeed
                0x000000000801725e        0x6 build/usbd_core.o
                0x000000000801725e                USBD_LL_SetSpeed
 .text.USBD_LL_Suspend
                0x0000000008017264       0x12 build/usbd_core.o
                0x0000000008017264                USBD_LL_Suspend
 .text.USBD_LL_Resume
                0x0000000008017276       0x16 build/usbd_core.o
                0x0000000008017276                USBD_LL_Resume
 .text.USBD_LL_SOF
                0x000000000801728c       0x1c build/usbd_core.o
                0x000000000801728c                USBD_LL_SOF
 .text.USBD_LL_IsoINIncomplete
                0x00000000080172a8        0x4 build/usbd_core.o
                0x00000000080172a8                USBD_LL_IsoINIncomplete
 .text.USBD_LL_IsoOUTIncomplete
                0x00000000080172ac        0x4 build/usbd_core.o
                0x00000000080172ac                USBD_LL_IsoOUTIncomplete
 .text.USBD_LL_DevConnected
                0x00000000080172b0        0x4 build/usbd_core.o
                0x00000000080172b0                USBD_LL_DevConnected
 .text.USBD_LL_DevDisconnected
                0x00000000080172b4       0x18 build/usbd_core.o
                0x00000000080172b4                USBD_LL_DevDisconnected
 .text.USBD_GetLen
                0x00000000080172cc       0x14 build/usbd_ctlreq.o
 .text.USBD_SetFeature
                0x00000000080172e0       0x14 build/usbd_ctlreq.o
 .text.USBD_ParseSetupRequest
                0x00000000080172f4       0x28 build/usbd_ctlreq.o
                0x00000000080172f4                USBD_ParseSetupRequest
 .text.USBD_CtlError
                0x000000000801731c       0x14 build/usbd_ctlreq.o
                0x000000000801731c                USBD_CtlError
 .text.USBD_GetDescriptor
                0x0000000008017330      0x18a build/usbd_ctlreq.o
 .text.USBD_SetAddress
                0x00000000080174ba       0x4e build/usbd_ctlreq.o
 .text.USBD_SetConfig
                0x0000000008017508       0xc4 build/usbd_ctlreq.o
 .text.USBD_GetConfig
                0x00000000080175cc       0x3e build/usbd_ctlreq.o
 .text.USBD_GetStatus
                0x000000000801760a       0x38 build/usbd_ctlreq.o
 .text.USBD_ClrFeature
                0x0000000008017642       0x26 build/usbd_ctlreq.o
 .text.USBD_StdDevReq
                0x0000000008017668       0x70 build/usbd_ctlreq.o
                0x0000000008017668                USBD_StdDevReq
 .text.USBD_StdItfReq
                0x00000000080176d8       0x68 build/usbd_ctlreq.o
                0x00000000080176d8                USBD_StdItfReq
 .text.USBD_StdEPReq
                0x0000000008017740      0x1ea build/usbd_ctlreq.o
                0x0000000008017740                USBD_StdEPReq
 .text.USBD_GetString
                0x000000000801792a       0x3a build/usbd_ctlreq.o
                0x000000000801792a                USBD_GetString
 .text.USBD_CtlSendData
                0x0000000008017964       0x1a build/usbd_ioreq.o
                0x0000000008017964                USBD_CtlSendData
 .text.USBD_CtlContinueSendData
                0x000000000801797e       0x10 build/usbd_ioreq.o
                0x000000000801797e                USBD_CtlContinueSendData
 .text.USBD_CtlPrepareRx
                0x000000000801798e       0x1e build/usbd_ioreq.o
                0x000000000801798e                USBD_CtlPrepareRx
 .text.USBD_CtlContinueRx
                0x00000000080179ac       0x10 build/usbd_ioreq.o
                0x00000000080179ac                USBD_CtlContinueRx
 .text.USBD_CtlSendStatus
                0x00000000080179bc       0x16 build/usbd_ioreq.o
                0x00000000080179bc                USBD_CtlSendStatus
 .text.USBD_CtlReceiveStatus
                0x00000000080179d2       0x16 build/usbd_ioreq.o
                0x00000000080179d2                USBD_CtlReceiveStatus
 .text.USBD_CDC_EP0_RxReady
                0x00000000080179e8       0x28 build/usbd_cdc.o
 .text.USBD_CDC_GetFSCfgDesc
                0x0000000008017a10        0xc build/usbd_cdc.o
 .text.USBD_CDC_GetHSCfgDesc
                0x0000000008017a1c        0xc build/usbd_cdc.o
 .text.USBD_CDC_GetOtherSpeedCfgDesc
                0x0000000008017a28        0xc build/usbd_cdc.o
 .text.USBD_CDC_GetDeviceQualifierDescriptor
                0x0000000008017a34        0xc build/usbd_cdc.o
                0x0000000008017a34                USBD_CDC_GetDeviceQualifierDescriptor
 .text.USBD_CDC_DataOut
                0x0000000008017a40       0x2a build/usbd_cdc.o
 .text.USBD_CDC_DataIn
                0x0000000008017a6a       0x64 build/usbd_cdc.o
 .text.USBD_CDC_Setup
                0x0000000008017ace       0xe0 build/usbd_cdc.o
 .text.USBD_CDC_DeInit
                0x0000000008017bae       0x48 build/usbd_cdc.o
 .text.USBD_CDC_Init
                0x0000000008017bf6       0xc2 build/usbd_cdc.o
 .text.USBD_CDC_RegisterInterface
                0x0000000008017cb8        0xe build/usbd_cdc.o
                0x0000000008017cb8                USBD_CDC_RegisterInterface
 .text.USBD_CDC_SetTxBuffer
                0x0000000008017cc6       0x10 build/usbd_cdc.o
                0x0000000008017cc6                USBD_CDC_SetTxBuffer
 .text.USBD_CDC_SetRxBuffer
                0x0000000008017cd6        0xc build/usbd_cdc.o
                0x0000000008017cd6                USBD_CDC_SetRxBuffer
 .text.USBD_CDC_TransmitPacket
                0x0000000008017ce2       0x34 build/usbd_cdc.o
                0x0000000008017ce2                USBD_CDC_TransmitPacket
 .text.USBD_CDC_ReceivePacket
                0x0000000008017d16       0x32 build/usbd_cdc.o
                0x0000000008017d16                USBD_CDC_ReceivePacket
 .text.NMI_Handler
                0x0000000008017d48        0x2 build/stm32h7xx_it.o
                0x0000000008017d48                NMI_Handler
 .text.HardFault_Handler
                0x0000000008017d4a        0x2 build/stm32h7xx_it.o
                0x0000000008017d4a                HardFault_Handler
 .text.MemManage_Handler
                0x0000000008017d4c        0x2 build/stm32h7xx_it.o
                0x0000000008017d4c                MemManage_Handler
 .text.BusFault_Handler
                0x0000000008017d4e        0x2 build/stm32h7xx_it.o
                0x0000000008017d4e                BusFault_Handler
 .text.UsageFault_Handler
                0x0000000008017d50        0x2 build/stm32h7xx_it.o
                0x0000000008017d50                UsageFault_Handler
 .text.SVC_Handler
                0x0000000008017d52        0xc build/stm32h7xx_it.o
                0x0000000008017d52                SVC_Handler
 .text.DebugMon_Handler
                0x0000000008017d5e        0x2 build/stm32h7xx_it.o
                0x0000000008017d5e                DebugMon_Handler
 .text.PendSV_Handler
                0x0000000008017d60        0x8 build/stm32h7xx_it.o
                0x0000000008017d60                PendSV_Handler
 .text.SysTick_Handler
                0x0000000008017d68       0x54 build/stm32h7xx_it.o
                0x0000000008017d68                SysTick_Handler
 .text.OTG_FS_IRQHandler
                0x0000000008017dbc       0x10 build/stm32h7xx_it.o
                0x0000000008017dbc                OTG_FS_IRQHandler
 .text.EXTI0_IRQHandler
                0x0000000008017dcc        0xa build/stm32h7xx_it.o
                0x0000000008017dcc                EXTI0_IRQHandler
 .text.EXTI1_IRQHandler
                0x0000000008017dd6        0xa build/stm32h7xx_it.o
                0x0000000008017dd6                EXTI1_IRQHandler
 .text.EXTI2_IRQHandler
                0x0000000008017de0        0xa build/stm32h7xx_it.o
                0x0000000008017de0                EXTI2_IRQHandler
 .text.EXTI3_IRQHandler
                0x0000000008017dea        0xa build/stm32h7xx_it.o
                0x0000000008017dea                EXTI3_IRQHandler
 .text.EXTI4_IRQHandler
                0x0000000008017df4        0xa build/stm32h7xx_it.o
                0x0000000008017df4                EXTI4_IRQHandler
 .text.EXTI9_5_IRQHandler
                0x0000000008017dfe       0x26 build/stm32h7xx_it.o
                0x0000000008017dfe                EXTI9_5_IRQHandler
 .text.EXTI15_10_IRQHandler
                0x0000000008017e24       0x34 build/stm32h7xx_it.o
                0x0000000008017e24                EXTI15_10_IRQHandler
 .text.SystemInit
                0x0000000008017e58       0xcc build/system_stm32h7xx.o
                0x0000000008017e58                SystemInit
 .text.SystemCoreClockUpdate
                0x0000000008017f24      0x214 build/system_stm32h7xx.o
                0x0000000008017f24                SystemCoreClockUpdate
 .text.HAL_MspInit
                0x0000000008018138        0x2 build/stm32h7xx_hal.o
                0x0000000008018138                HAL_MspInit
 *fill*         0x000000000801813a        0x2 
 .text.HAL_InitTick
                0x000000000801813c       0x50 build/stm32h7xx_hal.o
                0x000000000801813c                HAL_InitTick
 .text.HAL_Init
                0x000000000801818c       0x5c build/stm32h7xx_hal.o
                0x000000000801818c                HAL_Init
 .text.HAL_IncTick
                0x00000000080181e8       0x18 build/stm32h7xx_hal.o
                0x00000000080181e8                HAL_IncTick
 .text.HAL_GetTick
                0x0000000008018200        0xc build/stm32h7xx_hal.o
                0x0000000008018200                HAL_GetTick
 .text.HAL_Delay
                0x000000000801820c       0x28 build/stm32h7xx_hal.o
                0x000000000801820c                HAL_Delay
 .text.HAL_GetREVID
                0x0000000008018234        0xc build/stm32h7xx_hal.o
                0x0000000008018234                HAL_GetREVID
 .text.HAL_NVIC_SetPriorityGrouping
                0x0000000008018240       0x24 build/stm32h7xx_hal_cortex.o
                0x0000000008018240                HAL_NVIC_SetPriorityGrouping
 .text.HAL_NVIC_SetPriority
                0x0000000008018264       0x6c build/stm32h7xx_hal_cortex.o
                0x0000000008018264                HAL_NVIC_SetPriority
 .text.HAL_NVIC_EnableIRQ
                0x00000000080182d0       0x1c build/stm32h7xx_hal_cortex.o
                0x00000000080182d0                HAL_NVIC_EnableIRQ
 .text.HAL_NVIC_DisableIRQ
                0x00000000080182ec       0x24 build/stm32h7xx_hal_cortex.o
                0x00000000080182ec                HAL_NVIC_DisableIRQ
 .text.HAL_SYSTICK_Config
                0x0000000008018310       0x28 build/stm32h7xx_hal_cortex.o
                0x0000000008018310                HAL_SYSTICK_Config
 .text.HAL_RCC_OscConfig
                0x0000000008018338      0x674 build/stm32h7xx_hal_rcc.o
                0x0000000008018338                HAL_RCC_OscConfig
 .text.HAL_RCC_GetSysClockFreq
                0x00000000080189ac      0x1f4 build/stm32h7xx_hal_rcc.o
                0x00000000080189ac                HAL_RCC_GetSysClockFreq
 .text.HAL_RCC_ClockConfig
                0x0000000008018ba0      0x294 build/stm32h7xx_hal_rcc.o
                0x0000000008018ba0                HAL_RCC_ClockConfig
 .text.HAL_RCC_GetHCLKFreq
                0x0000000008018e34       0x44 build/stm32h7xx_hal_rcc.o
                0x0000000008018e34                HAL_RCC_GetHCLKFreq
 .text.RCCEx_PLL2_Config
                0x0000000008018e78      0x10c build/stm32h7xx_hal_rcc_ex.o
 .text.RCCEx_PLL3_Config
                0x0000000008018f84      0x10c build/stm32h7xx_hal_rcc_ex.o
 .text.HAL_RCCEx_PeriphCLKConfig
                0x0000000008019090      0x9c4 build/stm32h7xx_hal_rcc_ex.o
                0x0000000008019090                HAL_RCCEx_PeriphCLKConfig
 .text.HAL_RCCEx_GetD3PCLK1Freq
                0x0000000008019a54       0x24 build/stm32h7xx_hal_rcc_ex.o
                0x0000000008019a54                HAL_RCCEx_GetD3PCLK1Freq
 .text.HAL_RCCEx_GetPLL2ClockFreq
                0x0000000008019a78      0x1f8 build/stm32h7xx_hal_rcc_ex.o
                0x0000000008019a78                HAL_RCCEx_GetPLL2ClockFreq
 .text.HAL_RCCEx_GetPLL3ClockFreq
                0x0000000008019c70      0x1f8 build/stm32h7xx_hal_rcc_ex.o
                0x0000000008019c70                HAL_RCCEx_GetPLL3ClockFreq
 .text.HAL_RCCEx_GetPLL1ClockFreq
                0x0000000008019e68      0x1f8 build/stm32h7xx_hal_rcc_ex.o
                0x0000000008019e68                HAL_RCCEx_GetPLL1ClockFreq
 .text.HAL_RCCEx_GetPeriphCLKFreq
                0x000000000801a060      0x614 build/stm32h7xx_hal_rcc_ex.o
                0x000000000801a060                HAL_RCCEx_GetPeriphCLKFreq
 .text.HAL_GPIO_Init
                0x000000000801a674      0x220 build/stm32h7xx_hal_gpio.o
                0x000000000801a674                HAL_GPIO_Init
 .text.HAL_GPIO_DeInit
                0x000000000801a894      0x150 build/stm32h7xx_hal_gpio.o
                0x000000000801a894                HAL_GPIO_DeInit
 .text.HAL_GPIO_ReadPin
                0x000000000801a9e4        0xe build/stm32h7xx_hal_gpio.o
                0x000000000801a9e4                HAL_GPIO_ReadPin
 .text.HAL_GPIO_WritePin
                0x000000000801a9f2        0xc build/stm32h7xx_hal_gpio.o
                0x000000000801a9f2                HAL_GPIO_WritePin
 .text.HAL_GPIO_EXTI_IRQHandler
                0x000000000801a9fe       0x1e build/stm32h7xx_hal_gpio.o
                0x000000000801a9fe                HAL_GPIO_EXTI_IRQHandler
 .text.HAL_PWREx_ConfigSupply
                0x000000000801aa1c       0x54 build/stm32h7xx_hal_pwr_ex.o
                0x000000000801aa1c                HAL_PWREx_ConfigSupply
 .text.HAL_PWREx_EnableUSBVoltageDetector
                0x000000000801aa70       0x10 build/stm32h7xx_hal_pwr_ex.o
                0x000000000801aa70                HAL_PWREx_EnableUSBVoltageDetector
 .text.SPI_CloseTransfer
                0x000000000801aa80       0xd0 build/stm32h7xx_hal_spi.o
 .text.SPI_GetPacketSize
                0x000000000801ab50       0x10 build/stm32h7xx_hal_spi.o
 .text.SPI_WaitOnFlagUntilTimeout
                0x000000000801ab60       0x48 build/stm32h7xx_hal_spi.o
 .text.HAL_SPI_MspInit
                0x000000000801aba8        0x2 build/stm32h7xx_hal_spi.o
                0x000000000801aba8                HAL_SPI_MspInit
 *fill*         0x000000000801abaa        0x2 
 .text.HAL_SPI_Init
                0x000000000801abac      0x168 build/stm32h7xx_hal_spi.o
                0x000000000801abac                HAL_SPI_Init
 .text.HAL_SPI_Transmit
                0x000000000801ad14      0x2c4 build/stm32h7xx_hal_spi.o
                0x000000000801ad14                HAL_SPI_Transmit
 .text.HAL_SPI_TransmitReceive
                0x000000000801afd8      0x420 build/stm32h7xx_hal_spi.o
                0x000000000801afd8                HAL_SPI_TransmitReceive
 .text.HAL_SPI_Receive
                0x000000000801b3f8      0x2b8 build/stm32h7xx_hal_spi.o
                0x000000000801b3f8                HAL_SPI_Receive
 .text.PCD_WriteEmptyTxFifo
                0x000000000801b6b0       0xd0 build/stm32h7xx_hal_pcd.o
 .text.HAL_PCD_Init
                0x000000000801b780      0x13c build/stm32h7xx_hal_pcd.o
                0x000000000801b780                HAL_PCD_Init
 .text.HAL_PCD_Start
                0x000000000801b8bc       0x42 build/stm32h7xx_hal_pcd.o
                0x000000000801b8bc                HAL_PCD_Start
 *fill*         0x000000000801b8fe        0x2 
 .text.PCD_EP_OutXfrComplete_int
                0x000000000801b900       0xf4 build/stm32h7xx_hal_pcd.o
 .text.PCD_EP_OutSetupPacket_int
                0x000000000801b9f4       0x50 build/stm32h7xx_hal_pcd.o
 .text.HAL_PCD_IRQHandler
                0x000000000801ba44      0x4b6 build/stm32h7xx_hal_pcd.o
                0x000000000801ba44                HAL_PCD_IRQHandler
 .text.HAL_PCD_SetAddress
                0x000000000801befa       0x28 build/stm32h7xx_hal_pcd.o
                0x000000000801befa                HAL_PCD_SetAddress
 .text.HAL_PCD_EP_Open
                0x000000000801bf22       0x8a build/stm32h7xx_hal_pcd.o
                0x000000000801bf22                HAL_PCD_EP_Open
 .text.HAL_PCD_EP_Close
                0x000000000801bfac       0x72 build/stm32h7xx_hal_pcd.o
                0x000000000801bfac                HAL_PCD_EP_Close
 .text.HAL_PCD_EP_Receive
                0x000000000801c01e       0x5e build/stm32h7xx_hal_pcd.o
                0x000000000801c01e                HAL_PCD_EP_Receive
 .text.HAL_PCD_EP_GetRxCount
                0x000000000801c07c       0x12 build/stm32h7xx_hal_pcd.o
                0x000000000801c07c                HAL_PCD_EP_GetRxCount
 .text.HAL_PCD_EP_Transmit
                0x000000000801c08e       0x5e build/stm32h7xx_hal_pcd.o
                0x000000000801c08e                HAL_PCD_EP_Transmit
 .text.HAL_PCD_EP_SetStall
                0x000000000801c0ec       0x88 build/stm32h7xx_hal_pcd.o
                0x000000000801c0ec                HAL_PCD_EP_SetStall
 .text.HAL_PCD_EP_ClrStall
                0x000000000801c174       0x76 build/stm32h7xx_hal_pcd.o
                0x000000000801c174                HAL_PCD_EP_ClrStall
 .text.HAL_PCDEx_SetTxFiFo
                0x000000000801c1ea       0x4c build/stm32h7xx_hal_pcd_ex.o
                0x000000000801c1ea                HAL_PCDEx_SetTxFiFo
 .text.HAL_PCDEx_SetRxFiFo
                0x000000000801c236        0x8 build/stm32h7xx_hal_pcd_ex.o
                0x000000000801c236                HAL_PCDEx_SetRxFiFo
 *fill*         0x000000000801c23e        0x2 
 .text.HAL_PCDEx_ActivateLPM
                0x000000000801c240       0x28 build/stm32h7xx_hal_pcd_ex.o
                0x000000000801c240                HAL_PCDEx_ActivateLPM
 .text.HAL_PCDEx_LPM_Callback
                0x000000000801c268        0x2 build/stm32h7xx_hal_pcd_ex.o
                0x000000000801c268                HAL_PCDEx_LPM_Callback
 *fill*         0x000000000801c26a        0x2 
 .text.SD_SendSDStatus
                0x000000000801c26c      0x108 build/stm32h7xx_hal_sd.o
 .text.SD_FindSCR
                0x000000000801c374      0x108 build/stm32h7xx_hal_sd.o
 .text.SD_WideBus_Enable
                0x000000000801c47c       0x4e build/stm32h7xx_hal_sd.o
 .text.SD_WideBus_Disable
                0x000000000801c4ca       0x4e build/stm32h7xx_hal_sd.o
 .text.SD_SendStatus
                0x000000000801c518       0x2c build/stm32h7xx_hal_sd.o
 .text.HAL_SD_MspInit
                0x000000000801c544        0x2 build/stm32h7xx_hal_sd.o
                0x000000000801c544                HAL_SD_MspInit
 *fill*         0x000000000801c546        0x2 
 .text.HAL_SD_ReadBlocks
                0x000000000801c548      0x204 build/stm32h7xx_hal_sd.o
                0x000000000801c548                HAL_SD_ReadBlocks
 .text.HAL_SD_WriteBlocks
                0x000000000801c74c      0x214 build/stm32h7xx_hal_sd.o
                0x000000000801c74c                HAL_SD_WriteBlocks
 .text.HAL_SD_Erase
                0x000000000801c960       0xf8 build/stm32h7xx_hal_sd.o
                0x000000000801c960                HAL_SD_Erase
 .text.HAL_SD_DriveTransceiver_1_8V_Callback
                0x000000000801ca58        0x2 build/stm32h7xx_hal_sd.o
                0x000000000801ca58                HAL_SD_DriveTransceiver_1_8V_Callback
 *fill*         0x000000000801ca5a        0x2 
 .text.SD_PowerON
                0x000000000801ca5c      0x178 build/stm32h7xx_hal_sd.o
 .text.HAL_SD_GetCardCSD
                0x000000000801cbd4      0x1b8 build/stm32h7xx_hal_sd.o
                0x000000000801cbd4                HAL_SD_GetCardCSD
 .text.SD_InitCard
                0x000000000801cd8c       0xfc build/stm32h7xx_hal_sd.o
 .text.HAL_SD_InitCard
                0x000000000801ce88       0xd8 build/stm32h7xx_hal_sd.o
                0x000000000801ce88                HAL_SD_InitCard
 .text.HAL_SD_GetCardStatus
                0x000000000801cf60       0xd0 build/stm32h7xx_hal_sd.o
                0x000000000801cf60                HAL_SD_GetCardStatus
 .text.HAL_SD_GetCardInfo
                0x000000000801d030       0x24 build/stm32h7xx_hal_sd.o
                0x000000000801d030                HAL_SD_GetCardInfo
 .text.HAL_SD_ConfigWideBusOperation
                0x000000000801d054      0x158 build/stm32h7xx_hal_sd.o
                0x000000000801d054                HAL_SD_ConfigWideBusOperation
 .text.HAL_SD_GetCardState
                0x000000000801d1ac       0x22 build/stm32h7xx_hal_sd.o
                0x000000000801d1ac                HAL_SD_GetCardState
 .text.HAL_SD_Init
                0x000000000801d1ce       0xc2 build/stm32h7xx_hal_sd.o
                0x000000000801d1ce                HAL_SD_Init
 .text.SDMMC_GetCmdError
                0x000000000801d290       0x3c build/stm32h7xx_ll_sdmmc.o
 .text.SDMMC_Init
                0x000000000801d2cc       0x30 build/stm32h7xx_ll_sdmmc.o
                0x000000000801d2cc                SDMMC_Init
 .text.SDMMC_ReadFIFO
                0x000000000801d2fc        0x6 build/stm32h7xx_ll_sdmmc.o
                0x000000000801d2fc                SDMMC_ReadFIFO
 .text.SDMMC_WriteFIFO
                0x000000000801d302        0xa build/stm32h7xx_ll_sdmmc.o
                0x000000000801d302                SDMMC_WriteFIFO
 .text.SDMMC_PowerState_ON
                0x000000000801d30c        0xc build/stm32h7xx_ll_sdmmc.o
                0x000000000801d30c                SDMMC_PowerState_ON
 .text.SDMMC_GetPowerState
                0x000000000801d318        0x8 build/stm32h7xx_ll_sdmmc.o
                0x000000000801d318                SDMMC_GetPowerState
 .text.SDMMC_SendCommand
                0x000000000801d320       0x24 build/stm32h7xx_ll_sdmmc.o
                0x000000000801d320                SDMMC_SendCommand
 .text.SDMMC_GetCommandResponse
                0x000000000801d344        0x6 build/stm32h7xx_ll_sdmmc.o
                0x000000000801d344                SDMMC_GetCommandResponse
 .text.SDMMC_GetResponse
                0x000000000801d34a        0x6 build/stm32h7xx_ll_sdmmc.o
                0x000000000801d34a                SDMMC_GetResponse
 .text.SDMMC_ConfigData
                0x000000000801d350       0x24 build/stm32h7xx_ll_sdmmc.o
                0x000000000801d350                SDMMC_ConfigData
 .text.SDMMC_CmdGoIdleState
                0x000000000801d374       0x26 build/stm32h7xx_ll_sdmmc.o
                0x000000000801d374                SDMMC_CmdGoIdleState
 *fill*         0x000000000801d39a        0x2 
 .text.SDMMC_GetCmdResp1
                0x000000000801d39c      0x160 build/stm32h7xx_ll_sdmmc.o
                0x000000000801d39c                SDMMC_GetCmdResp1
 .text.SDMMC_CmdBlockLength
                0x000000000801d4fc       0x32 build/stm32h7xx_ll_sdmmc.o
                0x000000000801d4fc                SDMMC_CmdBlockLength
 .text.SDMMC_CmdReadSingleBlock
                0x000000000801d52e       0x32 build/stm32h7xx_ll_sdmmc.o
                0x000000000801d52e                SDMMC_CmdReadSingleBlock
 .text.SDMMC_CmdReadMultiBlock
                0x000000000801d560       0x32 build/stm32h7xx_ll_sdmmc.o
                0x000000000801d560                SDMMC_CmdReadMultiBlock
 .text.SDMMC_CmdWriteSingleBlock
                0x000000000801d592       0x32 build/stm32h7xx_ll_sdmmc.o
                0x000000000801d592                SDMMC_CmdWriteSingleBlock
 .text.SDMMC_CmdWriteMultiBlock
                0x000000000801d5c4       0x32 build/stm32h7xx_ll_sdmmc.o
                0x000000000801d5c4                SDMMC_CmdWriteMultiBlock
 .text.SDMMC_CmdSDEraseStartAdd
                0x000000000801d5f6       0x32 build/stm32h7xx_ll_sdmmc.o
                0x000000000801d5f6                SDMMC_CmdSDEraseStartAdd
 .text.SDMMC_CmdSDEraseEndAdd
                0x000000000801d628       0x32 build/stm32h7xx_ll_sdmmc.o
                0x000000000801d628                SDMMC_CmdSDEraseEndAdd
 .text.SDMMC_CmdErase
                0x000000000801d65a       0x32 build/stm32h7xx_ll_sdmmc.o
                0x000000000801d65a                SDMMC_CmdErase
 .text.SDMMC_CmdStopTransfer
                0x000000000801d68c       0x58 build/stm32h7xx_ll_sdmmc.o
                0x000000000801d68c                SDMMC_CmdStopTransfer
 .text.SDMMC_CmdSelDesel
                0x000000000801d6e4       0x32 build/stm32h7xx_ll_sdmmc.o
                0x000000000801d6e4                SDMMC_CmdSelDesel
 .text.SDMMC_CmdAppCommand
                0x000000000801d716       0x32 build/stm32h7xx_ll_sdmmc.o
                0x000000000801d716                SDMMC_CmdAppCommand
 .text.SDMMC_CmdBusWidth
                0x000000000801d748       0x32 build/stm32h7xx_ll_sdmmc.o
                0x000000000801d748                SDMMC_CmdBusWidth
 .text.SDMMC_CmdSendSCR
                0x000000000801d77a       0x32 build/stm32h7xx_ll_sdmmc.o
                0x000000000801d77a                SDMMC_CmdSendSCR
 .text.SDMMC_CmdSendStatus
                0x000000000801d7ac       0x32 build/stm32h7xx_ll_sdmmc.o
                0x000000000801d7ac                SDMMC_CmdSendStatus
 .text.SDMMC_CmdStatusRegister
                0x000000000801d7de       0x32 build/stm32h7xx_ll_sdmmc.o
                0x000000000801d7de                SDMMC_CmdStatusRegister
 .text.SDMMC_CmdVoltageSwitch
                0x000000000801d810       0x32 build/stm32h7xx_ll_sdmmc.o
                0x000000000801d810                SDMMC_CmdVoltageSwitch
 *fill*         0x000000000801d842        0x2 
 .text.SDMMC_GetCmdResp2
                0x000000000801d844       0x60 build/stm32h7xx_ll_sdmmc.o
                0x000000000801d844                SDMMC_GetCmdResp2
 .text.SDMMC_CmdSendCID
                0x000000000801d8a4       0x2c build/stm32h7xx_ll_sdmmc.o
                0x000000000801d8a4                SDMMC_CmdSendCID
 .text.SDMMC_CmdSendCSD
                0x000000000801d8d0       0x2c build/stm32h7xx_ll_sdmmc.o
                0x000000000801d8d0                SDMMC_CmdSendCSD
 .text.SDMMC_GetCmdResp3
                0x000000000801d8fc       0x50 build/stm32h7xx_ll_sdmmc.o
                0x000000000801d8fc                SDMMC_GetCmdResp3
 .text.SDMMC_CmdAppOperCommand
                0x000000000801d94c       0x2c build/stm32h7xx_ll_sdmmc.o
                0x000000000801d94c                SDMMC_CmdAppOperCommand
 .text.SDMMC_GetCmdResp6
                0x000000000801d978       0xa4 build/stm32h7xx_ll_sdmmc.o
                0x000000000801d978                SDMMC_GetCmdResp6
 .text.SDMMC_CmdSetRelAdd
                0x000000000801da1c       0x32 build/stm32h7xx_ll_sdmmc.o
                0x000000000801da1c                SDMMC_CmdSetRelAdd
 *fill*         0x000000000801da4e        0x2 
 .text.SDMMC_GetCmdResp7
                0x000000000801da50       0x64 build/stm32h7xx_ll_sdmmc.o
                0x000000000801da50                SDMMC_GetCmdResp7
 .text.SDMMC_CmdOperCond
                0x000000000801dab4       0x30 build/stm32h7xx_ll_sdmmc.o
                0x000000000801dab4                SDMMC_CmdOperCond
 .text.USB_CoreReset
                0x000000000801dae4       0x4c build/stm32h7xx_ll_usb.o
 .text.USB_CoreInit
                0x000000000801db30       0x9c build/stm32h7xx_ll_usb.o
                0x000000000801db30                USB_CoreInit
 .text.USB_SetTurnaroundTime
                0x000000000801dbcc       0xe4 build/stm32h7xx_ll_usb.o
                0x000000000801dbcc                USB_SetTurnaroundTime
 .text.USB_EnableGlobalInt
                0x000000000801dcb0        0xc build/stm32h7xx_ll_usb.o
                0x000000000801dcb0                USB_EnableGlobalInt
 .text.USB_DisableGlobalInt
                0x000000000801dcbc        0xc build/stm32h7xx_ll_usb.o
                0x000000000801dcbc                USB_DisableGlobalInt
 .text.USB_FlushTxFifo
                0x000000000801dcc8       0x4c build/stm32h7xx_ll_usb.o
                0x000000000801dcc8                USB_FlushTxFifo
 .text.USB_FlushRxFifo
                0x000000000801dd14       0x48 build/stm32h7xx_ll_usb.o
                0x000000000801dd14                USB_FlushRxFifo
 .text.USB_SetDevSpeed
                0x000000000801dd5c        0xe build/stm32h7xx_ll_usb.o
                0x000000000801dd5c                USB_SetDevSpeed
 *fill*         0x000000000801dd6a        0x2 
 .text.USB_DevInit
                0x000000000801dd6c      0x188 build/stm32h7xx_ll_usb.o
                0x000000000801dd6c                USB_DevInit
 .text.USB_GetDevSpeed
                0x000000000801def4       0x1e build/stm32h7xx_ll_usb.o
                0x000000000801def4                USB_GetDevSpeed
 *fill*         0x000000000801df12        0x2 
 .text.USB_ActivateEndpoint
                0x000000000801df14       0x9c build/stm32h7xx_ll_usb.o
                0x000000000801df14                USB_ActivateEndpoint
 .text.USB_DeactivateEndpoint
                0x000000000801dfb0       0xe0 build/stm32h7xx_ll_usb.o
                0x000000000801dfb0                USB_DeactivateEndpoint
 .text.USB_EP0StartXfer
                0x000000000801e090      0x11c build/stm32h7xx_ll_usb.o
                0x000000000801e090                USB_EP0StartXfer
 .text.USB_WritePacket
                0x000000000801e1ac       0x2e build/stm32h7xx_ll_usb.o
                0x000000000801e1ac                USB_WritePacket
 *fill*         0x000000000801e1da        0x2 
 .text.USB_EPStartXfer
                0x000000000801e1dc      0x234 build/stm32h7xx_ll_usb.o
                0x000000000801e1dc                USB_EPStartXfer
 .text.USB_ReadPacket
                0x000000000801e410       0x54 build/stm32h7xx_ll_usb.o
                0x000000000801e410                USB_ReadPacket
 .text.USB_EPSetStall
                0x000000000801e464       0x5a build/stm32h7xx_ll_usb.o
                0x000000000801e464                USB_EPSetStall
 .text.USB_EPClearStall
                0x000000000801e4be       0x5c build/stm32h7xx_ll_usb.o
                0x000000000801e4be                USB_EPClearStall
 .text.USB_SetDevAddress
                0x000000000801e51a       0x20 build/stm32h7xx_ll_usb.o
                0x000000000801e51a                USB_SetDevAddress
 .text.USB_DevConnect
                0x000000000801e53a       0x1c build/stm32h7xx_ll_usb.o
                0x000000000801e53a                USB_DevConnect
 .text.USB_DevDisconnect
                0x000000000801e556       0x1c build/stm32h7xx_ll_usb.o
                0x000000000801e556                USB_DevDisconnect
 .text.USB_ReadInterrupts
                0x000000000801e572        0x8 build/stm32h7xx_ll_usb.o
                0x000000000801e572                USB_ReadInterrupts
 .text.USB_ReadDevAllOutEpInterrupt
                0x000000000801e57a       0x10 build/stm32h7xx_ll_usb.o
                0x000000000801e57a                USB_ReadDevAllOutEpInterrupt
 .text.USB_ReadDevAllInEpInterrupt
                0x000000000801e58a       0x10 build/stm32h7xx_ll_usb.o
                0x000000000801e58a                USB_ReadDevAllInEpInterrupt
 .text.USB_ReadDevOutEPInterrupt
                0x000000000801e59a       0x12 build/stm32h7xx_ll_usb.o
                0x000000000801e59a                USB_ReadDevOutEPInterrupt
 .text.USB_ReadDevInEPInterrupt
                0x000000000801e5ac       0x28 build/stm32h7xx_ll_usb.o
                0x000000000801e5ac                USB_ReadDevInEPInterrupt
 .text.USB_GetMode
                0x000000000801e5d4        0x8 build/stm32h7xx_ll_usb.o
                0x000000000801e5d4                USB_GetMode
 .text.USB_SetCurrentMode
                0x000000000801e5dc       0x62 build/stm32h7xx_ll_usb.o
                0x000000000801e5dc                USB_SetCurrentMode
 *fill*         0x000000000801e63e        0x2 
 .text.USB_ActivateSetup
                0x000000000801e640       0x20 build/stm32h7xx_ll_usb.o
                0x000000000801e640                USB_ActivateSetup
 .text.USB_EP0_OutStart
                0x000000000801e660       0x60 build/stm32h7xx_ll_usb.o
                0x000000000801e660                USB_EP0_OutStart
 .text.Reset_Handler
                0x000000000801e6c0       0x50 build/startup_stm32h743xx.o
                0x000000000801e6c0                Reset_Handler
 .text.Default_Handler
                0x000000000801e710        0x2 build/startup_stm32h743xx.o
                0x000000000801e710                DMA1_Stream3_IRQHandler
                0x000000000801e710                TIM8_CC_IRQHandler
                0x000000000801e710                HRTIM1_Master_IRQHandler
                0x000000000801e710                UART8_IRQHandler
                0x000000000801e710                SPI4_IRQHandler
                0x000000000801e710                TIM1_CC_IRQHandler
                0x000000000801e710                BDMA_Channel6_IRQHandler
                0x000000000801e710                DMA2_Stream5_IRQHandler
                0x000000000801e710                HRTIM1_FLT_IRQHandler
                0x000000000801e710                JPEG_IRQHandler
                0x000000000801e710                DMA1_Stream5_IRQHandler
                0x000000000801e710                BDMA_Channel1_IRQHandler
                0x000000000801e710                HRTIM1_TIMD_IRQHandler
                0x000000000801e710                TAMP_STAMP_IRQHandler
                0x000000000801e710                LPTIM4_IRQHandler
                0x000000000801e710                TIM8_TRG_COM_TIM14_IRQHandler
                0x000000000801e710                LPTIM2_IRQHandler
                0x000000000801e710                DFSDM1_FLT1_IRQHandler
                0x000000000801e710                DMAMUX2_OVR_IRQHandler
                0x000000000801e710                TIM8_UP_TIM13_IRQHandler
                0x000000000801e710                I2C3_ER_IRQHandler
                0x000000000801e710                DFSDM1_FLT2_IRQHandler
                0x000000000801e710                MDMA_IRQHandler
                0x000000000801e710                LPTIM3_IRQHandler
                0x000000000801e710                HSEM1_IRQHandler
                0x000000000801e710                I2C2_EV_IRQHandler
                0x000000000801e710                DMA1_Stream2_IRQHandler
                0x000000000801e710                FPU_IRQHandler
                0x000000000801e710                OTG_HS_WKUP_IRQHandler
                0x000000000801e710                FDCAN1_IT1_IRQHandler
                0x000000000801e710                LTDC_ER_IRQHandler
                0x000000000801e710                DMA2_Stream2_IRQHandler
                0x000000000801e710                HRTIM1_TIME_IRQHandler
                0x000000000801e710                SPI1_IRQHandler
                0x000000000801e710                TIM6_DAC_IRQHandler
                0x000000000801e710                DCMI_IRQHandler
                0x000000000801e710                HRTIM1_TIMC_IRQHandler
                0x000000000801e710                DMA2_Stream3_IRQHandler
                0x000000000801e710                SAI2_IRQHandler
                0x000000000801e710                DFSDM1_FLT3_IRQHandler
                0x000000000801e710                USART6_IRQHandler
                0x000000000801e710                TIM17_IRQHandler
                0x000000000801e710                USART3_IRQHandler
                0x000000000801e710                BDMA_Channel7_IRQHandler
                0x000000000801e710                LPTIM5_IRQHandler
                0x000000000801e710                UART5_IRQHandler
                0x000000000801e710                ADC3_IRQHandler
                0x000000000801e710                DMA2_Stream0_IRQHandler
                0x000000000801e710                TIM4_IRQHandler
                0x000000000801e710                BDMA_Channel2_IRQHandler
                0x000000000801e710                QUADSPI_IRQHandler
                0x000000000801e710                I2C1_EV_IRQHandler
                0x000000000801e710                DMA1_Stream6_IRQHandler
                0x000000000801e710                DMAMUX1_OVR_IRQHandler
                0x000000000801e710                DMA1_Stream1_IRQHandler
                0x000000000801e710                TIM16_IRQHandler
                0x000000000801e710                UART4_IRQHandler
                0x000000000801e710                BDMA_Channel5_IRQHandler
                0x000000000801e710                TIM3_IRQHandler
                0x000000000801e710                RCC_IRQHandler
                0x000000000801e710                TIM8_BRK_TIM12_IRQHandler
                0x000000000801e710                TIM1_TRG_COM_IRQHandler
                0x000000000801e710                Default_Handler
                0x000000000801e710                ECC_IRQHandler
                0x000000000801e710                CEC_IRQHandler
                0x000000000801e710                BDMA_Channel0_IRQHandler
                0x000000000801e710                ADC_IRQHandler
                0x000000000801e710                DMA1_Stream7_IRQHandler
                0x000000000801e710                HRTIM1_TIMA_IRQHandler
                0x000000000801e710                SPI5_IRQHandler
                0x000000000801e710                TIM7_IRQHandler
                0x000000000801e710                SDMMC1_IRQHandler
                0x000000000801e710                TIM5_IRQHandler
                0x000000000801e710                DMA2_Stream7_IRQHandler
                0x000000000801e710                TIM15_IRQHandler
                0x000000000801e710                PVD_AVD_IRQHandler
                0x000000000801e710                I2C3_EV_IRQHandler
                0x000000000801e710                RTC_WKUP_IRQHandler
                0x000000000801e710                LTDC_IRQHandler
                0x000000000801e710                SAI3_IRQHandler
                0x000000000801e710                ETH_WKUP_IRQHandler
                0x000000000801e710                SPDIF_RX_IRQHandler
                0x000000000801e710                SPI2_IRQHandler
                0x000000000801e710                OTG_HS_EP1_IN_IRQHandler
                0x000000000801e710                DMA1_Stream0_IRQHandler
                0x000000000801e710                CRS_IRQHandler
                0x000000000801e710                RNG_IRQHandler
                0x000000000801e710                HRTIM1_TIMB_IRQHandler
                0x000000000801e710                FDCAN2_IT1_IRQHandler
                0x000000000801e710                ETH_IRQHandler
                0x000000000801e710                TIM1_UP_IRQHandler
                0x000000000801e710                BDMA_Channel4_IRQHandler
                0x000000000801e710                OTG_HS_EP1_OUT_IRQHandler
                0x000000000801e710                WWDG_IRQHandler
                0x000000000801e710                SPI6_IRQHandler
                0x000000000801e710                MDIOS_IRQHandler
                0x000000000801e710                I2C4_EV_IRQHandler
                0x000000000801e710                FDCAN2_IT0_IRQHandler
                0x000000000801e710                LPUART1_IRQHandler
                0x000000000801e710                FDCAN1_IT0_IRQHandler
                0x000000000801e710                TIM2_IRQHandler
                0x000000000801e710                OTG_FS_WKUP_IRQHandler
                0x000000000801e710                OTG_HS_IRQHandler
                0x000000000801e710                DMA2D_IRQHandler
                0x000000000801e710                TIM1_BRK_IRQHandler
                0x000000000801e710                SDMMC2_IRQHandler
                0x000000000801e710                OTG_FS_EP1_OUT_IRQHandler
                0x000000000801e710                BDMA_Channel3_IRQHandler
                0x000000000801e710                UART7_IRQHandler
                0x000000000801e710                MDIOS_WKUP_IRQHandler
                0x000000000801e710                USART2_IRQHandler
                0x000000000801e710                DFSDM1_FLT0_IRQHandler
                0x000000000801e710                SAI4_IRQHandler
                0x000000000801e710                I2C2_ER_IRQHandler
                0x000000000801e710                DMA2_Stream1_IRQHandler
                0x000000000801e710                FLASH_IRQHandler
                0x000000000801e710                DMA2_Stream4_IRQHandler
                0x000000000801e710                USART1_IRQHandler
                0x000000000801e710                SPI3_IRQHandler
                0x000000000801e710                WAKEUP_PIN_IRQHandler
                0x000000000801e710                DMA1_Stream4_IRQHandler
                0x000000000801e710                OTG_FS_EP1_IN_IRQHandler
                0x000000000801e710                I2C1_ER_IRQHandler
                0x000000000801e710                FMC_IRQHandler
                0x000000000801e710                FDCAN_CAL_IRQHandler
                0x000000000801e710                SWPMI1_IRQHandler
                0x000000000801e710                COMP1_IRQHandler
                0x000000000801e710                LPTIM1_IRQHandler
                0x000000000801e710                I2C4_ER_IRQHandler
                0x000000000801e710                DMA2_Stream6_IRQHandler
                0x000000000801e710                SAI1_IRQHandler
                0x000000000801e710                RTC_Alarm_IRQHandler
 *fill*         0x000000000801e712        0x2 
 .text.__libc_init_array
                0x000000000801e714       0x48 /usr/local/arm-none-eabi-gcc/gcc-arm-none-eabi-10-2020-q4-major/bin/../lib/gcc/arm-none-eabi/10.2.1/../../../../arm-none-eabi/lib/thumb/v7e-m+dp/hard/libc_nano.a(lib_a-init.o)
                0x000000000801e714                __libc_init_array
 .text.memcmp   0x000000000801e75c       0x20 /usr/local/arm-none-eabi-gcc/gcc-arm-none-eabi-10-2020-q4-major/bin/../lib/gcc/arm-none-eabi/10.2.1/../../../../arm-none-eabi/lib/thumb/v7e-m+dp/hard/libc_nano.a(lib_a-memcmp.o)
                0x000000000801e75c                memcmp
 .text.memcpy   0x000000000801e77c       0x1c /usr/local/arm-none-eabi-gcc/gcc-arm-none-eabi-10-2020-q4-major/bin/../lib/gcc/arm-none-eabi/10.2.1/../../../../arm-none-eabi/lib/thumb/v7e-m+dp/hard/libc_nano.a(lib_a-memcpy-stub.o)
                0x000000000801e77c                memcpy
 .text.memset   0x000000000801e798       0x10 /usr/local/arm-none-eabi-gcc/gcc-arm-none-eabi-10-2020-q4-major/bin/../lib/gcc/arm-none-eabi/10.2.1/../../../../arm-none-eabi/lib/thumb/v7e-m+dp/hard/libc_nano.a(lib_a-memset.o)
                0x000000000801e798                memset
 .text.strchr   0x000000000801e7a8       0x1a /usr/local/arm-none-eabi-gcc/gcc-arm-none-eabi-10-2020-q4-major/bin/../lib/gcc/arm-none-eabi/10.2.1/../../../../arm-none-eabi/lib/thumb/v7e-m+dp/hard/libc_nano.a(lib_a-strchr.o)
                0x000000000801e7a8                strchr
 .text.strncmp  0x000000000801e7c2       0x28 /usr/local/arm-none-eabi-gcc/gcc-arm-none-eabi-10-2020-q4-major/bin/../lib/gcc/arm-none-eabi/10.2.1/../../../../arm-none-eabi/lib/thumb/v7e-m+dp/hard/libc_nano.a(lib_a-strncmp.o)
                0x000000000801e7c2                strncmp
 *fill*         0x000000000801e7ea        0x2 
 .text.strtok   0x000000000801e7ec       0x68 /usr/local/arm-none-eabi-gcc/gcc-arm-none-eabi-10-2020-q4-major/bin/../lib/gcc/arm-none-eabi/10.2.1/../../../../arm-none-eabi/lib/thumb/v7e-m+dp/hard/libc_nano.a(lib_a-strtok.o)
                0x000000000801e7ec                strtok
 .text.__strtok_r
                0x000000000801e854       0x50 /usr/local/arm-none-eabi-gcc/gcc-arm-none-eabi-10-2020-q4-major/bin/../lib/gcc/arm-none-eabi/10.2.1/../../../../arm-none-eabi/lib/thumb/v7e-m+dp/hard/libc_nano.a(lib_a-strtok_r.o)
                0x000000000801e854                __strtok_r
 .text._vsnprintf_r
                0x000000000801e8a4       0x56 /usr/local/arm-none-eabi-gcc/gcc-arm-none-eabi-10-2020-q4-major/bin/../lib/gcc/arm-none-eabi/10.2.1/../../../../arm-none-eabi/lib/thumb/v7e-m+dp/hard/libc_nano.a(lib_a-vsnprintf.o)
                0x000000000801e8a4                _vsnprintf_r
                0x000000000801e8a4                _vsniprintf_r
 *fill*         0x000000000801e8fa        0x2 
 .text.vsnprintf
                0x000000000801e8fc       0x1c /usr/local/arm-none-eabi-gcc/gcc-arm-none-eabi-10-2020-q4-major/bin/../lib/gcc/arm-none-eabi/10.2.1/../../../../arm-none-eabi/lib/thumb/v7e-m+dp/hard/libc_nano.a(lib_a-vsnprintf.o)
                0x000000000801e8fc                vsnprintf
                0x000000000801e8fc                vsniprintf
 .text.__assert_func
                0x000000000801e918       0x3c /usr/local/arm-none-eabi-gcc/gcc-arm-none-eabi-10-2020-q4-major/bin/../lib/gcc/arm-none-eabi/10.2.1/../../../../arm-none-eabi/lib/thumb/v7e-m+dp/hard/libc_nano.a(lib_a-assert.o)
                0x000000000801e918                __assert_func
 .text.fprintf  0x000000000801e954       0x24 /usr/local/arm-none-eabi-gcc/gcc-arm-none-eabi-10-2020-q4-major/bin/../lib/gcc/arm-none-eabi/10.2.1/../../../../arm-none-eabi/lib/thumb/v7e-m+dp/hard/libc_nano.a(lib_a-fprintf.o)
                0x000000000801e954                fprintf
                0x000000000801e954                fiprintf
 .text.malloc   0x000000000801e978       0x10 /usr/local/arm-none-eabi-gcc/gcc-arm-none-eabi-10-2020-q4-major/bin/../lib/gcc/arm-none-eabi/10.2.1/../../../../arm-none-eabi/lib/thumb/v7e-m+dp/hard/libc_nano.a(lib_a-malloc.o)
                0x000000000801e978                malloc
 .text._free_r  0x000000000801e988       0x98 /usr/local/arm-none-eabi-gcc/gcc-arm-none-eabi-10-2020-q4-major/bin/../lib/gcc/arm-none-eabi/10.2.1/../../../../arm-none-eabi/lib/thumb/v7e-m+dp/hard/libc_nano.a(lib_a-nano-freer.o)
                0x000000000801e988                _free_r
 .text._malloc_r
                0x000000000801ea20       0xb4 /usr/local/arm-none-eabi-gcc/gcc-arm-none-eabi-10-2020-q4-major/bin/../lib/gcc/arm-none-eabi/10.2.1/../../../../arm-none-eabi/lib/thumb/v7e-m+dp/hard/libc_nano.a(lib_a-nano-mallocr.o)
                0x000000000801ea20                _malloc_r
 .text.__ssputs_r
                0x000000000801ead4       0xb6 /usr/local/arm-none-eabi-gcc/gcc-arm-none-eabi-10-2020-q4-major/bin/../lib/gcc/arm-none-eabi/10.2.1/../../../../arm-none-eabi/lib/thumb/v7e-m+dp/hard/libc_nano.a(lib_a-nano-svfprintf.o)
                0x000000000801ead4                __ssputs_r
 *fill*         0x000000000801eb8a        0x2 
 .text._svfprintf_r
                0x000000000801eb8c      0x200 /usr/local/arm-none-eabi-gcc/gcc-arm-none-eabi-10-2020-q4-major/bin/../lib/gcc/arm-none-eabi/10.2.1/../../../../arm-none-eabi/lib/thumb/v7e-m+dp/hard/libc_nano.a(lib_a-nano-svfprintf.o)
                0x000000000801eb8c                _svfprintf_r
                0x000000000801eb8c                _svfiprintf_r
 .text.__sfputc_r
                0x000000000801ed8c       0x2e /usr/local/arm-none-eabi-gcc/gcc-arm-none-eabi-10-2020-q4-major/bin/../lib/gcc/arm-none-eabi/10.2.1/../../../../arm-none-eabi/lib/thumb/v7e-m+dp/hard/libc_nano.a(lib_a-nano-vfprintf.o)
 .text.__sfputs_r
                0x000000000801edba       0x24 /usr/local/arm-none-eabi-gcc/gcc-arm-none-eabi-10-2020-q4-major/bin/../lib/gcc/arm-none-eabi/10.2.1/../../../../arm-none-eabi/lib/thumb/v7e-m+dp/hard/libc_nano.a(lib_a-nano-vfprintf.o)
                0x000000000801edba                __sfputs_r
 *fill*         0x000000000801edde        0x2 
 .text._vfprintf_r
                0x000000000801ede0      0x260 /usr/local/arm-none-eabi-gcc/gcc-arm-none-eabi-10-2020-q4-major/bin/../lib/gcc/arm-none-eabi/10.2.1/../../../../arm-none-eabi/lib/thumb/v7e-m+dp/hard/libc_nano.a(lib_a-nano-vfprintf.o)
                0x000000000801ede0                _vfiprintf_r