Archive member included to satisfy reference by file (symbol)

c:/program files (x86)/gnu arm embedded toolchain/10 2021.10/bin/../lib/gcc/arm-none-eabi/10.3.1/../../../../arm-none-eabi/lib/thumb/v7e-m+dp/hard\libc_nano.a(lib_a-ctype_.o)
                              build/DiskIO.o (_ctype_)
c:/program files (x86)/gnu arm embedded toolchain/10 2021.10/bin/../lib/gcc/arm-none-eabi/10.3.1/../../../../arm-none-eabi/lib/thumb/v7e-m+dp/hard\libc_nano.a(lib_a-exit.o)
                              c:/program files (x86)/gnu arm embedded toolchain/10 2021.10/bin/../lib/gcc/arm-none-eabi/10.3.1/../../../../arm-none-eabi/lib/thumb/v7e-m+dp/hard/crt0.o (exit)
c:/program files (x86)/gnu arm embedded toolchain/10 2021.10/bin/../lib/gcc/arm-none-eabi/10.3.1/../../../../arm-none-eabi/lib/thumb/v7e-m+dp/hard\libc_nano.a(lib_a-impure.o)
                              c:/program files (x86)/gnu arm embedded toolchain/10 2021.10/bin/../lib/gcc/arm-none-eabi/10.3.1/../../../../arm-none-eabi/lib/thumb/v7e-m+dp/hard\libc_nano.a(lib_a-exit.o) (_global_impure_ptr)
c:/program files (x86)/gnu arm embedded toolchain/10 2021.10/bin/../lib/gcc/arm-none-eabi/10.3.1/../../../../arm-none-eabi/lib/thumb/v7e-m+dp/hard\libc_nano.a(lib_a-init.o)
                              c:/program files (x86)/gnu arm embedded toolchain/10 2021.10/bin/../lib/gcc/arm-none-eabi/10.3.1/../../../../arm-none-eabi/lib/thumb/v7e-m+dp/hard/crt0.o (__libc_init_array)
c:/program files (x86)/gnu arm embedded toolchain/10 2021.10/bin/../lib/gcc/arm-none-eabi/10.3.1/../../../../arm-none-eabi/lib/thumb/v7e-m+dp/hard\libc_nano.a(lib_a-memcmp.o)
                              build/DiskIO.o (memcmp)
c:/program files (x86)/gnu arm embedded toolchain/10 2021.10/bin/../lib/gcc/arm-none-eabi/10.3.1/../../../../arm-none-eabi/lib/thumb/v7e-m+dp/hard\libc_nano.a(lib_a-memcpy-stub.o)
                              build/Bsp_SPI.o (memcpy)
c:/program files (x86)/gnu arm embedded toolchain/10 2021.10/bin/../lib/gcc/arm-none-eabi/10.3.1/../../../../arm-none-eabi/lib/thumb/v7e-m+dp/hard\libc_nano.a(lib_a-memset.o)
                              c:/program files (x86)/gnu arm embedded toolchain/10 2021.10/bin/../lib/gcc/arm-none-eabi/10.3.1/../../../../arm-none-eabi/lib/thumb/v7e-m+dp/hard/crt0.o (memset)
c:/program files (x86)/gnu arm embedded toolchain/10 2021.10/bin/../lib/gcc/arm-none-eabi/10.3.1/../../../../arm-none-eabi/lib/thumb/v7e-m+dp/hard\libc_nano.a(lib_a-strchr.o)
                              build/DiskIO.o (strchr)
c:/program files (x86)/gnu arm embedded toolchain/10 2021.10/bin/../lib/gcc/arm-none-eabi/10.3.1/../../../../arm-none-eabi/lib/thumb/v7e-m+dp/hard\libc_nano.a(lib_a-strcmp.o)
                              build/shell.o (strcmp)
c:/program files (x86)/gnu arm embedded toolchain/10 2021.10/bin/../lib/gcc/arm-none-eabi/10.3.1/../../../../arm-none-eabi/lib/thumb/v7e-m+dp/hard\libc_nano.a(lib_a-strlen.o)
                              build/error_log.o (strlen)
c:/program files (x86)/gnu arm embedded toolchain/10 2021.10/bin/../lib/gcc/arm-none-eabi/10.3.1/../../../../arm-none-eabi/lib/thumb/v7e-m+dp/hard\libc_nano.a(lib_a-strncmp.o)
                              build/shell.o (strncmp)
c:/program files (x86)/gnu arm embedded toolchain/10 2021.10/bin/../lib/gcc/arm-none-eabi/10.3.1/../../../../arm-none-eabi/lib/thumb/v7e-m+dp/hard\libc_nano.a(lib_a-strtok.o)
                              build/DiskIO.o (strtok)
c:/program files (x86)/gnu arm embedded toolchain/10 2021.10/bin/../lib/gcc/arm-none-eabi/10.3.1/../../../../arm-none-eabi/lib/thumb/v7e-m+dp/hard\libc_nano.a(lib_a-strtok_r.o)
                              c:/program files (x86)/gnu arm embedded toolchain/10 2021.10/bin/../lib/gcc/arm-none-eabi/10.3.1/../../../../arm-none-eabi/lib/thumb/v7e-m+dp/hard\libc_nano.a(lib_a-strtok.o) (__strtok_r)
c:/program files (x86)/gnu arm embedded toolchain/10 2021.10/bin/../lib/gcc/arm-none-eabi/10.3.1/../../../../arm-none-eabi/lib/thumb/v7e-m+dp/hard\libc_nano.a(lib_a-vsnprintf.o)
                              build/error_log.o (vsnprintf)
c:/program files (x86)/gnu arm embedded toolchain/10 2021.10/bin/../lib/gcc/arm-none-eabi/10.3.1/../../../../arm-none-eabi/lib/thumb/v7e-m+dp/hard\libc_nano.a(lib_a-vsscanf.o)
                              build/shell.o (vsscanf)
c:/program files (x86)/gnu arm embedded toolchain/10 2021.10/bin/../lib/gcc/arm-none-eabi/10.3.1/../../../../arm-none-eabi/lib/thumb/v7e-m+dp/hard\libc_nano.a(lib_a-assert.o)
                              c:/program files (x86)/gnu arm embedded toolchain/10 2021.10/bin/../lib/gcc/arm-none-eabi/10.3.1/../../../../arm-none-eabi/lib/thumb/v7e-m+dp/hard\libc_nano.a(lib_a-strtok.o) (__assert_func)
c:/program files (x86)/gnu arm embedded toolchain/10 2021.10/bin/../lib/gcc/arm-none-eabi/10.3.1/../../../../arm-none-eabi/lib/thumb/v7e-m+dp/hard\libc_nano.a(lib_a-fprintf.o)
[...]
Memory Configuration

Name             Origin             Length             Attributes
DTCMRAM          0x20000000         0x00020000         xrw
RAM_D1           0x24000000         0x00080000         xrw
RAM_D2           0x30000000         0x00048000         xrw
RAM_D3           0x38000000         0x00010000         xrw
ITCMRAM          0x00000000         0x00010000         xrw
FLASH            0x08000000         0x00200000         xr
*default*        0x00000000         0xffffffff

Linker script and memory map

LOAD c:/program files (x86)/gnu arm embedded toolchain/10 2021.10/bin/../lib/gcc/arm-none-eabi/10.3.1/thumb/v7e-m+dp/hard/crti.o
LOAD c:/program files (x86)/gnu arm embedded toolchain/10 2021.10/bin/../lib/gcc/arm-none-eabi/10.3.1/thumb/v7e-m+dp/hard/crtbegin.o
LOAD c:/program files (x86)/gnu arm embedded toolchain/10 2021.10/bin/../lib/gcc/arm-none-eabi/10.3.1/../../../../arm-none-eabi/lib/thumb/v7e-m+dp/hard/crt0.o
LOAD build/main.o
LOAD build/debug_util.o
LOAD build/Task_Protocol.o
LOAD build/Task_Manager.o
LOAD build/Task_SensorInertial.o
LOAD build/IO_Definition.o
LOAD build/Bsp_GPIO.o
LOAD build/Bsp_SPI.o
LOAD build/Bsp_SDMMC.o
LOAD build/Dev_MPU6000.o
LOAD build/Dev_ICM20602.o
LOAD build/Dev_Led.o
LOAD build/Dev_W25Qxx.o
LOAD build/Dev_Card.o
LOAD build/SrvMPU_Sample.o
LOAD build/Data_Convert_Util.o
LOAD build/queue.o
LOAD build/linked_list.o
LOAD build/binary_tree.o
LOAD build/reboot.o
LOAD build/error_log.o
LOAD build/mmu.o
LOAD build/scheduler.o
LOAD build/kernel.o
LOAD build/runtime.o
LOAD build/DiskIO.o
LOAD build/shell_cmd_list.o
LOAD build/shell_companion.o
LOAD build/shell_ext.o
LOAD build/shell_port.o
LOAD build/shell.o
LOAD build/usb_device.o
LOAD build/usbd_desc.o
LOAD build/usbd_cdc_if.o
LOAD build/usbd_conf.o
LOAD build/usbd_core.o
LOAD build/usbd_ctlreq.o
LOAD build/usbd_ioreq.o
LOAD build/usbd_cdc.o
LOAD build/stm32h7xx_it.o
LOAD build/system_stm32h7xx.o
LOAD build/stm32h7xx_hal.o
LOAD build/stm32h7xx_hal_cortex.o
LOAD build/stm32h7xx_hal_rcc.o
LOAD build/stm32h7xx_hal_tim.o
LOAD build/stm32h7xx_hal_tim_ex.o
LOAD build/stm32h7xx_hal_rcc_ex.o
LOAD build/stm32h7xx_hal_flash.o
LOAD build/stm32h7xx_hal_flash_ex.o
LOAD build/stm32h7xx_hal_gpio.o
LOAD build/stm32h7xx_hal_hsem.o
LOAD build/stm32h7xx_hal_dma.o
LOAD build/stm32h7xx_hal_dma_ex.o
LOAD build/stm32h7xx_hal_mdma.o
LOAD build/stm32h7xx_hal_pwr.o
LOAD build/stm32h7xx_hal_pwr_ex.o
LOAD build/stm32h7xx_hal_i2c.o
LOAD build/stm32h7xx_hal_i2c_ex.o
LOAD build/stm32h7xx_hal_exti.o
LOAD build/stm32h7xx_hal_spi.o
LOAD build/stm32h7xx_hal_pcd.o
LOAD build/stm32h7xx_hal_pcd_ex.o
LOAD build/stm32h7xx_hal_sd.o
LOAD build/stm32h7xx_ll_sdmmc.o
LOAD build/stm32h7xx_ll_usb.o
LOAD build/startup_stm32h743xx.o
LOAD c:/program files (x86)/gnu arm embedded toolchain/10 2021.10/bin/../lib/gcc/arm-none-eabi/10.3.1/../../../../arm-none-eabi/lib/thumb/v7e-m+dp/hard\libc_nano.a
LOAD c:/program files (x86)/gnu arm embedded toolchain/10 2021.10/bin/../lib/gcc/arm-none-eabi/10.3.1/../../../../arm-none-eabi/lib/thumb/v7e-m+dp/hard\libm.a
LOAD c:/program files (x86)/gnu arm embedded toolchain/10 2021.10/bin/../lib/gcc/arm-none-eabi/10.3.1/../../../../arm-none-eabi/lib/thumb/v7e-m+dp/hard\libnosys.a
START GROUP
LOAD c:/program files (x86)/gnu arm embedded toolchain/10 2021.10/bin/../lib/gcc/arm-none-eabi/10.3.1/thumb/v7e-m+dp/hard\libgcc.a
LOAD c:/program files (x86)/gnu arm embedded toolchain/10 2021.10/bin/../lib/gcc/arm-none-eabi/10.3.1/../../../../arm-none-eabi/lib/thumb/v7e-m+dp/hard\libc_nano.a
END GROUP
START GROUP
LOAD c:/program files (x86)/gnu arm embedded toolchain/10 2021.10/bin/../lib/gcc/arm-none-eabi/10.3.1/thumb/v7e-m+dp/hard\libgcc.a
LOAD c:/program files (x86)/gnu arm embedded toolchain/10 2021.10/bin/../lib/gcc/arm-none-eabi/10.3.1/../../../../arm-none-eabi/lib/thumb/v7e-m+dp/hard\libc_nano.a
END GROUP
LOAD c:/program files (x86)/gnu arm embedded toolchain/10 2021.10/bin/../lib/gcc/arm-none-eabi/10.3.1/thumb/v7e-m+dp/hard/crtend.o
LOAD c:/program files (x86)/gnu arm embedded toolchain/10 2021.10/bin/../lib/gcc/arm-none-eabi/10.3.1/thumb/v7e-m+dp/hard/crtn.o
                0x20020000                _estack = 0x20020000
                0x00001000                _Min_Heap_Size = 0x1000
                0x00000800                _Min_Stack_Size = 0x800

.isr_vector     0x08000000      0x298
                0x08000000                . = ALIGN (0x4)
 *(.isr_vector)
 .isr_vector    0x08000000      0x298 build/startup_stm32h743xx.o
                0x08000000                g_pfnVectors
                0x08000298                . = ALIGN (0x4)

.MMU_Section    0x24000000    0x10000 load address 0x08000298
                0x24000000                . = ALIGN (0x4)
                0x24000000                MMU_s = .
 *(.MMU_Section)
 .MMU_Section   0x24000000    0x10000 build/mmu.o
                0x24000000                Mem_Buff
 *(.MMU_Section*)
                0x24010000                . = ALIGN (0x4)
                0x24010000                MMU_e = .

.text           0x080102a0    0x103d8
                0x080102a0                . = ALIGN (0x4)
 *(.text)
 .text          0x080102a0       0x40 c:/program files (x86)/gnu arm embedded toolchain/10 2021.10/bin/../lib/gcc/arm-none-eabi/10.3.1/thumb/v7e-m+dp/hard/crtbegin.o
 .text          0x080102e0       0x14 c:/program files (x86)/gnu arm embedded toolchain/10 2021.10/bin/../lib/gcc/arm-none-eabi/10.3.1/../../../../arm-none-eabi/lib/thumb/v7e-m+dp/hard\libc_nano.a(lib_a-strcmp.o)
                0x080102e0                strcmp
 .text          0x080102f4       0x10 c:/program files (x86)/gnu arm embedded toolchain/10 2021.10/bin/../lib/gcc/arm-none-eabi/10.3.1/../../../../arm-none-eabi/lib/thumb/v7e-m+dp/hard\libc_nano.a(lib_a-strlen.o)
                0x080102f4                strlen
 *fill*         0x08010304        0xc 
 .text          0x08010310       0xa0 c:/program files (x86)/gnu arm embedded toolchain/10 2021.10/bin/../lib/gcc/arm-none-eabi/10.3.1/../../../../arm-none-eabi/lib/thumb/v7e-m+dp/hard\libc_nano.a(lib_a-memchr.o)
                0x08010310                memchr
 .text          0x080103b0      0x21c c:/program files (x86)/gnu arm embedded toolchain/10 2021.10/bin/../lib/gcc/arm-none-eabi/10.3.1/thumb/v7e-m+dp/hard\libgcc.a(_arm_addsubsf3.o)
                0x080103b0                __aeabi_frsub
                0x080103b8                __subsf3
                0x080103b8                __aeabi_fsub
                0x080103bc                __aeabi_fadd
                0x080103bc                __addsf3
                0x0801051c                __aeabi_ui2f
                0x0801051c                __floatunsisf
                0x08010524                __aeabi_i2f
                0x08010524                __floatsisf
                0x08010540                __aeabi_ul2f
                0x08010540                __floatundisf
                0x08010550                __aeabi_l2f
                0x08010550                __floatdisf
 .text          0x080105cc       0x30 c:/program files (x86)/gnu arm embedded toolchain/10 2021.10/bin/../lib/gcc/arm-none-eabi/10.3.1/thumb/v7e-m+dp/hard\libgcc.a(_aeabi_uldivmod.o)
                0x080105cc                __aeabi_uldivmod
 .text          0x080105fc      0x2d0 c:/program files (x86)/gnu arm embedded toolchain/10 2021.10/bin/../lib/gcc/arm-none-eabi/10.3.1/thumb/v7e-m+dp/hard\libgcc.a(_udivmoddi4.o)
                0x080105fc                __udivmoddi4
 .text          0x080108cc        0x4 c:/program files (x86)/gnu arm embedded toolchain/10 2021.10/bin/../lib/gcc/arm-none-eabi/10.3.1/thumb/v7e-m+dp/hard\libgcc.a(_dvmd_tls.o)
                0x080108cc                __aeabi_idiv0
                0x080108cc                __aeabi_ldiv0
 *(.text*)
 .text.main     0x080108d0       0x18 build/main.o
                0x080108d0                main
 .text.DebugPin_Init
                0x080108e8       0x28 build/debug_util.o
 .text.DebugPin_Ctl
                0x08010910       0x28 build/debug_util.o
 .text.assert   0x08010938        0x6 build/debug_util.o
                0x08010938                assert
 *fill*         0x0801093e        0x2 
 .text.TaskProto_PushProtocolQueue
                0x08010940       0x9c build/Task_Protocol.o
                0x08010940                TaskProto_PushProtocolQueue
 .text.TaskProtocol_Rec
                0x080109dc        0xc build/Task_Protocol.o
 .text.TaskProtocol_TransBuff
                0x080109e8       0x10 build/Task_Protocol.o
 .text.shell_test
                0x080109f8       0x10 build/Task_Protocol.o
 .text.TaskProtocol_Init
                0x08010a08       0x6c build/Task_Protocol.o
                0x08010a08                TaskProtocol_Init
 .text.TaskProtocol_Core
                0x08010a74       0xd0 build/Task_Protocol.o
                0x08010a74                TaskProtocol_Core
 .text.Test2    0x08010b44       0x78 build/Task_Manager.o
                0x08010b44                Test2
 .text.Task_Manager_Init
                0x08010bbc       0xcc build/Task_Manager.o
                0x08010bbc                Task_Manager_Init
 .text.Task_Manager_CreateTask
                0x08010c88       0x80 build/Task_Manager.o
                0x08010c88                Task_Manager_CreateTask
 .text.TaskInertial_Init
                0x08010d08       0x20 build/Task_SensorInertial.o
                0x08010d08                TaskInertial_Init
 .text.TaskInertical_Core
                0x08010d28       0x44 build/Task_SensorInertial.o
                0x08010d28                TaskInertical_Core
 .text.BspGPIO_GetEXTI_Index
                0x08010d6c       0x16 build/Bsp_GPIO.o
 *fill*         0x08010d82        0x2 
 .text.BspGPIO_CLK_Enable
                0x08010d84      0x1c4 build/Bsp_GPIO.o
 .text.BspGPIO_ResetExtiCallback
                0x08010f48       0x24 build/Bsp_GPIO.o
 .text.BspGPIO_Write
                0x08010f6c        0x8 build/Bsp_GPIO.o
 .text.BspGPIO_Input_Init
                0x08010f74       0x2e build/Bsp_GPIO.o
 .text.BspGPIO_Output_Init
                0x08010fa2       0x3e build/Bsp_GPIO.o
 .text.BspGPIO_GetExti_IRQnID
                0x08010fe0       0xcc build/Bsp_GPIO.o
 .text.BspGPIO_ExtiSetMode
                0x080110ac       0x8e build/Bsp_GPIO.o
 *fill*         0x0801113a        0x2 
 .text.BspGPIO_ExtiInit
                0x0801113c       0x74 build/Bsp_GPIO.o
 .text.BspGPIO_Read
                0x080111b0       0x1e build/Bsp_GPIO.o
 *fill*         0x080111ce        0x2 
 .text.HAL_GPIO_EXTI_Callback
                0x080111d0       0x18 build/Bsp_GPIO.o
                0x080111d0                HAL_GPIO_EXTI_Callback
 .text.BspSPI_PinCLK_Enable
                0x080111e8      0x198 build/Bsp_SPI.o
 .text.BspSPI_Set_CLKSpeed
                0x08011380        0xc build/Bsp_SPI.o
 .text.BspSPI_TransReceive
                0x0801138c       0x1a build/Bsp_SPI.o
 .text.BspSPI_Receive
                0x080113a6       0x10 build/Bsp_SPI.o
 .text.BspSPI_Trans
                0x080113b6       0x10 build/Bsp_SPI.o
 *fill*         0x080113c6        0x2 
 .text.BspSPI_DeInit
                0x080113c8       0xd4 build/Bsp_SPI.o
 .text.BspSPI_PinInit
                0x0801149c       0x68 build/Bsp_SPI.o
 .text.BspSPI_NormalMode_Init
                0x08011504      0x178 build/Bsp_SPI.o
 .text.BspSDMMC_PinCLK_Enable
                0x0801167c      0x198 build/Bsp_SDMMC.o
 .text.BspSDMMC_GetInfo
                0x08011814       0x2a build/Bsp_SDMMC.o
 .text.BspSDMMC_GetStatus
                0x0801183e       0x18 build/Bsp_SDMMC.o
 .text.BspSDMMC_Erase
                0x08011856       0x12 build/Bsp_SDMMC.o
 .text.BspSDMMC_Write
                0x08011868       0x1c build/Bsp_SDMMC.o
 .text.BspSDMMC_Read
                0x08011884       0x1c build/Bsp_SDMMC.o
 .text.BspSDMMC_PortCLK_Init
                0x080118a0       0x5c build/Bsp_SDMMC.o
 .text.BspSDMMC_Pin_Init
                0x080118fc       0xa8 build/Bsp_SDMMC.o
 .text.BspSDMMC_Init
                0x080119a4       0x62 build/Bsp_SDMMC.o
 .text.Dev_MPU6000_Regs_Read
                0x08011a06       0x5a build/Dev_MPU6000.o
 .text.DevMPU6000_Reg_Read
                0x08011a60       0x54 build/Dev_MPU6000.o
 .text.DevMPU6000_Reg_Write
                0x08011ab4       0x4c build/Dev_MPU6000.o
 .text.DevMPU6000_Config
                0x08011b00       0xb4 build/Dev_MPU6000.o
 .text.DevMPU6000_PreInit
                0x08011bb4        0xc build/Dev_MPU6000.o
 .text.DevMPU6000_Init
                0x08011bc0      0x17e build/Dev_MPU6000.o
 .text.DevMPU6000_Get_InitError
                0x08011d3e        0x6 build/Dev_MPU6000.o
 .text.DevMPU6000_SetDRDY
                0x08011d44        0x6 build/Dev_MPU6000.o
 .text.DevMPU6000_GetReady
                0x08011d4a        0x4 build/Dev_MPU6000.o
 .text.DevMPU6000_SwReset
                0x08011d4e        0x4 build/Dev_MPU6000.o
 .text.DevMPU6000_Sample
                0x08011d52       0xe4 build/Dev_MPU6000.o
 .text.DevMPU6000_Get_Data
                0x08011e36       0x42 build/Dev_MPU6000.o
                0x08011e36                DevMPU6000_Get_Data
 .text.DevICM20602_Reg_Read
                0x08011e78       0x54 build/Dev_ICM20602.o
 .text.DevICM20602_Reg_Write
                0x08011ecc       0x4c build/Dev_ICM20602.o
 .text.DevICM20602_Config
                0x08011f18       0x84 build/Dev_ICM20602.o
 .text.DevICM20602_PreInit
                0x08011f9c        0xc build/Dev_ICM20602.o
 .text.DevICM20602_SetDRDY
                0x08011fa8        0x6 build/Dev_ICM20602.o
 .text.DevICM20602_SwReset
                0x08011fae       0x1a build/Dev_ICM20602.o
 .text.DevICM20602_Init
                0x08011fc8      0x184 build/Dev_ICM20602.o
 .text.DevICM20602_GetReady
                0x0801214c        0x4 build/Dev_ICM20602.o
 .text.DevICM20602_Sample
                0x08012150        0xa build/Dev_ICM20602.o
 .text.DevICM20602_Get_Data
                0x0801215a       0x70 build/Dev_ICM20602.o
 .text.DevICM20602_Get_InitError
                0x080121ca        0x4 build/Dev_ICM20602.o
 *fill*         0x080121ce        0x2 
 .text.DevLed_Init
                0x080121d0       0x28 build/Dev_Led.o
 .text.DevLed_Ctl
                0x080121f8       0x28 build/Dev_Led.o
 .text.DevCard_Init
                0x08012220       0xa0 build/Dev_Card.o
 .text.DevCard_GetError
                0x080122c0        0xc build/Dev_Card.o
 .text.DevCard_GetInfo
                0x080122cc       0x50 build/Dev_Card.o
 .text.DevCard_Write
                0x0801231c       0x4c build/Dev_Card.o
 .text.DevCard_Read
                0x08012368       0x48 build/Dev_Card.o
 .text.SrvIMU_PriIMU_Init
                0x080123b0       0xe8 build/SrvMPU_Sample.o
 .text.SrvIMU_SecIMU_Init
                0x08012498       0xe8 build/SrvMPU_Sample.o
 .text.SrvIMU_PriIMU_CS_Ctl
                0x08012580       0x1c build/SrvMPU_Sample.o
 .text.SrvIMU_SecIMU_CS_Ctl
                0x0801259c       0x1c build/SrvMPU_Sample.o
 .text.SrvIMU_PriIMU_BusTrans_Rec
                0x080125b8       0x24 build/SrvMPU_Sample.o
 .text.SrvIMU_SecIMU_BusTrans_Rec
                0x080125dc       0x24 build/SrvMPU_Sample.o
 .text.SrvIMU_ErrorProc
                0x08012600       0x18 build/SrvMPU_Sample.o
 .text.SrvIMU_PriIMU_ExtiCallback
                0x08012618       0x24 build/SrvMPU_Sample.o
 .text.SrvIMU_SecIMU_ExtiCallback
                0x0801263c       0x24 build/SrvMPU_Sample.o
 .text.SrvIMU_PriDev_InitError
                0x08012660        0x8 build/SrvMPU_Sample.o
 .text.SrvIMU_SecDev_InitError
                0x08012668        0x8 build/SrvMPU_Sample.o
 .text.SrvIMU_AllModule_InitError
                0x08012670        0x8 build/SrvMPU_Sample.o
 .text.SrvIMU_Get_Data
                0x08012678       0xd8 build/SrvMPU_Sample.o
 .text.SrvIMU_Init
                0x08012750      0x114 build/SrvMPU_Sample.o
 .text.SrvIMU_Sample
                0x08012864      0x16c build/SrvMPU_Sample.o
 .text.LEndian2Word
                0x080129d0       0x16 build/Data_Convert_Util.o
                0x080129d0                LEndian2Word
 .text.LEndian2HalfWord
                0x080129e6        0xa build/Data_Convert_Util.o
                0x080129e6                LEndian2HalfWord
 .text.LEndianWord2BytesArray
                0x080129f0       0x1e build/Data_Convert_Util.o
                0x080129f0                LEndianWord2BytesArray
 .text.Queue_UpdateState
                0x08012a0e       0x38 build/queue.o
 .text.Queue_Push
                0x08012a46       0x6e build/queue.o
 .text.Queue_Pop
                0x08012ab4       0x78 build/queue.o
 .text.Queue_Check
                0x08012b2c       0x48 build/queue.o
 .text.Queue_GetState
                0x08012b74        0xe build/queue.o
 .text.Queue_GetSize
                0x08012b82        0xe build/queue.o
 .text.Queue_Reset
                0x08012b90       0x3a build/queue.o
 .text.Queue_Create
                0x08012bca       0x4c build/queue.o
 .text.Item_SwapLRData
                0x08012c16        0xa build/linked_list.o
 .text.List_Init
                0x08012c20       0x1c build/linked_list.o
                0x08012c20                List_Init
 .text.List_ItemClear
                0x08012c3c       0x14 build/linked_list.o
                0x08012c3c                List_ItemClear
 .text.List_ItemInit
                0x08012c50       0x10 build/linked_list.o
                0x08012c50                List_ItemInit
 .text.List_InsertToPrv
                0x08012c60       0x14 build/linked_list.o
                0x08012c60                List_InsertToPrv
 .text.List_InsertByOrder
                0x08012c74       0x14 build/linked_list.o
                0x08012c74                List_InsertByOrder
 .text.List_InsertByCondition
                0x08012c88       0x3c build/linked_list.o
                0x08012c88                List_InsertByCondition
 .text.List_Insert_Item
                0x08012cc4       0x32 build/linked_list.o
                0x08012cc4                List_Insert_Item
 .text.List_traverse
                0x08012cf6       0x5a build/linked_list.o
                0x08012cf6                List_traverse
 .text.Tree_Get_Depth
                0x08012d50       0x2e build/binary_tree.o
 .text.Tree_Get_BalanceFactory
                0x08012d7e       0x24 build/binary_tree.o
 .text.Tree_Search_RootNode
                0x08012da2       0x16 build/binary_tree.o
 .text.TreeNode_RightRotate
                0x08012db8       0x60 build/binary_tree.o
 .text.TreeNode_LeftRotate
                0x08012e18       0x60 build/binary_tree.o
 .text.TreeNoe_Dynamic_Trim
                0x08012e78       0x5e build/binary_tree.o
 .text.TreeNode_Insert
                0x08012ed6       0x68 build/binary_tree.o
 .text.TreeNode_Update_BalanceFactory
                0x08012f3e       0x36 build/binary_tree.o
 .text.Tree_RootUpdate
                0x08012f74       0x1a build/binary_tree.o
 .text.TreeNode_Init
                0x08012f8e       0x4a build/binary_tree.o
 .text.TreeNode_Pre_Traverse
                0x08012fd8       0x26 build/binary_tree.o
 .text.TreeNode_Mid_Traverse
                0x08012ffe       0x24 build/binary_tree.o
 .text.TreeNode_Bck_Traverse
                0x08013022       0x24 build/binary_tree.o
 .text.Tree_Traverse
                0x08013046       0x32 build/binary_tree.o
 .text.TreeNode_Search
                0x08013078       0x6e build/binary_tree.o
 .text.Tree_Search
                0x080130e6       0x40 build/binary_tree.o
 .text.Tree_Insert
                0x08013126       0x50 build/binary_tree.o
 .text.BinaryTree_Create
                0x08013176       0x38 build/binary_tree.o
 *fill*         0x080131ae        0x2 
 .text.ReBoot   0x080131b0       0x28 build/reboot.o
                0x080131b0                ReBoot
 .text.Error_InsertPriority_Compare
                0x080131d8       0x40 build/error_log.o
 .text.Error_Search
                0x08013218       0x52 build/error_log.o
 *fill*         0x0801326a        0x2 
 .text.Error_Register
                0x0801326c       0x38 build/error_log.o
 .text.Error_Set_Callback
                0x080132a4       0x20 build/error_log.o
 .text.Error_DescToQueue
                0x080132c4       0x6c build/error_log.o
 .text.ErrorTree_Create
                0x08013330       0x80 build/error_log.o
 .text.Error_Proc
                0x080133b0       0xe4 build/error_log.o
 .text.Error_Trigger
                0x08013494      0x130 build/error_log.o
 .text.MMU_InsertFreeBlock
                0x080135c4       0x70 build/mmu.o
 .text.MMU_Init
                0x08013634       0x54 build/mmu.o
 .text.MMU_Malloc
                0x08013688       0xc0 build/mmu.o
                0x08013688                MMU_Malloc
 .text.MMU_Free
                0x08013748       0x3c build/mmu.o
                0x08013748                MMU_Free
 .text.Os_Set_TaskReady
                0x08013784       0x38 build/scheduler.o
 .text.Os_Clr_TaskReady
                0x080137bc       0x40 build/scheduler.o
 .text.Os_Clr_TaskPending
                0x080137fc       0x40 build/scheduler.o
 .text.Os_TaskExit
                0x0801383c        0x2 build/scheduler.o
 *fill*         0x0801383e        0x2 
 .text.Os_Get_HighestRank_RdyTask
                0x08013840       0x60 build/scheduler.o
 .text.Os_Get_HighestRank_PndTask
                0x080138a0       0x60 build/scheduler.o
 .text.Os_TaskPri_Compare
                0x08013900      0x168 build/scheduler.o
 .text.Os_ResetTask_Data
                0x08013a68       0x26 build/scheduler.o
 *fill*         0x08013a8e        0x2 
 .text.Os_TaskCrtList_TraverseCallback
                0x08013a90       0x40 build/scheduler.o
 .text.Os_Idle  0x08013ad0       0x4c build/scheduler.o
 .text.Os_Set_TaskStk
                0x08013b1c       0x58 build/scheduler.o
 .text.Os_CreateIdle
                0x08013b74       0x50 build/scheduler.o
 .text.Os_TaskExec
                0x08013bc4       0xf8 build/scheduler.o
 *fill*         0x08013cbc        0x4 
 .text.Os_LoadFirstTask
                0x08013cc0       0x24 build/scheduler.o
                0x08013cc0                Os_LoadFirstTask
 *fill*         0x08013ce4        0xc 
 .text.Os_SwitchContext
                0x08013cf0       0x60 build/scheduler.o
                0x08013cf0                Os_SwitchContext
 .text.Os_SwitchTaskStack
                0x08013d50       0x28 build/scheduler.o
                0x08013d50                Os_SwitchTaskStack
 .text.Os_Init  0x08013d78       0x8c build/scheduler.o
                0x08013d78                Os_Init
 .text.Os_Start
                0x08013e04       0x54 build/scheduler.o
                0x08013e04                Os_Start
 .text.Os_CreateTask
                0x08013e58      0x180 build/scheduler.o
                0x08013e58                Os_CreateTask
 .text.Os_Set_TaskPending
                0x08013fd8       0x3c build/scheduler.o
                0x08013fd8                Os_Set_TaskPending
 .text.Os_SchedulerRun
                0x08014014       0xe0 build/scheduler.o
 .text.Os_TaskCaller
                0x080140f4       0x38 build/scheduler.o
 .text.KernelClock_Init
                0x0801412c      0x16c build/kernel.o
 .text.Kernel_Init
                0x08014298        0xe build/kernel.o
                0x08014298                Kernel_Init
 *fill*         0x080142a6        0x2 
 .text.Kernel_LoadProcess
                0x080142a8       0x20 build/kernel.o
                0x080142a8                Kernel_LoadProcess
 .text.Kernel_EnablePendSV
                0x080142c8       0x10 build/kernel.o
                0x080142c8                Kernel_EnablePendSV
 .text.Kernel_TriggerPendSV
                0x080142d8       0x10 build/kernel.o
                0x080142d8                Kernel_TriggerPendSV
 .text.Runtime_SetCallback
                0x080142e8       0x2c build/runtime.o
                0x080142e8                Runtime_SetCallback
 .text.Runtime_GetTickBase
                0x08014314        0xc build/runtime.o
                0x08014314                Runtime_GetTickBase
 .text.Runtime_Config
                0x08014320       0xb0 build/runtime.o
                0x08014320                Runtime_Config
 .text.Runtime_Start
                0x080143d0       0x20 build/runtime.o
                0x080143d0                Runtime_Start
 .text.RuntimeObj_Reset
                0x080143f0        0xa build/runtime.o
                0x080143f0                RuntimeObj_Reset
 .text.Get_TimeDifference_Between
                0x080143fa       0x18 build/runtime.o
                0x080143fa                Get_TimeDifference_Between
 *fill*         0x08014412        0x2 
 .text.Runtime_Tick
                0x08014414       0x74 build/runtime.o
                0x08014414                Runtime_Tick
 .text.Get_CurrentRunningUs
                0x08014488        0xc build/runtime.o
                0x08014488                Get_CurrentRunningUs
 .text.Get_CurrentRunningMs
                0x08014494       0x18 build/runtime.o
                0x08014494                Get_CurrentRunningMs
 .text.Get_CurrentRunningS
                0x080144ac       0x12 build/runtime.o
                0x080144ac                Get_CurrentRunningS
 *fill*         0x080144be        0x2 
 .text.Get_TargetRunTime
                0x080144c0       0x14 build/runtime.o
                0x080144c0                Get_TargetRunTime
 .text.RuntimeObj_CompareWithCurrent
                0x080144d4       0x1c build/runtime.o
                0x080144d4                RuntimeObj_CompareWithCurrent
 .text.Runtime_DelayMs
                0x080144f0       0x2c build/runtime.o
                0x080144f0                Runtime_DelayMs
 .text.Disk_GetCard_Info
                0x0801451c       0x18 build/DiskIO.o
 .text.Disk_Get_StartSectionOfCluster
                0x08014534       0x18 build/DiskIO.o
 .text.Disk_Search_FreeCluster
                0x0801454c       0x80 build/DiskIO.o
 .text.Disk_GetClusterState
                0x080145cc       0x44 build/DiskIO.o
 .text.Disk_isFolder
                0x08014610        0xe build/DiskIO.o
 *fill*         0x0801461e        0x2 
 .text.Disk_Update_File_Cluster
                0x08014620       0x80 build/DiskIO.o
 .text.Disk_ExtModule_InitError
                0x080146a0       0x18 build/DiskIO.o
 .text.Disk_FreeCluster_SearchError
                0x080146b8       0x14 build/DiskIO.o
 .text.Disk_FSINFO_ReadError
                0x080146cc       0x14 build/DiskIO.o
 .text.ExtDisk_Init
                0x080146e0       0x70 build/DiskIO.o
 .text.Disk_ClearCluster
                0x08014750       0x4c build/DiskIO.o
 .text.Disk_Printf
                0x0801479c       0x48 build/DiskIO.o
 .text.Disk_SFN_Match
                0x080147e4       0x58 build/DiskIO.o
 .text.Disk_ParseMBR
                0x0801483c       0xe4 build/DiskIO.o
 .text.Disk_ParseDBR
                0x08014920      0x1f8 build/DiskIO.o
 .text.Disk_ParseFSINFO
                0x08014b18       0xd8 build/DiskIO.o
 .text.Disk_Parse_Attribute
                0x08014bf0      0x198 build/DiskIO.o
 .text.Disk_Get_NextCluster
                0x08014d88       0x48 build/DiskIO.o
 .text.Disk_GetPath_Layer
                0x08014dd0       0x1a build/DiskIO.o
 *fill*         0x08014dea        0x2 
 .text.Disk_GetFolderName_ByIndex
                0x08014dec       0xd0 build/DiskIO.o
 .text.Disk_SFN_LegallyCheck
                0x08014ebc      0x15c build/DiskIO.o
 .text.Disk_Name_ConvertTo83Frame
                0x08015018      0x110 build/DiskIO.o
 .text.Disk_Fill_Attr
                0x08015128       0x90 build/DiskIO.o
 .text.Disk_MatchTaget
                0x080151b8      0x13e build/DiskIO.o
 .text.Disk_Get_DirStartCluster
                0x080152f6       0xd2 build/DiskIO.o
 .text.Disk_Open
                0x080153c8      0x11c build/DiskIO.o
 .text.Disk_Establish_ClusterLink
                0x080154e4       0xb4 build/DiskIO.o
 .text.Disk_UpdateFSINFO
                0x08015598       0x84 build/DiskIO.o
 .text.Disk_Update_FreeCluster
                0x0801561c       0xf4 build/DiskIO.o
 .text.Disk_WriteTo_TargetFFTable
                0x08015710      0x3a4 build/DiskIO.o
 .text.Disk_Create_Folder
                0x08015ab4       0xd2 build/DiskIO.o
 *fill*         0x08015b86        0x2 
 .text.Disk_Create_File
                0x08015b88      0x14c build/DiskIO.o
 .text.Disk_FileSize_Update
                0x08015cd4       0x60 build/DiskIO.o
 .text.Disk_WriteFile_From_Head
                0x08015d34      0x188 build/DiskIO.o
 .text.Disk_WriteData_ToFile
                0x08015ebc      0x1c8 build/DiskIO.o
 .text.Disk_Init
                0x08016084      0x1e0 build/DiskIO.o
                0x08016084                Disk_Init
 .text.shellExtNumType
                0x08016264       0x50 build/shell_ext.o
 .text.shellExtToNum
                0x080162b4       0x2e build/shell_ext.o
 *fill*         0x080162e2        0x2 
 .text.shellExtParseChar
                0x080162e4       0x88 build/shell_ext.o
 .text.shellExtParseString
                0x0801636c       0x40 build/shell_ext.o
 .text.shellExtParseNumber
                0x080163ac       0xbe build/shell_ext.o
 .text.shellExtParseVar
                0x0801646a       0x1e build/shell_ext.o
 .text.shellExtParsePara
                0x08016488       0x4a build/shell_ext.o
                0x08016488                shellExtParsePara
 .text.shellExtRun
                0x080164d2       0xee build/shell_ext.o
                0x080164d2                shellExtRun
 .text.Shell_Init
                0x080165c0       0x1c build/shell_port.o
                0x080165c0                Shell_Init
 .text.shellAdd
                0x080165dc       0x24 build/shell.o
 .text.shellStringCopy
                0x08016600       0x16 build/shell.o
 .text.shellStringCompare
                0x08016616       0x2e build/shell.o
 .text.shellGetCommandDesc
                0x08016644       0x22 build/shell.o
 .text.shellParserParam
                0x08016666       0x90 build/shell.o
 .text.shellHistoryAdd
                0x080166f6       0x70 build/shell.o
 .text.shellRemoveParamQuotes
                0x08016766       0x54 build/shell.o
 *fill*         0x080167ba        0x2 
 .text.shellGetCurrent
                0x080167bc       0x2c build/shell.o
                0x080167bc                shellGetCurrent
 .text.shellWriteByte
                0x080167e8       0x18 build/shell.o
                0x080167e8                shellWriteByte
 .text.shellRight
                0x08016800       0x1a build/shell.o
                0x08016800                shellRight
 .text.shellLeft
                0x0801681a       0x18 build/shell.o
                0x0801681a                shellLeft
 .text.shellWriteString
                0x08016832       0x18 build/shell.o
                0x08016832                shellWriteString
 *fill*         0x0801684a        0x2 
 .text.shellSetUser
                0x0801684c       0x60 build/shell.o
 .text.shellWriteCommandLine
                0x080168ac       0x60 build/shell.o
 .text.shellCheckPassword
                0x0801690c       0x40 build/shell.o
 .text.shellClear
                0x0801694c       0x14 build/shell.o
                0x0801694c                shellClear
 .text.shellCheckPermission
                0x08016960       0x3c build/shell.o
                0x08016960                shellCheckPermission
 .text.shellToHex
                0x0801699c       0x28 build/shell.o
                0x0801699c                shellToHex
 .text.shellGetCommandName
                0x080169c4       0x44 build/shell.o
 .text.shellToDec
                0x08016a08       0x60 build/shell.o
                0x08016a08                shellToDec
 .text.shellWriteReturnValue
                0x08016a68       0x80 build/shell.o
 .text.shellListItem
                0x08016ae8       0x90 build/shell.o
                0x08016ae8                shellListItem
 .text.shellListCommand
                0x08016b78       0x48 build/shell.o
                0x08016b78                shellListCommand
 .text.shellCmds
                0x08016bc0        0xe build/shell.o
                0x08016bc0                shellCmds
 *fill*         0x08016bce        0x2 
 .text.shellListVar
                0x08016bd0       0x4c build/shell.o
                0x08016bd0                shellListVar
 .text.shellVars
                0x08016c1c        0xe build/shell.o
                0x08016c1c                shellVars
 *fill*         0x08016c2a        0x2 
 .text.shellListUser
                0x08016c2c       0x48 build/shell.o
                0x08016c2c                shellListUser
 .text.shellUsers
                0x08016c74        0xe build/shell.o
                0x08016c74                shellUsers
 *fill*         0x08016c82        0x2 
 .text.shellListKey
                0x08016c84       0x48 build/shell.o
                0x08016c84                shellListKey
 .text.shellKeys
                0x08016ccc        0xe build/shell.o
                0x08016ccc                shellKeys
 .text.shellListAll
                0x08016cda        0x8 build/shell.o
                0x08016cda                shellListAll
 *fill*         0x08016ce2        0x2 
 .text.shellDeleteCommandLine
                0x08016ce4       0x20 build/shell.o
                0x08016ce4                shellDeleteCommandLine
 .text.shellClearCommandLine
                0x08016d04       0x28 build/shell.o
                0x08016d04                shellClearCommandLine
 .text.shellHistory
                0x08016d2c       0x98 build/shell.o
 .text.shellUp  0x08016dc4        0xa build/shell.o
                0x08016dc4                shellUp
 .text.shellDown
                0x08016dce        0xc build/shell.o
                0x08016dce                shellDown
 *fill*         0x08016dda        0x2 
 .text.shellTab
                0x08016ddc      0x114 build/shell.o
                0x08016ddc                shellTab
 .text.shellDeleteByte
                0x08016ef0       0xc4 build/shell.o
                0x08016ef0                shellDeleteByte
 .text.shellBackspace
                0x08016fb4        0xa build/shell.o
                0x08016fb4                shellBackspace
 .text.shellDelete
                0x08016fbe        0xc build/shell.o
                0x08016fbe                shellDelete
 .text.shellSeekCommand
                0x08016fca       0x72 build/shell.o
                0x08016fca                shellSeekCommand
 .text.shellInit
                0x0801703c       0x90 build/shell.o
                0x0801703c                shellInit
 .text.shellHelp
                0x080170cc       0x7c build/shell.o
                0x080170cc                shellHelp
 .text.shellGetVarValue
                0x08017148       0x44 build/shell.o
                0x08017148                shellGetVarValue
 .text.shellShowVar
                0x0801718c       0xc0 build/shell.o
 .text.shellSetVarValue
                0x0801724c       0x78 build/shell.o
                0x0801724c                shellSetVarValue
 .text.shellSetVar
                0x080172c4       0x64 build/shell.o
                0x080172c4                shellSetVar
 .text.shellRunCommand
                0x08017328       0x94 build/shell.o
                0x08017328                shellRunCommand
 .text.shellExec
                0x080173bc       0x68 build/shell.o
                0x080173bc                shellExec
 .text.shellEnter
                0x08017424       0x12 build/shell.o
                0x08017424                shellEnter
 *fill*         0x08017436        0x2 
 .text.USB_DEVICE_Init
                0x08017438       0x54 build/usb_device.o
                0x08017438                USB_DEVICE_Init
 .text.USBD_FS_DeviceDescriptor
                0x0801748c        0xc build/usbd_desc.o
                0x0801748c                USBD_FS_DeviceDescriptor
 .text.USBD_FS_LangIDStrDescriptor
                0x08017498        0xc build/usbd_desc.o
                0x08017498                USBD_FS_LangIDStrDescriptor
 .text.IntToUnicode
                0x080174a4       0x46 build/usbd_desc.o
 *fill*         0x080174ea        0x2 
 .text.Get_SerialNum
                0x080174ec       0x38 build/usbd_desc.o
 .text.USBD_FS_SerialStrDescriptor
                0x08017524       0x14 build/usbd_desc.o
                0x08017524                USBD_FS_SerialStrDescriptor
 .text.USBD_FS_ProductStrDescriptor
                0x08017538       0x24 build/usbd_desc.o
                0x08017538                USBD_FS_ProductStrDescriptor
 .text.USBD_FS_ManufacturerStrDescriptor
                0x0801755c       0x1c build/usbd_desc.o
                0x0801755c                USBD_FS_ManufacturerStrDescriptor
 .text.USBD_FS_ConfigStrDescriptor
                0x08017578       0x24 build/usbd_desc.o
                0x08017578                USBD_FS_ConfigStrDescriptor
 .text.USBD_FS_InterfaceStrDescriptor
                0x0801759c       0x24 build/usbd_desc.o
                0x0801759c                USBD_FS_InterfaceStrDescriptor
 .text.CDC_DeInit_FS
                0x080175c0        0x4 build/usbd_cdc_if.o
 .text.CDC_Control_FS
                0x080175c4        0x4 build/usbd_cdc_if.o
 .text.CDC_TransmitCplt_FS
                0x080175c8        0x4 build/usbd_cdc_if.o
 .text.CDC_Receive_FS
                0x080175cc       0x2c build/usbd_cdc_if.o
 .text.CDC_Init_FS
                0x080175f8       0x28 build/usbd_cdc_if.o
 .text.CDC_Transmit_FS
                0x08017620       0x2c build/usbd_cdc_if.o
                0x08017620                CDC_Transmit_FS
 .text.usb_printf
                0x0801764c       0x30 build/usbd_cdc_if.o
                0x0801764c                usb_printf
 .text.usb_setrec_callback
                0x0801767c        0xc build/usbd_cdc_if.o
                0x0801767c                usb_setrec_callback
 .text.HAL_PCD_MspInit
                0x08017688       0xac build/usbd_conf.o
                0x08017688                HAL_PCD_MspInit
 .text.HAL_PCD_SetupStageCallback
                0x08017734       0x10 build/usbd_conf.o
                0x08017734                HAL_PCD_SetupStageCallback
 .text.HAL_PCD_DataOutStageCallback
                0x08017744       0x18 build/usbd_conf.o
                0x08017744                HAL_PCD_DataOutStageCallback
 .text.HAL_PCD_DataInStageCallback
                0x0801775c       0x16 build/usbd_conf.o
                0x0801775c                HAL_PCD_DataInStageCallback
 .text.HAL_PCD_SOFCallback
                0x08017772        0xc build/usbd_conf.o
                0x08017772                HAL_PCD_SOFCallback
 .text.HAL_PCD_ResetCallback
                0x0801777e       0x24 build/usbd_conf.o
                0x0801777e                HAL_PCD_ResetCallback
 *fill*         0x080177a2        0x2 
 .text.HAL_PCD_SuspendCallback
                0x080177a4       0x30 build/usbd_conf.o
                0x080177a4                HAL_PCD_SuspendCallback
 .text.HAL_PCD_ResumeCallback
                0x080177d4        0xc build/usbd_conf.o
                0x080177d4                HAL_PCD_ResumeCallback
 .text.HAL_PCD_ISOOUTIncompleteCallback
                0x080177e0        0xc build/usbd_conf.o
                0x080177e0                HAL_PCD_ISOOUTIncompleteCallback
 .text.HAL_PCD_ISOINIncompleteCallback
                0x080177ec        0xc build/usbd_conf.o
                0x080177ec                HAL_PCD_ISOINIncompleteCallback
 .text.HAL_PCD_ConnectCallback
                0x080177f8        0xc build/usbd_conf.o
                0x080177f8                HAL_PCD_ConnectCallback
 .text.HAL_PCD_DisconnectCallback
                0x08017804        0xc build/usbd_conf.o
                0x08017804                HAL_PCD_DisconnectCallback
 .text.USBD_LL_Init
                0x08017810       0x68 build/usbd_conf.o
                0x08017810                USBD_LL_Init
 .text.USBD_LL_IsStallEP
                0x08017878       0x2e build/usbd_conf.o
                0x08017878                USBD_LL_IsStallEP
 .text.USBD_LL_GetRxDataSize
                0x080178a6        0xc build/usbd_conf.o
                0x080178a6                USBD_LL_GetRxDataSize
 *fill*         0x080178b2        0x2 
 .text.USBD_static_malloc
                0x080178b4        0x8 build/usbd_conf.o
                0x080178b4                USBD_static_malloc
 .text.USBD_static_free
                0x080178bc        0x2 build/usbd_conf.o
                0x080178bc                USBD_static_free
 .text.USBD_Get_USB_Status
                0x080178be       0x14 build/usbd_conf.o
                0x080178be                USBD_Get_USB_Status
 .text.USBD_LL_Start
                0x080178d2       0x10 build/usbd_conf.o
                0x080178d2                USBD_LL_Start
 .text.USBD_LL_OpenEP
                0x080178e2       0x16 build/usbd_conf.o
                0x080178e2                USBD_LL_OpenEP
 .text.USBD_LL_CloseEP
                0x080178f8       0x10 build/usbd_conf.o
                0x080178f8                USBD_LL_CloseEP
 .text.USBD_LL_StallEP
                0x08017908       0x10 build/usbd_conf.o
                0x08017908                USBD_LL_StallEP
 .text.USBD_LL_ClearStallEP
                0x08017918       0x10 build/usbd_conf.o
                0x08017918                USBD_LL_ClearStallEP
 .text.USBD_LL_SetUSBAddress
                0x08017928       0x10 build/usbd_conf.o
                0x08017928                USBD_LL_SetUSBAddress
 .text.USBD_LL_Transmit
                0x08017938       0x10 build/usbd_conf.o
                0x08017938                USBD_LL_Transmit
 .text.USBD_LL_PrepareReceive
                0x08017948       0x10 build/usbd_conf.o
                0x08017948                USBD_LL_PrepareReceive
 .text.USBD_Init
                0x08017958       0x38 build/usbd_core.o
                0x08017958                USBD_Init
 .text.USBD_RegisterClass
                0x08017990       0x28 build/usbd_core.o
                0x08017990                USBD_RegisterClass
 .text.USBD_Start
                0x080179b8        0x8 build/usbd_core.o
                0x080179b8                USBD_Start
 .text.USBD_SetClassConfig
                0x080179c0       0x12 build/usbd_core.o
                0x080179c0                USBD_SetClassConfig
 .text.USBD_ClrClassConfig
                0x080179d2       0x10 build/usbd_core.o
                0x080179d2                USBD_ClrClassConfig
 .text.USBD_LL_SetupStage
                0x080179e2       0x58 build/usbd_core.o
                0x080179e2                USBD_LL_SetupStage
 .text.USBD_LL_DataOutStage
                0x08017a3a       0x72 build/usbd_core.o
                0x08017a3a                USBD_LL_DataOutStage
 .text.USBD_LL_DataInStage
                0x08017aac       0xb8 build/usbd_core.o
                0x08017aac                USBD_LL_DataInStage
 .text.USBD_LL_Reset
                0x08017b64       0x52 build/usbd_core.o
                0x08017b64                USBD_LL_Reset
 .text.USBD_LL_SetSpeed
                0x08017bb6        0x6 build/usbd_core.o
                0x08017bb6                USBD_LL_SetSpeed
 .text.USBD_LL_Suspend
                0x08017bbc       0x12 build/usbd_core.o
                0x08017bbc                USBD_LL_Suspend
 .text.USBD_LL_Resume
                0x08017bce       0x16 build/usbd_core.o
                0x08017bce                USBD_LL_Resume
 .text.USBD_LL_SOF
                0x08017be4       0x1c build/usbd_core.o
                0x08017be4                USBD_LL_SOF
 .text.USBD_LL_IsoINIncomplete
                0x08017c00        0x4 build/usbd_core.o
                0x08017c00                USBD_LL_IsoINIncomplete
 .text.USBD_LL_IsoOUTIncomplete
                0x08017c04        0x4 build/usbd_core.o
                0x08017c04                USBD_LL_IsoOUTIncomplete
 .text.USBD_LL_DevConnected
                0x08017c08        0x4 build/usbd_core.o
                0x08017c08                USBD_LL_DevConnected
 .text.USBD_LL_DevDisconnected
                0x08017c0c       0x18 build/usbd_core.o
                0x08017c0c                USBD_LL_DevDisconnected
 .text.USBD_GetLen
                0x08017c24       0x14 build/usbd_ctlreq.o
 .text.USBD_SetFeature
                0x08017c38       0x14 build/usbd_ctlreq.o
 .text.USBD_ParseSetupRequest
                0x08017c4c       0x28 build/usbd_ctlreq.o
                0x08017c4c                USBD_ParseSetupRequest
 .text.USBD_CtlError
                0x08017c74       0x14 build/usbd_ctlreq.o
                0x08017c74                USBD_CtlError
 .text.USBD_GetDescriptor
                0x08017c88      0x18a build/usbd_ctlreq.o
 .text.USBD_SetAddress
                0x08017e12       0x4e build/usbd_ctlreq.o
 .text.USBD_SetConfig
                0x08017e60       0xc4 build/usbd_ctlreq.o
 .text.USBD_GetConfig
                0x08017f24       0x3e build/usbd_ctlreq.o
 .text.USBD_GetStatus
                0x08017f62       0x38 build/usbd_ctlreq.o
 .text.USBD_ClrFeature
                0x08017f9a       0x26 build/usbd_ctlreq.o
 .text.USBD_StdDevReq
                0x08017fc0       0x70 build/usbd_ctlreq.o
                0x08017fc0                USBD_StdDevReq
 .text.USBD_StdItfReq
                0x08018030       0x68 build/usbd_ctlreq.o
                0x08018030                USBD_StdItfReq
 .text.USBD_StdEPReq
                0x08018098      0x1ea build/usbd_ctlreq.o
                0x08018098                USBD_StdEPReq
 .text.USBD_GetString
                0x08018282       0x3a build/usbd_ctlreq.o
                0x08018282                USBD_GetString
 .text.USBD_CtlSendData
                0x080182bc       0x1a build/usbd_ioreq.o
                0x080182bc                USBD_CtlSendData
 .text.USBD_CtlContinueSendData
                0x080182d6       0x10 build/usbd_ioreq.o
                0x080182d6                USBD_CtlContinueSendData
 .text.USBD_CtlPrepareRx
                0x080182e6       0x1e build/usbd_ioreq.o
                0x080182e6                USBD_CtlPrepareRx
 .text.USBD_CtlContinueRx
                0x08018304       0x10 build/usbd_ioreq.o
                0x08018304                USBD_CtlContinueRx
 .text.USBD_CtlSendStatus
                0x08018314       0x16 build/usbd_ioreq.o
                0x08018314                USBD_CtlSendStatus
 .text.USBD_CtlReceiveStatus
                0x0801832a       0x16 build/usbd_ioreq.o
                0x0801832a                USBD_CtlReceiveStatus
 .text.USBD_CDC_EP0_RxReady
                0x08018340       0x28 build/usbd_cdc.o
 .text.USBD_CDC_GetFSCfgDesc
                0x08018368        0xc build/usbd_cdc.o
 .text.USBD_CDC_GetHSCfgDesc
                0x08018374        0xc build/usbd_cdc.o
 .text.USBD_CDC_GetOtherSpeedCfgDesc
                0x08018380        0xc build/usbd_cdc.o
 .text.USBD_CDC_GetDeviceQualifierDescriptor
                0x0801838c        0xc build/usbd_cdc.o
                0x0801838c                USBD_CDC_GetDeviceQualifierDescriptor
 .text.USBD_CDC_DataOut
                0x08018398       0x2a build/usbd_cdc.o
 .text.USBD_CDC_DataIn
                0x080183c2       0x64 build/usbd_cdc.o
 .text.USBD_CDC_Setup
                0x08018426       0xe0 build/usbd_cdc.o
 .text.USBD_CDC_DeInit
                0x08018506       0x48 build/usbd_cdc.o
 .text.USBD_CDC_Init
                0x0801854e       0xc2 build/usbd_cdc.o
 .text.USBD_CDC_RegisterInterface
                0x08018610        0xe build/usbd_cdc.o
                0x08018610                USBD_CDC_RegisterInterface
 .text.USBD_CDC_SetTxBuffer
                0x0801861e       0x10 build/usbd_cdc.o
                0x0801861e                USBD_CDC_SetTxBuffer
 .text.USBD_CDC_SetRxBuffer
                0x0801862e        0xc build/usbd_cdc.o
                0x0801862e                USBD_CDC_SetRxBuffer
 .text.USBD_CDC_TransmitPacket
                0x0801863a       0x34 build/usbd_cdc.o
                0x0801863a                USBD_CDC_TransmitPacket
 .text.USBD_CDC_ReceivePacket
                0x0801866e       0x32 build/usbd_cdc.o
                0x0801866e                USBD_CDC_ReceivePacket
 .text.NMI_Handler
                0x080186a0        0x2 build/stm32h7xx_it.o
                0x080186a0                NMI_Handler
 .text.HardFault_Handler
                0x080186a2        0x2 build/stm32h7xx_it.o
                0x080186a2                HardFault_Handler
 .text.MemManage_Handler
                0x080186a4        0x2 build/stm32h7xx_it.o
                0x080186a4                MemManage_Handler
 .text.BusFault_Handler
                0x080186a6        0x2 build/stm32h7xx_it.o
                0x080186a6                BusFault_Handler
 .text.UsageFault_Handler
                0x080186a8        0x2 build/stm32h7xx_it.o
                0x080186a8                UsageFault_Handler
 .text.SVC_Handler
                0x080186aa        0xc build/stm32h7xx_it.o
                0x080186aa                SVC_Handler
 .text.DebugMon_Handler
                0x080186b6        0x2 build/stm32h7xx_it.o
                0x080186b6                DebugMon_Handler
 .text.PendSV_Handler
                0x080186b8        0x8 build/stm32h7xx_it.o
                0x080186b8                PendSV_Handler
 .text.SysTick_Handler
                0x080186c0       0x54 build/stm32h7xx_it.o
                0x080186c0                SysTick_Handler
 .text.OTG_FS_IRQHandler
                0x08018714       0x10 build/stm32h7xx_it.o
                0x08018714                OTG_FS_IRQHandler
 .text.EXTI0_IRQHandler
                0x08018724        0xa build/stm32h7xx_it.o
                0x08018724                EXTI0_IRQHandler
 .text.EXTI1_IRQHandler
                0x0801872e        0xa build/stm32h7xx_it.o
                0x0801872e                EXTI1_IRQHandler
 .text.EXTI2_IRQHandler
                0x08018738        0xa build/stm32h7xx_it.o
                0x08018738                EXTI2_IRQHandler
 .text.EXTI3_IRQHandler
                0x08018742        0xa build/stm32h7xx_it.o
                0x08018742                EXTI3_IRQHandler
 .text.EXTI4_IRQHandler
                0x0801874c        0xa build/stm32h7xx_it.o
                0x0801874c                EXTI4_IRQHandler
 .text.EXTI9_5_IRQHandler
                0x08018756       0x26 build/stm32h7xx_it.o
                0x08018756                EXTI9_5_IRQHandler
 .text.EXTI15_10_IRQHandler
                0x0801877c       0x34 build/stm32h7xx_it.o
                0x0801877c                EXTI15_10_IRQHandler
 .text.SystemInit
                0x080187b0       0xcc build/system_stm32h7xx.o
                0x080187b0                SystemInit
 .text.SystemCoreClockUpdate
                0x0801887c      0x214 build/system_stm32h7xx.o
                0x0801887c                SystemCoreClockUpdate
 .text.HAL_MspInit
                0x08018a90        0x2 build/stm32h7xx_hal.o
                0x08018a90                HAL_MspInit
 *fill*         0x08018a92        0x2 
 .text.HAL_InitTick
                0x08018a94       0x50 build/stm32h7xx_hal.o
                0x08018a94                HAL_InitTick
 .text.HAL_Init
                0x08018ae4       0x5c build/stm32h7xx_hal.o
                0x08018ae4                HAL_Init
 .text.HAL_IncTick
                0x08018b40       0x18 build/stm32h7xx_hal.o
                0x08018b40                HAL_IncTick
 .text.HAL_GetTick
                0x08018b58        0xc build/stm32h7xx_hal.o
                0x08018b58                HAL_GetTick
 .text.HAL_Delay
                0x08018b64       0x28 build/stm32h7xx_hal.o
                0x08018b64                HAL_Delay
 .text.HAL_GetREVID
                0x08018b8c        0xc build/stm32h7xx_hal.o
                0x08018b8c                HAL_GetREVID
 .text.HAL_NVIC_SetPriorityGrouping
                0x08018b98       0x24 build/stm32h7xx_hal_cortex.o
                0x08018b98                HAL_NVIC_SetPriorityGrouping
 .text.HAL_NVIC_SetPriority
                0x08018bbc       0x6c build/stm32h7xx_hal_cortex.o
                0x08018bbc                HAL_NVIC_SetPriority
 .text.HAL_NVIC_EnableIRQ
                0x08018c28       0x1c build/stm32h7xx_hal_cortex.o
                0x08018c28                HAL_NVIC_EnableIRQ
 .text.HAL_NVIC_DisableIRQ
                0x08018c44       0x24 build/stm32h7xx_hal_cortex.o
                0x08018c44                HAL_NVIC_DisableIRQ
 .text.HAL_SYSTICK_Config
                0x08018c68       0x28 build/stm32h7xx_hal_cortex.o
                0x08018c68                HAL_SYSTICK_Config
 .text.HAL_RCC_OscConfig
                0x08018c90      0x674 build/stm32h7xx_hal_rcc.o
                0x08018c90                HAL_RCC_OscConfig
 .text.HAL_RCC_GetSysClockFreq
                0x08019304      0x1f4 build/stm32h7xx_hal_rcc.o
                0x08019304                HAL_RCC_GetSysClockFreq
 .text.HAL_RCC_ClockConfig
                0x080194f8      0x294 build/stm32h7xx_hal_rcc.o
                0x080194f8                HAL_RCC_ClockConfig
 .text.HAL_RCC_GetHCLKFreq
                0x0801978c       0x44 build/stm32h7xx_hal_rcc.o
                0x0801978c                HAL_RCC_GetHCLKFreq
 .text.RCCEx_PLL2_Config
                0x080197d0      0x10c build/stm32h7xx_hal_rcc_ex.o
 .text.RCCEx_PLL3_Config
                0x080198dc      0x10c build/stm32h7xx_hal_rcc_ex.o
 .text.HAL_RCCEx_PeriphCLKConfig
                0x080199e8      0x9c4 build/stm32h7xx_hal_rcc_ex.o
                0x080199e8                HAL_RCCEx_PeriphCLKConfig
 .text.HAL_RCCEx_GetD3PCLK1Freq
                0x0801a3ac       0x24 build/stm32h7xx_hal_rcc_ex.o
                0x0801a3ac                HAL_RCCEx_GetD3PCLK1Freq
 .text.HAL_RCCEx_GetPLL2ClockFreq
                0x0801a3d0      0x1f8 build/stm32h7xx_hal_rcc_ex.o
                0x0801a3d0                HAL_RCCEx_GetPLL2ClockFreq
 .text.HAL_RCCEx_GetPLL3ClockFreq
                0x0801a5c8      0x1f8 build/stm32h7xx_hal_rcc_ex.o
                0x0801a5c8                HAL_RCCEx_GetPLL3ClockFreq
 .text.HAL_RCCEx_GetPLL1ClockFreq
                0x0801a7c0      0x1f8 build/stm32h7xx_hal_rcc_ex.o
                0x0801a7c0                HAL_RCCEx_GetPLL1ClockFreq
 .text.HAL_RCCEx_GetPeriphCLKFreq
                0x0801a9b8      0x614 build/stm32h7xx_hal_rcc_ex.o
                0x0801a9b8                HAL_RCCEx_GetPeriphCLKFreq
 .text.HAL_GPIO_Init
                0x0801afcc      0x220 build/stm32h7xx_hal_gpio.o
                0x0801afcc                HAL_GPIO_Init
 .text.HAL_GPIO_DeInit
                0x0801b1ec      0x150 build/stm32h7xx_hal_gpio.o
                0x0801b1ec                HAL_GPIO_DeInit
 .text.HAL_GPIO_ReadPin
                0x0801b33c        0xe build/stm32h7xx_hal_gpio.o
                0x0801b33c                HAL_GPIO_ReadPin
 .text.HAL_GPIO_WritePin
                0x0801b34a        0xc build/stm32h7xx_hal_gpio.o
                0x0801b34a                HAL_GPIO_WritePin
 .text.HAL_GPIO_EXTI_IRQHandler
                0x0801b356       0x1e build/stm32h7xx_hal_gpio.o
                0x0801b356                HAL_GPIO_EXTI_IRQHandler
 .text.HAL_PWREx_ConfigSupply
                0x0801b374       0x54 build/stm32h7xx_hal_pwr_ex.o
                0x0801b374                HAL_PWREx_ConfigSupply
 .text.HAL_PWREx_EnableUSBVoltageDetector
                0x0801b3c8       0x10 build/stm32h7xx_hal_pwr_ex.o
                0x0801b3c8                HAL_PWREx_EnableUSBVoltageDetector
 .text.SPI_CloseTransfer
                0x0801b3d8       0xd0 build/stm32h7xx_hal_spi.o
 .text.SPI_GetPacketSize
                0x0801b4a8       0x10 build/stm32h7xx_hal_spi.o
 .text.SPI_WaitOnFlagUntilTimeout
                0x0801b4b8       0x48 build/stm32h7xx_hal_spi.o
 .text.HAL_SPI_MspInit
                0x0801b500        0x2 build/stm32h7xx_hal_spi.o
                0x0801b500                HAL_SPI_MspInit
 *fill*         0x0801b502        0x2 
 .text.HAL_SPI_Init
                0x0801b504      0x168 build/stm32h7xx_hal_spi.o
                0x0801b504                HAL_SPI_Init
 .text.HAL_SPI_Transmit
                0x0801b66c      0x2c4 build/stm32h7xx_hal_spi.o
                0x0801b66c                HAL_SPI_Transmit
 .text.HAL_SPI_TransmitReceive
                0x0801b930      0x420 build/stm32h7xx_hal_spi.o
                0x0801b930                HAL_SPI_TransmitReceive
 .text.HAL_SPI_Receive
                0x0801bd50      0x2b8 build/stm32h7xx_hal_spi.o
                0x0801bd50                HAL_SPI_Receive
 .text.PCD_WriteEmptyTxFifo
                0x0801c008       0xd0 build/stm32h7xx_hal_pcd.o
 .text.HAL_PCD_Init
                0x0801c0d8      0x13c build/stm32h7xx_hal_pcd.o
                0x0801c0d8                HAL_PCD_Init
 .text.HAL_PCD_Start
                0x0801c214       0x42 build/stm32h7xx_hal_pcd.o
                0x0801c214                HAL_PCD_Start
 *fill*         0x0801c256        0x2 
 .text.PCD_EP_OutXfrComplete_int
                0x0801c258       0xf4 build/stm32h7xx_hal_pcd.o
 .text.PCD_EP_OutSetupPacket_int
                0x0801c34c       0x50 build/stm32h7xx_hal_pcd.o
 .text.HAL_PCD_IRQHandler
                0x0801c39c      0x4b6 build/stm32h7xx_hal_pcd.o
                0x0801c39c                HAL_PCD_IRQHandler
 .text.HAL_PCD_SetAddress
                0x0801c852       0x28 build/stm32h7xx_hal_pcd.o
                0x0801c852                HAL_PCD_SetAddress
 .text.HAL_PCD_EP_Open
                0x0801c87a       0x8a build/stm32h7xx_hal_pcd.o
                0x0801c87a                HAL_PCD_EP_Open
 .text.HAL_PCD_EP_Close
                0x0801c904       0x72 build/stm32h7xx_hal_pcd.o
                0x0801c904                HAL_PCD_EP_Close
 .text.HAL_PCD_EP_Receive
                0x0801c976       0x5e build/stm32h7xx_hal_pcd.o
                0x0801c976                HAL_PCD_EP_Receive
 .text.HAL_PCD_EP_GetRxCount
                0x0801c9d4       0x12 build/stm32h7xx_hal_pcd.o
                0x0801c9d4                HAL_PCD_EP_GetRxCount
 .text.HAL_PCD_EP_Transmit
                0x0801c9e6       0x5e build/stm32h7xx_hal_pcd.o
                0x0801c9e6                HAL_PCD_EP_Transmit
 .text.HAL_PCD_EP_SetStall
                0x0801ca44       0x88 build/stm32h7xx_hal_pcd.o
                0x0801ca44                HAL_PCD_EP_SetStall
 .text.HAL_PCD_EP_ClrStall
                0x0801cacc       0x76 build/stm32h7xx_hal_pcd.o
                0x0801cacc                HAL_PCD_EP_ClrStall
 .text.HAL_PCDEx_SetTxFiFo
                0x0801cb42       0x4c build/stm32h7xx_hal_pcd_ex.o
                0x0801cb42                HAL_PCDEx_SetTxFiFo
 .text.HAL_PCDEx_SetRxFiFo
                0x0801cb8e        0x8 build/stm32h7xx_hal_pcd_ex.o
                0x0801cb8e                HAL_PCDEx_SetRxFiFo
 *fill*         0x0801cb96        0x2 
 .text.HAL_PCDEx_ActivateLPM
                0x0801cb98       0x28 build/stm32h7xx_hal_pcd_ex.o
                0x0801cb98                HAL_PCDEx_ActivateLPM
 .text.HAL_PCDEx_LPM_Callback
                0x0801cbc0        0x2 build/stm32h7xx_hal_pcd_ex.o
                0x0801cbc0                HAL_PCDEx_LPM_Callback
 *fill*         0x0801cbc2        0x2 
 .text.SD_SendSDStatus
                0x0801cbc4      0x108 build/stm32h7xx_hal_sd.o
 .text.SD_FindSCR
                0x0801cccc      0x108 build/stm32h7xx_hal_sd.o
 .text.SD_WideBus_Enable
                0x0801cdd4       0x4e build/stm32h7xx_hal_sd.o
 .text.SD_WideBus_Disable
                0x0801ce22       0x4e build/stm32h7xx_hal_sd.o
 .text.SD_SendStatus
                0x0801ce70       0x2c build/stm32h7xx_hal_sd.o
 .text.HAL_SD_MspInit
                0x0801ce9c        0x2 build/stm32h7xx_hal_sd.o
                0x0801ce9c                HAL_SD_MspInit
 *fill*         0x0801ce9e        0x2 
 .text.HAL_SD_ReadBlocks
                0x0801cea0      0x204 build/stm32h7xx_hal_sd.o
                0x0801cea0                HAL_SD_ReadBlocks
 .text.HAL_SD_WriteBlocks
                0x0801d0a4      0x214 build/stm32h7xx_hal_sd.o
                0x0801d0a4                HAL_SD_WriteBlocks
 .text.HAL_SD_Erase
                0x0801d2b8       0xf8 build/stm32h7xx_hal_sd.o
                0x0801d2b8                HAL_SD_Erase
 .text.HAL_SD_DriveTransceiver_1_8V_Callback
                0x0801d3b0        0x2 build/stm32h7xx_hal_sd.o
                0x0801d3b0                HAL_SD_DriveTransceiver_1_8V_Callback
 *fill*         0x0801d3b2        0x2 
 .text.SD_PowerON
                0x0801d3b4      0x178 build/stm32h7xx_hal_sd.o
 .text.HAL_SD_GetCardCSD
                0x0801d52c      0x1b8 build/stm32h7xx_hal_sd.o
                0x0801d52c                HAL_SD_GetCardCSD
 .text.SD_InitCard
                0x0801d6e4       0xfc build/stm32h7xx_hal_sd.o
 .text.HAL_SD_InitCard
                0x0801d7e0       0xd8 build/stm32h7xx_hal_sd.o
                0x0801d7e0                HAL_SD_InitCard
 .text.HAL_SD_GetCardStatus
                0x0801d8b8       0xd0 build/stm32h7xx_hal_sd.o
                0x0801d8b8                HAL_SD_GetCardStatus
 .text.HAL_SD_GetCardInfo
                0x0801d988       0x24 build/stm32h7xx_hal_sd.o
                0x0801d988                HAL_SD_GetCardInfo
 .text.HAL_SD_ConfigWideBusOperation
                0x0801d9ac      0x158 build/stm32h7xx_hal_sd.o
                0x0801d9ac                HAL_SD_ConfigWideBusOperation
 .text.HAL_SD_GetCardState
                0x0801db04       0x22 build/stm32h7xx_hal_sd.o
                0x0801db04                HAL_SD_GetCardState
 .text.HAL_SD_Init
                0x0801db26       0xc2 build/stm32h7xx_hal_sd.o
                0x0801db26                HAL_SD_Init
 .text.SDMMC_GetCmdError
                0x0801dbe8       0x3c build/stm32h7xx_ll_sdmmc.o
 .text.SDMMC_Init
                0x0801dc24       0x30 build/stm32h7xx_ll_sdmmc.o
                0x0801dc24                SDMMC_Init
 .text.SDMMC_ReadFIFO
                0x0801dc54        0x6 build/stm32h7xx_ll_sdmmc.o
                0x0801dc54                SDMMC_ReadFIFO
 .text.SDMMC_WriteFIFO
                0x0801dc5a        0xa build/stm32h7xx_ll_sdmmc.o
                0x0801dc5a                SDMMC_WriteFIFO
 .text.SDMMC_PowerState_ON
                0x0801dc64        0xc build/stm32h7xx_ll_sdmmc.o
                0x0801dc64                SDMMC_PowerState_ON
 .text.SDMMC_GetPowerState
                0x0801dc70        0x8 build/stm32h7xx_ll_sdmmc.o
                0x0801dc70                SDMMC_GetPowerState
 .text.SDMMC_SendCommand
                0x0801dc78       0x24 build/stm32h7xx_ll_sdmmc.o
                0x0801dc78                SDMMC_SendCommand
 .text.SDMMC_GetCommandResponse
                0x0801dc9c        0x6 build/stm32h7xx_ll_sdmmc.o
                0x0801dc9c                SDMMC_GetCommandResponse
 .text.SDMMC_GetResponse
                0x0801dca2        0x6 build/stm32h7xx_ll_sdmmc.o
                0x0801dca2                SDMMC_GetResponse
 .text.SDMMC_ConfigData
                0x0801dca8       0x24 build/stm32h7xx_ll_sdmmc.o
                0x0801dca8                SDMMC_ConfigData
 .text.SDMMC_CmdGoIdleState
                0x0801dccc       0x26 build/stm32h7xx_ll_sdmmc.o
                0x0801dccc                SDMMC_CmdGoIdleState
 *fill*         0x0801dcf2        0x2 
 .text.SDMMC_GetCmdResp1
                0x0801dcf4      0x160 build/stm32h7xx_ll_sdmmc.o
                0x0801dcf4                SDMMC_GetCmdResp1
 .text.SDMMC_CmdBlockLength
                0x0801de54       0x32 build/stm32h7xx_ll_sdmmc.o
                0x0801de54                SDMMC_CmdBlockLength
 .text.SDMMC_CmdReadSingleBlock
                0x0801de86       0x32 build/stm32h7xx_ll_sdmmc.o
                0x0801de86                SDMMC_CmdReadSingleBlock
 .text.SDMMC_CmdReadMultiBlock
                0x0801deb8       0x32 build/stm32h7xx_ll_sdmmc.o
                0x0801deb8                SDMMC_CmdReadMultiBlock
 .text.SDMMC_CmdWriteSingleBlock
                0x0801deea       0x32 build/stm32h7xx_ll_sdmmc.o
                0x0801deea                SDMMC_CmdWriteSingleBlock
 .text.SDMMC_CmdWriteMultiBlock
                0x0801df1c       0x32 build/stm32h7xx_ll_sdmmc.o
                0x0801df1c                SDMMC_CmdWriteMultiBlock
 .text.SDMMC_CmdSDEraseStartAdd
                0x0801df4e       0x32 build/stm32h7xx_ll_sdmmc.o
                0x0801df4e                SDMMC_CmdSDEraseStartAdd
 .text.SDMMC_CmdSDEraseEndAdd
                0x0801df80       0x32 build/stm32h7xx_ll_sdmmc.o
                0x0801df80                SDMMC_CmdSDEraseEndAdd
 .text.SDMMC_CmdErase
                0x0801dfb2       0x32 build/stm32h7xx_ll_sdmmc.o
                0x0801dfb2                SDMMC_CmdErase
 .text.SDMMC_CmdStopTransfer
                0x0801dfe4       0x58 build/stm32h7xx_ll_sdmmc.o
                0x0801dfe4                SDMMC_CmdStopTransfer
 .text.SDMMC_CmdSelDesel
                0x0801e03c       0x32 build/stm32h7xx_ll_sdmmc.o
                0x0801e03c                SDMMC_CmdSelDesel
 .text.SDMMC_CmdAppCommand
                0x0801e06e       0x32 build/stm32h7xx_ll_sdmmc.o
                0x0801e06e                SDMMC_CmdAppCommand
 .text.SDMMC_CmdBusWidth
                0x0801e0a0       0x32 build/stm32h7xx_ll_sdmmc.o
                0x0801e0a0                SDMMC_CmdBusWidth
 .text.SDMMC_CmdSendSCR
                0x0801e0d2       0x32 build/stm32h7xx_ll_sdmmc.o
                0x0801e0d2                SDMMC_CmdSendSCR
 .text.SDMMC_CmdSendStatus
                0x0801e104       0x32 build/stm32h7xx_ll_sdmmc.o
                0x0801e104                SDMMC_CmdSendStatus
 .text.SDMMC_CmdStatusRegister
                0x0801e136       0x32 build/stm32h7xx_ll_sdmmc.o
                0x0801e136                SDMMC_CmdStatusRegister
 .text.SDMMC_CmdVoltageSwitch
                0x0801e168       0x32 build/stm32h7xx_ll_sdmmc.o
                0x0801e168                SDMMC_CmdVoltageSwitch
 *fill*         0x0801e19a        0x2 
 .text.SDMMC_GetCmdResp2
                0x0801e19c       0x60 build/stm32h7xx_ll_sdmmc.o
                0x0801e19c                SDMMC_GetCmdResp2
 .text.SDMMC_CmdSendCID
                0x0801e1fc       0x2c build/stm32h7xx_ll_sdmmc.o
                0x0801e1fc                SDMMC_CmdSendCID
 .text.SDMMC_CmdSendCSD
                0x0801e228       0x2c build/stm32h7xx_ll_sdmmc.o
                0x0801e228                SDMMC_CmdSendCSD
 .text.SDMMC_GetCmdResp3
                0x0801e254       0x50 build/stm32h7xx_ll_sdmmc.o
                0x0801e254                SDMMC_GetCmdResp3
 .text.SDMMC_CmdAppOperCommand
                0x0801e2a4       0x2c build/stm32h7xx_ll_sdmmc.o
                0x0801e2a4                SDMMC_CmdAppOperCommand
 .text.SDMMC_GetCmdResp6
                0x0801e2d0       0xa4 build/stm32h7xx_ll_sdmmc.o
                0x0801e2d0                SDMMC_GetCmdResp6
 .text.SDMMC_CmdSetRelAdd
                0x0801e374       0x32 build/stm32h7xx_ll_sdmmc.o
                0x0801e374                SDMMC_CmdSetRelAdd
 *fill*         0x0801e3a6        0x2 
 .text.SDMMC_GetCmdResp7
                0x0801e3a8       0x64 build/stm32h7xx_ll_sdmmc.o
                0x0801e3a8                SDMMC_GetCmdResp7
 .text.SDMMC_CmdOperCond
                0x0801e40c       0x30 build/stm32h7xx_ll_sdmmc.o
                0x0801e40c                SDMMC_CmdOperCond
 .text.USB_CoreReset
                0x0801e43c       0x4c build/stm32h7xx_ll_usb.o
 .text.USB_CoreInit
                0x0801e488       0x9c build/stm32h7xx_ll_usb.o
                0x0801e488                USB_CoreInit
 .text.USB_SetTurnaroundTime
                0x0801e524       0xe4 build/stm32h7xx_ll_usb.o
                0x0801e524                USB_SetTurnaroundTime
 .text.USB_EnableGlobalInt
                0x0801e608        0xc build/stm32h7xx_ll_usb.o
                0x0801e608                USB_EnableGlobalInt
 .text.USB_DisableGlobalInt
                0x0801e614        0xc build/stm32h7xx_ll_usb.o
                0x0801e614                USB_DisableGlobalInt
 .text.USB_FlushTxFifo
                0x0801e620       0x4c build/stm32h7xx_ll_usb.o
                0x0801e620                USB_FlushTxFifo
 .text.USB_FlushRxFifo
                0x0801e66c       0x48 build/stm32h7xx_ll_usb.o
                0x0801e66c                USB_FlushRxFifo
 .text.USB_SetDevSpeed
                0x0801e6b4        0xe build/stm32h7xx_ll_usb.o
                0x0801e6b4                USB_SetDevSpeed
 *fill*         0x0801e6c2        0x2 
 .text.USB_DevInit
                0x0801e6c4      0x188 build/stm32h7xx_ll_usb.o
                0x0801e6c4                USB_DevInit
 .text.USB_GetDevSpeed
                0x0801e84c       0x1e build/stm32h7xx_ll_usb.o
                0x0801e84c                USB_GetDevSpeed
 *fill*         0x0801e86a        0x2 
 .text.USB_ActivateEndpoint
                0x0801e86c       0x9c build/stm32h7xx_ll_usb.o
                0x0801e86c                USB_ActivateEndpoint
 .text.USB_DeactivateEndpoint
                0x0801e908       0xe0 build/stm32h7xx_ll_usb.o
                0x0801e908                USB_DeactivateEndpoint
 .text.USB_EP0StartXfer
                0x0801e9e8      0x11c build/stm32h7xx_ll_usb.o
                0x0801e9e8                USB_EP0StartXfer
 .text.USB_WritePacket
                0x0801eb04       0x2e build/stm32h7xx_ll_usb.o
                0x0801eb04                USB_WritePacket
 *fill*         0x0801eb32        0x2 
 .text.USB_EPStartXfer
                0x0801eb34      0x234 build/stm32h7xx_ll_usb.o
                0x0801eb34                USB_EPStartXfer
 .text.USB_ReadPacket
                0x0801ed68       0x54 build/stm32h7xx_ll_usb.o
                0x0801ed68                USB_ReadPacket
 .text.USB_EPSetStall
                0x0801edbc       0x5a build/stm32h7xx_ll_usb.o
                0x0801edbc                USB_EPSetStall
 .text.USB_EPClearStall
                0x0801ee16       0x5c build/stm32h7xx_ll_usb.o
                0x0801ee16                USB_EPClearStall
 .text.USB_SetDevAddress
                0x0801ee72       0x20 build/stm32h7xx_ll_usb.o
                0x0801ee72                USB_SetDevAddress
 .text.USB_DevConnect
                0x0801ee92       0x1c build/stm32h7xx_ll_usb.o
                0x0801ee92                USB_DevConnect
 .text.USB_DevDisconnect
                0x0801eeae       0x1c build/stm32h7xx_ll_usb.o
                0x0801eeae                USB_DevDisconnect
 .text.USB_ReadInterrupts
                0x0801eeca        0x8 build/stm32h7xx_ll_usb.o
                0x0801eeca                USB_ReadInterrupts
 .text.USB_ReadDevAllOutEpInterrupt
                0x0801eed2       0x10 build/stm32h7xx_ll_usb.o
                0x0801eed2                USB_ReadDevAllOutEpInterrupt
 .text.USB_ReadDevAllInEpInterrupt
                0x0801eee2       0x10 build/stm32h7xx_ll_usb.o
                0x0801eee2                USB_ReadDevAllInEpInterrupt
 .text.USB_ReadDevOutEPInterrupt
                0x0801eef2       0x12 build/stm32h7xx_ll_usb.o
                0x0801eef2                USB_ReadDevOutEPInterrupt
 .text.USB_ReadDevInEPInterrupt
                0x0801ef04       0x28 build/stm32h7xx_ll_usb.o
                0x0801ef04                USB_ReadDevInEPInterrupt
 .text.USB_GetMode
                0x0801ef2c        0x8 build/stm32h7xx_ll_usb.o
                0x0801ef2c                USB_GetMode
 .text.USB_SetCurrentMode
                0x0801ef34       0x62 build/stm32h7xx_ll_usb.o
                0x0801ef34                USB_SetCurrentMode
 *fill*         0x0801ef96        0x2 
 .text.USB_ActivateSetup
                0x0801ef98       0x20 build/stm32h7xx_ll_usb.o
                0x0801ef98                USB_ActivateSetup
 .text.USB_EP0_OutStart
                0x0801efb8       0x60 build/stm32h7xx_ll_usb.o
                0x0801efb8                USB_EP0_OutStart
 .text.Reset_Handler
                0x0801f018       0x50 build/startup_stm32h743xx.o
                0x0801f018                Reset_Handler
 .text.Default_Handler
                0x0801f068        0x2 build/startup_stm32h743xx.o
                0x0801f068                RTC_Alarm_IRQHandler
                0x0801f068                TIM8_CC_IRQHandler
                0x0801f068                HRTIM1_Master_IRQHandler
                0x0801f068                UART8_IRQHandler
                0x0801f068                SPI4_IRQHandler
                0x0801f068                TIM1_CC_IRQHandler
                0x0801f068                BDMA_Channel6_IRQHandler
                0x0801f068                DMA2_Stream5_IRQHandler
                0x0801f068                HRTIM1_FLT_IRQHandler
                0x0801f068                JPEG_IRQHandler
                0x0801f068                DMA1_Stream5_IRQHandler
                0x0801f068                BDMA_Channel1_IRQHandler
                0x0801f068                HRTIM1_TIMD_IRQHandler
                0x0801f068                TAMP_STAMP_IRQHandler
                0x0801f068                LPTIM4_IRQHandler
                0x0801f068                TIM8_TRG_COM_TIM14_IRQHandler
                0x0801f068                LPTIM2_IRQHandler
                0x0801f068                DFSDM1_FLT1_IRQHandler
                0x0801f068                DMAMUX2_OVR_IRQHandler
                0x0801f068                TIM8_UP_TIM13_IRQHandler
                0x0801f068                I2C3_ER_IRQHandler
                0x0801f068                DFSDM1_FLT2_IRQHandler
                0x0801f068                MDMA_IRQHandler
                0x0801f068                LPTIM3_IRQHandler
                0x0801f068                HSEM1_IRQHandler
                0x0801f068                I2C2_EV_IRQHandler
                0x0801f068                DMA1_Stream2_IRQHandler
                0x0801f068                FPU_IRQHandler
                0x0801f068                OTG_HS_WKUP_IRQHandler
                0x0801f068                FDCAN1_IT1_IRQHandler
                0x0801f068                LTDC_ER_IRQHandler
                0x0801f068                DMA2_Stream2_IRQHandler
                0x0801f068                HRTIM1_TIME_IRQHandler
                0x0801f068                SPI1_IRQHandler
                0x0801f068                TIM6_DAC_IRQHandler
                0x0801f068                DCMI_IRQHandler
                0x0801f068                HRTIM1_TIMC_IRQHandler
                0x0801f068                DMA2_Stream3_IRQHandler
                0x0801f068                SAI2_IRQHandler
                0x0801f068                DFSDM1_FLT3_IRQHandler
                0x0801f068                USART6_IRQHandler
                0x0801f068                TIM17_IRQHandler
                0x0801f068                USART3_IRQHandler
                0x0801f068                BDMA_Channel7_IRQHandler
                0x0801f068                LPTIM5_IRQHandler
                0x0801f068                UART5_IRQHandler
                0x0801f068                ADC3_IRQHandler
                0x0801f068                DMA2_Stream0_IRQHandler
                0x0801f068                TIM4_IRQHandler
                0x0801f068                BDMA_Channel2_IRQHandler
                0x0801f068                QUADSPI_IRQHandler
                0x0801f068                I2C1_EV_IRQHandler
                0x0801f068                DMA1_Stream6_IRQHandler
                0x0801f068                DMAMUX1_OVR_IRQHandler
                0x0801f068                DMA1_Stream1_IRQHandler
                0x0801f068                TIM16_IRQHandler
                0x0801f068                UART4_IRQHandler
                0x0801f068                BDMA_Channel5_IRQHandler
                0x0801f068                TIM3_IRQHandler
                0x0801f068                RCC_IRQHandler
                0x0801f068                TIM8_BRK_TIM12_IRQHandler
                0x0801f068                TIM1_TRG_COM_IRQHandler
                0x0801f068                Default_Handler
                0x0801f068                ECC_IRQHandler
                0x0801f068                CEC_IRQHandler
                0x0801f068                BDMA_Channel0_IRQHandler
                0x0801f068                ADC_IRQHandler
                0x0801f068                DMA1_Stream7_IRQHandler
                0x0801f068                HRTIM1_TIMA_IRQHandler
                0x0801f068                SPI5_IRQHandler
                0x0801f068                TIM7_IRQHandler
                0x0801f068                SDMMC1_IRQHandler
                0x0801f068                TIM5_IRQHandler
                0x0801f068                DMA2_Stream7_IRQHandler
                0x0801f068                TIM15_IRQHandler
                0x0801f068                PVD_AVD_IRQHandler
                0x0801f068                I2C3_EV_IRQHandler
                0x0801f068                RTC_WKUP_IRQHandler
                0x0801f068                LTDC_IRQHandler
                0x0801f068                SAI3_IRQHandler
                0x0801f068                ETH_WKUP_IRQHandler
                0x0801f068                SPDIF_RX_IRQHandler
                0x0801f068                SPI2_IRQHandler
                0x0801f068                OTG_HS_EP1_IN_IRQHandler
                0x0801f068                DMA1_Stream0_IRQHandler
                0x0801f068                CRS_IRQHandler
                0x0801f068                RNG_IRQHandler
                0x0801f068                HRTIM1_TIMB_IRQHandler
                0x0801f068                FDCAN2_IT1_IRQHandler
                0x0801f068                ETH_IRQHandler
                0x0801f068                TIM1_UP_IRQHandler
                0x0801f068                BDMA_Channel4_IRQHandler
                0x0801f068                OTG_HS_EP1_OUT_IRQHandler
                0x0801f068                WWDG_IRQHandler
                0x0801f068                SPI6_IRQHandler
                0x0801f068                MDIOS_IRQHandler
                0x0801f068                I2C4_EV_IRQHandler
                0x0801f068                FDCAN2_IT0_IRQHandler
                0x0801f068                LPUART1_IRQHandler
                0x0801f068                FDCAN1_IT0_IRQHandler
                0x0801f068                TIM2_IRQHandler
                0x0801f068                OTG_FS_WKUP_IRQHandler
                0x0801f068                OTG_HS_IRQHandler
                0x0801f068                DMA2D_IRQHandler
                0x0801f068                TIM1_BRK_IRQHandler
                0x0801f068                SDMMC2_IRQHandler
                0x0801f068                OTG_FS_EP1_OUT_IRQHandler
                0x0801f068                BDMA_Channel3_IRQHandler
                0x0801f068                UART7_IRQHandler
                0x0801f068                MDIOS_WKUP_IRQHandler
                0x0801f068                USART2_IRQHandler
                0x0801f068                DFSDM1_FLT0_IRQHandler
                0x0801f068                SAI4_IRQHandler
                0x0801f068                I2C2_ER_IRQHandler
                0x0801f068                DMA2_Stream1_IRQHandler
                0x0801f068                FLASH_IRQHandler
                0x0801f068                DMA2_Stream4_IRQHandler
                0x0801f068                USART1_IRQHandler
                0x0801f068                SPI3_IRQHandler
                0x0801f068                WAKEUP_PIN_IRQHandler
                0x0801f068                DMA1_Stream4_IRQHandler
                0x0801f068                OTG_FS_EP1_IN_IRQHandler
                0x0801f068                I2C1_ER_IRQHandler
                0x0801f068                FMC_IRQHandler
                0x0801f068                FDCAN_CAL_IRQHandler
                0x0801f068                SWPMI1_IRQHandler
                0x0801f068                COMP1_IRQHandler
                0x0801f068                LPTIM1_IRQHandler
                0x0801f068                I2C4_ER_IRQHandler
                0x0801f068                DMA2_Stream6_IRQHandler
                0x0801f068                SAI1_IRQHandler
                0x0801f068                DMA1_Stream3_IRQHandler
 *fill*         0x0801f06a        0x2 
 .text.__libc_init_array
                0x0801f06c       0x48 c:/program files (x86)/gnu arm embedded toolchain/10 2021.10/bin/../lib/gcc/arm-none-eabi/10.3.1/../../../../arm-none-eabi/lib/thumb/v7e-m+dp/hard\libc_nano.a(lib_a-init.o)
                0x0801f06c                __libc_init_array
 .text.memcmp   0x0801f0b4       0x20 c:/program files (x86)/gnu arm embedded toolchain/10 2021.10/bin/../lib/gcc/arm-none-eabi/10.3.1/../../../../arm-none-eabi/lib/thumb/v7e-m+dp/hard\libc_nano.a(lib_a-memcmp.o)
                0x0801f0b4                memcmp
 .text.memcpy   0x0801f0d4       0x1c c:/program files (x86)/gnu arm embedded toolchain/10 2021.10/bin/../lib/gcc/arm-none-eabi/10.3.1/../../../../arm-none-eabi/lib/thumb/v7e-m+dp/hard\libc_nano.a(lib_a-memcpy-stub.o)
                0x0801f0d4                memcpy
 .text.memset   0x0801f0f0       0x10 c:/program files (x86)/gnu arm embedded toolchain/10 2021.10/bin/../lib/gcc/arm-none-eabi/10.3.1/../../../../arm-none-eabi/lib/thumb/v7e-m+dp/hard\libc_nano.a(lib_a-memset.o)
                0x0801f0f0                memset
 .text.strchr   0x0801f100       0x1a c:/program files (x86)/gnu arm embedded toolchain/10 2021.10/bin/../lib/gcc/arm-none-eabi/10.3.1/../../../../arm-none-eabi/lib/thumb/v7e-m+dp/hard\libc_nano.a(lib_a-strchr.o)
                0x0801f100                strchr
 .text.strncmp  0x0801f11a       0x28 c:/program files (x86)/gnu arm embedded toolchain/10 2021.10/bin/../lib/gcc/arm-none-eabi/10.3.1/../../../../arm-none-eabi/lib/thumb/v7e-m+dp/hard\libc_nano.a(lib_a-strncmp.o)
                0x0801f11a                strncmp
 *fill*         0x0801f142        0x2 
 .text.strtok   0x0801f144       0x68 c:/program files (x86)/gnu arm embedded toolchain/10 2021.10/bin/../lib/gcc/arm-none-eabi/10.3.1/../../../../arm-none-eabi/lib/thumb/v7e-m+dp/hard\libc_nano.a(lib_a-strtok.o)
                0x0801f144                strtok
 .text.__strtok_r
                0x0801f1ac       0x50 c:/program files (x86)/gnu arm embedded toolchain/10 2021.10/bin/../lib/gcc/arm-none-eabi/10.3.1/../../../../arm-none-eabi/lib/thumb/v7e-m+dp/hard\libc_nano.a(lib_a-strtok_r.o)
                0x0801f1ac                __strtok_r
 .text._vsnprintf_r
                0x0801f1fc       0x56 c:/program files (x86)/gnu arm embedded toolchain/10 2021.10/bin/../lib/gcc/arm-none-eabi/10.3.1/../../../../arm-none-eabi/lib/thumb/v7e-m+dp/hard\libc_nano.a(lib_a-vsnprintf.o)
                0x0801f1fc                _vsniprintf_r
                0x0801f1fc                _vsnprintf_r
 *fill*         0x0801f252        0x2 
 .text.vsnprintf
                0x0801f254       0x1c c:/program files (x86)/gnu arm embedded toolchain/10 2021.10/bin/../lib/gcc/arm-none-eabi/10.3.1/../../../../arm-none-eabi/lib/thumb/v7e-m+dp/hard\libc_nano.a(lib_a-vsnprintf.o)
                0x0801f254                vsniprintf
                0x0801f254                vsnprintf
 .text.__assert_func
                0x0801f270       0x3c c:/program files (x86)/gnu arm embedded toolchain/10 2021.10/bin/../lib/gcc/arm-none-eabi/10.3.1/../../../../arm-none-eabi/lib/thumb/v7e-m+dp/hard\libc_nano.a(lib_a-assert.o)
                0x0801f270                __assert_func
 .text.fprintf  0x0801f2ac       0x24 c:/program files (x86)/gnu arm embedded toolchain/10 2021.10/bin/../lib/gcc/arm-none-eabi/10.3.1/../../../../arm-none-eabi/lib/thumb/v7e-m+dp/hard\libc_nano.a(lib_a-fprintf.o)
                0x0801f2ac                fiprintf
                0x0801f2ac                fprintf
 .text.malloc   0x0801f2d0       0x10 c:/program files (x86)/gnu arm embedded toolchain/10 2021.10/bin/../lib/gcc/arm-none-eabi/10.3.1/../../../../arm-none-eabi/lib/thumb/v7e-m+dp/hard\libc_nano.a(lib_a-malloc.o)
                0x0801f2d0                malloc
 .text._free_r  0x0801f2e0       0x98 c:/program files (x86)/gnu arm embedded toolchain/10 2021.10/bin/../lib/gcc/arm-none-eabi/10.3.1/../../../../arm-none-eabi/lib/thumb/v7e-m+dp/hard\libc_nano.a(lib_a-nano-freer.o)
                0x0801f2e0                _free_r
 .text.sbrk_aligned
                0x0801f378       0x40 c:/program files (x86)/gnu arm embedded toolchain/10 2021.10/bin/../lib/gcc/arm-none-eabi/10.3.1/../../../../arm-none-eabi/lib/thumb/v7e-m+dp/hard\libc_nano.a(lib_a-nano-mallocr.o)
 .text._malloc_r
                0x0801f3b8       0xe8 c:/program files (x86)/gnu arm embedded toolchain/10 2021.10/bin/../lib/gcc/arm-none-eabi/10.3.1/../../../../arm-none-eabi/lib/thumb/v7e-m+dp/hard\libc_nano.a(lib_a-nano-mallocr.o)
                0x0801f3b8                _malloc_r
 .text.__ssputs_r
                0x0801f4a0       0xb6 c:/program files (x86)/gnu arm embedded toolchain/10 2021.10/bin/../lib/gcc/arm-none-eabi/10.3.1/../../../../arm-none-eabi/lib/thumb/v7e-m+dp/hard\libc_nano.a(lib_a-nano-svfprintf.o)
                0x0801f4a0                __ssputs_r
 *fill*         0x0801f556        0x2 
 .text._svfprintf_r
                0x0801f558      0x200 c:/program files (x86)/gnu arm embedded toolchain/10 2021.10/bin/../lib/gcc/arm-none-eabi/10.3.1/../../../../arm-none-eabi/lib/thumb/v7e-m+dp/hard\libc_nano.a(lib_a-nano-svfprintf.o)
                0x0801f558                _svfiprintf_r
                0x0801f558                _svfprintf_r
 .text.__sfputc_r
                0x0801f758       0x2e c:/program files (x86)/gnu arm embedded toolchain/10 2021.10/bin/../lib/gcc/arm-none-eabi/10.3.1/../../../../arm-none-eabi/lib/thumb/v7e-m+dp/hard\libc_nano.a(lib_a-nano-vfprintf.o)
 .text.__sfputs_r
                0x0801f786       0x24 c:/program files (x86)/gnu arm embedded toolchain/10 2021.10/bin/../lib/gcc/arm-none-eabi/10.3.1/../../../../arm-none-eabi/lib/thumb/v7e-m+dp/hard\libc_nano.a(lib_a-nano-vfprintf.o)
                0x0801f786                __sfputs_r
 *fill*         0x0801f7aa        0x2 
 .text._vfprintf_r
                0x0801f7ac      0x260 c:/program files (x86)/gnu arm embedded toolchain/10 2021.10/bin/../lib/gcc/arm-none-eabi/10.3.1/../../../../arm-none-eabi/lib/thumb/v7e-m+dp/hard\libc_nano.a(lib_a-nano-vfprintf.o)
                0x0801f7ac                _vfprintf_r
                0x0801f7ac                _vfiprintf_r
 .text._printf_common
                0x0801fa0c       0xda c:/program files (x86)/gnu arm embedded toolchain/10 2021.10/bin/../lib/gcc/arm-none-eabi/10.3.1/../../../../arm-none-eabi/lib/thumb/v7e-m+dp/hard\libc_nano.a(lib_a-nano-vfprintf_i.o)
                0x0801fa0c                _printf_common
 *fill*         0x0801fae6        0x2 
 .text._printf_i
                0x0801fae8      0x24c c:/program files (x86)/gnu arm embedded toolchain/10 2021.10/bin/../lib/gcc/arm-none-eabi/10.3.1/../../../../arm-none-eabi/lib/thumb/v7e-m+dp/hard\libc_nano.a(lib_a-nano-vfprintf_i.o)
                0x0801fae8                _printf_i
 .text._sbrk_r  0x0801fd34       0x20 c:/program files (x86)/gnu arm embedded toolchain/10 2021.10/bin/../lib/gcc/arm-none-eabi/10.3.1/../../../../arm-none-eabi/lib/thumb/v7e-m+dp/hard\libc_nano.a(lib_a-sbrkr.o)
                0x0801fd34                _sbrk_r
 .text.__sread  0x0801fd54       0x22 c:/program files (x86)/gnu arm embedded toolchain/10 2021.10/bin/../lib/gcc/arm-none-eabi/10.3.1/../../../../arm-none-eabi/lib/thumb/v7e-m+dp/hard\libc_nano.a(lib_a-stdio.o)
                0x0801fd54                __sread
 .text.__swrite
                0x0801fd76       0x38 c:/program files (x86)/gnu arm embedded toolchain/10 2021.10/bin/../lib/gcc/arm-none-eabi/10.3.1/../../../../arm-none-eabi/lib/thumb/v7e-m+dp/hard\libc_nano.a(lib_a-stdio.o)
                0x0801fd76                __swrite
 .text.__sseek  0x0801fdae       0x24 c:/program files (x86)/gnu arm embedded toolchain/10 2021.10/bin/../lib/gcc/arm-none-eabi/10.3.1/../../../../arm-none-eabi/lib/thumb/v7e-m+dp/hard\libc_nano.a(lib_a-stdio.o)
                0x0801fdae                __sseek
 .text.__sclose
                0x0801fdd2        0x8 c:/program files (x86)/gnu arm embedded toolchain/10 2021.10/bin/../lib/gcc/arm-none-eabi/10.3.1/../../../../arm-none-eabi/lib/thumb/v7e-m+dp/hard\libc_nano.a(lib_a-stdio.o)
                0x0801fdd2                __sclose
 *fill*         0x0801fdda        0x2 
 .text.__swbuf_r
                0x0801fddc       0xa4 c:/program files (x86)/gnu arm embedded toolchain/10 2021.10/bin/../lib/gcc/arm-none-eabi/10.3.1/../../../../arm-none-eabi/lib/thumb/v7e-m+dp/hard\libc_nano.a(lib_a-wbuf.o)
                0x0801fddc                __swbuf_r
 .text._write_r
                0x0801fe80       0x24 c:/program files (x86)/gnu arm embedded toolchain/10 2021.10/bin/../lib/gcc/arm-none-eabi/10.3.1/../../../../arm-none-eabi/lib/thumb/v7e-m+dp/hard\libc_nano.a(lib_a-writer.o)
                0x0801fe80                _write_r
 .text.__swsetup_r
                0x0801fea4       0xdc c:/program files (x86)/gnu arm embedded toolchain/10 2021.10/bin/../lib/gcc/arm-none-eabi/10.3.1/../../../../arm-none-eabi/lib/thumb/v7e-m+dp/hard\libc_nano.a(lib_a-wsetup.o)
                0x0801fea4                __swsetup_r
 .text.abort    0x0801ff80        0xe c:/program files (x86)/gnu arm embedded toolchain/10 2021.10/bin/../lib/gcc/arm-none-eabi/10.3.1/../../../../arm-none-eabi/lib/thumb/v7e-m+dp/hard\libc_nano.a(lib_a-abort.o)
                0x0801ff80                abort
 *fill*         0x0801ff8e        0x2 
 .text._close_r
                0x0801ff90       0x20 c:/program files (x86)/gnu arm embedded toolchain/10 2021.10/bin/../lib/gcc/arm-none-eabi/10.3.1/../../../../arm-none-eabi/lib/thumb/v7e-m+dp/hard\libc_nano.a(lib_a-closer.o)
                0x0801ff90                _close_r
 .text.__sflush_r
                0x0801ffb0      0x10c c:/program files (x86)/gnu arm embedded toolchain/10 2021.10/bin/../lib/gcc/arm-none-eabi/10.3.1/../../../../arm-none-eabi/lib/thumb/v7e-m+dp/hard\libc_nano.a(lib_a-fflush.o)
                0x0801ffb0                __sflush_r
 .text._fflush_r
                0x080200bc       0x78 c:/program files (x86)/gnu arm embedded toolchain/10 2021.10/bin/../lib/gcc/arm-none-eabi/10.3.1/../../../../arm-none-eabi/lib/thumb/v7e-m+dp/hard\libc_nano.a(lib_a-fflush.o)
                0x080200bc                _fflush_r
 .text.std      0x08020134       0x48 c:/program files (x86)/gnu arm embedded toolchain/10 2021.10/bin/../lib/gcc/arm-none-eabi/10.3.1/../../../../arm-none-eabi/lib/thumb/v7e-m+dp/hard\libc_nano.a(lib_a-findfp.o)
 .text._cleanup_r
                0x0802017c        0xc c:/program files (x86)/gnu arm embedded toolchain/10 2021.10/bin/../lib/gcc/arm-none-eabi/10.3.1/../../../../arm-none-eabi/lib/thumb/v7e-m+dp/hard\libc_nano.a(lib_a-findfp.o)
                0x0802017c                _cleanup_r
 .text.__sfmoreglue
                0x08020188       0x2c c:/program files (x86)/gnu arm embedded toolchain/10 2021.10/bin/../lib/gcc/arm-none-eabi/10.3.1/../../../../arm-none-eabi/lib/thumb/v7e-m+dp/hard\libc_nano.a(lib_a-findfp.o)
                0x08020188                __sfmoreglue
 .text.__sfp_lock_acquire
                0x080201b4        0xc c:/program files (x86)/gnu arm embedded toolchain/10 2021.10/bin/../lib/gcc/arm-none-eabi/10.3.1/../../../../arm-none-eabi/lib/thumb/v7e-m+dp/hard\libc_nano.a(lib_a-findfp.o)
                0x080201b4                __sfp_lock_acquire
 .text.__sfp_lock_release
                0x080201c0        0xc c:/program files (x86)/gnu arm embedded toolchain/10 2021.10/bin/../lib/gcc/arm-none-eabi/10.3.1/../../../../arm-none-eabi/lib/thumb/v7e-m+dp/hard\libc_nano.a(lib_a-findfp.o)
                0x080201c0                __sfp_lock_release
 .text.__sinit_lock_acquire
                0x080201cc        0xc c:/program files (x86)/gnu arm embedded toolchain/10 2021.10/bin/../lib/gcc/arm-none-eabi/10.3.1/../../../../arm-none-eabi/lib/thumb/v7e-m+dp/hard\libc_nano.a(lib_a-findfp.o)
                0x080201cc                __sinit_lock_acquire
 .text.__sinit_lock_release
                0x080201d8        0xc c:/program files (x86)/gnu arm embedded toolchain/10 2021.10/bin/../lib/gcc/arm-none-eabi/10.3.1/../../../../arm-none-eabi/lib/thumb/v7e-m+dp/hard\libc_nano.a(lib_a-findfp.o)
                0x080201d8                __sinit_lock_release
 .text.__sinit  0x080201e4       0x70 c:/program files (x86)/gnu arm embedded toolchain/10 2021.10/bin/../lib/gcc/arm-none-eabi/10.3.1/../../../../arm-none-eabi/lib/thumb/v7e-m+dp/hard\libc_nano.a(lib_a-findfp.o)
                0x080201e4                __sinit
 .text.__sfp    0x08020254       0x8c c:/program files (x86)/gnu arm embedded toolchain/10 2021.10/bin/../lib/gcc/arm-none-eabi/10.3.1/../../../../arm-none-eabi/lib/thumb/v7e-m+dp/hard\libc_nano.a(lib_a-findfp.o)
                0x08020254                __sfp
 .text._fwalk_reent
                0x080202e0       0x3e c:/program files (x86)/gnu arm embedded toolchain/10 2021.10/bin/../lib/gcc/arm-none-eabi/10.3.1/../../../../arm-none-eabi/lib/thumb/v7e-m+dp/hard\libc_nano.a(lib_a-fwalk.o)
                0x080202e0                _fwalk_reent
 .text.__retarget_lock_init_recursive
                0x0802031e        0x2 c:/program files (x86)/gnu arm embedded toolchain/10 2021.10/bin/../lib/gcc/arm-none-eabi/10.3.1/../../../../arm-none-eabi/lib/thumb/v7e-m+dp/hard\libc_nano.a(lib_a-lock.o)
                0x0802031e                __retarget_lock_init_recursive
 .text.__retarget_lock_acquire_recursive
                0x08020320        0x2 c:/program files (x86)/gnu arm embedded toolchain/10 2021.10/bin/../lib/gcc/arm-none-eabi/10.3.1/../../../../arm-none-eabi/lib/thumb/v7e-m+dp/hard\libc_nano.a(lib_a-lock.o)
                0x08020320                __retarget_lock_acquire_recursive
 .text.__retarget_lock_release_recursive
                0x08020322        0x2 c:/program files (x86)/gnu arm embedded toolchain/10 2021.10/bin/../lib/gcc/arm-none-eabi/10.3.1/../../../../arm-none-eabi/lib/thumb/v7e-m+dp/hard\libc_nano.a(lib_a-lock.o)
                0x08020322                __retarget_lock_release_recursive
 .text._lseek_r
                0x08020324       0x24 c:/program files (x86)/gnu arm embedded toolchain/10 2021.10/bin/../lib/gcc/arm-none-eabi/10.3.1/../../../../arm-none-eabi/lib/thumb/v7e-m+dp/hard\libc_nano.a(lib_a-lseekr.o)
                0x08020324                _lseek_r
 .text.__swhatbuf_r