ARM GAS  C:\Users\HUAV\AppData\Local\Temp\cccMHOXm.s 			page 1


   1              		.cpu cortex-m4
   2              		.arch armv7e-m
   3              		.fpu fpv4-sp-d16
   4              		.eabi_attribute 27, 1
   5              		.eabi_attribute 28, 1
   6              		.eabi_attribute 20, 1
   7              		.eabi_attribute 21, 1
   8              		.eabi_attribute 23, 3
   9              		.eabi_attribute 24, 1
  10              		.eabi_attribute 25, 1
  11              		.eabi_attribute 26, 1
  12              		.eabi_attribute 30, 1
  13              		.eabi_attribute 34, 1
  14              		.eabi_attribute 18, 4
  15              		.file	"Srv_LedStrip.c"
  16              		.text
  17              	.Ltext0:
  18              		.cfi_sections	.debug_frame
  19              		.section	.text.Srv_LedStrip_Breath_Test,"ax",%progbits
  20              		.align	1
  21              		.syntax unified
  22              		.thumb
  23              		.thumb_func
  25              	Srv_LedStrip_Breath_Test:
  26              	.LFB149:
  27              		.file 1 "Service/Srv_LedStrip.c"
   1:Service/Srv_LedStrip.c **** #include "Srv_OsCommon.h"
   2:Service/Srv_LedStrip.c **** #include "Srv_LedStrip.h"
   3:Service/Srv_LedStrip.c **** #include "Srv_DataHub.h"
   4:Service/Srv_LedStrip.c **** #include "Dev_WS2812.h"
   5:Service/Srv_LedStrip.c **** #include "Bsp_Timer.h"
   6:Service/Srv_LedStrip.c **** #include "Bsp_GPIO.h"
   7:Service/Srv_LedStrip.c **** #include <math.h>
   8:Service/Srv_LedStrip.c **** #include "HW_Def.h"
   9:Service/Srv_LedStrip.c **** 
  10:Service/Srv_LedStrip.c **** #define SrvLedStrip_Malloc(size) SrvOsCommon.malloc(size)
  11:Service/Srv_LedStrip.c **** #define SrvLedStrip_Free(ptr) SrvOsCommon.free(ptr)
  12:Service/Srv_LedStrip.c **** 
  13:Service/Srv_LedStrip.c **** /* internal function */
  14:Service/Srv_LedStrip.c **** static bool Srv_LedStrip_PortInit(void *obj);
  15:Service/Srv_LedStrip.c **** static bool Srv_LedStrip_Trans(void *port_obj);
  16:Service/Srv_LedStrip.c **** 
  17:Service/Srv_LedStrip.c **** typedef struct
  18:Service/Srv_LedStrip.c **** {
  19:Service/Srv_LedStrip.c ****     bool init;
  20:Service/Srv_LedStrip.c **** #if defined AT32F435_437
  21:Service/Srv_LedStrip.c ****     osSemaphoreId Sem;
  22:Service/Srv_LedStrip.c **** #endif
  23:Service/Srv_LedStrip.c ****     uint8_t num;
  24:Service/Srv_LedStrip.c **** } SrvLedStrip_Monitor_TypeDef;
  25:Service/Srv_LedStrip.c **** 
  26:Service/Srv_LedStrip.c **** /* internal vriable */
  27:Service/Srv_LedStrip.c **** static SrvLedStrip_Monitor_TypeDef Monitor = {
  28:Service/Srv_LedStrip.c **** #if defined AT32F435_437
  29:Service/Srv_LedStrip.c ****     .Sem = NULL,
  30:Service/Srv_LedStrip.c **** #endif
  31:Service/Srv_LedStrip.c ****     .init = false,
ARM GAS  C:\Users\HUAV\AppData\Local\Temp\cccMHOXm.s 			page 2


  32:Service/Srv_LedStrip.c ****     .num = 0,
  33:Service/Srv_LedStrip.c **** };
  34:Service/Srv_LedStrip.c **** 
  35:Service/Srv_LedStrip.c **** static DevWS2812Obj_TypeDef WS2812Obj = {
  36:Service/Srv_LedStrip.c ****     .bus = WS2812_Bus_Timer,
  37:Service/Srv_LedStrip.c ****     .port_Obj = NULL,
  38:Service/Srv_LedStrip.c **** };
  39:Service/Srv_LedStrip.c **** 
  40:Service/Srv_LedStrip.c **** /* external function */
  41:Service/Srv_LedStrip.c **** static bool Srv_LedStrip_Init(uint8_t led_num);
  42:Service/Srv_LedStrip.c **** static void Srv_LedStrip_Polling(void);
  43:Service/Srv_LedStrip.c **** 
  44:Service/Srv_LedStrip.c **** /* external vriable */
  45:Service/Srv_LedStrip.c **** SrvLedStrip_TypeDef SrvLedStrip = {
  46:Service/Srv_LedStrip.c ****     .init = Srv_LedStrip_Init,
  47:Service/Srv_LedStrip.c ****     .polling = Srv_LedStrip_Polling,
  48:Service/Srv_LedStrip.c **** };
  49:Service/Srv_LedStrip.c **** 
  50:Service/Srv_LedStrip.c **** static bool Srv_LedStrip_Init(uint8_t led_num)
  51:Service/Srv_LedStrip.c **** {
  52:Service/Srv_LedStrip.c ****     if (led_num == 0)
  53:Service/Srv_LedStrip.c ****         return false;
  54:Service/Srv_LedStrip.c **** 
  55:Service/Srv_LedStrip.c ****     Monitor.num = led_num;
  56:Service/Srv_LedStrip.c ****     Monitor.init = false;
  57:Service/Srv_LedStrip.c **** 
  58:Service/Srv_LedStrip.c ****     WS2812Obj.led_num = led_num;
  59:Service/Srv_LedStrip.c ****     WS2812Obj.p_malloc = SrvOsCommon.malloc;
  60:Service/Srv_LedStrip.c ****     WS2812Obj.p_free = SrvOsCommon.free;
  61:Service/Srv_LedStrip.c ****     WS2812Obj.port_init = Srv_LedStrip_PortInit;
  62:Service/Srv_LedStrip.c ****     WS2812Obj.port_send = Srv_LedStrip_Trans;
  63:Service/Srv_LedStrip.c **** 
  64:Service/Srv_LedStrip.c ****     if (!DevWS2812.init(&WS2812Obj))
  65:Service/Srv_LedStrip.c ****     {
  66:Service/Srv_LedStrip.c ****         SrvLedStrip_Free(WS2812Obj.port_Obj);
  67:Service/Srv_LedStrip.c ****         return false;
  68:Service/Srv_LedStrip.c ****     }
  69:Service/Srv_LedStrip.c **** 
  70:Service/Srv_LedStrip.c **** #if defined AT32F435_437
  71:Service/Srv_LedStrip.c ****     osSemaphoreDef(LedStrip_Sem);
  72:Service/Srv_LedStrip.c ****     Monitor.Sem = osSemaphoreCreate(osSemaphore(LedStrip_Sem), 1);
  73:Service/Srv_LedStrip.c **** 
  74:Service/Srv_LedStrip.c ****     if (Monitor.Sem == NULL)
  75:Service/Srv_LedStrip.c ****     {
  76:Service/Srv_LedStrip.c ****         SrvLedStrip_Free(To_TimerPWMObj_Ptr(WS2812Obj.port_Obj)->dma_callback_obj);
  77:Service/Srv_LedStrip.c ****         SrvLedStrip_Free(To_TimerPWMObj_Ptr(WS2812Obj.port_Obj));
  78:Service/Srv_LedStrip.c ****         SrvLedStrip_Free(WS2812Obj.port_Obj);
  79:Service/Srv_LedStrip.c ****         return false;
  80:Service/Srv_LedStrip.c ****     }
  81:Service/Srv_LedStrip.c **** #endif
  82:Service/Srv_LedStrip.c ****     
  83:Service/Srv_LedStrip.c ****     WS2812Obj.port_init = Srv_LedStrip_PortInit;
  84:Service/Srv_LedStrip.c ****     WS2812Obj.port_send = Srv_LedStrip_Trans;
  85:Service/Srv_LedStrip.c ****     
  86:Service/Srv_LedStrip.c ****     for (uint8_t i = 0; i < led_num; i++)
  87:Service/Srv_LedStrip.c ****         DevWS2812.set(&WS2812Obj, i, WS2812_NONE);
  88:Service/Srv_LedStrip.c **** 
ARM GAS  C:\Users\HUAV\AppData\Local\Temp\cccMHOXm.s 			page 3


  89:Service/Srv_LedStrip.c ****     Monitor.init = true;
  90:Service/Srv_LedStrip.c ****     return true;
  91:Service/Srv_LedStrip.c **** }
  92:Service/Srv_LedStrip.c **** 
  93:Service/Srv_LedStrip.c **** static void Srv_LedStrip_Breath_Test(void)
  94:Service/Srv_LedStrip.c **** {
  28              		.loc 1 94 1 view -0
  29              		.cfi_startproc
  30              		@ args = 0, pretend = 0, frame = 24
  31              		@ frame_needed = 0, uses_anonymous_args = 0
  95:Service/Srv_LedStrip.c ****     uint8_t bright = 0;
  32              		.loc 1 95 5 view .LVU1
  33              	.LVL0:
  96:Service/Srv_LedStrip.c ****     static uint32_t sys_time = 0;
  34              		.loc 1 96 5 view .LVU2
  97:Service/Srv_LedStrip.c ****     static RGB_TypeDef rgb;
  35              		.loc 1 97 5 view .LVU3
  98:Service/Srv_LedStrip.c ****     const uint8_t interval = 100;   /* 100ms */
  36              		.loc 1 98 5 view .LVU4
  99:Service/Srv_LedStrip.c ****     static bool dec = false;
  37              		.loc 1 99 5 view .LVU5
 100:Service/Srv_LedStrip.c ****     static uint8_t i = 0;
  38              		.loc 1 100 5 view .LVU6
 101:Service/Srv_LedStrip.c **** 
 102:Service/Srv_LedStrip.c ****     if (!Monitor.init || \
  39              		.loc 1 102 5 view .LVU7
  40              		.loc 1 102 17 is_stmt 0 view .LVU8
  41 0000 4C4B     		ldr	r3, .L11
  42 0002 1B78     		ldrb	r3, [r3]	@ zero_extendqisi2
  43              		.loc 1 102 8 view .LVU9
  44 0004 002B     		cmp	r3, #0
  45 0006 00F09380 		beq	.L7
 103:Service/Srv_LedStrip.c ****         (DevWS2812.set == NULL) || \
  46              		.loc 1 103 19 discriminator 1 view .LVU10
  47 000a 4B4B     		ldr	r3, .L11+4
  48 000c 5B68     		ldr	r3, [r3, #4]
 102:Service/Srv_LedStrip.c ****         (DevWS2812.set == NULL) || \
  49              		.loc 1 102 23 discriminator 1 view .LVU11
  50 000e 002B     		cmp	r3, #0
  51 0010 00F08E80 		beq	.L7
 104:Service/Srv_LedStrip.c ****         (DevWS2812.trans == NULL))
  52              		.loc 1 104 19 view .LVU12
  53 0014 484A     		ldr	r2, .L11+4
  54 0016 9268     		ldr	r2, [r2, #8]
 103:Service/Srv_LedStrip.c ****         (DevWS2812.set == NULL) || \
  55              		.loc 1 103 33 view .LVU13
  56 0018 002A     		cmp	r2, #0
  57 001a 00F08980 		beq	.L7
  94:Service/Srv_LedStrip.c ****     uint8_t bright = 0;
  58              		.loc 1 94 1 view .LVU14
  59 001e F0B5     		push	{r4, r5, r6, r7, lr}
  60              	.LCFI0:
  61              		.cfi_def_cfa_offset 20
  62              		.cfi_offset 4, -20
  63              		.cfi_offset 5, -16
  64              		.cfi_offset 6, -12
  65              		.cfi_offset 7, -8
ARM GAS  C:\Users\HUAV\AppData\Local\Temp\cccMHOXm.s 			page 4


  66              		.cfi_offset 14, -4
  67 0020 87B0     		sub	sp, sp, #28
  68              	.LCFI1:
  69              		.cfi_def_cfa_offset 48
 105:Service/Srv_LedStrip.c ****         return;
 106:Service/Srv_LedStrip.c **** 
 107:Service/Srv_LedStrip.c ****     DevWS2812.set(&WS2812Obj, 0, WS2812_NONE);
  70              		.loc 1 107 5 is_stmt 1 view .LVU15
  71              		.loc 1 107 34 is_stmt 0 view .LVU16
  72 0022 6426     		movs	r6, #100
  73 0024 8DF80060 		strb	r6, [sp]
  74 0028 0024     		movs	r4, #0
  75 002a 8DF80140 		strb	r4, [sp, #1]
  76 002e 8DF80240 		strb	r4, [sp, #2]
  77 0032 8DF80340 		strb	r4, [sp, #3]
  78              		.loc 1 107 5 view .LVU17
  79 0036 414D     		ldr	r5, .L11+8
  80 0038 009A     		ldr	r2, [sp]
  81 003a 2146     		mov	r1, r4
  82 003c 2846     		mov	r0, r5
  83 003e 9847     		blx	r3
  84              	.LVL1:
 108:Service/Srv_LedStrip.c ****     DevWS2812.set(&WS2812Obj, 1, WS2812_NONE);
  85              		.loc 1 108 5 is_stmt 1 view .LVU18
  86              		.loc 1 108 14 is_stmt 0 view .LVU19
  87 0040 3D4F     		ldr	r7, .L11+4
  88 0042 7B68     		ldr	r3, [r7, #4]
  89              		.loc 1 108 34 view .LVU20
  90 0044 8DF80460 		strb	r6, [sp, #4]
  91 0048 8DF80540 		strb	r4, [sp, #5]
  92 004c 8DF80640 		strb	r4, [sp, #6]
  93 0050 8DF80740 		strb	r4, [sp, #7]
  94              		.loc 1 108 5 view .LVU21
  95 0054 019A     		ldr	r2, [sp, #4]
  96 0056 0121     		movs	r1, #1
  97 0058 2846     		mov	r0, r5
  98 005a 9847     		blx	r3
  99              	.LVL2:
 109:Service/Srv_LedStrip.c ****     DevWS2812.set(&WS2812Obj, 2, WS2812_NONE);
 100              		.loc 1 109 5 is_stmt 1 view .LVU22
 101              		.loc 1 109 14 is_stmt 0 view .LVU23
 102 005c 7B68     		ldr	r3, [r7, #4]
 103              		.loc 1 109 34 view .LVU24
 104 005e 8DF80860 		strb	r6, [sp, #8]
 105 0062 8DF80940 		strb	r4, [sp, #9]
 106 0066 8DF80A40 		strb	r4, [sp, #10]
 107 006a 8DF80B40 		strb	r4, [sp, #11]
 108              		.loc 1 109 5 view .LVU25
 109 006e 029A     		ldr	r2, [sp, #8]
 110 0070 0221     		movs	r1, #2
 111 0072 2846     		mov	r0, r5
 112 0074 9847     		blx	r3
 113              	.LVL3:
 110:Service/Srv_LedStrip.c ****     DevWS2812.set(&WS2812Obj, 3, WS2812_NONE);
 114              		.loc 1 110 5 is_stmt 1 view .LVU26
 115              		.loc 1 110 14 is_stmt 0 view .LVU27
 116 0076 7B68     		ldr	r3, [r7, #4]
ARM GAS  C:\Users\HUAV\AppData\Local\Temp\cccMHOXm.s 			page 5


 117              		.loc 1 110 34 view .LVU28
 118 0078 8DF80C60 		strb	r6, [sp, #12]
 119 007c 8DF80D40 		strb	r4, [sp, #13]
 120 0080 8DF80E40 		strb	r4, [sp, #14]
 121 0084 8DF80F40 		strb	r4, [sp, #15]
 122              		.loc 1 110 5 view .LVU29
 123 0088 039A     		ldr	r2, [sp, #12]
 124 008a 0321     		movs	r1, #3
 125 008c 2846     		mov	r0, r5
 126 008e 9847     		blx	r3
 127              	.LVL4:
 111:Service/Srv_LedStrip.c ****     DevWS2812.set(&WS2812Obj, 4, WS2812_NONE);
 128              		.loc 1 111 5 is_stmt 1 view .LVU30
 129              		.loc 1 111 14 is_stmt 0 view .LVU31
 130 0090 7B68     		ldr	r3, [r7, #4]
 131              		.loc 1 111 34 view .LVU32
 132 0092 8DF81060 		strb	r6, [sp, #16]
 133 0096 8DF81140 		strb	r4, [sp, #17]
 134 009a 8DF81240 		strb	r4, [sp, #18]
 135 009e 8DF81340 		strb	r4, [sp, #19]
 136              		.loc 1 111 5 view .LVU33
 137 00a2 049A     		ldr	r2, [sp, #16]
 138 00a4 0421     		movs	r1, #4
 139 00a6 2846     		mov	r0, r5
 140 00a8 9847     		blx	r3
 141              	.LVL5:
 112:Service/Srv_LedStrip.c ****     DevWS2812.set(&WS2812Obj, 5, WS2812_NONE);
 142              		.loc 1 112 5 is_stmt 1 view .LVU34
 143              		.loc 1 112 14 is_stmt 0 view .LVU35
 144 00aa 7B68     		ldr	r3, [r7, #4]
 145              		.loc 1 112 34 view .LVU36
 146 00ac 8DF81460 		strb	r6, [sp, #20]
 147 00b0 8DF81540 		strb	r4, [sp, #21]
 148 00b4 8DF81640 		strb	r4, [sp, #22]
 149 00b8 8DF81740 		strb	r4, [sp, #23]
 150              		.loc 1 112 5 view .LVU37
 151 00bc 059A     		ldr	r2, [sp, #20]
 152 00be 0521     		movs	r1, #5
 153 00c0 2846     		mov	r0, r5
 154 00c2 9847     		blx	r3
 155              	.LVL6:
 113:Service/Srv_LedStrip.c ****     
 114:Service/Srv_LedStrip.c ****     if (sys_time == 0)
 156              		.loc 1 114 5 is_stmt 1 view .LVU38
 157              		.loc 1 114 18 is_stmt 0 view .LVU39
 158 00c4 1E4B     		ldr	r3, .L11+12
 159 00c6 1B68     		ldr	r3, [r3]
 160              		.loc 1 114 8 view .LVU40
 161 00c8 002B     		cmp	r3, #0
 162 00ca 27D0     		beq	.L10
 115:Service/Srv_LedStrip.c ****     {
 116:Service/Srv_LedStrip.c ****         rgb = WS2812_GHOSTWHITE;
 117:Service/Srv_LedStrip.c ****         sys_time = SrvOsCommon.get_os_ms();
 118:Service/Srv_LedStrip.c ****         return;
 119:Service/Srv_LedStrip.c ****     }
 120:Service/Srv_LedStrip.c **** 
 121:Service/Srv_LedStrip.c ****     if ((SrvOsCommon.get_os_ms() - sys_time) < interval)
ARM GAS  C:\Users\HUAV\AppData\Local\Temp\cccMHOXm.s 			page 6


 163              		.loc 1 121 5 is_stmt 1 view .LVU41
 164              		.loc 1 121 21 is_stmt 0 view .LVU42
 165 00cc 1D4B     		ldr	r3, .L11+16
 166 00ce 5B68     		ldr	r3, [r3, #4]
 167              		.loc 1 121 10 view .LVU43
 168 00d0 9847     		blx	r3
 169              	.LVL7:
 170              		.loc 1 121 34 view .LVU44
 171 00d2 1B4B     		ldr	r3, .L11+12
 172 00d4 1B68     		ldr	r3, [r3]
 173 00d6 C01A     		subs	r0, r0, r3
 174              		.loc 1 121 8 view .LVU45
 175 00d8 6328     		cmp	r0, #99
 176 00da 1DD9     		bls	.L1
 122:Service/Srv_LedStrip.c ****         return;
 123:Service/Srv_LedStrip.c **** 
 124:Service/Srv_LedStrip.c ****     sys_time = SrvOsCommon.get_os_ms();
 177              		.loc 1 124 5 is_stmt 1 view .LVU46
 178              		.loc 1 124 27 is_stmt 0 view .LVU47
 179 00dc 194B     		ldr	r3, .L11+16
 180 00de 5B68     		ldr	r3, [r3, #4]
 181              		.loc 1 124 16 view .LVU48
 182 00e0 9847     		blx	r3
 183              	.LVL8:
 184              		.loc 1 124 14 view .LVU49
 185 00e2 174B     		ldr	r3, .L11+12
 186 00e4 1860     		str	r0, [r3]
 125:Service/Srv_LedStrip.c ****     rgb.bright ++;
 187              		.loc 1 125 5 is_stmt 1 view .LVU50
 188              		.loc 1 125 8 is_stmt 0 view .LVU51
 189 00e6 184B     		ldr	r3, .L11+20
 190 00e8 1A78     		ldrb	r2, [r3]	@ zero_extendqisi2
 191              		.loc 1 125 16 view .LVU52
 192 00ea 0132     		adds	r2, r2, #1
 193 00ec 1A70     		strb	r2, [r3]
 126:Service/Srv_LedStrip.c ****     
 127:Service/Srv_LedStrip.c ****     DevWS2812.set(&WS2812Obj, i, rgb);
 194              		.loc 1 127 5 is_stmt 1 view .LVU53
 195              		.loc 1 127 14 is_stmt 0 view .LVU54
 196 00ee 124A     		ldr	r2, .L11+4
 197 00f0 5568     		ldr	r5, [r2, #4]
 198              		.loc 1 127 5 view .LVU55
 199 00f2 164C     		ldr	r4, .L11+24
 200 00f4 1A68     		ldr	r2, [r3]
 201 00f6 2178     		ldrb	r1, [r4]	@ zero_extendqisi2
 202 00f8 1048     		ldr	r0, .L11+8
 203 00fa A847     		blx	r5
 204              	.LVL9:
 128:Service/Srv_LedStrip.c **** 
 129:Service/Srv_LedStrip.c ****     i ++;
 205              		.loc 1 129 5 is_stmt 1 view .LVU56
 206              		.loc 1 129 7 is_stmt 0 view .LVU57
 207 00fc 2378     		ldrb	r3, [r4]	@ zero_extendqisi2
 208 00fe 0133     		adds	r3, r3, #1
 209 0100 DBB2     		uxtb	r3, r3
 210 0102 2370     		strb	r3, [r4]
 130:Service/Srv_LedStrip.c ****     if (i >= Monitor.num)
ARM GAS  C:\Users\HUAV\AppData\Local\Temp\cccMHOXm.s 			page 7


 211              		.loc 1 130 5 is_stmt 1 view .LVU58
 212              		.loc 1 130 21 is_stmt 0 view .LVU59
 213 0104 0B4A     		ldr	r2, .L11
 214 0106 127A     		ldrb	r2, [r2, #8]	@ zero_extendqisi2
 215              		.loc 1 130 8 view .LVU60
 216 0108 9342     		cmp	r3, r2
 217 010a 01D3     		bcc	.L4
 131:Service/Srv_LedStrip.c ****         i = 0;
 218              		.loc 1 131 9 is_stmt 1 view .LVU61
 219              		.loc 1 131 11 is_stmt 0 view .LVU62
 220 010c 0022     		movs	r2, #0
 221 010e 2270     		strb	r2, [r4]
 222              	.L4:
 132:Service/Srv_LedStrip.c ****     
 133:Service/Srv_LedStrip.c ****     DevWS2812.trans(&WS2812Obj);
 223              		.loc 1 133 5 is_stmt 1 view .LVU63
 224              		.loc 1 133 14 is_stmt 0 view .LVU64
 225 0110 094B     		ldr	r3, .L11+4
 226 0112 9B68     		ldr	r3, [r3, #8]
 227              		.loc 1 133 5 view .LVU65
 228 0114 0948     		ldr	r0, .L11+8
 229 0116 9847     		blx	r3
 230              	.LVL10:
 231              	.L1:
 134:Service/Srv_LedStrip.c **** }
 232              		.loc 1 134 1 view .LVU66
 233 0118 07B0     		add	sp, sp, #28
 234              	.LCFI2:
 235              		.cfi_remember_state
 236              		.cfi_def_cfa_offset 20
 237              		@ sp needed
 238 011a F0BD     		pop	{r4, r5, r6, r7, pc}
 239              	.L10:
 240              	.LCFI3:
 241              		.cfi_restore_state
 242              	.LBB2:
 116:Service/Srv_LedStrip.c ****         sys_time = SrvOsCommon.get_os_ms();
 243              		.loc 1 116 9 is_stmt 1 view .LVU67
 116:Service/Srv_LedStrip.c ****         sys_time = SrvOsCommon.get_os_ms();
 244              		.loc 1 116 13 is_stmt 0 view .LVU68
 245 011c 0C4B     		ldr	r3, .L11+28
 246 011e 1A68     		ldr	r2, [r3]
 247 0120 094B     		ldr	r3, .L11+20
 248 0122 1A60     		str	r2, [r3]
 117:Service/Srv_LedStrip.c ****         return;
 249              		.loc 1 117 9 is_stmt 1 view .LVU69
 117:Service/Srv_LedStrip.c ****         return;
 250              		.loc 1 117 31 is_stmt 0 view .LVU70
 251 0124 074B     		ldr	r3, .L11+16
 252 0126 5B68     		ldr	r3, [r3, #4]
 117:Service/Srv_LedStrip.c ****         return;
 253              		.loc 1 117 20 view .LVU71
 254 0128 9847     		blx	r3
 255              	.LVL11:
 117:Service/Srv_LedStrip.c ****         return;
 256              		.loc 1 117 18 view .LVU72
 257 012a 054B     		ldr	r3, .L11+12
ARM GAS  C:\Users\HUAV\AppData\Local\Temp\cccMHOXm.s 			page 8


 258 012c 1860     		str	r0, [r3]
 118:Service/Srv_LedStrip.c ****     }
 259              		.loc 1 118 9 is_stmt 1 view .LVU73
 260 012e F3E7     		b	.L1
 261              	.L7:
 262              	.LCFI4:
 263              		.cfi_def_cfa_offset 0
 264              		.cfi_restore 4
 265              		.cfi_restore 5
 266              		.cfi_restore 6
 267              		.cfi_restore 7
 268              		.cfi_restore 14
 269 0130 7047     		bx	lr
 270              	.L12:
 271 0132 00BF     		.align	2
 272              	.L11:
 273 0134 00000000 		.word	.LANCHOR0
 274 0138 00000000 		.word	DevWS2812
 275 013c 00000000 		.word	.LANCHOR1
 276 0140 00000000 		.word	.LANCHOR2
 277 0144 00000000 		.word	SrvOsCommon
 278 0148 00000000 		.word	.LANCHOR3
 279 014c 00000000 		.word	.LANCHOR5
 280 0150 00000000 		.word	.LANCHOR4
 281              	.LBE2:
 282              		.cfi_endproc
 283              	.LFE149:
 285              		.section	.text.Srv_LedStrip_Polling,"ax",%progbits
 286              		.align	1
 287              		.syntax unified
 288              		.thumb
 289              		.thumb_func
 291              	Srv_LedStrip_Polling:
 292              	.LFB150:
 135:Service/Srv_LedStrip.c **** 
 136:Service/Srv_LedStrip.c **** static void Srv_LedStrip_Polling(void)
 137:Service/Srv_LedStrip.c **** {
 293              		.loc 1 137 1 view -0
 294              		.cfi_startproc
 295              		@ args = 0, pretend = 0, frame = 0
 296              		@ frame_needed = 0, uses_anonymous_args = 0
 297 0000 08B5     		push	{r3, lr}
 298              	.LCFI5:
 299              		.cfi_def_cfa_offset 8
 300              		.cfi_offset 3, -8
 301              		.cfi_offset 14, -4
 138:Service/Srv_LedStrip.c ****     if (!Monitor.init || \
 302              		.loc 1 138 5 view .LVU75
 303              		.loc 1 138 17 is_stmt 0 view .LVU76
 304 0002 064B     		ldr	r3, .L16
 305 0004 1B78     		ldrb	r3, [r3]	@ zero_extendqisi2
 306              		.loc 1 138 8 view .LVU77
 307 0006 3BB1     		cbz	r3, .L13
 139:Service/Srv_LedStrip.c ****         (DevWS2812.set == NULL) || \
 308              		.loc 1 139 19 discriminator 1 view .LVU78
 309 0008 054B     		ldr	r3, .L16+4
 310 000a 5B68     		ldr	r3, [r3, #4]
ARM GAS  C:\Users\HUAV\AppData\Local\Temp\cccMHOXm.s 			page 9


 138:Service/Srv_LedStrip.c ****     if (!Monitor.init || \
 311              		.loc 1 138 23 discriminator 1 view .LVU79
 312 000c 23B1     		cbz	r3, .L13
 140:Service/Srv_LedStrip.c ****         (DevWS2812.trans == NULL))
 313              		.loc 1 140 19 view .LVU80
 314 000e 044B     		ldr	r3, .L16+4
 315 0010 9B68     		ldr	r3, [r3, #8]
 139:Service/Srv_LedStrip.c ****         (DevWS2812.set == NULL) || \
 316              		.loc 1 139 33 view .LVU81
 317 0012 0BB1     		cbz	r3, .L13
 141:Service/Srv_LedStrip.c ****         return;
 142:Service/Srv_LedStrip.c **** 
 143:Service/Srv_LedStrip.c ****     // for (uint8_t i = 0; i < Monitor.num; i ++)
 144:Service/Srv_LedStrip.c ****     // {
 145:Service/Srv_LedStrip.c ****     //     DevWS2812.set(&WS2812Obj, 0, WS2812_SNOWWHITE);
 146:Service/Srv_LedStrip.c ****     //     DevWS2812.set(&WS2812Obj, 1, WS2812_NONE);
 147:Service/Srv_LedStrip.c ****     //     DevWS2812.set(&WS2812Obj, 2, WS2812_SNOWWHITE);
 148:Service/Srv_LedStrip.c ****     //     DevWS2812.set(&WS2812Obj, 3, WS2812_NONE);
 149:Service/Srv_LedStrip.c ****     //     DevWS2812.set(&WS2812Obj, 4, WS2812_NONE);
 150:Service/Srv_LedStrip.c ****     //     DevWS2812.set(&WS2812Obj, 5, WS2812_SNOWWHITE);
 151:Service/Srv_LedStrip.c ****     // }
 152:Service/Srv_LedStrip.c ****     
 153:Service/Srv_LedStrip.c ****     // DevWS2812.trans(&WS2812Obj);
 154:Service/Srv_LedStrip.c ****     Srv_LedStrip_Breath_Test();
 318              		.loc 1 154 5 is_stmt 1 view .LVU82
 319 0014 FFF7FEFF 		bl	Srv_LedStrip_Breath_Test
 320              	.LVL12:
 321              	.L13:
 155:Service/Srv_LedStrip.c **** }
 322              		.loc 1 155 1 is_stmt 0 view .LVU83
 323 0018 08BD     		pop	{r3, pc}
 324              	.L17:
 325 001a 00BF     		.align	2
 326              	.L16:
 327 001c 00000000 		.word	.LANCHOR0
 328 0020 00000000 		.word	DevWS2812
 329              		.cfi_endproc
 330              	.LFE150:
 332              		.section	.text.Srv_LedStrip_Init,"ax",%progbits
 333              		.align	1
 334              		.syntax unified
 335              		.thumb
 336              		.thumb_func
 338              	Srv_LedStrip_Init:
 339              	.LVL13:
 340              	.LFB148:
  51:Service/Srv_LedStrip.c ****     if (led_num == 0)
 341              		.loc 1 51 1 is_stmt 1 view -0
 342              		.cfi_startproc
 343              		@ args = 0, pretend = 0, frame = 16
 344              		@ frame_needed = 0, uses_anonymous_args = 0
  51:Service/Srv_LedStrip.c ****     if (led_num == 0)
 345              		.loc 1 51 1 is_stmt 0 view .LVU85
 346 0000 F0B5     		push	{r4, r5, r6, r7, lr}
 347              	.LCFI6:
 348              		.cfi_def_cfa_offset 20
 349              		.cfi_offset 4, -20
ARM GAS  C:\Users\HUAV\AppData\Local\Temp\cccMHOXm.s 			page 10


 350              		.cfi_offset 5, -16
 351              		.cfi_offset 6, -12
 352              		.cfi_offset 7, -8
 353              		.cfi_offset 14, -4
 354 0002 85B0     		sub	sp, sp, #20
 355              	.LCFI7:
 356              		.cfi_def_cfa_offset 40
  52:Service/Srv_LedStrip.c ****         return false;
 357              		.loc 1 52 5 is_stmt 1 view .LVU86
  52:Service/Srv_LedStrip.c ****         return false;
 358              		.loc 1 52 8 is_stmt 0 view .LVU87
 359 0004 0028     		cmp	r0, #0
 360 0006 51D0     		beq	.L24
 361 0008 0546     		mov	r5, r0
  55:Service/Srv_LedStrip.c ****     Monitor.init = false;
 362              		.loc 1 55 5 is_stmt 1 view .LVU88
  55:Service/Srv_LedStrip.c ****     Monitor.init = false;
 363              		.loc 1 55 17 is_stmt 0 view .LVU89
 364 000a 2A4B     		ldr	r3, .L27
 365 000c 1872     		strb	r0, [r3, #8]
  56:Service/Srv_LedStrip.c **** 
 366              		.loc 1 56 5 is_stmt 1 view .LVU90
  56:Service/Srv_LedStrip.c **** 
 367              		.loc 1 56 18 is_stmt 0 view .LVU91
 368 000e 0022     		movs	r2, #0
 369 0010 1A70     		strb	r2, [r3]
  58:Service/Srv_LedStrip.c ****     WS2812Obj.p_malloc = SrvOsCommon.malloc;
 370              		.loc 1 58 5 is_stmt 1 view .LVU92
  58:Service/Srv_LedStrip.c ****     WS2812Obj.p_malloc = SrvOsCommon.malloc;
 371              		.loc 1 58 23 is_stmt 0 view .LVU93
 372 0012 2948     		ldr	r0, .L27+4
 373              	.LVL14:
  58:Service/Srv_LedStrip.c ****     WS2812Obj.p_malloc = SrvOsCommon.malloc;
 374              		.loc 1 58 23 view .LVU94
 375 0014 4570     		strb	r5, [r0, #1]
  59:Service/Srv_LedStrip.c ****     WS2812Obj.p_free = SrvOsCommon.free;
 376              		.loc 1 59 5 is_stmt 1 view .LVU95
  59:Service/Srv_LedStrip.c ****     WS2812Obj.p_free = SrvOsCommon.free;
 377              		.loc 1 59 37 is_stmt 0 view .LVU96
 378 0016 294B     		ldr	r3, .L27+8
  59:Service/Srv_LedStrip.c ****     WS2812Obj.p_free = SrvOsCommon.free;
 379              		.loc 1 59 37 view .LVU97
 380 0018 DA6A     		ldr	r2, [r3, #44]
  59:Service/Srv_LedStrip.c ****     WS2812Obj.p_free = SrvOsCommon.free;
 381              		.loc 1 59 24 view .LVU98
 382 001a 0261     		str	r2, [r0, #16]
  60:Service/Srv_LedStrip.c ****     WS2812Obj.port_init = Srv_LedStrip_PortInit;
 383              		.loc 1 60 5 is_stmt 1 view .LVU99
  60:Service/Srv_LedStrip.c ****     WS2812Obj.port_init = Srv_LedStrip_PortInit;
 384              		.loc 1 60 35 is_stmt 0 view .LVU100
 385 001c 1B6B     		ldr	r3, [r3, #48]
  60:Service/Srv_LedStrip.c ****     WS2812Obj.port_init = Srv_LedStrip_PortInit;
 386              		.loc 1 60 22 view .LVU101
 387 001e 4361     		str	r3, [r0, #20]
  61:Service/Srv_LedStrip.c ****     WS2812Obj.port_send = Srv_LedStrip_Trans;
 388              		.loc 1 61 5 is_stmt 1 view .LVU102
  61:Service/Srv_LedStrip.c ****     WS2812Obj.port_send = Srv_LedStrip_Trans;
ARM GAS  C:\Users\HUAV\AppData\Local\Temp\cccMHOXm.s 			page 11


 389              		.loc 1 61 25 is_stmt 0 view .LVU103
 390 0020 274B     		ldr	r3, .L27+12
 391 0022 C361     		str	r3, [r0, #28]
  62:Service/Srv_LedStrip.c **** 
 392              		.loc 1 62 5 is_stmt 1 view .LVU104
  62:Service/Srv_LedStrip.c **** 
 393              		.loc 1 62 25 is_stmt 0 view .LVU105
 394 0024 274B     		ldr	r3, .L27+16
 395 0026 8361     		str	r3, [r0, #24]
  64:Service/Srv_LedStrip.c ****     {
 396              		.loc 1 64 5 is_stmt 1 view .LVU106
  64:Service/Srv_LedStrip.c ****     {
 397              		.loc 1 64 19 is_stmt 0 view .LVU107
 398 0028 274B     		ldr	r3, .L27+20
 399 002a 1B68     		ldr	r3, [r3]
  64:Service/Srv_LedStrip.c ****     {
 400              		.loc 1 64 10 view .LVU108
 401 002c 9847     		blx	r3
 402              	.LVL15:
  64:Service/Srv_LedStrip.c ****     {
 403              		.loc 1 64 8 view .LVU109
 404 002e 0746     		mov	r7, r0
 405 0030 28B9     		cbnz	r0, .L20
  66:Service/Srv_LedStrip.c ****         return false;
 406              		.loc 1 66 9 is_stmt 1 view .LVU110
 407 0032 224B     		ldr	r3, .L27+8
 408 0034 1B6B     		ldr	r3, [r3, #48]
 409 0036 204A     		ldr	r2, .L27+4
 410 0038 D068     		ldr	r0, [r2, #12]
 411 003a 9847     		blx	r3
 412              	.LVL16:
  67:Service/Srv_LedStrip.c ****     }
 413              		.loc 1 67 9 view .LVU111
  67:Service/Srv_LedStrip.c ****     }
 414              		.loc 1 67 16 is_stmt 0 view .LVU112
 415 003c 37E0     		b	.L19
 416              	.L20:
  71:Service/Srv_LedStrip.c ****     Monitor.Sem = osSemaphoreCreate(osSemaphore(LedStrip_Sem), 1);
 417              		.loc 1 71 5 is_stmt 1 view .LVU113
 418 003e 0023     		movs	r3, #0
 419 0040 0193     		str	r3, [sp, #4]
 420 0042 0293     		str	r3, [sp, #8]
  72:Service/Srv_LedStrip.c **** 
 421              		.loc 1 72 5 view .LVU114
  72:Service/Srv_LedStrip.c **** 
 422              		.loc 1 72 19 is_stmt 0 view .LVU115
 423 0044 0121     		movs	r1, #1
 424 0046 01A8     		add	r0, sp, #4
 425 0048 FFF7FEFF 		bl	osSemaphoreCreate
 426              	.LVL17:
  72:Service/Srv_LedStrip.c **** 
 427              		.loc 1 72 17 view .LVU116
 428 004c 194B     		ldr	r3, .L27
 429 004e 5860     		str	r0, [r3, #4]
  74:Service/Srv_LedStrip.c ****     {
 430              		.loc 1 74 5 is_stmt 1 view .LVU117
  74:Service/Srv_LedStrip.c ****     {
ARM GAS  C:\Users\HUAV\AppData\Local\Temp\cccMHOXm.s 			page 12


 431              		.loc 1 74 8 is_stmt 0 view .LVU118
 432 0050 30B1     		cbz	r0, .L26
  83:Service/Srv_LedStrip.c ****     WS2812Obj.port_send = Srv_LedStrip_Trans;
 433              		.loc 1 83 5 is_stmt 1 view .LVU119
  83:Service/Srv_LedStrip.c ****     WS2812Obj.port_send = Srv_LedStrip_Trans;
 434              		.loc 1 83 25 is_stmt 0 view .LVU120
 435 0052 194B     		ldr	r3, .L27+4
 436 0054 1A4A     		ldr	r2, .L27+12
 437 0056 DA61     		str	r2, [r3, #28]
  84:Service/Srv_LedStrip.c ****     
 438              		.loc 1 84 5 is_stmt 1 view .LVU121
  84:Service/Srv_LedStrip.c ****     
 439              		.loc 1 84 25 is_stmt 0 view .LVU122
 440 0058 1A4A     		ldr	r2, .L27+16
 441 005a 9A61     		str	r2, [r3, #24]
  86:Service/Srv_LedStrip.c ****         DevWS2812.set(&WS2812Obj, i, WS2812_NONE);
 442              		.loc 1 86 5 is_stmt 1 view .LVU123
 443              	.LBB3:
  86:Service/Srv_LedStrip.c ****         DevWS2812.set(&WS2812Obj, i, WS2812_NONE);
 444              		.loc 1 86 10 view .LVU124
 445              	.LVL18:
  86:Service/Srv_LedStrip.c ****         DevWS2812.set(&WS2812Obj, i, WS2812_NONE);
 446              		.loc 1 86 18 is_stmt 0 view .LVU125
 447 005c 0024     		movs	r4, #0
  86:Service/Srv_LedStrip.c ****         DevWS2812.set(&WS2812Obj, i, WS2812_NONE);
 448              		.loc 1 86 5 view .LVU126
 449 005e 1FE0     		b	.L22
 450              	.LVL19:
 451              	.L26:
  86:Service/Srv_LedStrip.c ****         DevWS2812.set(&WS2812Obj, i, WS2812_NONE);
 452              		.loc 1 86 5 view .LVU127
 453              	.LBE3:
  76:Service/Srv_LedStrip.c ****         SrvLedStrip_Free(To_TimerPWMObj_Ptr(WS2812Obj.port_Obj));
 454              		.loc 1 76 9 is_stmt 1 view .LVU128
 455 0060 164D     		ldr	r5, .L27+8
 456 0062 2B6B     		ldr	r3, [r5, #48]
 457 0064 144C     		ldr	r4, .L27+4
 458 0066 E268     		ldr	r2, [r4, #12]
 459 0068 106B     		ldr	r0, [r2, #48]
 460 006a 9847     		blx	r3
 461              	.LVL20:
  77:Service/Srv_LedStrip.c ****         SrvLedStrip_Free(WS2812Obj.port_Obj);
 462              		.loc 1 77 9 view .LVU129
 463 006c 2B6B     		ldr	r3, [r5, #48]
 464 006e E068     		ldr	r0, [r4, #12]
 465 0070 9847     		blx	r3
 466              	.LVL21:
  78:Service/Srv_LedStrip.c ****         return false;
 467              		.loc 1 78 9 view .LVU130
 468 0072 2B6B     		ldr	r3, [r5, #48]
 469 0074 E068     		ldr	r0, [r4, #12]
 470 0076 9847     		blx	r3
 471              	.LVL22:
  79:Service/Srv_LedStrip.c ****     }
 472              		.loc 1 79 9 view .LVU131
  79:Service/Srv_LedStrip.c ****     }
 473              		.loc 1 79 16 is_stmt 0 view .LVU132
ARM GAS  C:\Users\HUAV\AppData\Local\Temp\cccMHOXm.s 			page 13


 474 0078 0027     		movs	r7, #0
 475 007a 18E0     		b	.L19
 476              	.LVL23:
 477              	.L23:
 478              	.LBB5:
 479              	.LBB4:
  87:Service/Srv_LedStrip.c **** 
 480              		.loc 1 87 9 is_stmt 1 discriminator 3 view .LVU133
  87:Service/Srv_LedStrip.c **** 
 481              		.loc 1 87 18 is_stmt 0 discriminator 3 view .LVU134
 482 007c 124B     		ldr	r3, .L27+20
 483 007e 5E68     		ldr	r6, [r3, #4]
  87:Service/Srv_LedStrip.c **** 
 484              		.loc 1 87 38 discriminator 3 view .LVU135
 485 0080 6423     		movs	r3, #100
 486 0082 8DF80C30 		strb	r3, [sp, #12]
 487 0086 0023     		movs	r3, #0
 488 0088 8DF80D30 		strb	r3, [sp, #13]
 489 008c 8DF80E30 		strb	r3, [sp, #14]
 490 0090 8DF80F30 		strb	r3, [sp, #15]
  87:Service/Srv_LedStrip.c **** 
 491              		.loc 1 87 9 discriminator 3 view .LVU136
 492 0094 039A     		ldr	r2, [sp, #12]
 493 0096 2146     		mov	r1, r4
 494 0098 0748     		ldr	r0, .L27+4
 495 009a B047     		blx	r6
 496              	.LVL24:
 497              	.LBE4:
  86:Service/Srv_LedStrip.c ****         DevWS2812.set(&WS2812Obj, i, WS2812_NONE);
 498              		.loc 1 86 38 is_stmt 1 discriminator 3 view .LVU137
  86:Service/Srv_LedStrip.c ****         DevWS2812.set(&WS2812Obj, i, WS2812_NONE);
 499              		.loc 1 86 39 is_stmt 0 discriminator 3 view .LVU138
 500 009c 0134     		adds	r4, r4, #1
 501              	.LVL25:
  86:Service/Srv_LedStrip.c ****         DevWS2812.set(&WS2812Obj, i, WS2812_NONE);
 502              		.loc 1 86 39 discriminator 3 view .LVU139
 503 009e E4B2     		uxtb	r4, r4
 504              	.LVL26:
 505              	.L22:
  86:Service/Srv_LedStrip.c ****         DevWS2812.set(&WS2812Obj, i, WS2812_NONE);
 506              		.loc 1 86 25 is_stmt 1 discriminator 1 view .LVU140
  86:Service/Srv_LedStrip.c ****         DevWS2812.set(&WS2812Obj, i, WS2812_NONE);
 507              		.loc 1 86 5 is_stmt 0 discriminator 1 view .LVU141
 508 00a0 AC42     		cmp	r4, r5
 509 00a2 EBD3     		bcc	.L23
 510              	.LBE5:
  89:Service/Srv_LedStrip.c ****     return true;
 511              		.loc 1 89 5 is_stmt 1 view .LVU142
  89:Service/Srv_LedStrip.c ****     return true;
 512              		.loc 1 89 18 is_stmt 0 view .LVU143
 513 00a4 034B     		ldr	r3, .L27
 514 00a6 0122     		movs	r2, #1
 515 00a8 1A70     		strb	r2, [r3]
  90:Service/Srv_LedStrip.c **** }
 516              		.loc 1 90 5 is_stmt 1 view .LVU144
  90:Service/Srv_LedStrip.c **** }
 517              		.loc 1 90 12 is_stmt 0 view .LVU145
ARM GAS  C:\Users\HUAV\AppData\Local\Temp\cccMHOXm.s 			page 14


 518 00aa 00E0     		b	.L19
 519              	.LVL27:
 520              	.L24:
  53:Service/Srv_LedStrip.c **** 
 521              		.loc 1 53 16 view .LVU146
 522 00ac 0027     		movs	r7, #0
 523              	.LVL28:
 524              	.L19:
  91:Service/Srv_LedStrip.c **** 
 525              		.loc 1 91 1 view .LVU147
 526 00ae 3846     		mov	r0, r7
 527 00b0 05B0     		add	sp, sp, #20
 528              	.LCFI8:
 529              		.cfi_def_cfa_offset 20
 530              		@ sp needed
 531 00b2 F0BD     		pop	{r4, r5, r6, r7, pc}
 532              	.L28:
 533              		.align	2
 534              	.L27:
 535 00b4 00000000 		.word	.LANCHOR0
 536 00b8 00000000 		.word	.LANCHOR1
 537 00bc 00000000 		.word	SrvOsCommon
 538 00c0 00000000 		.word	Srv_LedStrip_PortInit
 539 00c4 00000000 		.word	Srv_LedStrip_Trans
 540 00c8 00000000 		.word	DevWS2812
 541              		.cfi_endproc
 542              	.LFE148:
 544              		.section	.text.Srv_LedStrip_Trans,"ax",%progbits
 545              		.align	1
 546              		.syntax unified
 547              		.thumb
 548              		.thumb_func
 550              	Srv_LedStrip_Trans:
 551              	.LVL29:
 552              	.LFB152:
 156:Service/Srv_LedStrip.c **** 
 157:Service/Srv_LedStrip.c **** /********************************** Timer Port Init ******************************** */
 158:Service/Srv_LedStrip.c **** #if defined AT32F435_437
 159:Service/Srv_LedStrip.c **** static void Srv_LedStrip_TransFin(void)
 160:Service/Srv_LedStrip.c **** {
 161:Service/Srv_LedStrip.c ****     if (Monitor.Sem)
 162:Service/Srv_LedStrip.c ****         osSemaphoreRelease(Monitor.Sem);
 163:Service/Srv_LedStrip.c **** }
 164:Service/Srv_LedStrip.c **** #endif
 165:Service/Srv_LedStrip.c **** 
 166:Service/Srv_LedStrip.c **** static bool Srv_LedStrip_Trans(void *port_obj)
 167:Service/Srv_LedStrip.c **** {
 553              		.loc 1 167 1 is_stmt 1 view -0
 554              		.cfi_startproc
 555              		@ args = 0, pretend = 0, frame = 0
 556              		@ frame_needed = 0, uses_anonymous_args = 0
 168:Service/Srv_LedStrip.c ****     if (port_obj == NULL)
 557              		.loc 1 168 5 view .LVU149
 558              		.loc 1 168 8 is_stmt 0 view .LVU150
 559 0000 58B1     		cbz	r0, .L31
 167:Service/Srv_LedStrip.c ****     if (port_obj == NULL)
 560              		.loc 1 167 1 view .LVU151
ARM GAS  C:\Users\HUAV\AppData\Local\Temp\cccMHOXm.s 			page 15


 561 0002 08B5     		push	{r3, lr}
 562              	.LCFI9:
 563              		.cfi_def_cfa_offset 8
 564              		.cfi_offset 3, -8
 565              		.cfi_offset 14, -4
 169:Service/Srv_LedStrip.c ****         return false;
 170:Service/Srv_LedStrip.c **** 
 171:Service/Srv_LedStrip.c ****     BspTimer_PWM.dma_trans(To_TimerPWMObj_Ptr(port_obj));
 566              		.loc 1 171 5 is_stmt 1 view .LVU152
 567              		.loc 1 171 17 is_stmt 0 view .LVU153
 568 0004 074A     		ldr	r2, .L37
 569 0006 D268     		ldr	r2, [r2, #12]
 570              		.loc 1 171 5 view .LVU154
 571 0008 9047     		blx	r2
 572              	.LVL30:
 172:Service/Srv_LedStrip.c **** #if defined AT32F435_437
 173:Service/Srv_LedStrip.c ****     if (Monitor.Sem)
 573              		.loc 1 173 5 is_stmt 1 view .LVU155
 574              		.loc 1 173 16 is_stmt 0 view .LVU156
 575 000a 074B     		ldr	r3, .L37+4
 576 000c 5868     		ldr	r0, [r3, #4]
 577              		.loc 1 173 8 view .LVU157
 578 000e 30B1     		cbz	r0, .L32
 174:Service/Srv_LedStrip.c ****         osSemaphoreWait(Monitor.Sem, 1);
 579              		.loc 1 174 9 is_stmt 1 view .LVU158
 580 0010 0121     		movs	r1, #1
 581 0012 FFF7FEFF 		bl	osSemaphoreWait
 582              	.LVL31:
 175:Service/Srv_LedStrip.c **** #endif
 176:Service/Srv_LedStrip.c ****     return true;
 583              		.loc 1 176 12 is_stmt 0 view .LVU159
 584 0016 0120     		movs	r0, #1
 585              	.L30:
 177:Service/Srv_LedStrip.c **** }
 586              		.loc 1 177 1 view .LVU160
 587 0018 08BD     		pop	{r3, pc}
 588              	.LVL32:
 589              	.L31:
 590              	.LCFI10:
 591              		.cfi_def_cfa_offset 0
 592              		.cfi_restore 3
 593              		.cfi_restore 14
 169:Service/Srv_LedStrip.c **** 
 594              		.loc 1 169 16 view .LVU161
 595 001a 0020     		movs	r0, #0
 596              	.LVL33:
 597              		.loc 1 177 1 view .LVU162
 598 001c 7047     		bx	lr
 599              	.L32:
 600              	.LCFI11:
 601              		.cfi_def_cfa_offset 8
 602              		.cfi_offset 3, -8
 603              		.cfi_offset 14, -4
 176:Service/Srv_LedStrip.c **** }
 604              		.loc 1 176 12 view .LVU163
 605 001e 0120     		movs	r0, #1
 606 0020 FAE7     		b	.L30
ARM GAS  C:\Users\HUAV\AppData\Local\Temp\cccMHOXm.s 			page 16


 607              	.L38:
 608 0022 00BF     		.align	2
 609              	.L37:
 610 0024 00000000 		.word	BspTimer_PWM
 611 0028 00000000 		.word	.LANCHOR0
 612              		.cfi_endproc
 613              	.LFE152:
 615              		.global	__aeabi_ui2d
 616              		.global	__aeabi_ddiv
 617              		.global	__aeabi_d2f
 618              		.section	.text.Srv_LedStrip_PortInit,"ax",%progbits
 619              		.align	1
 620              		.syntax unified
 621              		.thumb
 622              		.thumb_func
 624              	Srv_LedStrip_PortInit:
 625              	.LVL34:
 626              	.LFB153:
 178:Service/Srv_LedStrip.c **** 
 179:Service/Srv_LedStrip.c **** static bool Srv_LedStrip_PortInit(void *obj)
 180:Service/Srv_LedStrip.c **** {
 627              		.loc 1 180 1 is_stmt 1 view -0
 628              		.cfi_startproc
 629              		@ args = 0, pretend = 0, frame = 16
 630              		@ frame_needed = 0, uses_anonymous_args = 0
 631              		.loc 1 180 1 is_stmt 0 view .LVU165
 632 0000 2DE9F041 		push	{r4, r5, r6, r7, r8, lr}
 633              	.LCFI12:
 634              		.cfi_def_cfa_offset 24
 635              		.cfi_offset 4, -24
 636              		.cfi_offset 5, -20
 637              		.cfi_offset 6, -16
 638              		.cfi_offset 7, -12
 639              		.cfi_offset 8, -8
 640              		.cfi_offset 14, -4
 641 0004 8CB0     		sub	sp, sp, #48
 642              	.LCFI13:
 643              		.cfi_def_cfa_offset 72
 181:Service/Srv_LedStrip.c ****     BspGPIO_Obj_TypeDef strip_pin;
 644              		.loc 1 181 5 is_stmt 1 view .LVU166
 182:Service/Srv_LedStrip.c **** 
 183:Service/Srv_LedStrip.c ****     memset(&strip_pin, 0, sizeof(BspGPIO_Obj_TypeDef));
 645              		.loc 1 183 5 view .LVU167
 646 0006 0023     		movs	r3, #0
 647 0008 0993     		str	r3, [sp, #36]
 648 000a 0A93     		str	r3, [sp, #40]
 649 000c 0B93     		str	r3, [sp, #44]
 184:Service/Srv_LedStrip.c ****     if (To_WS2812Obj_Ptr(obj)->bus == WS2812_Bus_Timer)
 650              		.loc 1 184 5 view .LVU168
 651              		.loc 1 184 30 is_stmt 0 view .LVU169
 652 000e 0378     		ldrb	r3, [r0]	@ zero_extendqisi2
 653              		.loc 1 184 8 view .LVU170
 654 0010 002B     		cmp	r3, #0
 655 0012 69D1     		bne	.L44
 656 0014 0446     		mov	r4, r0
 657              	.LBB6:
 185:Service/Srv_LedStrip.c ****     {
ARM GAS  C:\Users\HUAV\AppData\Local\Temp\cccMHOXm.s 			page 17


 186:Service/Srv_LedStrip.c ****         uint32_t perscaler = 0;
 658              		.loc 1 186 9 is_stmt 1 view .LVU171
 659              	.LVL35:
 187:Service/Srv_LedStrip.c ****         BspTimerPWMObj_TypeDef *pwm_obj_tmp = NULL;
 660              		.loc 1 187 9 view .LVU172
 188:Service/Srv_LedStrip.c ****         volatile uint32_t tmr_clock = 0;
 661              		.loc 1 188 9 view .LVU173
 662              		.loc 1 188 27 is_stmt 0 view .LVU174
 663 0016 0893     		str	r3, [sp, #32]
 189:Service/Srv_LedStrip.c **** 
 190:Service/Srv_LedStrip.c ****         To_WS2812Obj_Ptr(obj)->port_Obj = SrvLedStrip_Malloc(TimerPWMObj_Size);
 664              		.loc 1 190 9 is_stmt 1 view .LVU175
 665              		.loc 1 190 43 is_stmt 0 view .LVU176
 666 0018 394B     		ldr	r3, .L48+8
 667 001a DB6A     		ldr	r3, [r3, #44]
 668 001c 3420     		movs	r0, #52
 669              	.LVL36:
 670              		.loc 1 190 43 view .LVU177
 671 001e 9847     		blx	r3
 672              	.LVL37:
 673 0020 0546     		mov	r5, r0
 674              		.loc 1 190 41 view .LVU178
 675 0022 E060     		str	r0, [r4, #12]
 191:Service/Srv_LedStrip.c ****         if (To_WS2812Obj_Ptr(obj)->port_Obj == NULL)
 676              		.loc 1 191 9 is_stmt 1 view .LVU179
 677              		.loc 1 191 12 is_stmt 0 view .LVU180
 678 0024 C8B1     		cbz	r0, .L46
 192:Service/Srv_LedStrip.c ****         {
 193:Service/Srv_LedStrip.c ****             SrvLedStrip_Free(To_WS2812Obj_Ptr(obj)->port_Obj);
 194:Service/Srv_LedStrip.c ****             return false;
 195:Service/Srv_LedStrip.c ****         }
 196:Service/Srv_LedStrip.c **** 
 197:Service/Srv_LedStrip.c ****         pwm_obj_tmp = To_TimerPWMObj_Ptr(To_WS2812Obj_Ptr(obj)->port_Obj);
 679              		.loc 1 197 9 is_stmt 1 view .LVU181
 680              	.LVL38:
 198:Service/Srv_LedStrip.c **** #if defined AT32F435_437
 199:Service/Srv_LedStrip.c ****         pwm_obj_tmp->dma_callback_obj = SrvLedStrip_Malloc(sizeof(BspDMA_IrqCall_Obj_TypeDef));
 681              		.loc 1 199 9 view .LVU182
 682              		.loc 1 199 41 is_stmt 0 view .LVU183
 683 0026 364B     		ldr	r3, .L48+8
 684 0028 DB6A     		ldr	r3, [r3, #44]
 685 002a 0820     		movs	r0, #8
 686              	.LVL39:
 687              		.loc 1 199 41 view .LVU184
 688 002c 9847     		blx	r3
 689              	.LVL40:
 690              		.loc 1 199 39 view .LVU185
 691 002e 2863     		str	r0, [r5, #48]
 200:Service/Srv_LedStrip.c ****         if (pwm_obj_tmp->dma_callback_obj == NULL)
 692              		.loc 1 200 9 is_stmt 1 view .LVU186
 693              		.loc 1 200 12 is_stmt 0 view .LVU187
 694 0030 C0B1     		cbz	r0, .L47
 201:Service/Srv_LedStrip.c ****         {
 202:Service/Srv_LedStrip.c ****             SrvLedStrip_Free(pwm_obj_tmp->dma_callback_obj);
 203:Service/Srv_LedStrip.c ****             SrvLedStrip_Free(pwm_obj_tmp);
 204:Service/Srv_LedStrip.c ****             return false;
 205:Service/Srv_LedStrip.c ****         }
ARM GAS  C:\Users\HUAV\AppData\Local\Temp\cccMHOXm.s 			page 18


 206:Service/Srv_LedStrip.c ****         pwm_obj_tmp->send_callback = Srv_LedStrip_TransFin;
 695              		.loc 1 206 9 is_stmt 1 view .LVU188
 696              		.loc 1 206 36 is_stmt 0 view .LVU189
 697 0032 344B     		ldr	r3, .L48+12
 698 0034 EB62     		str	r3, [r5, #44]
 207:Service/Srv_LedStrip.c **** #endif
 208:Service/Srv_LedStrip.c **** 
 209:Service/Srv_LedStrip.c ****         tmr_clock = BspTimer_PWM.get_clock_freq(pwm_obj_tmp);
 699              		.loc 1 209 9 is_stmt 1 view .LVU190
 700              		.loc 1 209 33 is_stmt 0 view .LVU191
 701 0036 344B     		ldr	r3, .L48+16
 702 0038 5B69     		ldr	r3, [r3, #20]
 703              		.loc 1 209 21 view .LVU192
 704 003a 2846     		mov	r0, r5
 705 003c 9847     		blx	r3
 706              	.LVL41:
 707              		.loc 1 209 19 view .LVU193
 708 003e 0890     		str	r0, [sp, #32]
 210:Service/Srv_LedStrip.c ****         if (tmr_clock < WS2812_CLOCK)
 709              		.loc 1 210 9 is_stmt 1 view .LVU194
 710              		.loc 1 210 23 is_stmt 0 view .LVU195
 711 0040 089A     		ldr	r2, [sp, #32]
 712              		.loc 1 210 12 view .LVU196
 713 0042 324B     		ldr	r3, .L48+20
 714 0044 9A42     		cmp	r2, r3
 715 0046 15D8     		bhi	.L43
 211:Service/Srv_LedStrip.c ****         {
 212:Service/Srv_LedStrip.c ****             SrvLedStrip_Free(pwm_obj_tmp->dma_callback_obj);
 716              		.loc 1 212 13 is_stmt 1 view .LVU197
 717 0048 2D4C     		ldr	r4, .L48+8
 718              	.LVL42:
 719              		.loc 1 212 13 is_stmt 0 view .LVU198
 720 004a 236B     		ldr	r3, [r4, #48]
 721 004c 286B     		ldr	r0, [r5, #48]
 722 004e 9847     		blx	r3
 723              	.LVL43:
 213:Service/Srv_LedStrip.c ****             SrvLedStrip_Free(pwm_obj_tmp);
 724              		.loc 1 213 13 is_stmt 1 view .LVU199
 725 0050 236B     		ldr	r3, [r4, #48]
 726 0052 2846     		mov	r0, r5
 727 0054 9847     		blx	r3
 728              	.LVL44:
 214:Service/Srv_LedStrip.c ****             return false;
 729              		.loc 1 214 13 view .LVU200
 730              		.loc 1 214 20 is_stmt 0 view .LVU201
 731 0056 0024     		movs	r4, #0
 732 0058 47E0     		b	.L40
 733              	.LVL45:
 734              	.L46:
 193:Service/Srv_LedStrip.c ****             return false;
 735              		.loc 1 193 13 is_stmt 1 view .LVU202
 736 005a 294B     		ldr	r3, .L48+8
 737 005c 1B6B     		ldr	r3, [r3, #48]
 738 005e 9847     		blx	r3
 739              	.LVL46:
 194:Service/Srv_LedStrip.c ****         }
 740              		.loc 1 194 13 view .LVU203
ARM GAS  C:\Users\HUAV\AppData\Local\Temp\cccMHOXm.s 			page 19


 194:Service/Srv_LedStrip.c ****         }
 741              		.loc 1 194 20 is_stmt 0 view .LVU204
 742 0060 0024     		movs	r4, #0
 743              	.LVL47:
 194:Service/Srv_LedStrip.c ****         }
 744              		.loc 1 194 20 view .LVU205
 745 0062 42E0     		b	.L40
 746              	.LVL48:
 747              	.L47:
 202:Service/Srv_LedStrip.c ****             SrvLedStrip_Free(pwm_obj_tmp);
 748              		.loc 1 202 13 is_stmt 1 view .LVU206
 749 0064 264C     		ldr	r4, .L48+8
 750              	.LVL49:
 202:Service/Srv_LedStrip.c ****             SrvLedStrip_Free(pwm_obj_tmp);
 751              		.loc 1 202 13 is_stmt 0 view .LVU207
 752 0066 236B     		ldr	r3, [r4, #48]
 753 0068 9847     		blx	r3
 754              	.LVL50:
 203:Service/Srv_LedStrip.c ****             return false;
 755              		.loc 1 203 13 is_stmt 1 view .LVU208
 756 006a 236B     		ldr	r3, [r4, #48]
 757 006c 2846     		mov	r0, r5
 758 006e 9847     		blx	r3
 759              	.LVL51:
 204:Service/Srv_LedStrip.c ****         }
 760              		.loc 1 204 13 view .LVU209
 204:Service/Srv_LedStrip.c ****         }
 761              		.loc 1 204 20 is_stmt 0 view .LVU210
 762 0070 0024     		movs	r4, #0
 763 0072 3AE0     		b	.L40
 764              	.LVL52:
 765              	.L43:
 215:Service/Srv_LedStrip.c ****         }
 216:Service/Srv_LedStrip.c ****         
 217:Service/Srv_LedStrip.c ****         strip_pin.alternate = LED_STRIP_PIN_AF;
 766              		.loc 1 217 9 is_stmt 1 view .LVU211
 767              		.loc 1 217 29 is_stmt 0 view .LVU212
 768 0074 0127     		movs	r7, #1
 769 0076 0B97     		str	r7, [sp, #44]
 218:Service/Srv_LedStrip.c ****         strip_pin.pin = LED_STRIP_PIN;
 770              		.loc 1 218 9 is_stmt 1 view .LVU213
 771              		.loc 1 218 23 is_stmt 0 view .LVU214
 772 0078 4FF48073 		mov	r3, #256
 773 007c ADF82830 		strh	r3, [sp, #40]	@ movhi
 219:Service/Srv_LedStrip.c ****         strip_pin.port = LED_STRIP_PORT;
 774              		.loc 1 219 9 is_stmt 1 view .LVU215
 775              		.loc 1 219 24 is_stmt 0 view .LVU216
 776 0080 234B     		ldr	r3, .L48+24
 777 0082 0993     		str	r3, [sp, #36]
 220:Service/Srv_LedStrip.c ****         strip_pin.init_state = 0;
 778              		.loc 1 220 9 is_stmt 1 view .LVU217
 779              		.loc 1 220 30 is_stmt 0 view .LVU218
 780 0084 0026     		movs	r6, #0
 781 0086 8DF82A60 		strb	r6, [sp, #42]
 221:Service/Srv_LedStrip.c **** 
 222:Service/Srv_LedStrip.c ****         perscaler = lrintf((tmr_clock - 1) / (WS2812_CLOCK - 1));
 782              		.loc 1 222 9 is_stmt 1 view .LVU219
ARM GAS  C:\Users\HUAV\AppData\Local\Temp\cccMHOXm.s 			page 20


 783              		.loc 1 222 39 is_stmt 0 view .LVU220
 784 008a 0898     		ldr	r0, [sp, #32]
 785              		.loc 1 222 44 view .LVU221
 786 008c 0138     		subs	r0, r0, #1
 787 008e FFF7FEFF 		bl	__aeabi_ui2d
 788              	.LVL53:
 789 0092 19A3     		adr	r3, .L48
 790 0094 D3E90023 		ldrd	r2, [r3]
 791 0098 FFF7FEFF 		bl	__aeabi_ddiv
 792              	.LVL54:
 793              		.loc 1 222 21 view .LVU222
 794 009c FFF7FEFF 		bl	__aeabi_d2f
 795              	.LVL55:
 796 00a0 00EE100A 		vmov	s0, r0
 797 00a4 FFF7FEFF 		bl	lrintf
 798              	.LVL56:
 799 00a8 8446     		mov	ip, r0
 800              	.LVL57:
 223:Service/Srv_LedStrip.c ****         if (!BspTimer_PWM.init(pwm_obj_tmp, LED_STRIP_TIM, LED_STRIP_TIM_CHANNEL,\
 801              		.loc 1 223 9 is_stmt 1 view .LVU223
 802              		.loc 1 223 26 is_stmt 0 view .LVU224
 803 00aa 174B     		ldr	r3, .L48+16
 804 00ac D3F80080 		ldr	r8, [r3]
 224:Service/Srv_LedStrip.c ****                                WS2812_PERIOD, perscaler, strip_pin,\
 225:Service/Srv_LedStrip.c ****                                LED_STRIP_DMA, LED_STRIP_DMA_CHANNEL, \
 226:Service/Srv_LedStrip.c ****                                (uint32_t)To_WS2812Obj_Ptr(obj)->buff, WS2812_DATA_SIZE * To_WS2812O
 805              		.loc 1 226 63 view .LVU225
 806 00b0 A268     		ldr	r2, [r4, #8]
 807              		.loc 1 226 111 view .LVU226
 808 00b2 6378     		ldrb	r3, [r4, #1]	@ zero_extendqisi2
 809              		.loc 1 226 88 view .LVU227
 810 00b4 5B01     		lsls	r3, r3, #5
 223:Service/Srv_LedStrip.c ****         if (!BspTimer_PWM.init(pwm_obj_tmp, LED_STRIP_TIM, LED_STRIP_TIM_CHANNEL,\
 811              		.loc 1 223 14 view .LVU228
 812 00b6 0793     		str	r3, [sp, #28]
 813 00b8 0692     		str	r2, [sp, #24]
 814 00ba 0223     		movs	r3, #2
 815 00bc 0593     		str	r3, [sp, #20]
 816 00be 0497     		str	r7, [sp, #16]
 817 00c0 01AB     		add	r3, sp, #4
 818 00c2 0CAA     		add	r2, sp, #48
 819 00c4 12E90700 		ldmdb	r2, {r0, r1, r2}
 820              	.LVL58:
 223:Service/Srv_LedStrip.c ****         if (!BspTimer_PWM.init(pwm_obj_tmp, LED_STRIP_TIM, LED_STRIP_TIM_CHANNEL,\
 821              		.loc 1 223 14 view .LVU229
 822 00c8 83E80700 		stm	r3, {r0, r1, r2}
 823 00cc CDF800C0 		str	ip, [sp]
 824 00d0 8223     		movs	r3, #130
 825 00d2 3246     		mov	r2, r6
 826 00d4 0F49     		ldr	r1, .L48+28
 827 00d6 2846     		mov	r0, r5
 828 00d8 C047     		blx	r8
 829              	.LVL59:
 223:Service/Srv_LedStrip.c ****         if (!BspTimer_PWM.init(pwm_obj_tmp, LED_STRIP_TIM, LED_STRIP_TIM_CHANNEL,\
 830              		.loc 1 223 12 view .LVU230
 831 00da 0446     		mov	r4, r0
 832              	.LVL60:
ARM GAS  C:\Users\HUAV\AppData\Local\Temp\cccMHOXm.s 			page 21


 223:Service/Srv_LedStrip.c ****         if (!BspTimer_PWM.init(pwm_obj_tmp, LED_STRIP_TIM, LED_STRIP_TIM_CHANNEL,\
 833              		.loc 1 223 12 view .LVU231
 834 00dc 28B1     		cbz	r0, .L40
 227:Service/Srv_LedStrip.c ****             return false;
 228:Service/Srv_LedStrip.c **** 
 229:Service/Srv_LedStrip.c ****         BspTimer_PWM.set_dma_pwm(pwm_obj_tmp);
 835              		.loc 1 229 9 is_stmt 1 view .LVU232
 836              		.loc 1 229 21 is_stmt 0 view .LVU233
 837 00de 0A4B     		ldr	r3, .L48+16
 838 00e0 9B68     		ldr	r3, [r3, #8]
 839              		.loc 1 229 9 view .LVU234
 840 00e2 2846     		mov	r0, r5
 841 00e4 9847     		blx	r3
 842              	.LVL61:
 230:Service/Srv_LedStrip.c ****         return true;
 843              		.loc 1 230 9 is_stmt 1 view .LVU235
 844              		.loc 1 230 16 is_stmt 0 view .LVU236
 845 00e6 00E0     		b	.L40
 846              	.LVL62:
 847              	.L44:
 848              		.loc 1 230 16 view .LVU237
 849              	.LBE6:
 231:Service/Srv_LedStrip.c ****     }
 232:Service/Srv_LedStrip.c **** 
 233:Service/Srv_LedStrip.c ****     return false;
 850              		.loc 1 233 12 view .LVU238
 851 00e8 0024     		movs	r4, #0
 852              	.LVL63:
 853              	.L40:
 234:Service/Srv_LedStrip.c **** }
 854              		.loc 1 234 1 view .LVU239
 855 00ea 2046     		mov	r0, r4
 856 00ec 0CB0     		add	sp, sp, #48
 857              	.LCFI14:
 858              		.cfi_def_cfa_offset 24
 859              		@ sp needed
 860 00ee BDE8F081 		pop	{r4, r5, r6, r7, r8, pc}
 861              	.L49:
 862 00f2 00BFAFF3 		.align	3
 862      0080
 863              	.L48:
 864 00f8 000000FE 		.word	-33554432
 865 00fc 872AA141 		.word	1101081223
 866 0100 00000000 		.word	SrvOsCommon
 867 0104 00000000 		.word	Srv_LedStrip_TransFin
 868 0108 00000000 		.word	BspTimer_PWM
 869 010c FF439508 		.word	143999999
 870 0110 00000000 		.word	LEDStrip_Port
 871 0114 00000140 		.word	1073807360
 872              		.cfi_endproc
 873              	.LFE153:
 875              		.section	.text.Srv_LedStrip_TransFin,"ax",%progbits
 876              		.align	1
 877              		.syntax unified
 878              		.thumb
 879              		.thumb_func
 881              	Srv_LedStrip_TransFin:
ARM GAS  C:\Users\HUAV\AppData\Local\Temp\cccMHOXm.s 			page 22


 882              	.LFB151:
 160:Service/Srv_LedStrip.c ****     if (Monitor.Sem)
 883              		.loc 1 160 1 is_stmt 1 view -0
 884              		.cfi_startproc
 885              		@ args = 0, pretend = 0, frame = 0
 886              		@ frame_needed = 0, uses_anonymous_args = 0
 887 0000 08B5     		push	{r3, lr}
 888              	.LCFI15:
 889              		.cfi_def_cfa_offset 8
 890              		.cfi_offset 3, -8
 891              		.cfi_offset 14, -4
 161:Service/Srv_LedStrip.c ****         osSemaphoreRelease(Monitor.Sem);
 892              		.loc 1 161 5 view .LVU241
 161:Service/Srv_LedStrip.c ****         osSemaphoreRelease(Monitor.Sem);
 893              		.loc 1 161 16 is_stmt 0 view .LVU242
 894 0002 034B     		ldr	r3, .L53
 895 0004 5868     		ldr	r0, [r3, #4]
 161:Service/Srv_LedStrip.c ****         osSemaphoreRelease(Monitor.Sem);
 896              		.loc 1 161 8 view .LVU243
 897 0006 08B1     		cbz	r0, .L50
 162:Service/Srv_LedStrip.c **** }
 898              		.loc 1 162 9 is_stmt 1 view .LVU244
 899 0008 FFF7FEFF 		bl	osSemaphoreRelease
 900              	.LVL64:
 901              	.L50:
 163:Service/Srv_LedStrip.c **** #endif
 902              		.loc 1 163 1 is_stmt 0 view .LVU245
 903 000c 08BD     		pop	{r3, pc}
 904              	.L54:
 905 000e 00BF     		.align	2
 906              	.L53:
 907 0010 00000000 		.word	.LANCHOR0
 908              		.cfi_endproc
 909              	.LFE151:
 911              		.global	SrvLedStrip
 912              		.section	.rodata
 913              		.align	2
 914              		.set	.LANCHOR4,. + 0
 915              	.LC0:
 916 0000 64       		.byte	100
 917 0001 F8       		.byte	-8
 918 0002 F8       		.byte	-8
 919 0003 FF       		.byte	-1
 920              		.section	.bss.Monitor,"aw",%nobits
 921              		.align	2
 922              		.set	.LANCHOR0,. + 0
 925              	Monitor:
 926 0000 00000000 		.space	12
 926      00000000 
 926      00000000 
 927              		.section	.bss.WS2812Obj,"aw",%nobits
 928              		.align	2
 929              		.set	.LANCHOR1,. + 0
 932              	WS2812Obj:
 933 0000 00000000 		.space	32
 933      00000000 
 933      00000000 
ARM GAS  C:\Users\HUAV\AppData\Local\Temp\cccMHOXm.s 			page 23


 933      00000000 
 933      00000000 
 934              		.section	.bss.i.0,"aw",%nobits
 935              		.set	.LANCHOR5,. + 0
 938              	i.0:
 939 0000 00       		.space	1
 940              		.section	.bss.rgb.1,"aw",%nobits
 941              		.align	2
 942              		.set	.LANCHOR3,. + 0
 945              	rgb.1:
 946 0000 00000000 		.space	4
 947              		.section	.bss.sys_time.2,"aw",%nobits
 948              		.align	2
 949              		.set	.LANCHOR2,. + 0
 952              	sys_time.2:
 953 0000 00000000 		.space	4
 954              		.section	.data.SrvLedStrip,"aw"
 955              		.align	2
 958              	SrvLedStrip:
 959 0000 00000000 		.word	Srv_LedStrip_Init
 960 0004 00000000 		.word	Srv_LedStrip_Polling
 961              		.text
 962              	.Letext0:
 963              		.file 2 "d:\\hpm-compile-tool\\gcc-arm-none-eabi-10.3-win\\lib\\gcc\\arm-none-eabi\\10.3.1\\includ
 964              		.file 3 "d:\\hpm-compile-tool\\gcc-arm-none-eabi-10.3-win\\arm-none-eabi\\include\\machine\\_defau
 965              		.file 4 "d:\\hpm-compile-tool\\gcc-arm-none-eabi-10.3-win\\arm-none-eabi\\include\\sys\\_stdint.h"
 966              		.file 5 "System/FreeRTOS/portable/GCC/ARM_CM4F/portmacro.h"
 967              		.file 6 "System/FreeRTOS/include/portable.h"
 968              		.file 7 "System/FreeRTOS/include/FreeRTOS.h"
 969              		.file 8 "System/FreeRTOS/include/queue.h"
 970              		.file 9 "System/FreeRTOS/include/semphr.h"
 971              		.file 10 "System/FreeRTOS/CMSIS_RTOS/cmsis_os.h"
 972              		.file 11 "Service/Srv_OsCommon.h"
 973              		.file 12 "Service/Srv_LedStrip.h"
 974              		.file 13 "HW_Lib/AT32F435/drivers/inc/at32f435_437_tmr.h"
 975              		.file 14 "HW_Lib/AT32F435/drivers/inc/at32f435_437_gpio.h"
 976              		.file 15 "HW_Lib/PortApi_Def/Bsp_GPIO_Port_Def.h"
 977              		.file 16 "HW_Lib/AT32F435/bsp/Bsp_GPIO.h"
 978              		.file 17 "HW_Lib/PortApi_Def/Bsp_Timer_Port_Def.h"
 979              		.file 18 "HW_Lib/AT32F435/bsp/Bsp_Timer.h"
 980              		.file 19 "HW_Lib/AT32F435/bsp/Bsp_DMA.h"
 981              		.file 20 "Device/Dev_Dshot.h"
 982              		.file 21 "common/Error_Log/../../common/gen_physic_def/imu_data.h"
 983              		.file 22 "HW_Lib/AT32F435/PinPort_Def/CCRC_AT32_20/HW_Def.h"
 984              		.file 23 "Service/control_data.h"
 985              		.file 24 "Device/Dev_WS2812.h"
 986              		.file 25 "d:\\hpm-compile-tool\\gcc-arm-none-eabi-10.3-win\\arm-none-eabi\\include\\math.h"
ARM GAS  C:\Users\HUAV\AppData\Local\Temp\cccMHOXm.s 			page 24


DEFINED SYMBOLS
                            *ABS*:00000000 Srv_LedStrip.c
C:\Users\HUAV\AppData\Local\Temp\cccMHOXm.s:20     .text.Srv_LedStrip_Breath_Test:00000000 $t
C:\Users\HUAV\AppData\Local\Temp\cccMHOXm.s:25     .text.Srv_LedStrip_Breath_Test:00000000 Srv_LedStrip_Breath_Test
C:\Users\HUAV\AppData\Local\Temp\cccMHOXm.s:273    .text.Srv_LedStrip_Breath_Test:00000134 $d
C:\Users\HUAV\AppData\Local\Temp\cccMHOXm.s:286    .text.Srv_LedStrip_Polling:00000000 $t
C:\Users\HUAV\AppData\Local\Temp\cccMHOXm.s:291    .text.Srv_LedStrip_Polling:00000000 Srv_LedStrip_Polling
C:\Users\HUAV\AppData\Local\Temp\cccMHOXm.s:327    .text.Srv_LedStrip_Polling:0000001c $d
C:\Users\HUAV\AppData\Local\Temp\cccMHOXm.s:333    .text.Srv_LedStrip_Init:00000000 $t
C:\Users\HUAV\AppData\Local\Temp\cccMHOXm.s:338    .text.Srv_LedStrip_Init:00000000 Srv_LedStrip_Init
C:\Users\HUAV\AppData\Local\Temp\cccMHOXm.s:535    .text.Srv_LedStrip_Init:000000b4 $d
C:\Users\HUAV\AppData\Local\Temp\cccMHOXm.s:624    .text.Srv_LedStrip_PortInit:00000000 Srv_LedStrip_PortInit
C:\Users\HUAV\AppData\Local\Temp\cccMHOXm.s:550    .text.Srv_LedStrip_Trans:00000000 Srv_LedStrip_Trans
C:\Users\HUAV\AppData\Local\Temp\cccMHOXm.s:545    .text.Srv_LedStrip_Trans:00000000 $t
C:\Users\HUAV\AppData\Local\Temp\cccMHOXm.s:610    .text.Srv_LedStrip_Trans:00000024 $d
C:\Users\HUAV\AppData\Local\Temp\cccMHOXm.s:619    .text.Srv_LedStrip_PortInit:00000000 $t
C:\Users\HUAV\AppData\Local\Temp\cccMHOXm.s:864    .text.Srv_LedStrip_PortInit:000000f8 $d
C:\Users\HUAV\AppData\Local\Temp\cccMHOXm.s:881    .text.Srv_LedStrip_TransFin:00000000 Srv_LedStrip_TransFin
C:\Users\HUAV\AppData\Local\Temp\cccMHOXm.s:876    .text.Srv_LedStrip_TransFin:00000000 $t
C:\Users\HUAV\AppData\Local\Temp\cccMHOXm.s:907    .text.Srv_LedStrip_TransFin:00000010 $d
C:\Users\HUAV\AppData\Local\Temp\cccMHOXm.s:958    .data.SrvLedStrip:00000000 SrvLedStrip
C:\Users\HUAV\AppData\Local\Temp\cccMHOXm.s:913    .rodata:00000000 $d
C:\Users\HUAV\AppData\Local\Temp\cccMHOXm.s:921    .bss.Monitor:00000000 $d
C:\Users\HUAV\AppData\Local\Temp\cccMHOXm.s:925    .bss.Monitor:00000000 Monitor
C:\Users\HUAV\AppData\Local\Temp\cccMHOXm.s:928    .bss.WS2812Obj:00000000 $d
C:\Users\HUAV\AppData\Local\Temp\cccMHOXm.s:932    .bss.WS2812Obj:00000000 WS2812Obj
C:\Users\HUAV\AppData\Local\Temp\cccMHOXm.s:938    .bss.i.0:00000000 i.0
C:\Users\HUAV\AppData\Local\Temp\cccMHOXm.s:939    .bss.i.0:00000000 $d
C:\Users\HUAV\AppData\Local\Temp\cccMHOXm.s:941    .bss.rgb.1:00000000 $d
C:\Users\HUAV\AppData\Local\Temp\cccMHOXm.s:945    .bss.rgb.1:00000000 rgb.1
C:\Users\HUAV\AppData\Local\Temp\cccMHOXm.s:948    .bss.sys_time.2:00000000 $d
C:\Users\HUAV\AppData\Local\Temp\cccMHOXm.s:952    .bss.sys_time.2:00000000 sys_time.2
C:\Users\HUAV\AppData\Local\Temp\cccMHOXm.s:955    .data.SrvLedStrip:00000000 $d

UNDEFINED SYMBOLS
DevWS2812
SrvOsCommon
osSemaphoreCreate
osSemaphoreWait
BspTimer_PWM
__aeabi_ui2d
__aeabi_ddiv
__aeabi_d2f
lrintf
LEDStrip_Port
osSemaphoreRelease
